
==============================================================================
  ACAPE v6.0.0   mode=tc-only   qdisc=fq_codel handle=10:
  metrics -> results_law/rtt12/fq_codel_acape_steady_s1/acape_metrics_ctl.csv
==============================================================================
      t    regime        traj      pred     dr/s    bl    tput flows eleph  tgt_ms   lim  adj
---------------------------------------------------------------------------------------------
    1.0     HEAVY      STABLE     HEAVY     38.5    11   10.35     0     0   5.000  1024    0
    1.7     HEAVY      STABLE     HEAVY     37.5     9   10.16     0     0   5.000  1024    0
    2.4     HEAVY      STABLE     HEAVY     35.2     9    9.89     0     0   5.000  1024    0
    3.1     HEAVY      STABLE     HEAVY     43.0    12   10.07     0     0   5.000  1024    0
    3.8     HEAVY      STABLE     HEAVY     35.5     9   10.09     0     0   5.000  1024    0
    4.6     HEAVY      STABLE     HEAVY     34.0    10    9.82     0     0   5.000  1024    0
    5.3     HEAVY      STABLE     HEAVY     40.1    11    9.87     0     0   5.000  1024    0
    6.0     HEAVY      STABLE     HEAVY     35.4     9   10.14     0     0   5.000  1024    0
    6.8     HEAVY      STABLE     HEAVY     37.7    11    9.70     0     0   5.000  1024    0
    7.5     HEAVY      STABLE     HEAVY     39.1    11   10.14     0     0   4.500   921    1
    8.6     HEAVY      STABLE     HEAVY     39.0    10    9.93     0     0   4.500   921    1
    9.3     HEAVY      STABLE     HEAVY     39.0     7    9.96     0     0   4.500   921    1
   10.0     HEAVY      STABLE     HEAVY     41.7    12    9.95     0     0   4.500   921    1
   10.8     HEAVY      STABLE     HEAVY     40.6     9    9.92     0     0   4.500   921    1
   11.4     HEAVY      STABLE     HEAVY     38.9     9   10.27     0     0   4.500   921    1
   12.1     HEAVY      STABLE     HEAVY     41.0    10    9.82     0     0   4.500   921    1
   12.8     HEAVY      STABLE     HEAVY     41.2     8   10.21     0     0   4.500   921    1
   13.4     HEAVY      STABLE     HEAVY     36.6    11    9.94     0     0   4.500   921    1
   14.2     HEAVY      STABLE     HEAVY     42.4    11    9.93     0     0   4.500   921    1
   14.8     HEAVY      STABLE     HEAVY     39.8    10   10.04     0     0   4.050   828    2
   15.9     HEAVY      STABLE     HEAVY     44.8    10   10.06     0     0   4.050   828    2
   16.6     HEAVY      STABLE     HEAVY     43.5     9    9.94     0     0   4.050   828    2
   17.3     HEAVY      STABLE     HEAVY     51.0    10   10.07     0     0   4.050   828    2
   18.0     HEAVY      STABLE     HEAVY     47.7     7    9.87     0     0   4.050   828    2
   18.7     HEAVY      STABLE     HEAVY     44.4    10   10.08     0     0   4.050   828    2
   19.4     HEAVY      STABLE     HEAVY     47.1     7    9.93     0     0   4.050   828    2
   20.1     HEAVY      STABLE     HEAVY     41.4    11   10.01     0     0   4.050   828    2
   20.7     HEAVY      STABLE     HEAVY     45.2     7   10.05     0     0   4.050   828    2
   21.4     HEAVY      STABLE     HEAVY     43.9     9    9.97     0     0   4.050   828    2
   22.1     HEAVY      STABLE     HEAVY     48.9    10   10.01     0     0   3.640   745    3
   23.2     HEAVY      STABLE     HEAVY     45.8     4    9.73     0     0   3.640   745    3
   24.0     HEAVY      STABLE     HEAVY     48.0     7   10.23     0     0   3.640   745    3
   24.9     HEAVY      STABLE     HEAVY     48.9    10   10.04     0     0   3.640   745    3
   25.6     HEAVY      STABLE     HEAVY     50.1     9   10.06     0     0   3.640   745    3
   26.3     HEAVY      STABLE     HEAVY     52.0     6    9.99     0     0   3.640   745    3
   27.2     HEAVY      STABLE     HEAVY     40.8    10    9.68     0     0   3.640   745    3
   28.0     HEAVY      STABLE     HEAVY     48.8     9   10.21     0     0   3.640   745    3
   28.9     HEAVY      STABLE     HEAVY     45.5     9    9.94     0     0   3.640   745    3
   29.7     HEAVY      STABLE     HEAVY     45.4     9    9.77     0     0   3.640   745    3
   30.6     HEAVY      STABLE     HEAVY     49.5     8   10.03     0     0   3.270   670    4
   31.8     HEAVY      STABLE     HEAVY     50.8     6   10.07     0     0   3.270   670    4
   32.7     HEAVY      STABLE     HEAVY     47.1     8    9.83     0     0   3.270   670    4
   33.4     HEAVY      STABLE     HEAVY     53.3     9   10.09     0     0   3.270   670    4
   34.2     HEAVY      STABLE     HEAVY     50.4     7   10.13     0     0   3.270   670    4
   35.0     HEAVY      STABLE     HEAVY     52.9     7    9.93     0     0   3.270   670    4
   35.8     HEAVY      STABLE     HEAVY     46.5     6    9.70     0     0   3.270   670    4
   36.5     HEAVY      STABLE     HEAVY     48.6    12   10.21     0     0   3.270   670    4
   37.3     HEAVY      STABLE     HEAVY     54.2     8   10.21     0     0   3.270   670    4
   37.9     HEAVY      STABLE     HEAVY     54.6     5   10.11     0     0   3.270   670    4
   38.6     HEAVY      STABLE     HEAVY     51.0     8    9.85     0     0   2.940   603    5
   39.9     HEAVY      STABLE     HEAVY     50.7     9   10.02     0     0   2.940   603    5
   40.7     HEAVY      STABLE     HEAVY     58.1     8    9.93     0     0   2.940   603    5
   41.4     HEAVY      STABLE     HEAVY     56.1     5    9.76     0     0   2.940   603    5
   42.1     HEAVY      STABLE     HEAVY     51.1     5    9.91     0     0   2.940   603    5
   42.8     HEAVY      STABLE     HEAVY     52.9     9   10.05     0     0   2.940   603    5
   43.6     HEAVY      STABLE     HEAVY     53.7    10    9.88     0     0   2.940   603    5
   44.3     HEAVY      STABLE     HEAVY     57.2    10   10.07     0     0   2.940   603    5
   45.1     HEAVY      STABLE     HEAVY     61.2     9    9.99     0     0   2.940   603    5
   45.9     HEAVY      STABLE     HEAVY     54.9     7   10.08     0     0   2.940   603    5
   46.7     HEAVY      STABLE     HEAVY     57.6     5    9.71     0     0   2.640   542    6
   47.8     HEAVY      STABLE     HEAVY     63.3     5   10.16     0     0   2.640   542    6
   48.5     HEAVY      STABLE     HEAVY     62.3     7    9.99     0     0   2.640   542    6
   49.2     HEAVY      STABLE     HEAVY     63.8     5   10.01     0     0   2.640   542    6
   49.9     HEAVY      STABLE     HEAVY     60.8     7   10.07     0     0   2.640   542    6
   50.6     HEAVY      STABLE     HEAVY     61.4     7    9.96     0     0   2.640   542    6
   51.3     HEAVY      STABLE     HEAVY     62.1    10   10.00     0     0   2.640   542    6
   51.9     HEAVY      STABLE     HEAVY     62.6     7   10.08     0     0   2.640   542    6
   52.6     HEAVY      STABLE     HEAVY     62.9     7    9.97     0     0   2.640   542    6
   53.3     HEAVY      STABLE     HEAVY     64.3     5    9.88     0     0   2.640   542    6
   54.0     HEAVY      STABLE     HEAVY     59.0     7   10.15     0     0   2.380   487    7
   55.1     HEAVY      STABLE     HEAVY     62.0     7   10.01     0     0   2.380   487    7
   55.8     HEAVY      STABLE     HEAVY     68.4     4    9.86     0     0   2.380   487    7
   56.5     HEAVY      STABLE     HEAVY     64.1     8    9.92     0     0   2.380   487    7
   57.2     HEAVY      STABLE     HEAVY     57.0    14   10.11     0     0   2.380   487    7
   57.9     HEAVY      STABLE     HEAVY     67.3     8   10.07     0     0   2.380   487    7
   58.6     HEAVY      STABLE     HEAVY     64.0     9    9.97     0     0   2.380   487    7
   59.2     HEAVY      STABLE     HEAVY     47.4     0    7.88     0     0   2.380   487    7
   59.9    NORMAL      STABLE    NORMAL      0.0     0    0.00     0     0   2.380   487    7

Done — 79 ticks, 7 adjustments (0 predictive), mode=tc-only
