-----------------------------------------------------------
Server listening on 5201 (test #1)
-----------------------------------------------------------
Accepted connection from 192.168.1.2, port 58308
[  5] local 192.168.2.2 port 5201 connected to 192.168.1.2 port 58318
[  8] local 192.168.2.2 port 5201 connected to 192.168.1.2 port 58330
[ ID] Interval           Transfer     Bitrate
[  5]   0.00-1.00   sec   640 KBytes  5.24 Mbits/sec                  
[  8]   0.00-1.00   sec   384 KBytes  3.14 Mbits/sec                  
[SUM]   0.00-1.00   sec  1.00 MBytes  8.38 Mbits/sec                  
- - - - - - - - - - - - - - - - - - - - - - - - -
[  5]   1.00-2.00   sec   512 KBytes  4.19 Mbits/sec                  
[  8]   1.00-2.00   sec   640 KBytes  5.24 Mbits/sec                  
[SUM]   1.00-2.00   sec  1.12 MBytes  9.43 Mbits/sec                  
- - - - - - - - - - - - - - - - - - - - - - - - -
[  5]   2.00-3.00   sec   640 KBytes  5.25 Mbits/sec                  
[  8]   2.00-3.00   sec   512 KBytes  4.20 Mbits/sec                  
[SUM]   2.00-3.00   sec  1.12 MBytes  9.45 Mbits/sec                  
- - - - - - - - - - - - - - - - - - - - - - - - -
[  5]   3.00-4.00   sec   640 KBytes  5.24 Mbits/sec                  
[  8]   3.00-4.00   sec   512 KBytes  4.19 Mbits/sec                  
[SUM]   3.00-4.00   sec  1.12 MBytes  9.44 Mbits/sec                  
- - - - - - - - - - - - - - - - - - - - - - - - -
[  5]   4.00-5.00   sec   640 KBytes  5.24 Mbits/sec                  
[  8]   4.00-5.00   sec   512 KBytes  4.20 Mbits/sec                  
[SUM]   4.00-5.00   sec  1.12 MBytes  9.44 Mbits/sec                  
- - - - - - - - - - - - - - - - - - - - - - - - -
[  5]   5.00-6.00   sec   384 KBytes  3.15 Mbits/sec                  
[  8]   5.00-6.00   sec   768 KBytes  6.29 Mbits/sec                  
[SUM]   5.00-6.00   sec  1.12 MBytes  9.44 Mbits/sec                  
- - - - - - - - - - - - - - - - - - - - - - - - -
[  5]   6.00-7.00   sec   256 KBytes  2.10 Mbits/sec                  
[  8]   6.00-7.00   sec   896 KBytes  7.34 Mbits/sec                  
[SUM]   6.00-7.00   sec  1.12 MBytes  9.44 Mbits/sec                  
- - - - - - - - - - - - - - - - - - - - - - - - -
[  5]   7.00-8.00   sec   512 KBytes  4.19 Mbits/sec                  
[  8]   7.00-8.00   sec   640 KBytes  5.24 Mbits/sec                  
[SUM]   7.00-8.00   sec  1.12 MBytes  9.44 Mbits/sec                  
- - - - - - - - - - - - - - - - - - - - - - - - -
[  5]   8.00-9.00   sec   512 KBytes  4.19 Mbits/sec                  
[  8]   8.00-9.00   sec   640 KBytes  5.24 Mbits/sec                  
[SUM]   8.00-9.00   sec  1.12 MBytes  9.44 Mbits/sec                  
- - - - - - - - - - - - - - - - - - - - - - - - -
[  5]   9.00-10.00  sec   384 KBytes  3.14 Mbits/sec                  
[  8]   9.00-10.00  sec   896 KBytes  7.34 Mbits/sec                  
[SUM]   9.00-10.00  sec  1.25 MBytes  10.5 Mbits/sec                  
- - - - - - - - - - - - - - - - - - - - - - - - -
[  5]  10.00-11.00  sec   512 KBytes  4.19 Mbits/sec                  
[  8]  10.00-11.00  sec   640 KBytes  5.24 Mbits/sec                  
[SUM]  10.00-11.00  sec  1.12 MBytes  9.44 Mbits/sec                  
- - - - - - - - - - - - - - - - - - - - - - - - -
[  5]  11.00-12.00  sec   512 KBytes  4.19 Mbits/sec                  
[  8]  11.00-12.00  sec   640 KBytes  5.24 Mbits/sec                  
[SUM]  11.00-12.00  sec  1.12 MBytes  9.43 Mbits/sec                  
- - - - - - - - - - - - - - - - - - - - - - - - -
[  5]  12.00-13.00  sec   640 KBytes  5.25 Mbits/sec                  
[  8]  12.00-13.00  sec   512 KBytes  4.20 Mbits/sec                  
[SUM]  12.00-13.00  sec  1.12 MBytes  9.45 Mbits/sec                  
- - - - - - - - - - - - - - - - - - - - - - - - -
[  5]  13.00-14.00  sec   768 KBytes  6.29 Mbits/sec                  
[  8]  13.00-14.00  sec   384 KBytes  3.14 Mbits/sec                  
[SUM]  13.00-14.00  sec  1.12 MBytes  9.43 Mbits/sec                  
- - - - - - - - - - - - - - - - - - - - - - - - -
[  5]  14.00-15.00  sec   640 KBytes  5.24 Mbits/sec                  
[  8]  14.00-15.00  sec   512 KBytes  4.20 Mbits/sec                  
[SUM]  14.00-15.00  sec  1.12 MBytes  9.44 Mbits/sec                  
- - - - - - - - - - - - - - - - - - - - - - - - -
[  5]  15.00-16.00  sec   640 KBytes  5.24 Mbits/sec                  
[  8]  15.00-16.00  sec   512 KBytes  4.19 Mbits/sec                  
[SUM]  15.00-16.00  sec  1.12 MBytes  9.44 Mbits/sec                  
- - - - - - - - - - - - - - - - - - - - - - - - -
[  5]  16.00-17.00  sec   640 KBytes  5.24 Mbits/sec                  
[  8]  16.00-17.00  sec   640 KBytes  5.24 Mbits/sec                  
[SUM]  16.00-17.00  sec  1.25 MBytes  10.5 Mbits/sec                  
- - - - - - - - - - - - - - - - - - - - - - - - -
[  5]  17.00-18.00  sec   640 KBytes  5.25 Mbits/sec                  
[  8]  17.00-18.00  sec   512 KBytes  4.20 Mbits/sec                  
[SUM]  17.00-18.00  sec  1.12 MBytes  9.45 Mbits/sec                  
- - - - - - - - - - - - - - - - - - - - - - - - -
[  5]  18.00-19.00  sec   512 KBytes  4.19 Mbits/sec                  
[  8]  18.00-19.00  sec   512 KBytes  4.19 Mbits/sec                  
[SUM]  18.00-19.00  sec  1.00 MBytes  8.38 Mbits/sec                  
- - - - - - - - - - - - - - - - - - - - - - - - -
[  5]  19.00-20.00  sec   640 KBytes  5.24 Mbits/sec                  
[  8]  19.00-20.00  sec   512 KBytes  4.20 Mbits/sec                  
[SUM]  19.00-20.00  sec  1.12 MBytes  9.44 Mbits/sec                  
- - - - - - - - - - - - - - - - - - - - - - - - -
[  5]  20.00-20.05  sec   128 KBytes  21.2 Mbits/sec                  
[  8]  20.00-20.05  sec  0.00 Bytes  0.00 bits/sec                  
[SUM]  20.00-20.05  sec   128 KBytes  21.2 Mbits/sec                  
- - - - - - - - - - - - - - - - - - - - - - - - -
[ ID] Interval           Transfer     Bitrate
[  5]   0.00-20.05  sec  11.1 MBytes  4.65 Mbits/sec                  receiver
[  8]   0.00-20.05  sec  11.5 MBytes  4.81 Mbits/sec                  receiver
[SUM]   0.00-20.05  sec  22.6 MBytes  9.47 Mbits/sec                  receiver
