[acape] bounds for target 5.0ms: target 0.2-20ms interval 20-300ms

==============================================================================
  ACAPE v6.0.0   mode=tc-only   qdisc=codel handle=10:
  metrics -> results_cross/codel_rtt3/codel_acape_steady_s2/acape_metrics_ctl.csv
==============================================================================
      t    regime        traj      pred     dr/s    bl    tput flows eleph  tgt_ms   lim  adj
---------------------------------------------------------------------------------------------
    0.9     HEAVY      STABLE     HEAVY     98.3    11   10.04     0     0   5.000  1024    0
    1.5     HEAVY      STABLE     HEAVY     82.1     0   10.04     0     0   5.000  1024    0
    2.2     HEAVY      STABLE     HEAVY     82.6    15    9.98     0     0   5.000  1024    0
    2.9     HEAVY      STABLE     HEAVY    104.0     9    9.92     0     0   5.000  1024    0
    3.6     HEAVY      STABLE     HEAVY     97.4    12   10.04     0     0   5.000  1024    0
    4.2     HEAVY      STABLE     HEAVY     97.8     9   10.00     0     0   5.000  1024    0
    4.9     HEAVY      STABLE     HEAVY     85.4     9   10.04     0     0   5.000  1024    0
    5.6     HEAVY      STABLE     HEAVY     84.3    10   10.01     0     0   5.000  1024    0
    6.2     HEAVY      STABLE     HEAVY     83.2    15    9.99     0     0   5.000  1024    0
    6.9     HEAVY      STABLE     HEAVY    109.5     8   10.00     0     0   4.500   921    1
    7.9     HEAVY      STABLE     HEAVY     93.5    11    9.94     0     0   4.500   921    1
    8.6     HEAVY      STABLE     HEAVY     81.3    12    9.96     0     0   4.500   921    1
    9.3     HEAVY      STABLE     HEAVY     93.0    11   10.01     0     0   4.500   921    1
   10.0     HEAVY      STABLE     HEAVY     96.6     9   10.07     0     0   4.500   921    1
   10.7     HEAVY      STABLE     HEAVY     80.6    14    9.92     0     0   4.500   921    1
   11.4     HEAVY      STABLE     HEAVY     91.8    11    9.75     0     0   4.500   921    1
   12.1     HEAVY      STABLE     HEAVY     98.8    12   10.24     0     0   4.500   921    1
   12.7     HEAVY      STABLE     HEAVY     98.1     9   10.03     0     0   4.500   921    1
   13.4     HEAVY      STABLE     HEAVY     65.0    15    9.86     0     0   4.500   921    1
   14.1     HEAVY      STABLE     HEAVY     73.3     9   10.03     0     0   4.050   828    2
   15.2     HEAVY      STABLE     HEAVY     97.0    12   10.05     0     0   4.050   828    2
   16.0     HEAVY      STABLE     HEAVY     72.0    13    9.88     0     0   4.050   828    2
   16.8     HEAVY      STABLE     HEAVY     88.4    11   10.01     0     0   4.050   828    2
   17.4     HEAVY      STABLE     HEAVY     95.6    12   10.03     0     0   4.050   828    2
   18.2     HEAVY      STABLE     HEAVY     96.8     6    9.68     0     0   4.050   828    2
   18.9     HEAVY      STABLE     HEAVY    108.6     9   10.33     0     0   4.050   828    2
   19.6     HEAVY      STABLE     HEAVY    102.7    10    9.89     0     0   4.050   828    2
   20.3     HEAVY      STABLE     HEAVY     68.4     7   10.08     0     0   4.050   828    2
   21.0     HEAVY      STABLE     HEAVY     89.2     7    9.95     0     0   4.050   828    2
   21.7     HEAVY      STABLE     HEAVY     73.2    11   10.02     0     0   3.640   745    3
   22.8     HEAVY      STABLE     HEAVY     80.0    10    9.98     0     0   3.640   745    3
   23.5     HEAVY      STABLE     HEAVY    121.6     9    9.97     0     0   3.640   745    3
   24.3     HEAVY      STABLE     HEAVY     93.8    10   10.09     0     0   3.640   745    3
   25.0     HEAVY      STABLE     HEAVY    111.6     4    9.91     0     0   3.640   745    3
   25.6     HEAVY      STABLE     HEAVY     51.1    15    9.98     0     0   3.640   745    3
   26.3     HEAVY      STABLE     HEAVY     90.3     9    9.86     0     0   3.640   745    3
   27.0     HEAVY      STABLE     HEAVY     97.0    10   10.09     0     0   3.640   745    3
   27.7     HEAVY      STABLE     HEAVY     92.5    10   10.13     0     0   3.640   745    3
   28.4     HEAVY      STABLE     HEAVY    110.0     9    9.99     0     0   3.640   745    3
   29.1     HEAVY      STABLE     HEAVY     71.1     7    9.70     0     0   3.270   670    4
   30.2     HEAVY      STABLE     HEAVY    108.3     5   10.03     0     0   3.270   670    4
   30.8     HEAVY      STABLE     HEAVY     85.7    12   10.20     0     0   3.270   670    4
   31.5     HEAVY      STABLE     HEAVY    116.8     7    9.97     0     0   3.270   670    4
   32.2     HEAVY      STABLE     HEAVY     98.8     9   10.05     0     0   3.270   670    4
   32.8     HEAVY      STABLE     HEAVY    101.0     7    9.96     0     0   3.270   670    4
   33.5     HEAVY      STABLE     HEAVY     83.2     9   10.02     0     0   3.270   670    4
   34.1     HEAVY      STABLE     HEAVY     98.0    11   10.02     0     0   3.270   670    4
   34.8     HEAVY      STABLE     HEAVY     86.1     8    9.95     0     0   3.270   670    4
   35.5     HEAVY      STABLE     HEAVY     65.3    13    9.95     0     0   3.270   670    4
   36.2     HEAVY      STABLE     HEAVY    104.4     8   10.01     0     0   2.940   603    5
   37.3     HEAVY      STABLE     HEAVY    119.2     7   10.00     0     0   2.940   603    5
   38.0     HEAVY      STABLE     HEAVY     89.0    11   10.03     0     0   2.940   603    5
   38.7     HEAVY      STABLE     HEAVY    104.9    11    9.84     0     0   2.940   603    5
   39.3     HEAVY      STABLE     HEAVY    121.0     6   10.18     0     0   2.940   603    5
   40.0     HEAVY      STABLE     HEAVY     97.6    11   10.03     0     0   2.940   603    5
   40.7     HEAVY      STABLE     HEAVY    102.9    11   10.00     0     0   2.940   603    5
   41.3     HEAVY      STABLE     HEAVY    123.3     8    9.98     0     0   2.940   603    5
   42.1     HEAVY      STABLE     HEAVY    115.0     6    9.79     0     0   2.940   603    5
   42.8     HEAVY      STABLE     HEAVY    109.6     9    9.80     0     0   2.940   603    5
   43.5     HEAVY      STABLE     HEAVY    115.7     8    9.99     0     0   2.640   542    6
   44.6     HEAVY      STABLE     HEAVY    105.7     9   10.09     0     0   2.640   542    6
   45.3     HEAVY      STABLE     HEAVY     98.9     7    9.86     0     0   2.640   542    6
   46.0     HEAVY      STABLE     HEAVY    111.9     8   10.07     0     0   2.640   542    6
   46.7     HEAVY      STABLE     HEAVY    109.9    15   10.05     0     0   2.640   542    6
   47.3     HEAVY      STABLE     HEAVY     99.1    11   10.00     0     0   2.640   542    6
   48.1     HEAVY      STABLE     HEAVY    102.9     8    9.59     0     0   2.640   542    6
   48.9     HEAVY      STABLE     HEAVY     98.2    10    9.53     0     0   2.640   542    6
   49.6     HEAVY      STABLE     HEAVY    130.4     8    9.90     0     0   2.640   542    6
   50.2     HEAVY      STABLE     HEAVY    109.6     4   10.14     0     0   2.640   542    6
   50.9     HEAVY      STABLE     HEAVY     96.5     5    9.88     0     0   2.380   487    7
   51.9     HEAVY      STABLE     HEAVY     93.6     7    9.94     0     0   2.380   487    7
   52.6     HEAVY      STABLE     HEAVY    119.4     9   10.08     0     0   2.380   487    7
   53.3     HEAVY      STABLE     HEAVY     73.4     7    9.83     0     0   2.380   487    7
   54.0     HEAVY      STABLE     HEAVY     86.4     8   10.00     0     0   2.380   487    7
   54.8     HEAVY      STABLE     HEAVY    114.6    10    9.95     0     0   2.380   487    7
   55.6     HEAVY      STABLE     HEAVY    103.8     6    9.95     0     0   2.380   487    7
   56.3     HEAVY      STABLE     HEAVY    108.9     7   10.21     0     0   2.380   487    7
   56.9     HEAVY      STABLE     HEAVY    110.3     6    9.95     0     0   2.380   487    7
   57.7     HEAVY      STABLE     HEAVY     87.8     7    9.87     0     0   2.380   487    7
   58.4     HEAVY      STABLE     HEAVY     92.4     7   10.27     0     0   2.140   438    8
   59.5  MODERATE      STABLE  MODERATE     20.8     0    2.71     0     0   2.140   438    8

Done — 82 ticks, 8 adjustments (0 predictive), mode=tc-only
