
==============================================================================
  ACAPE v6.0.0   mode=tc-only   qdisc=fq_codel handle=10:
  metrics -> results/fq_codel_sham_staged_s3/acape_metrics_sham.csv
==============================================================================
      t    regime        traj      pred     dr/s    bl    tput flows eleph  tgt_ms   lim  adj
---------------------------------------------------------------------------------------------
    0.9     LIGHT      STABLE     LIGHT      5.6     5   10.08     0     0   5.000  1024    0
    1.6     LIGHT      STABLE     LIGHT      6.9     4   10.01     0     0   5.000  1024    0
    2.3     LIGHT      STABLE     LIGHT      7.4     0    9.94     0     0   5.000  1024    0
    2.9     LIGHT      STABLE     LIGHT      6.0     4   10.05     0     0   5.000  1024    0
    3.6     LIGHT      STABLE     LIGHT      5.8     3    9.97     0     0   5.000  1024    0
    4.3     LIGHT      STABLE     LIGHT      5.6     2    9.83     0     0   5.000  1024    0
    5.0     LIGHT      STABLE     LIGHT      4.6     2   10.27     0     0   5.000  1024    0
    5.7     LIGHT      STABLE     LIGHT      5.8     3    9.82     0     0   5.000  1024    0
    6.4     LIGHT      STABLE     LIGHT      7.2     1   10.06     0     0   5.000  1024    0
    7.1     LIGHT      STABLE     LIGHT      5.4     4    9.95     0     0   5.000  1024    0
    7.8     LIGHT      STABLE     LIGHT      5.4     3   10.06     0     0   5.000  1024    0
    8.6     LIGHT      STABLE     LIGHT      5.6     3    9.60     0     0   5.000  1024    0
    9.2     LIGHT      STABLE     LIGHT      6.0     3   10.06     0     0   5.000  1024    0
    9.9     LIGHT      STABLE     LIGHT      5.8     2    9.96     0     0   5.000  1024    0
   10.6     LIGHT      STABLE     LIGHT      5.8     4    9.96     0     0   5.000  1024    0
   11.8     LIGHT      STABLE     LIGHT      4.3     5    7.50     0     0   5.000  1024    0
   12.4     LIGHT      STABLE     LIGHT      7.3     2   10.36     0     0   5.000  1024    0
   13.1     LIGHT      STABLE     LIGHT      6.0     2    9.92     0     0   5.000  1024    0
   13.8     LIGHT      STABLE     LIGHT      4.6     4   10.00     0     0   5.000  1024    0
   14.4     LIGHT      STABLE     LIGHT      6.1     3   10.06     0     0   5.000  1024    0
   15.0     LIGHT      STABLE     LIGHT      6.4     2    9.94     0     0   5.000  1024    0
   15.7     LIGHT      STABLE     LIGHT      6.0     1    9.97     0     0   5.000  1024    0
   16.4     LIGHT      STABLE     LIGHT      4.4     4    9.93     0     0   5.000  1024    0
   17.1     LIGHT      STABLE     LIGHT      5.9     2   10.00     0     0   5.000  1024    0
   17.8     LIGHT      STABLE     LIGHT      5.5     3    9.84     0     0   5.000  1024    0
   18.5     LIGHT      STABLE     LIGHT      5.7     3   10.21     0     0   5.000  1024    0
   19.2     LIGHT      STABLE     LIGHT      3.0     0    5.18     0     0   5.000  1024    0
   19.9  MODERATE      STABLE  MODERATE      0.0   154    1.63     0     0   5.000  1024    0
   20.7     HEAVY   WORSENING     HEAVY    389.9    46    9.83     0     0   5.000  1024    0
   21.4     HEAVY   WORSENING     HEAVY    184.7    41   10.04     0     0   5.000  1024    0
   22.1     HEAVY   WORSENING     HEAVY    170.3    27   10.25     0     0   5.000  1024    0
   22.8     HEAVY   WORSENING     HEAVY    170.3    25    9.81     0     0   5.000  1024    0
   23.5     HEAVY   WORSENING     HEAVY    157.1    23   10.15     0     0   5.000  1024    0
   24.2     HEAVY   WORSENING     HEAVY    161.9    26    9.86     0     0   5.000  1024    0
   24.9     HEAVY      STABLE     HEAVY    169.3    22    9.87     0     0   5.000  1024    0
   25.6     HEAVY      STABLE     HEAVY    154.3    32    9.98     0     0   5.000  1024    0
   26.2     HEAVY      STABLE     HEAVY    165.0    27   10.02     0     0   5.000  1024    0
   26.9     HEAVY      STABLE     HEAVY    167.9    26    9.93     0     0   5.000  1024    0
   27.6     HEAVY      STABLE     HEAVY    160.0    26   10.08     0     0   5.000  1024    0
   28.2     HEAVY      STABLE     HEAVY    154.5    23   10.00     0     0   5.000  1024    0
   28.9     HEAVY      STABLE     HEAVY    162.6    27    9.90     0     0   5.000  1024    0
   29.6     HEAVY      STABLE     HEAVY    153.4    23   10.10     0     0   5.000  1024    0
   30.3     HEAVY      STABLE     HEAVY    155.9    26    9.92     0     0   5.000  1024    0
   30.9     HEAVY      STABLE     HEAVY    154.1    27    9.99     0     0   5.000  1024    0
   31.6     HEAVY      STABLE     HEAVY    178.3    17   10.10     0     0   5.000  1024    0
   32.3     HEAVY      STABLE     HEAVY    145.4    31    9.94     0     0   5.000  1024    0
   33.0     HEAVY      STABLE     HEAVY    165.0    31    9.94     0     0   5.000  1024    0
   33.7     HEAVY      STABLE     HEAVY    171.2    21   10.12     0     0   5.000  1024    0
   34.4     HEAVY      STABLE     HEAVY    140.8    27    9.99     0     0   5.000  1024    0
   35.1     HEAVY      STABLE     HEAVY    168.8    21    9.92     0     0   5.000  1024    0
   35.8     HEAVY      STABLE     HEAVY    154.1    24   10.01     0     0   5.000  1024    0
   36.5     HEAVY      STABLE     HEAVY    157.3    25    9.96     0     0   5.000  1024    0
   37.2     HEAVY      STABLE     HEAVY    157.2    27   10.08     0     0   5.000  1024    0
   37.9     HEAVY      STABLE     HEAVY    154.6    32   10.07     0     0   5.000  1024    0
   38.6     HEAVY      STABLE     HEAVY    148.3    28    9.79     0     0   5.000  1024    0
   39.3     HEAVY      STABLE     HEAVY    161.2    27   10.09     0     0   5.000  1024    0
   40.0     HEAVY      STABLE     HEAVY    147.1     0    9.30     0     0   5.000  1024    0
   40.7     LIGHT      STABLE     LIGHT      9.1    37    5.22     0     0   5.000  1024    0
   41.3  MODERATE      STABLE  MODERATE     24.9     4    9.50     0     0   5.000  1024    0
   42.0     LIGHT  RECOVERING    NORMAL      7.1     4    9.99     0     0   5.000  1024    0
   42.7     LIGHT  RECOVERING    NORMAL      5.7     4    9.98     0     0   5.000  1024    0
   43.4     LIGHT  RECOVERING    NORMAL      5.9     2   10.14     0     0   5.000  1024    0
   44.1     LIGHT  RECOVERING    NORMAL      5.4     3    9.71     0     0   5.000  1024    0
   44.8     LIGHT  RECOVERING    NORMAL      5.9     3   10.26     0     0   5.000  1024    0
   45.5     LIGHT      STABLE     LIGHT      6.0     4    9.92     0     0   5.000  1024    0
   46.1     LIGHT      STABLE     LIGHT      6.3     2   10.11     0     0   5.000  1024    0
   46.8     LIGHT      STABLE     LIGHT      5.8     2    9.90     0     0   5.000  1024    0
   47.5     LIGHT      STABLE     LIGHT      6.0     2    9.94     0     0   5.000  1024    0
   48.1     LIGHT      STABLE     LIGHT      6.3     2   10.06     0     0   5.000  1024    0
   48.8     LIGHT      STABLE     LIGHT      5.8     2    9.94     0     0   5.000  1024    0
   49.5     LIGHT      STABLE     LIGHT      6.1     2    9.93     0     0   5.000  1024    0
   50.1     LIGHT      STABLE     LIGHT      4.6     4   10.03     0     0   5.000  1024    0
   50.7     LIGHT      STABLE     LIGHT      6.2     4   10.03     0     0   5.000  1024    0
   51.4     LIGHT      STABLE     LIGHT      6.3     4   10.00     0     0   5.000  1024    0
   52.0     LIGHT      STABLE     LIGHT      6.0     4    9.93     0     0   5.000  1024    0
   52.7     LIGHT      STABLE     LIGHT      4.5     6   10.00     0     0   5.000  1024    0
   53.4     LIGHT      STABLE     LIGHT      6.0     5   10.00     0     0   5.000  1024    0
   54.0     LIGHT      STABLE     LIGHT      6.1     4   10.04     0     0   5.000  1024    0
   54.7     LIGHT      STABLE     LIGHT      6.3     4   10.02     0     0   5.000  1024    0
   55.3     LIGHT      STABLE     LIGHT      6.3     2   10.03     0     0   5.000  1024    0
   56.0     LIGHT      STABLE     LIGHT      4.4     5    9.74     0     0   5.000  1024    0
   56.6     LIGHT      STABLE     LIGHT      7.7     4   10.16     0     0   5.000  1024    0
   57.3     LIGHT      STABLE     LIGHT      6.2     1   10.08     0     0   5.000  1024    0
   57.9     LIGHT      STABLE     LIGHT      4.6     5    9.98     0     0   5.000  1024    0
   58.6     LIGHT      STABLE     LIGHT      7.5     2   10.00     0     0   5.000  1024    0
   59.2     LIGHT      STABLE     LIGHT      3.2     4    9.99     0     0   5.000  1024    0
   59.9     LIGHT      STABLE     LIGHT      5.8     4    9.88     0     0   5.000  1024    0

Done — 88 ticks, 0 adjustments (0 predictive), mode=tc-only
