
==============================================================================
  ACAPE v6.0.0   mode=tc-only   qdisc=fq_codel handle=10:
  metrics -> results_law/rtt8/fq_codel_acape_steady_s2/acape_metrics_ctl.csv
==============================================================================
      t    regime        traj      pred     dr/s    bl    tput flows eleph  tgt_ms   lim  adj
---------------------------------------------------------------------------------------------
    0.9     HEAVY      STABLE     HEAVY     76.9    11   10.18     0     0   5.000  1024    0
    1.6     HEAVY      STABLE     HEAVY     55.5    13    9.89     0     0   5.000  1024    0
    2.2     HEAVY      STABLE     HEAVY     57.4     7   10.12     0     0   5.000  1024    0
    3.0     HEAVY      STABLE     HEAVY     47.4     7    9.82     0     0   5.000  1024    0
    3.7     HEAVY      STABLE     HEAVY     44.0    12   10.21     0     0   5.000  1024    0
    4.3     HEAVY      STABLE     HEAVY     49.2    11   10.01     0     0   5.000  1024    0
    5.1     HEAVY      STABLE     HEAVY     48.1    11    9.82     0     0   5.000  1024    0
    5.8     HEAVY      STABLE     HEAVY     48.5    10   10.03     0     0   5.000  1024    0
    6.4     HEAVY      STABLE     HEAVY     51.8     6   10.18     0     0   5.000  1024    0
    7.1     HEAVY      STABLE     HEAVY     43.6     0    9.99     0     0   4.500   921    1
    8.2     HEAVY      STABLE     HEAVY     59.5    13    9.96     0     0   4.500   921    1
    9.0     HEAVY      STABLE     HEAVY     59.4    14    9.91     0     0   4.500   921    1
    9.7     HEAVY      STABLE     HEAVY     55.0    14   10.10     0     0   4.500   921    1
   10.4     HEAVY      STABLE     HEAVY     56.2    13   10.04     0     0   4.500   921    1
   11.1     HEAVY      STABLE     HEAVY     55.9     8    9.82     0     0   4.500   921    1
   11.7     HEAVY      STABLE     HEAVY     50.2    10   10.17     0     0   4.500   921    1
   12.4     HEAVY      STABLE     HEAVY     54.5     9    9.76     0     0   4.500   921    1
   13.2     HEAVY      STABLE     HEAVY     56.2     9    9.92     0     0   4.500   921    1
   13.9     HEAVY      STABLE     HEAVY     50.3    11   10.10     0     0   4.500   921    1
   14.6     HEAVY      STABLE     HEAVY     59.7     8    9.63     0     0   4.050   828    2
   15.7     HEAVY      STABLE     HEAVY     57.6     8   10.02     0     0   4.050   828    2
   16.4     HEAVY      STABLE     HEAVY     54.9     8    9.79     0     0   4.050   828    2
   17.2     HEAVY      STABLE     HEAVY     54.0     5    9.99     0     0   4.050   828    2
   17.9     HEAVY      STABLE     HEAVY     58.2     5   10.19     0     0   4.050   828    2
   18.6     HEAVY      STABLE     HEAVY     52.5     8    9.80     0     0   4.050   828    2
   19.3     HEAVY      STABLE     HEAVY     55.2    13   10.13     0     0   4.050   828    2
   20.1     HEAVY      STABLE     HEAVY     55.6    12    9.70     0     0   4.050   828    2
   20.9     HEAVY      STABLE     HEAVY     55.1     9   10.28     0     0   4.050   828    2
   21.6     HEAVY      STABLE     HEAVY     52.4     9    9.42     0     0   4.050   828    2
   22.4     HEAVY      STABLE     HEAVY     57.9    12   10.44     0     0   3.640   745    3
   23.4     HEAVY      STABLE     HEAVY     60.8    11   10.14     0     0   3.640   745    3
   24.2     HEAVY      STABLE     HEAVY     63.1     8    9.79     0     0   3.640   745    3
   24.8     HEAVY      STABLE     HEAVY     61.2    15    9.92     0     0   3.640   745    3
   25.5     HEAVY      STABLE     HEAVY     70.4    10    9.97     0     0   3.640   745    3
   26.2     HEAVY      STABLE     HEAVY     68.5    10   10.07     0     0   3.640   745    3
   27.0     HEAVY      STABLE     HEAVY     63.7    11    9.69     0     0   3.640   745    3
   27.7     HEAVY      STABLE     HEAVY     72.3    10   10.38     0     0   3.640   745    3
   28.4     HEAVY      STABLE     HEAVY     63.8    10    9.97     0     0   3.640   745    3
   29.1     HEAVY      STABLE     HEAVY     63.7    12    9.92     0     0   3.640   745    3
   29.7     HEAVY      STABLE     HEAVY     63.1    10   10.11     0     0   3.270   670    4
   30.8     HEAVY      STABLE     HEAVY     66.8     8   10.00     0     0   3.270   670    4
   31.5     HEAVY      STABLE     HEAVY     75.7     8    9.99     0     0   3.270   670    4
   32.3     HEAVY      STABLE     HEAVY     68.6    11    9.89     0     0   3.270   670    4
   33.0     HEAVY      STABLE     HEAVY     74.7     8    9.90     0     0   3.270   670    4
   33.7     HEAVY      STABLE     HEAVY     74.6    10   10.05     0     0   3.270   670    4
   34.4     HEAVY      STABLE     HEAVY     76.0     7   10.01     0     0   3.270   670    4
   35.1     HEAVY      STABLE     HEAVY     72.2    10    9.99     0     0   3.270   670    4
   35.8     HEAVY      STABLE     HEAVY     71.4     8   10.08     0     0   3.270   670    4
   36.5     HEAVY      STABLE     HEAVY     68.4    11    9.89     0     0   3.270   670    4
   37.2     HEAVY      STABLE     HEAVY     79.5    12    9.87     0     0   2.940   603    5
   38.4     HEAVY      STABLE     HEAVY     79.6    12   10.06     0     0   2.940   603    5
   39.1     HEAVY      STABLE     HEAVY     72.8    10    9.90     0     0   2.940   603    5
   39.9     HEAVY      STABLE     HEAVY     72.4     5    9.83     0     0   2.940   603    5
   40.7     HEAVY      STABLE     HEAVY     79.9     5   10.31     0     0   2.940   603    5
   41.4     HEAVY      STABLE     HEAVY     72.9     8   10.01     0     0   2.940   603    5
   42.1     HEAVY      STABLE     HEAVY     73.8     9    9.87     0     0   2.940   603    5
   42.9     HEAVY      STABLE     HEAVY     75.9    10    9.97     0     0   2.940   603    5
   43.6     HEAVY      STABLE     HEAVY     73.3     8    9.99     0     0   2.940   603    5
   44.4     HEAVY      STABLE     HEAVY     70.8    12   10.03     0     0   2.940   603    5
   45.2     HEAVY      STABLE     HEAVY     78.2    11    9.85     0     0   2.640   542    6
   46.3     HEAVY      STABLE     HEAVY     89.6     7   10.04     0     0   2.640   542    6
   47.1     HEAVY      STABLE     HEAVY     94.8    11    9.73     0     0   2.640   542    6
   48.0     HEAVY      STABLE     HEAVY     71.5    11    7.31     0     0   2.640   542    6
   48.8     HEAVY      STABLE     HEAVY     82.5    10    9.84     0     0   2.640   542    6
   49.5     HEAVY      STABLE     HEAVY     81.0    10   10.16     0     0   2.640   542    6
   50.2     HEAVY      STABLE     HEAVY     78.6    10   10.02     0     0   2.640   542    6
   50.9     HEAVY      STABLE     HEAVY     83.9    10    9.91     0     0   2.640   542    6
   51.7     HEAVY      STABLE     HEAVY     76.1     6    9.98     0     0   2.640   542    6
   52.4     HEAVY      STABLE     HEAVY     74.4     7    9.89     0     0   2.640   542    6
   53.1     HEAVY      STABLE     HEAVY     77.8     8   10.07     0     0   2.380   487    7
   54.4     HEAVY      STABLE     HEAVY     82.6    10    9.98     0     0   2.380   487    7
   55.2     HEAVY      STABLE     HEAVY     83.8     9    9.71     0     0   2.380   487    7
   55.9     HEAVY      STABLE     HEAVY     87.0    10   10.23     0     0   2.380   487    7
   56.6     HEAVY      STABLE     HEAVY     78.6    11   10.06     0     0   2.380   487    7
   57.3     HEAVY      STABLE     HEAVY     83.2     7   10.06     0     0   2.380   487    7
   57.9     HEAVY      STABLE     HEAVY     83.8     8   10.01     0     0   2.380   487    7
   58.6     HEAVY      STABLE     HEAVY     74.2    15   10.04     0     0   2.380   487    7
   59.3     HEAVY      STABLE     HEAVY     74.8     0    7.99     0     0   2.380   487    7
   59.9    NORMAL      STABLE    NORMAL      0.0     0    0.00     0     0   2.380   487    7

Done — 80 ticks, 7 adjustments (0 predictive), mode=tc-only
