[acape] bounds for target 15.0ms interval 15.0ms: target 0.6-60ms interval 3-45ms (interval/target ratio 1.0)

==============================================================================
  ACAPE v6.0.0   mode=tc-only   qdisc=pie handle=10:
  metrics -> results_cross/pie_rtt30/pie_acape_steady_s3/acape_metrics_ctl.csv
==============================================================================
      t    regime        traj      pred     dr/s    bl    tput flows eleph  tgt_ms   lim  adj
---------------------------------------------------------------------------------------------
    1.9     HEAVY      STABLE     HEAVY     71.9     1    9.72     0     0  15.000  1000    0
    3.5     HEAVY      STABLE     HEAVY     35.9     7    9.97     0     0  15.000  1000    0
    5.2     HEAVY  RECOVERING  MODERATE     34.6     7    9.96     0     0  15.000  1000    0
    6.8     HEAVY      STABLE     HEAVY     27.7     8   10.02     0     0  15.000  1000    0
    8.6     HEAVY      STABLE     HEAVY     24.5     9   10.00     0     0  15.000  1000    0
   10.2     HEAVY      STABLE     HEAVY     27.0     6   10.01     0     0  15.000  1000    0
   11.9     HEAVY      STABLE     HEAVY     22.9     9    9.96     0     0  15.000  1000    0
   13.5     HEAVY      STABLE     HEAVY     26.1    12    9.99     0     0  15.000  1000    0
   15.3     HEAVY      STABLE     HEAVY     26.8     7    9.94     0     0  15.000  1000    0
   16.9     HEAVY      STABLE     HEAVY     27.4     6   10.07     0     0  13.500   900    1
   19.0     HEAVY      STABLE     HEAVY     27.5     7   10.00     0     0  13.500   900    1
   20.7     HEAVY      STABLE     HEAVY     28.4     8    9.95     0     0  13.500   900    1
   22.4     HEAVY      STABLE     HEAVY     26.1    10    9.94     0     0  13.500   900    1
   24.1     HEAVY      STABLE     HEAVY     27.2     6    9.84     0     0  13.500   900    1
   25.8     HEAVY      STABLE     HEAVY     27.6     4   10.04     0     0  13.500   900    1
   27.5     HEAVY      STABLE     HEAVY     25.2     8    9.94     0     0  13.500   900    1
   29.1     HEAVY      STABLE     HEAVY     30.2     6   10.05     0     0  13.500   900    1
   30.8     HEAVY      STABLE     HEAVY     25.2     5    9.90     0     0  13.500   900    1
   32.5     HEAVY      STABLE     HEAVY     27.2     8   10.04     0     0  13.500   900    1
   34.3     HEAVY      STABLE     HEAVY     24.3     7    9.98     0     0  12.100   810    2
   36.2     HEAVY      STABLE     HEAVY     29.5     8   10.03     0     0  12.100   810    2
   37.9     HEAVY      STABLE     HEAVY     28.7     5   10.00     0     0  12.100   810    2
   39.6     HEAVY      STABLE     HEAVY     29.8     7   10.01     0     0  12.100   810    2
   41.2     HEAVY      STABLE     HEAVY     26.6    13   10.00     0     0  12.100   810    2
   42.9     HEAVY      STABLE     HEAVY     28.7     5   10.00     0     0  12.100   810    2
   44.6     HEAVY      STABLE     HEAVY     30.0     4    9.97     0     0  12.100   810    2
   46.3     HEAVY      STABLE     HEAVY     32.7     4   10.04     0     0  12.100   810    2
   47.9     HEAVY      STABLE     HEAVY     26.7     8    9.88     0     0  12.100   810    2
   49.6     HEAVY      STABLE     HEAVY     26.5    10    9.96     0     0  12.100   810    2
   51.2     HEAVY      STABLE     HEAVY     30.7     5   10.03     0     0  10.900   729    3
   53.2     HEAVY      STABLE     HEAVY     30.6     5    9.82     0     0  10.900   729    3
   54.9     HEAVY      STABLE     HEAVY     30.3     5    9.98     0     0  10.900   729    3
   56.5     HEAVY      STABLE     HEAVY     31.8     6   10.04     0     0  10.900   729    3
   58.2     HEAVY      STABLE     HEAVY     26.6     6    9.92     0     0  10.900   729    3
   59.9     HEAVY      STABLE     HEAVY     27.7     7   10.04     0     0  10.900   729    3
   61.6     HEAVY      STABLE     HEAVY     26.4     7    9.95     0     0  10.900   729    3
   63.3     HEAVY      STABLE     HEAVY     25.4     5   10.03     0     0  10.900   729    3
   65.0     HEAVY      STABLE     HEAVY     27.7     5   10.04     0     0  10.900   729    3
   66.6     HEAVY      STABLE     HEAVY     31.5     6    9.98     0     0  10.900   729    3
   68.3     HEAVY      STABLE     HEAVY     29.0     7    9.98     0     0   9.810   656    4
   70.4     HEAVY      STABLE     HEAVY     27.4     7    9.93     0     0   9.810   656    4
   72.1     HEAVY      STABLE     HEAVY     28.7    11   10.04     0     0   9.810   656    4
   73.8     HEAVY      STABLE     HEAVY     28.1     6    9.89     0     0   9.810   656    4
   75.4     HEAVY      STABLE     HEAVY     28.3    12   10.08     0     0   9.810   656    4
   77.1     HEAVY      STABLE     HEAVY     32.1     5    9.97     0     0   9.810   656    4
   78.8     HEAVY      STABLE     HEAVY     30.3     7   10.01     0     0   9.810   656    4
   80.5     HEAVY      STABLE     HEAVY     31.7     7   10.00     0     0   9.810   656    4
   82.1     HEAVY      STABLE     HEAVY     31.4     6   10.01     0     0   9.810   656    4
   83.8     HEAVY      STABLE     HEAVY     32.3     3   10.02     0     0   9.810   656    4
   85.4     HEAVY      STABLE     HEAVY     28.3     3    9.90     0     0   8.830   590    5
   87.4     HEAVY      STABLE     HEAVY     31.6     5    9.97     0     0   8.830   590    5
   89.1     HEAVY      STABLE     HEAVY     30.3     5   10.03     0     0   8.830   590    5
   90.7     HEAVY      STABLE     HEAVY     32.4     3   10.00     0     0   8.830   590    5
   92.4     HEAVY      STABLE     HEAVY     32.2     2   10.00     0     0   8.830   590    5
   94.1     HEAVY      STABLE     HEAVY     29.5     3    9.97     0     0   8.830   590    5
   95.7     HEAVY      STABLE     HEAVY     29.4     3   10.02     0     0   8.830   590    5
   97.4     HEAVY      STABLE     HEAVY     36.1     2   10.02     0     0   8.830   590    5
   99.0     HEAVY      STABLE     HEAVY     32.4     4   10.01     0     0   8.830   590    5
  100.7     HEAVY      STABLE     HEAVY     31.8     2    9.93     0     0   8.830   590    5
  102.5     HEAVY      STABLE     HEAVY     24.9    10    8.58     0     0   7.950   531    6
  104.6     HEAVY      STABLE     HEAVY     29.5     7   10.04     0     0   7.950   531    6
  106.3     HEAVY      STABLE     HEAVY     31.2     5   10.01     0     0   7.950   531    6
  108.0     HEAVY      STABLE     HEAVY     29.7     7    9.74     0     0   7.950   531    6
  109.7     HEAVY      STABLE     HEAVY     33.5     4    9.95     0     0   7.950   531    6
  111.3     HEAVY      STABLE     HEAVY     31.4     3   10.03     0     0   7.950   531    6
  113.0     HEAVY      STABLE     HEAVY     31.8     6   10.04     0     0   7.950   531    6
  114.7     HEAVY      STABLE     HEAVY     33.0     2    9.94     0     0   7.950   531    6
  116.3     HEAVY      STABLE     HEAVY     32.6     6   10.01     0     0   7.950   531    6
  118.0     HEAVY      STABLE     HEAVY     29.6     9    9.92     0     0   7.950   531    6
  119.7     HEAVY      STABLE     HEAVY     31.5     6   10.02     0     0   7.150   477    7
  121.7     HEAVY      STABLE     HEAVY     34.3     7    9.92     0     0   7.150   477    7
  123.5     HEAVY      STABLE     HEAVY     31.8     3    9.98     0     0   7.150   477    7
  125.1     HEAVY      STABLE     HEAVY     29.4     1   10.05     0     0   7.150   477    7
  126.8     HEAVY      STABLE     HEAVY     32.6     4    9.98     0     0   7.150   477    7
  128.4     HEAVY      STABLE     HEAVY     32.1     5    9.97     0     0   7.150   477    7
  130.1     HEAVY      STABLE     HEAVY     31.1     7   10.02     0     0   7.150   477    7
  131.7     HEAVY      STABLE     HEAVY     33.5     5   10.00     0     0   7.150   477    7
  133.4     HEAVY      STABLE     HEAVY     30.6     6    9.96     0     0   7.150   477    7
  135.0     HEAVY      STABLE     HEAVY     36.1     4   10.05     0     0   7.150   477    7
  136.7     HEAVY      STABLE     HEAVY     34.7     4    9.93     0     0   6.430   429    8
  138.7     HEAVY      STABLE     HEAVY     33.5     4   10.00     0     0   6.430   429    8
  140.4     HEAVY      STABLE     HEAVY     36.6     4   10.06     0     0   6.430   429    8
  142.0     HEAVY      STABLE     HEAVY     29.8     3    9.94     0     0   6.430   429    8
  143.7     HEAVY      STABLE     HEAVY     34.2     5    9.99     0     0   6.430   429    8
  145.4     HEAVY      STABLE     HEAVY     34.7     8   10.01     0     0   6.430   429    8
  147.1     HEAVY      STABLE     HEAVY     33.8     5    9.93     0     0   6.430   429    8
  148.9     HEAVY      STABLE     HEAVY     29.9     6   10.01     0     0   6.430   429    8
  150.6     HEAVY      STABLE     HEAVY     34.3     3    9.95     0     0   6.430   429    8
  152.2     HEAVY      STABLE     HEAVY     32.2     5   10.04     0     0   6.430   429    8
  153.9     HEAVY      STABLE     HEAVY     33.3     5   10.00     0     0   5.790   386    9
  156.0     HEAVY      STABLE     HEAVY     34.0     3    9.88     0     0   5.790   386    9
  157.8     HEAVY      STABLE     HEAVY     30.8     7   10.08     0     0   5.790   386    9
  159.5     HEAVY      STABLE     HEAVY     38.4     1   10.02     0     0   5.790   386    9
  161.2     HEAVY      STABLE     HEAVY     34.7     3   10.00     0     0   5.790   386    9
  162.9     HEAVY      STABLE     HEAVY     34.0     4    9.98     0     0   5.790   386    9
  164.6     HEAVY      STABLE     HEAVY     31.9     5    9.90     0     0   5.790   386    9
  166.3     HEAVY      STABLE     HEAVY     34.9     2   10.13     0     0   5.790   386    9
  168.0     HEAVY      STABLE     HEAVY     34.4     8   10.00     0     0   5.790   386    9
  169.7     HEAVY      STABLE     HEAVY     37.9     2    9.92     0     0   5.790   386    9
  171.4     HEAVY      STABLE     HEAVY     29.4     7   10.05     0     0   5.210   347   10
  173.4     HEAVY      STABLE     HEAVY     33.6     3    9.99     0     0   5.210   347   10
  175.0     HEAVY      STABLE     HEAVY     36.0     5   10.03     0     0   5.210   347   10
  176.7     HEAVY      STABLE     HEAVY     33.1     6    9.82     0     0   5.210   347   10
  178.4     HEAVY      STABLE     HEAVY     36.1     1    9.99     0     0   5.210   347   10

Done — 105 ticks, 10 adjustments (0 predictive), mode=tc-only
