
==============================================================================
  ACAPE v6.0.0   mode=tc-only   qdisc=fq_codel handle=10:
  metrics -> results_sweep/fq_codel_sham_mixed_s2/acape_metrics_sham.csv
==============================================================================
      t    regime        traj      pred     dr/s    bl    tput flows eleph  tgt_ms   lim  adj
---------------------------------------------------------------------------------------------
    0.8     HEAVY      STABLE     HEAVY     64.1    59    6.81     0     0   5.000  1024    0
    1.5     HEAVY      STABLE     HEAVY    148.4     6   10.11     0     0   5.000  1024    0
    2.2     HEAVY  RECOVERING  MODERATE     31.2     8   10.01     0     0   5.000  1024    0
    3.1     HEAVY  RECOVERING  MODERATE     34.0     7    9.53     0     0   5.000  1024    0
    4.1     HEAVY      STABLE     HEAVY     33.9    12   10.17     0     0   5.000  1024    0
    5.1     HEAVY      STABLE     HEAVY     34.8     8    9.70     0     0   5.000  1024    0
    6.1     HEAVY      STABLE     HEAVY     32.8     7    9.99     0     0   5.000  1024    0
    7.1     HEAVY      STABLE     HEAVY     34.3     9   10.22     0     0   5.000  1024    0
    8.1     HEAVY      STABLE     HEAVY     33.3    10   10.01     0     0   5.000  1024    0
    9.2     HEAVY      STABLE     HEAVY     32.5     7    9.67     0     0   5.000  1024    0
   10.2     HEAVY      STABLE     HEAVY     33.9    10   10.13     0     0   5.000  1024    0
   11.2     HEAVY      STABLE     HEAVY     33.4    11   10.28     0     0   5.000  1024    0
   12.2     HEAVY      STABLE     HEAVY     32.6    10    9.66     0     0   5.000  1024    0
   13.3     HEAVY      STABLE     HEAVY     36.2     7   10.22     0     0   5.000  1024    0
   15.1     HEAVY      STABLE     HEAVY     31.3     9    8.81     0     0   5.000  1024    0
   16.1     HEAVY      STABLE     HEAVY     33.8     4    9.79     0     0   5.000  1024    0
   17.0     HEAVY      STABLE     HEAVY     33.5     5   10.11     0     0   5.000  1024    0
   17.9     HEAVY      STABLE     HEAVY     35.4     7   10.03     0     0   5.000  1024    0
   18.7     HEAVY      STABLE     HEAVY     34.7    10   10.21     0     0   5.000  1024    0
   19.8     HEAVY      STABLE     HEAVY     31.5     8    9.74     0     0   5.000  1024    0
   20.8     HEAVY      STABLE     HEAVY     32.2     8    9.88     0     0   5.000  1024    0
   21.7     HEAVY      STABLE     HEAVY     35.7     9   10.06     0     0   5.000  1024    0
   22.6     HEAVY      STABLE     HEAVY     34.1     7   10.20     0     0   5.000  1024    0
   23.5     HEAVY      STABLE     HEAVY     33.2     7   10.03     0     0   5.000  1024    0
   24.3     HEAVY      STABLE     HEAVY     32.9    10    9.75     0     0   5.000  1024    0
   25.3     HEAVY      STABLE     HEAVY     34.7     8   10.25     0     0   5.000  1024    0
   26.3     HEAVY      STABLE     HEAVY     33.4     7    9.90     0     0   5.000  1024    0
   27.2     HEAVY      STABLE     HEAVY     33.2     7    9.87     0     0   5.000  1024    0
   28.1     HEAVY      STABLE     HEAVY     34.2     9   10.26     0     0   5.000  1024    0
   28.9     HEAVY      STABLE     HEAVY     31.6     8   10.01     0     0   5.000  1024    0
   29.8     HEAVY      STABLE     HEAVY     35.6     8    9.93     0     0   5.000  1024    0
   30.7     HEAVY      STABLE     HEAVY     31.3     9    9.92     0     0   5.000  1024    0
   31.6     HEAVY      STABLE     HEAVY     34.3     6   10.22     0     0   5.000  1024    0
   32.6     HEAVY      STABLE     HEAVY     33.1     9    9.79     0     0   5.000  1024    0
   33.4     HEAVY      STABLE     HEAVY     34.8    12   10.15     0     0   5.000  1024    0
   34.4     HEAVY      STABLE     HEAVY     34.2     9    9.93     0     0   5.000  1024    0
   35.3     HEAVY      STABLE     HEAVY     32.5     9    9.92     0     0   5.000  1024    0
   36.2     HEAVY      STABLE     HEAVY     34.4     7    9.87     0     0   5.000  1024    0
   37.1     HEAVY      STABLE     HEAVY     33.1     7   10.30     0     0   5.000  1024    0
   38.0     HEAVY      STABLE     HEAVY     33.6     7    9.64     0     0   5.000  1024    0
   38.9     HEAVY      STABLE     HEAVY     34.1     9   10.25     0     0   5.000  1024    0
   39.9     HEAVY      STABLE     HEAVY     33.4    10   10.01     0     0   5.000  1024    0
   40.8     HEAVY      STABLE     HEAVY     31.7     8    9.86     0     0   5.000  1024    0
   41.7     HEAVY      STABLE     HEAVY     33.4     9    9.89     0     0   5.000  1024    0
   42.8     HEAVY      STABLE     HEAVY     34.7     7    9.99     0     0   5.000  1024    0
   43.9     HEAVY      STABLE     HEAVY     33.9     9   10.18     0     0   5.000  1024    0
   45.0     HEAVY      STABLE     HEAVY     34.2     7    9.92     0     0   5.000  1024    0
   45.9     HEAVY      STABLE     HEAVY     33.2     8    9.89     0     0   5.000  1024    0
   46.9     HEAVY      STABLE     HEAVY     34.9     9    9.93     0     0   5.000  1024    0
   48.0     HEAVY      STABLE     HEAVY     34.0     9   10.08     0     0   5.000  1024    0
   48.9     HEAVY      STABLE     HEAVY     33.1    10    9.76     0     0   5.000  1024    0
   49.8     HEAVY      STABLE     HEAVY     34.3     5   10.35     0     0   5.000  1024    0
   50.8     HEAVY      STABLE     HEAVY     32.3    11    9.62     0     0   5.000  1024    0
   51.7     HEAVY      STABLE     HEAVY     35.3     8   10.33     0     0   5.000  1024    0
   52.6  MODERATE      STABLE  MODERATE     29.4     9    9.49     0     0   5.000  1024    0
   53.6     HEAVY      STABLE     HEAVY     36.7     7   10.45     0     0   5.000  1024    0
   54.5     HEAVY      STABLE     HEAVY     31.6     9   10.01     0     0   5.000  1024    0
   55.4     HEAVY      STABLE     HEAVY     35.7     4   10.19     0     0   5.000  1024    0
   56.3     HEAVY      STABLE     HEAVY     34.5     8    9.84     0     0   5.000  1024    0
   57.4     HEAVY      STABLE     HEAVY     31.5    10    9.58     0     0   5.000  1024    0
   58.3     HEAVY      STABLE     HEAVY     34.4     6   10.54     0     0   5.000  1024    0
   58.9     HEAVY      STABLE     HEAVY     35.9     8   10.29     0     0   5.000  1024    0
   59.6     HEAVY      STABLE     HEAVY     35.5     6    9.92     0     0   5.000  1024    0

Done — 64 ticks, 0 adjustments (0 predictive), mode=tc-only
