-----------------------------------------------------------
Server listening on 5202 (test #1)
-----------------------------------------------------------
Accepted connection from 192.168.1.2, port 34924
[  5] local 192.168.2.2 port 5202 connected to 192.168.1.2 port 50472
[  6] local 192.168.2.2 port 5202 connected to 192.168.1.2 port 46077
[  9] local 192.168.2.2 port 5202 connected to 192.168.1.2 port 52143
[ ID] Interval           Transfer     Bitrate         Jitter    Lost/Total Datagrams
[  5]   0.00-1.00   sec  24.0 KBytes   197 Kbits/sec  2.975 ms  0/82 (0%)  
[  6]   0.00-1.00   sec  24.0 KBytes   197 Kbits/sec  3.004 ms  0/82 (0%)  
[  9]   0.00-1.00   sec  24.0 KBytes   197 Kbits/sec  2.415 ms  0/82 (0%)  
[SUM]   0.00-1.00   sec  72.1 KBytes   590 Kbits/sec  2.798 ms  0/246 (0%)  
- - - - - - - - - - - - - - - - - - - - - - - - -
[  5]   1.00-2.00   sec  24.3 KBytes   199 Kbits/sec  1.586 ms  0/83 (0%)  
[  6]   1.00-2.00   sec  24.3 KBytes   199 Kbits/sec  1.392 ms  0/83 (0%)  
[  9]   1.00-2.00   sec  24.3 KBytes   199 Kbits/sec  1.709 ms  0/83 (0%)  
[SUM]   1.00-2.00   sec  72.9 KBytes   597 Kbits/sec  1.563 ms  0/249 (0%)  
- - - - - - - - - - - - - - - - - - - - - - - - -
[  5]   2.00-3.00   sec  24.3 KBytes   200 Kbits/sec  2.123 ms  0/83 (0%)  
[  6]   2.00-3.00   sec  24.6 KBytes   202 Kbits/sec  1.684 ms  0/84 (0%)  
[  9]   2.00-3.00   sec  24.6 KBytes   202 Kbits/sec  1.478 ms  0/84 (0%)  
[SUM]   2.00-3.00   sec  73.5 KBytes   604 Kbits/sec  1.762 ms  0/251 (0%)  
- - - - - - - - - - - - - - - - - - - - - - - - -
[  5]   3.00-4.00   sec  24.6 KBytes   201 Kbits/sec  2.403 ms  0/84 (0%)  
[  6]   3.00-4.00   sec  24.3 KBytes   199 Kbits/sec  1.670 ms  0/83 (0%)  
[  9]   3.00-4.00   sec  24.3 KBytes   199 Kbits/sec  1.518 ms  0/83 (0%)  
[SUM]   3.00-4.00   sec  73.2 KBytes   600 Kbits/sec  1.864 ms  0/250 (0%)  
- - - - - - - - - - - - - - - - - - - - - - - - -
[  5]   4.00-5.00   sec  24.3 KBytes   199 Kbits/sec  2.577 ms  0/83 (0%)  
[  6]   4.00-5.00   sec  24.3 KBytes   199 Kbits/sec  3.521 ms  0/83 (0%)  
[  9]   4.00-5.00   sec  24.3 KBytes   199 Kbits/sec  3.281 ms  0/83 (0%)  
[SUM]   4.00-5.00   sec  72.9 KBytes   598 Kbits/sec  3.126 ms  0/249 (0%)  
- - - - - - - - - - - - - - - - - - - - - - - - -
[  5]   5.00-6.00   sec  24.6 KBytes   201 Kbits/sec  1.986 ms  0/84 (0%)  
[  6]   5.00-6.00   sec  24.6 KBytes   201 Kbits/sec  2.591 ms  0/84 (0%)  
[  9]   5.00-6.00   sec  24.6 KBytes   201 Kbits/sec  1.681 ms  0/84 (0%)  
[SUM]   5.00-6.00   sec  73.8 KBytes   604 Kbits/sec  2.086 ms  0/252 (0%)  
- - - - - - - - - - - - - - - - - - - - - - - - -
[  5]   6.00-7.00   sec  24.3 KBytes   199 Kbits/sec  2.987 ms  0/83 (0%)  
[  6]   6.00-7.00   sec  24.3 KBytes   199 Kbits/sec  2.067 ms  0/83 (0%)  
[  9]   6.00-7.00   sec  24.3 KBytes   199 Kbits/sec  2.747 ms  0/83 (0%)  
[SUM]   6.00-7.00   sec  72.9 KBytes   598 Kbits/sec  2.600 ms  0/249 (0%)  
- - - - - - - - - - - - - - - - - - - - - - - - -
[  5]   7.00-8.00   sec  24.3 KBytes   199 Kbits/sec  2.307 ms  0/83 (0%)  
[  6]   7.00-8.00   sec  24.6 KBytes   201 Kbits/sec  1.745 ms  0/84 (0%)  
[  9]   7.00-8.00   sec  24.6 KBytes   201 Kbits/sec  2.100 ms  0/84 (0%)  
[SUM]   7.00-8.00   sec  73.5 KBytes   601 Kbits/sec  2.051 ms  0/251 (0%)  
- - - - - - - - - - - - - - - - - - - - - - - - -
[  5]   8.00-9.00   sec  24.6 KBytes   202 Kbits/sec  2.744 ms  0/84 (0%)  
[  6]   8.00-9.00   sec  24.3 KBytes   200 Kbits/sec  3.008 ms  0/83 (0%)  
[  9]   8.00-9.00   sec  24.3 KBytes   200 Kbits/sec  2.922 ms  0/83 (0%)  
[SUM]   8.00-9.00   sec  73.2 KBytes   602 Kbits/sec  2.891 ms  0/250 (0%)  
- - - - - - - - - - - - - - - - - - - - - - - - -
[  5]   9.00-10.00  sec  24.3 KBytes   199 Kbits/sec  1.914 ms  0/83 (0%)  
[  6]   9.00-10.00  sec  24.3 KBytes   199 Kbits/sec  2.324 ms  0/83 (0%)  
[  9]   9.00-10.00  sec  24.3 KBytes   199 Kbits/sec  1.732 ms  0/83 (0%)  
[SUM]   9.00-10.00  sec  72.9 KBytes   597 Kbits/sec  1.990 ms  0/249 (0%)  
- - - - - - - - - - - - - - - - - - - - - - - - -
[  5]  10.00-11.00  sec  24.3 KBytes   199 Kbits/sec  2.133 ms  0/83 (0%)  
[  6]  10.00-11.00  sec  24.3 KBytes   199 Kbits/sec  1.902 ms  0/83 (0%)  
[  9]  10.00-11.00  sec  24.3 KBytes   199 Kbits/sec  2.701 ms  0/83 (0%)  
[SUM]  10.00-11.00  sec  72.9 KBytes   598 Kbits/sec  2.245 ms  0/249 (0%)  
- - - - - - - - - - - - - - - - - - - - - - - - -
[  5]  11.00-12.00  sec  15.5 KBytes   127 Kbits/sec  20.852 ms  0/53 (0%)  
[  6]  11.00-12.00  sec  15.5 KBytes   127 Kbits/sec  21.353 ms  0/53 (0%)  
[  9]  11.00-12.00  sec  15.5 KBytes   127 Kbits/sec  21.254 ms  0/53 (0%)  
[SUM]  11.00-12.00  sec  46.6 KBytes   382 Kbits/sec  21.153 ms  0/159 (0%)  
- - - - - - - - - - - - - - - - - - - - - - - - -
[  5]  12.00-13.00  sec  33.1 KBytes   271 Kbits/sec  2.364 ms  1/114 (0.88%)  
[  6]  12.00-13.00  sec  33.4 KBytes   274 Kbits/sec  2.081 ms  0/114 (0%)  
[  9]  12.00-13.00  sec  33.1 KBytes   271 Kbits/sec  1.791 ms  1/114 (0.88%)  
[SUM]  12.00-13.00  sec  99.6 KBytes   816 Kbits/sec  2.078 ms  2/342 (0.58%)  
- - - - - - - - - - - - - - - - - - - - - - - - -
[  5]  13.00-14.00  sec  24.3 KBytes   199 Kbits/sec  2.121 ms  0/83 (0%)  
[  6]  13.00-14.00  sec  24.3 KBytes   199 Kbits/sec  2.002 ms  0/83 (0%)  
[  9]  13.00-14.00  sec  24.3 KBytes   199 Kbits/sec  2.427 ms  0/83 (0%)  
[SUM]  13.00-14.00  sec  72.9 KBytes   598 Kbits/sec  2.183 ms  0/249 (0%)  
- - - - - - - - - - - - - - - - - - - - - - - - -
[  5]  14.00-15.00  sec  24.3 KBytes   199 Kbits/sec  2.031 ms  0/83 (0%)  
[  6]  14.00-15.00  sec  24.3 KBytes   199 Kbits/sec  1.986 ms  0/83 (0%)  
[  9]  14.00-15.00  sec  24.3 KBytes   199 Kbits/sec  1.939 ms  0/83 (0%)  
[SUM]  14.00-15.00  sec  72.9 KBytes   598 Kbits/sec  1.986 ms  0/249 (0%)  
- - - - - - - - - - - - - - - - - - - - - - - - -
[  5]  15.00-16.00  sec  24.6 KBytes   201 Kbits/sec  2.091 ms  0/84 (0%)  
[  6]  15.00-16.00  sec  24.6 KBytes   201 Kbits/sec  1.748 ms  0/84 (0%)  
[  9]  15.00-16.00  sec  24.6 KBytes   201 Kbits/sec  1.798 ms  0/84 (0%)  
[SUM]  15.00-16.00  sec  73.8 KBytes   604 Kbits/sec  1.879 ms  0/252 (0%)  
- - - - - - - - - - - - - - - - - - - - - - - - -
[  5]  16.00-17.00  sec  24.3 KBytes   200 Kbits/sec  2.017 ms  0/83 (0%)  
[  6]  16.00-17.00  sec  24.3 KBytes   200 Kbits/sec  2.792 ms  0/83 (0%)  
[  9]  16.00-17.00  sec  24.3 KBytes   200 Kbits/sec  3.010 ms  0/83 (0%)  
[SUM]  16.00-17.00  sec  72.9 KBytes   599 Kbits/sec  2.606 ms  0/249 (0%)  
- - - - - - - - - - - - - - - - - - - - - - - - -
[  5]  17.00-18.00  sec  24.3 KBytes   199 Kbits/sec  2.784 ms  0/83 (0%)  
[  6]  17.00-18.00  sec  24.3 KBytes   199 Kbits/sec  2.588 ms  0/83 (0%)  
[  9]  17.00-18.00  sec  24.3 KBytes   199 Kbits/sec  2.485 ms  0/83 (0%)  
[SUM]  17.00-18.00  sec  72.9 KBytes   597 Kbits/sec  2.619 ms  0/249 (0%)  
- - - - - - - - - - - - - - - - - - - - - - - - -
[  5]  18.00-19.00  sec  24.6 KBytes   202 Kbits/sec  2.003 ms  0/84 (0%)  
[  6]  18.00-19.00  sec  24.6 KBytes   202 Kbits/sec  3.053 ms  0/84 (0%)  
[  9]  18.00-19.00  sec  24.6 KBytes   202 Kbits/sec  2.002 ms  0/84 (0%)  
[SUM]  18.00-19.00  sec  73.8 KBytes   605 Kbits/sec  2.353 ms  0/252 (0%)  
- - - - - - - - - - - - - - - - - - - - - - - - -
[  5]  19.00-20.00  sec  24.3 KBytes   199 Kbits/sec  3.201 ms  0/83 (0%)  
[  6]  19.00-20.00  sec  24.3 KBytes   199 Kbits/sec  3.192 ms  0/83 (0%)  
[  9]  19.00-20.00  sec  24.3 KBytes   199 Kbits/sec  3.146 ms  0/83 (0%)  
[SUM]  19.00-20.00  sec  72.9 KBytes   598 Kbits/sec  3.180 ms  0/249 (0%)  
- - - - - - - - - - - - - - - - - - - - - - - - -
[  5]  20.00-21.00  sec  24.3 KBytes   199 Kbits/sec  2.137 ms  0/83 (0%)  
[  6]  20.00-21.00  sec  24.3 KBytes   199 Kbits/sec  1.685 ms  0/83 (0%)  
[  9]  20.00-21.00  sec  24.3 KBytes   199 Kbits/sec  2.278 ms  0/83 (0%)  
[SUM]  20.00-21.00  sec  72.9 KBytes   597 Kbits/sec  2.033 ms  0/249 (0%)  
- - - - - - - - - - - - - - - - - - - - - - - - -
[  5]  21.00-22.00  sec  24.6 KBytes   202 Kbits/sec  2.823 ms  0/84 (0%)  
[  6]  21.00-22.00  sec  24.6 KBytes   202 Kbits/sec  2.396 ms  0/84 (0%)  
[  9]  21.00-22.00  sec  24.6 KBytes   202 Kbits/sec  1.625 ms  0/84 (0%)  
[SUM]  21.00-22.00  sec  73.8 KBytes   605 Kbits/sec  2.282 ms  0/252 (0%)  
- - - - - - - - - - - - - - - - - - - - - - - - -
[  5]  22.00-23.00  sec  24.3 KBytes   199 Kbits/sec  2.599 ms  0/83 (0%)  
[  6]  22.00-23.00  sec  24.3 KBytes   199 Kbits/sec  2.901 ms  0/83 (0%)  
[  9]  22.00-23.00  sec  24.3 KBytes   199 Kbits/sec  2.558 ms  0/83 (0%)  
[SUM]  22.00-23.00  sec  72.9 KBytes   598 Kbits/sec  2.686 ms  0/249 (0%)  
- - - - - - - - - - - - - - - - - - - - - - - - -
[  5]  23.00-24.00  sec  24.6 KBytes   202 Kbits/sec  1.629 ms  0/84 (0%)  
[  6]  23.00-24.00  sec  24.3 KBytes   199 Kbits/sec  2.303 ms  0/83 (0%)  
[  9]  23.00-24.00  sec  24.6 KBytes   202 Kbits/sec  1.971 ms  0/84 (0%)  
[SUM]  23.00-24.00  sec  73.5 KBytes   602 Kbits/sec  1.968 ms  0/251 (0%)  
- - - - - - - - - - - - - - - - - - - - - - - - -
[  5]  24.00-25.00  sec  24.3 KBytes   199 Kbits/sec  2.402 ms  0/83 (0%)  
[  6]  24.00-25.00  sec  24.6 KBytes   201 Kbits/sec  2.192 ms  0/84 (0%)  
[  9]  24.00-25.00  sec  24.3 KBytes   199 Kbits/sec  2.226 ms  0/83 (0%)  
[SUM]  24.00-25.00  sec  73.2 KBytes   600 Kbits/sec  2.273 ms  0/250 (0%)  
- - - - - - - - - - - - - - - - - - - - - - - - -
[  5]  25.00-26.00  sec  24.3 KBytes   199 Kbits/sec  1.811 ms  0/83 (0%)  
[  6]  25.00-26.00  sec  24.3 KBytes   199 Kbits/sec  2.012 ms  0/83 (0%)  
[  9]  25.00-26.00  sec  24.3 KBytes   199 Kbits/sec  2.047 ms  0/83 (0%)  
[SUM]  25.00-26.00  sec  72.9 KBytes   597 Kbits/sec  1.957 ms  0/249 (0%)  
- - - - - - - - - - - - - - - - - - - - - - - - -
[  5]  26.00-27.00  sec  24.6 KBytes   202 Kbits/sec  1.262 ms  0/84 (0%)  
[  6]  26.00-27.00  sec  24.6 KBytes   202 Kbits/sec  1.555 ms  0/84 (0%)  
[  9]  26.00-27.00  sec  24.6 KBytes   202 Kbits/sec  2.037 ms  0/84 (0%)  
[SUM]  26.00-27.00  sec  73.8 KBytes   606 Kbits/sec  1.618 ms  0/252 (0%)  
- - - - - - - - - - - - - - - - - - - - - - - - -
[  5]  27.00-28.00  sec  24.3 KBytes   199 Kbits/sec  2.379 ms  0/83 (0%)  
[  6]  27.00-28.00  sec  24.3 KBytes   199 Kbits/sec  2.287 ms  0/83 (0%)  
[  9]  27.00-28.00  sec  24.3 KBytes   199 Kbits/sec  2.568 ms  0/83 (0%)  
[SUM]  27.00-28.00  sec  72.9 KBytes   596 Kbits/sec  2.411 ms  0/249 (0%)  
- - - - - - - - - - - - - - - - - - - - - - - - -
[  5]  28.00-29.00  sec  24.3 KBytes   200 Kbits/sec  2.240 ms  0/83 (0%)  
[  6]  28.00-29.00  sec  24.3 KBytes   200 Kbits/sec  2.613 ms  0/83 (0%)  
[  9]  28.00-29.00  sec  24.3 KBytes   200 Kbits/sec  2.505 ms  0/83 (0%)  
[SUM]  28.00-29.00  sec  72.9 KBytes   600 Kbits/sec  2.453 ms  0/249 (0%)  
- - - - - - - - - - - - - - - - - - - - - - - - -
[  5]  29.00-30.00  sec  24.3 KBytes   199 Kbits/sec  2.329 ms  0/83 (0%)  
[  6]  29.00-30.00  sec  24.3 KBytes   199 Kbits/sec  3.276 ms  0/83 (0%)  
[  9]  29.00-30.00  sec  24.3 KBytes   199 Kbits/sec  2.965 ms  0/83 (0%)  
[SUM]  29.00-30.00  sec  72.9 KBytes   598 Kbits/sec  2.857 ms  0/249 (0%)  
- - - - - - - - - - - - - - - - - - - - - - - - -
[  5]  30.00-31.00  sec  24.6 KBytes   202 Kbits/sec  2.155 ms  0/84 (0%)  
[  6]  30.00-31.00  sec  24.6 KBytes   202 Kbits/sec  1.752 ms  0/84 (0%)  
[  9]  30.00-31.00  sec  24.6 KBytes   202 Kbits/sec  1.935 ms  0/84 (0%)  
[SUM]  30.00-31.00  sec  73.8 KBytes   605 Kbits/sec  1.947 ms  0/252 (0%)  
- - - - - - - - - - - - - - - - - - - - - - - - -
[  5]  31.00-32.00  sec  24.3 KBytes   199 Kbits/sec  3.274 ms  0/83 (0%)  
[  6]  31.00-32.00  sec  24.3 KBytes   199 Kbits/sec  2.009 ms  0/83 (0%)  
[  9]  31.00-32.00  sec  24.3 KBytes   199 Kbits/sec  1.920 ms  0/83 (0%)  
[SUM]  31.00-32.00  sec  72.9 KBytes   597 Kbits/sec  2.401 ms  0/249 (0%)  
- - - - - - - - - - - - - - - - - - - - - - - - -
[  5]  32.00-33.00  sec  24.6 KBytes   202 Kbits/sec  1.346 ms  0/84 (0%)  
[  6]  32.00-33.00  sec  24.3 KBytes   200 Kbits/sec  1.911 ms  0/83 (0%)  
[  9]  32.00-33.00  sec  24.3 KBytes   200 Kbits/sec  1.373 ms  0/83 (0%)  
[SUM]  32.00-33.00  sec  73.2 KBytes   601 Kbits/sec  1.543 ms  0/250 (0%)  
- - - - - - - - - - - - - - - - - - - - - - - - -
[  5]  33.00-34.00  sec  24.3 KBytes   199 Kbits/sec  1.528 ms  0/83 (0%)  
[  6]  33.00-34.00  sec  24.6 KBytes   202 Kbits/sec  2.260 ms  0/84 (0%)  
[  9]  33.00-34.00  sec  24.6 KBytes   202 Kbits/sec  1.466 ms  0/84 (0%)  
[SUM]  33.00-34.00  sec  73.5 KBytes   602 Kbits/sec  1.751 ms  0/251 (0%)  
- - - - - - - - - - - - - - - - - - - - - - - - -
[  5]  34.00-35.00  sec  24.3 KBytes   199 Kbits/sec  1.892 ms  0/83 (0%)  
[  6]  34.00-35.00  sec  24.3 KBytes   199 Kbits/sec  1.800 ms  0/83 (0%)  
[  9]  34.00-35.00  sec  24.3 KBytes   199 Kbits/sec  1.798 ms  0/83 (0%)  
[SUM]  34.00-35.00  sec  72.9 KBytes   598 Kbits/sec  1.830 ms  0/249 (0%)  
- - - - - - - - - - - - - - - - - - - - - - - - -
[  5]  35.00-36.00  sec  24.3 KBytes   199 Kbits/sec  1.795 ms  0/83 (0%)  
[  6]  35.00-36.00  sec  24.3 KBytes   199 Kbits/sec  1.894 ms  0/83 (0%)  
[  9]  35.00-36.00  sec  24.3 KBytes   199 Kbits/sec  2.476 ms  0/83 (0%)  
[SUM]  35.00-36.00  sec  72.9 KBytes   598 Kbits/sec  2.055 ms  0/249 (0%)  
- - - - - - - - - - - - - - - - - - - - - - - - -
[  5]  36.00-37.00  sec  24.6 KBytes   202 Kbits/sec  2.916 ms  0/84 (0%)  
[  6]  36.00-37.00  sec  24.3 KBytes   199 Kbits/sec  1.541 ms  0/83 (0%)  
[  9]  36.00-37.00  sec  24.6 KBytes   202 Kbits/sec  1.722 ms  0/84 (0%)  
[SUM]  36.00-37.00  sec  73.5 KBytes   603 Kbits/sec  2.060 ms  0/251 (0%)  
- - - - - - - - - - - - - - - - - - - - - - - - -
[  5]  37.00-38.00  sec  24.3 KBytes   199 Kbits/sec  2.257 ms  0/83 (0%)  
[  6]  37.00-38.00  sec  24.6 KBytes   202 Kbits/sec  1.647 ms  0/84 (0%)  
[  9]  37.00-38.00  sec  24.3 KBytes   199 Kbits/sec  1.592 ms  0/83 (0%)  
[SUM]  37.00-38.00  sec  73.2 KBytes   600 Kbits/sec  1.832 ms  0/250 (0%)  
- - - - - - - - - - - - - - - - - - - - - - - - -
[  5]  38.00-39.00  sec  24.3 KBytes   199 Kbits/sec  2.259 ms  0/83 (0%)  
[  6]  38.00-39.00  sec  24.3 KBytes   199 Kbits/sec  1.828 ms  0/83 (0%)  
[  9]  38.00-39.00  sec  24.6 KBytes   202 Kbits/sec  1.360 ms  0/84 (0%)  
[SUM]  38.00-39.00  sec  73.2 KBytes   600 Kbits/sec  1.816 ms  0/250 (0%)  
- - - - - - - - - - - - - - - - - - - - - - - - -
[  5]  39.00-40.00  sec  24.3 KBytes   199 Kbits/sec  1.520 ms  0/84 (0%)  
[  6]  39.00-40.00  sec  24.6 KBytes   201 Kbits/sec  1.921 ms  0/84 (0%)  
[  9]  39.00-40.00  sec  24.3 KBytes   199 Kbits/sec  2.285 ms  0/83 (0%)  
[SUM]  39.00-40.00  sec  73.2 KBytes   599 Kbits/sec  1.908 ms  0/251 (0%)  
- - - - - - - - - - - - - - - - - - - - - - - - -
[  5]  40.00-41.00  sec  24.3 KBytes   199 Kbits/sec  3.170 ms  0/83 (0%)  
[  6]  40.00-41.00  sec  24.3 KBytes   199 Kbits/sec  2.298 ms  0/83 (0%)  
[  9]  40.00-41.00  sec  24.3 KBytes   199 Kbits/sec  2.705 ms  0/83 (0%)  
[SUM]  40.00-41.00  sec  72.9 KBytes   598 Kbits/sec  2.724 ms  0/249 (0%)  
- - - - - - - - - - - - - - - - - - - - - - - - -
[  5]  41.00-42.00  sec  24.6 KBytes   202 Kbits/sec  1.909 ms  0/84 (0%)  
[  6]  41.00-42.00  sec  24.6 KBytes   202 Kbits/sec  2.372 ms  0/84 (0%)  
[  9]  41.00-42.00  sec  24.3 KBytes   199 Kbits/sec  1.921 ms  0/83 (0%)  
[SUM]  41.00-42.00  sec  73.5 KBytes   603 Kbits/sec  2.067 ms  0/251 (0%)  
- - - - - - - - - - - - - - - - - - - - - - - - -
[  5]  42.00-43.00  sec  24.3 KBytes   199 Kbits/sec  3.060 ms  0/83 (0%)  
[  6]  42.00-43.00  sec  24.3 KBytes   199 Kbits/sec  2.861 ms  0/83 (0%)  
[  9]  42.00-43.00  sec  24.6 KBytes   201 Kbits/sec  2.597 ms  0/84 (0%)  
[SUM]  42.00-43.00  sec  73.2 KBytes   599 Kbits/sec  2.839 ms  0/250 (0%)  
- - - - - - - - - - - - - - - - - - - - - - - - -
[  5]  43.00-44.00  sec  24.3 KBytes   199 Kbits/sec  1.989 ms  0/83 (0%)  
[  6]  43.00-44.00  sec  24.3 KBytes   199 Kbits/sec  2.338 ms  0/83 (0%)  
[  9]  43.00-44.00  sec  24.3 KBytes   199 Kbits/sec  1.771 ms  0/83 (0%)  
[SUM]  43.00-44.00  sec  72.9 KBytes   598 Kbits/sec  2.032 ms  0/249 (0%)  
- - - - - - - - - - - - - - - - - - - - - - - - -
[  5]  44.00-45.00  sec  24.3 KBytes   199 Kbits/sec  2.862 ms  0/83 (0%)  
[  6]  44.00-45.00  sec  24.3 KBytes   199 Kbits/sec  1.841 ms  0/83 (0%)  
[  9]  44.00-45.00  sec  24.3 KBytes   199 Kbits/sec  3.127 ms  0/83 (0%)  
[SUM]  44.00-45.00  sec  72.9 KBytes   597 Kbits/sec  2.610 ms  0/249 (0%)  
- - - - - - - - - - - - - - - - - - - - - - - - -
[  5]  45.00-46.00  sec  24.6 KBytes   202 Kbits/sec  1.885 ms  0/84 (0%)  
[  6]  45.00-46.00  sec  24.6 KBytes   202 Kbits/sec  1.942 ms  0/84 (0%)  
[  9]  45.00-46.00  sec  24.6 KBytes   202 Kbits/sec  2.224 ms  0/84 (0%)  
[SUM]  45.00-46.00  sec  73.8 KBytes   605 Kbits/sec  2.017 ms  0/252 (0%)  
- - - - - - - - - - - - - - - - - - - - - - - - -
[  5]  46.00-47.00  sec  24.3 KBytes   199 Kbits/sec  2.694 ms  0/83 (0%)  
[  6]  46.00-47.00  sec  24.3 KBytes   199 Kbits/sec  1.941 ms  0/83 (0%)  
[  9]  46.00-47.00  sec  24.3 KBytes   199 Kbits/sec  2.965 ms  0/83 (0%)  
[SUM]  46.00-47.00  sec  72.9 KBytes   598 Kbits/sec  2.533 ms  0/249 (0%)  
- - - - - - - - - - - - - - - - - - - - - - - - -
[  5]  47.00-48.00  sec  24.6 KBytes   201 Kbits/sec  1.441 ms  0/84 (0%)  
[  6]  47.00-48.00  sec  24.6 KBytes   201 Kbits/sec  1.628 ms  0/84 (0%)  
[  9]  47.00-48.00  sec  24.6 KBytes   201 Kbits/sec  1.979 ms  0/84 (0%)  
[SUM]  47.00-48.00  sec  73.8 KBytes   604 Kbits/sec  1.682 ms  0/252 (0%)  
- - - - - - - - - - - - - - - - - - - - - - - - -
[  5]  48.00-49.00  sec  24.3 KBytes   199 Kbits/sec  2.107 ms  0/83 (0%)  
[  6]  48.00-49.00  sec  24.3 KBytes   199 Kbits/sec  2.373 ms  0/83 (0%)  
[  9]  48.00-49.00  sec  24.3 KBytes   199 Kbits/sec  2.315 ms  0/83 (0%)  
[SUM]  48.00-49.00  sec  72.9 KBytes   598 Kbits/sec  2.265 ms  0/249 (0%)  
- - - - - - - - - - - - - - - - - - - - - - - - -
[  5]  49.00-50.01  sec  24.6 KBytes   201 Kbits/sec  1.934 ms  0/84 (0%)  
[  6]  49.00-50.01  sec  24.6 KBytes   201 Kbits/sec  2.334 ms  0/84 (0%)  
[  9]  49.00-50.01  sec  24.6 KBytes   201 Kbits/sec  1.788 ms  0/84 (0%)  
[SUM]  49.00-50.01  sec  73.8 KBytes   602 Kbits/sec  2.019 ms  0/252 (0%)  
- - - - - - - - - - - - - - - - - - - - - - - - -
[  5]  50.01-51.00  sec  24.0 KBytes   198 Kbits/sec  2.111 ms  0/82 (0%)  
[  6]  50.01-51.00  sec  24.3 KBytes   200 Kbits/sec  2.104 ms  0/83 (0%)  
[  9]  50.01-51.00  sec  24.3 KBytes   200 Kbits/sec  1.855 ms  0/83 (0%)  
[SUM]  50.01-51.00  sec  72.7 KBytes   598 Kbits/sec  2.023 ms  0/248 (0%)  
- - - - - - - - - - - - - - - - - - - - - - - - -
[  5]  51.00-52.00  sec  24.6 KBytes   202 Kbits/sec  2.510 ms  0/84 (0%)  
[  6]  51.00-52.00  sec  24.3 KBytes   199 Kbits/sec  2.337 ms  0/83 (0%)  
[  9]  51.00-52.00  sec  24.3 KBytes   199 Kbits/sec  2.475 ms  0/83 (0%)  
[SUM]  51.00-52.00  sec  73.2 KBytes   600 Kbits/sec  2.440 ms  0/250 (0%)  
- - - - - - - - - - - - - - - - - - - - - - - - -
[  5]  52.00-53.00  sec  24.3 KBytes   199 Kbits/sec  1.611 ms  0/83 (0%)  
[  6]  52.00-53.00  sec  24.3 KBytes   199 Kbits/sec  1.207 ms  0/83 (0%)  
[  9]  52.00-53.00  sec  24.3 KBytes   199 Kbits/sec  1.508 ms  0/83 (0%)  
[SUM]  52.00-53.00  sec  72.9 KBytes   598 Kbits/sec  1.442 ms  0/249 (0%)  
- - - - - - - - - - - - - - - - - - - - - - - - -
[  5]  53.00-54.00  sec  24.3 KBytes   199 Kbits/sec  2.758 ms  0/83 (0%)  
[  6]  53.00-54.00  sec  24.3 KBytes   199 Kbits/sec  2.729 ms  0/83 (0%)  
[  9]  53.00-54.00  sec  24.3 KBytes   199 Kbits/sec  2.676 ms  0/83 (0%)  
[SUM]  53.00-54.00  sec  72.9 KBytes   598 Kbits/sec  2.721 ms  0/249 (0%)  
- - - - - - - - - - - - - - - - - - - - - - - - -
[  5]  54.00-55.00  sec  24.6 KBytes   202 Kbits/sec  3.273 ms  0/84 (0%)  
[  6]  54.00-55.00  sec  24.6 KBytes   202 Kbits/sec  3.364 ms  0/84 (0%)  
[  9]  54.00-55.00  sec  24.6 KBytes   202 Kbits/sec  3.468 ms  0/84 (0%)  
[SUM]  54.00-55.00  sec  73.8 KBytes   605 Kbits/sec  3.368 ms  0/252 (0%)  
- - - - - - - - - - - - - - - - - - - - - - - - -
[  5]  55.00-56.00  sec  24.3 KBytes   199 Kbits/sec  2.279 ms  0/83 (0%)  
[  6]  55.00-56.00  sec  24.3 KBytes   199 Kbits/sec  1.839 ms  0/83 (0%)  
[  9]  55.00-56.00  sec  24.3 KBytes   199 Kbits/sec  1.931 ms  0/83 (0%)  
[SUM]  55.00-56.00  sec  72.9 KBytes   597 Kbits/sec  2.016 ms  0/249 (0%)  
- - - - - - - - - - - - - - - - - - - - - - - - -
[  5]  56.00-56.07  sec   600 Bytes  72.0 Kbits/sec  2.323 ms  0/2 (0%)  
[  6]  56.00-56.07  sec   600 Bytes  72.0 Kbits/sec  1.862 ms  0/2 (0%)  
[  9]  56.00-56.07  sec   600 Bytes  72.0 Kbits/sec  1.887 ms  0/2 (0%)  
[SUM]  56.00-56.07  sec  1.76 KBytes   216 Kbits/sec  2.024 ms  0/6 (0%)  
- - - - - - - - - - - - - - - - - - - - - - - - -
[ ID] Interval           Transfer     Bitrate         Jitter    Lost/Total Datagrams
[  5]   0.00-56.07  sec  1.33 MBytes   200 Kbits/sec  2.323 ms  1/4667 (0.021%)  receiver
[  6]   0.00-56.07  sec  1.34 MBytes   200 Kbits/sec  1.862 ms  0/4667 (0%)  receiver
[  9]   0.00-56.07  sec  1.33 MBytes   200 Kbits/sec  1.887 ms  1/4667 (0.021%)  receiver
[SUM]   0.00-56.07  sec  4.01 MBytes   599 Kbits/sec  2.024 ms  2/14001 (0.014%)  receiver
