
==============================================================================
  ACAPE v6.0.0   mode=tc-only   qdisc=fq_codel handle=10:
  metrics -> results/fq_codel_sham_steady_s2/acape_metrics_sham.csv
==============================================================================
      t    regime        traj      pred     dr/s    bl    tput flows eleph  tgt_ms   lim  adj
---------------------------------------------------------------------------------------------
    0.8     HEAVY      STABLE     HEAVY     45.0     8   10.13     0     0   5.000  1024    0
    1.4     HEAVY      STABLE     HEAVY     32.1    10    9.97     0     0   5.000  1024    0
    2.1     HEAVY      STABLE     HEAVY     36.6     7    9.40     0     0   5.000  1024    0
    2.8     HEAVY      STABLE     HEAVY     34.1     5   10.43     0     0   5.000  1024    0
    3.6     HEAVY      STABLE     HEAVY     34.4     3    9.88     0     0   5.000  1024    0
    4.2     HEAVY      STABLE     HEAVY     31.8    10   10.26     0     0   5.000  1024    0
    4.9     HEAVY      STABLE     HEAVY     36.8     8    9.92     0     0   5.000  1024    0
    5.7     HEAVY      STABLE     HEAVY     30.8    10    9.94     0     0   5.000  1024    0
    6.4     HEAVY      STABLE     HEAVY     35.7     6   10.07     0     0   5.000  1024    0
    7.1     HEAVY      STABLE     HEAVY     32.8     7    9.86     0     0   5.000  1024    0
    7.9     HEAVY      STABLE     HEAVY     33.9     9   10.01     0     0   5.000  1024    0
    8.6     HEAVY      STABLE     HEAVY     36.6     6    9.45     0     0   5.000  1024    0
    9.3     HEAVY      STABLE     HEAVY     34.8     8   10.10     0     0   5.000  1024    0
   10.0     HEAVY      STABLE     HEAVY     36.1     4    9.92     0     0   5.000  1024    0
   10.7     HEAVY      STABLE     HEAVY     32.4     6   10.11     0     0   5.000  1024    0
   11.4     HEAVY      STABLE     HEAVY     33.0     7    9.97     0     0   5.000  1024    0
   12.1     HEAVY      STABLE     HEAVY     34.5     6    9.91     0     0   5.000  1024    0
   12.8     HEAVY      STABLE     HEAVY     31.5     8   10.03     0     0   5.000  1024    0
   13.5     HEAVY      STABLE     HEAVY     36.2     6   10.06     0     0   5.000  1024    0
   14.2     HEAVY      STABLE     HEAVY     32.7     6    9.93     0     0   5.000  1024    0
   14.9     HEAVY      STABLE     HEAVY     38.4     4   10.07     0     0   5.000  1024    0
   15.6     HEAVY      STABLE     HEAVY     31.2     9    9.94     0     0   5.000  1024    0
   16.3     HEAVY      STABLE     HEAVY     37.0     6    9.95     0     0   5.000  1024    0
   17.0     HEAVY      STABLE     HEAVY     34.1     5    9.99     0     0   5.000  1024    0
   17.6     HEAVY      STABLE     HEAVY     31.6     5   10.07     0     0   5.000  1024    0
   18.3     HEAVY      STABLE     HEAVY     34.8     5    9.92     0     0   5.000  1024    0
   18.9     HEAVY      STABLE     HEAVY     38.9     4   10.09     0     0   5.000  1024    0
   19.6     HEAVY      STABLE     HEAVY     32.8     6    9.97     0     0   5.000  1024    0
   20.3     HEAVY      STABLE     HEAVY     32.7     8    9.80     0     0   5.000  1024    0
   21.0     HEAVY      STABLE     HEAVY     32.3     8   10.21     0     0   5.000  1024    0
   21.6     HEAVY      STABLE     HEAVY     36.4     8    9.98     0     0   5.000  1024    0
   22.3     HEAVY      STABLE     HEAVY     35.7     5    9.95     0     0   5.000  1024    0
   23.0     HEAVY      STABLE     HEAVY     30.1     6   10.02     0     0   5.000  1024    0
   23.6     HEAVY      STABLE     HEAVY     33.7     8    9.99     0     0   5.000  1024    0
   24.3     HEAVY      STABLE     HEAVY     35.3     4   10.01     0     0   5.000  1024    0
   24.9  MODERATE      STABLE  MODERATE     28.8    11    9.93     0     0   5.000  1024    0
   25.6     HEAVY      STABLE     HEAVY     39.1     8   10.03     0     0   5.000  1024    0
   26.3     HEAVY      STABLE     HEAVY     34.3     3    9.92     0     0   5.000  1024    0
   27.0     HEAVY      STABLE     HEAVY     33.4     9   10.01     0     0   5.000  1024    0
   27.7     HEAVY      STABLE     HEAVY     32.6     5    9.87     0     0   5.000  1024    0
   28.4     HEAVY      STABLE     HEAVY     38.1     8   10.01     0     0   5.000  1024    0
   29.0     HEAVY      STABLE     HEAVY     36.5     6   10.02     0     0   5.000  1024    0
   29.7     HEAVY      STABLE     HEAVY     33.4     8    9.91     0     0   5.000  1024    0
   30.4     HEAVY      STABLE     HEAVY     37.3     4   10.02     0     0   5.000  1024    0
   31.1     HEAVY      STABLE     HEAVY     32.9     5    9.99     0     0   5.000  1024    0
   31.7     HEAVY      STABLE     HEAVY     30.3     8    9.99     0     0   5.000  1024    0
   32.4     HEAVY      STABLE     HEAVY     33.2     7   10.02     0     0   5.000  1024    0
   33.1     HEAVY      STABLE     HEAVY     34.2     8    9.93     0     0   5.000  1024    0
   33.8     HEAVY      STABLE     HEAVY     34.3     6    9.99     0     0   5.000  1024    0
   34.4     HEAVY      STABLE     HEAVY     35.8     7   10.11     0     0   5.000  1024    0
   35.2     HEAVY      STABLE     HEAVY     32.2     8    8.91     0     0   5.000  1024    0
   35.9     HEAVY      STABLE     HEAVY     39.9     5   11.08     0     0   5.000  1024    0
   36.6     HEAVY      STABLE     HEAVY     34.0     7    9.91     0     0   5.000  1024    0
   37.2     HEAVY      STABLE     HEAVY     30.2     9    9.89     0     0   5.000  1024    0
   38.0     HEAVY      STABLE     HEAVY     37.5     4    9.84     0     0   5.000  1024    0
   38.7     HEAVY      STABLE     HEAVY     33.5     7    9.98     0     0   5.000  1024    0
   39.3     HEAVY      STABLE     HEAVY     36.8     6   10.14     0     0   5.000  1024    0
   40.0  MODERATE      STABLE  MODERATE     27.4     8   10.02     0     0   5.000  1024    0
   40.7     HEAVY      STABLE     HEAVY     33.5     6    9.92     0     0   5.000  1024    0
   41.3     HEAVY      STABLE     HEAVY     36.6     8    9.95     0     0   5.000  1024    0
   42.0     HEAVY      STABLE     HEAVY     32.7     6    9.95     0     0   5.000  1024    0
   42.7     HEAVY      STABLE     HEAVY     32.3     5    9.99     0     0   5.000  1024    0
   43.4     HEAVY      STABLE     HEAVY     37.1     6    9.97     0     0   5.000  1024    0
   44.1     HEAVY      STABLE     HEAVY     36.8     7    9.98     0     0   5.000  1024    0
   44.8  MODERATE      STABLE  MODERATE     29.0     8    9.99     0     0   5.000  1024    0
   45.5     HEAVY      STABLE     HEAVY     33.8    10   10.08     0     0   5.000  1024    0
   46.1     HEAVY      STABLE     HEAVY     35.6     5   10.00     0     0   5.000  1024    0
   46.8     HEAVY      STABLE     HEAVY     34.7     5    9.95     0     0   5.000  1024    0
   47.5     HEAVY      STABLE     HEAVY     34.3     4   10.03     0     0   5.000  1024    0
   48.1     HEAVY      STABLE     HEAVY     35.2     3    9.97     0     0   5.000  1024    0
   48.8     HEAVY      STABLE     HEAVY     33.7     5    9.96     0     0   5.000  1024    0
   49.5     HEAVY      STABLE     HEAVY     34.6     1    9.99     0     0   5.000  1024    0
   50.2     HEAVY      STABLE     HEAVY     33.8     6   10.07     0     0   5.000  1024    0
   50.8  MODERATE      STABLE  MODERATE     29.7     9   10.07     0     0   5.000  1024    0
   51.5     HEAVY      STABLE     HEAVY     38.9     9    9.82     0     0   5.000  1024    0
   52.2     HEAVY      STABLE     HEAVY     34.4     8    9.99     0     0   5.000  1024    0
   52.8     HEAVY      STABLE     HEAVY     30.9     8   10.08     0     0   5.000  1024    0
   53.5     HEAVY      STABLE     HEAVY     34.0     5    9.96     0     0   5.000  1024    0
   54.2     HEAVY      STABLE     HEAVY     35.7     4    9.98     0     0   5.000  1024    0
   55.3  MODERATE      STABLE  MODERATE     23.4    12    6.80     0     0   5.000  1024    0
   56.1     HEAVY      STABLE     HEAVY     40.2     6   11.27     0     0   5.000  1024    0
   56.8     HEAVY      STABLE     HEAVY     37.8     7    9.94     0     0   5.000  1024    0
   57.5     HEAVY      STABLE     HEAVY     33.0     6   10.04     0     0   5.000  1024    0
   58.2     HEAVY      STABLE     HEAVY     34.3     4    9.83     0     0   5.000  1024    0
   58.9     HEAVY      STABLE     HEAVY     35.4     5   10.07     0     0   5.000  1024    0
   59.6  MODERATE      STABLE  MODERATE     11.9     0    3.89     0     0   5.000  1024    0

Done — 87 ticks, 0 adjustments (0 predictive), mode=tc-only
