[acape] bounds for target 5.0ms interval 100.0ms: target 0.2-20ms interval 20-300ms (interval/target ratio 20.0)

==============================================================================
  ACAPE v6.0.0   mode=tc-only   qdisc=fq_codel handle=10:
  metrics -> results_serial/rate50/fq_codel_acape_t5_steady_s2/acape_metrics_ctl.csv
==============================================================================
      t    regime        traj      pred     dr/s    bl    tput flows eleph  tgt_ms   lim  adj
---------------------------------------------------------------------------------------------
    0.9     HEAVY      STABLE     HEAVY     57.2    22   48.94     0     0   5.000  1024    0
    1.6     HEAVY      STABLE     HEAVY     63.6    20   49.26     0     0   5.000  1024    0
    2.3     HEAVY      STABLE     HEAVY     58.8    20   48.39     0     0   5.000  1024    0
    3.0     HEAVY      STABLE     HEAVY     60.2    20   49.50     0     0   5.000  1024    0
    3.7     HEAVY      STABLE     HEAVY     54.4    24   48.67     0     0   5.000  1024    0
    4.5     HEAVY      STABLE     HEAVY     59.3    15   48.74     0     0   5.000  1024    0
    5.2     HEAVY      STABLE     HEAVY     61.1    23   49.96     0     0   5.000  1024    0
    5.8     HEAVY      STABLE     HEAVY     56.6    26   48.23     0     0   5.000  1024    0
    6.6     HEAVY      STABLE     HEAVY     58.7    20   49.21     0     0   5.000  1024    0
    7.3     HEAVY      STABLE     HEAVY     58.6    22   49.61     0     0   4.500   921    1
    8.7     HEAVY      STABLE     HEAVY     58.3    23   47.62     0     0   4.500   921    1
    9.4     HEAVY      STABLE     HEAVY     57.8    25   48.42     0     0   4.500   921    1
   10.1     HEAVY      STABLE     HEAVY     71.7    22   50.33     0     0   4.500   921    1
   10.9     HEAVY      STABLE     HEAVY     59.8    25   47.24     0     0   4.500   921    1
   11.7     HEAVY      STABLE     HEAVY     66.1    22   49.60     0     0   4.500   921    1
   12.4     HEAVY      STABLE     HEAVY     66.3    16   49.14     0     0   4.500   921    1
   13.1     HEAVY      STABLE     HEAVY     62.1    23   48.52     0     0   4.500   921    1
   13.9     HEAVY      STABLE     HEAVY     63.0    17   48.45     0     0   4.500   921    1
   14.9     HEAVY      STABLE     HEAVY     49.4    20   36.06     0     0   4.500   921    1
   15.7     HEAVY      STABLE     HEAVY     74.4    19   57.64     0     0   4.050   828    2
   16.9     HEAVY      STABLE     HEAVY     64.5    13   49.66     0     0   4.050   828    2
   17.7     HEAVY      STABLE     HEAVY     63.3    14   49.21     0     0   4.050   828    2
   18.4     HEAVY      STABLE     HEAVY     63.4    14   47.30     0     0   4.050   828    2
   19.1     HEAVY      STABLE     HEAVY     66.8    16   50.68     0     0   4.050   828    2
   19.8     HEAVY      STABLE     HEAVY     65.2    17   49.50     0     0   4.050   828    2
   20.6     HEAVY      STABLE     HEAVY     62.1    20   47.10     0     0   4.050   828    2
   21.3     HEAVY      STABLE     HEAVY     69.0    16   51.02     0     0   4.050   828    2
   22.0     HEAVY      STABLE     HEAVY     63.9    19   48.68     0     0   4.050   828    2
   22.7     HEAVY      STABLE     HEAVY     70.1    15   49.86     0     0   4.050   828    2
   23.4     HEAVY      STABLE     HEAVY     65.3    17   49.07     0     0   3.640   745    3
   24.8     HEAVY      STABLE     HEAVY     67.1    19   49.18     0     0   3.640   745    3
   25.6     HEAVY      STABLE     HEAVY     69.0    16   49.10     0     0   3.640   745    3
   26.4     HEAVY      STABLE     HEAVY     67.0    15   47.28     0     0   3.640   745    3
   27.3     HEAVY      STABLE     HEAVY     65.1    20   49.03     0     0   3.640   745    3
   28.2     HEAVY      STABLE     HEAVY     71.1    16   51.21     0     0   3.640   745    3
   29.0     HEAVY      STABLE     HEAVY     67.2    11   48.17     0     0   3.640   745    3
   29.8     HEAVY      STABLE     HEAVY     71.1    15   48.84     0     0   3.640   745    3
   30.6     HEAVY      STABLE     HEAVY     68.8    17   49.07     0     0   3.640   745    3
   31.4     HEAVY      STABLE     HEAVY     65.4    17   48.61     0     0   3.640   745    3
   32.3     HEAVY      STABLE     HEAVY     64.8    18   47.89     0     0   3.270   670    4
   33.3     HEAVY      STABLE     HEAVY     75.6     0   50.69     0     0   3.270   670    4
   34.0     HEAVY      STABLE     HEAVY     70.0    17   48.44     0     0   3.270   670    4
   34.7     HEAVY      STABLE     HEAVY     75.4    14   50.47     0     0   3.270   670    4
   35.5     HEAVY      STABLE     HEAVY     71.1    14   49.54     0     0   3.270   670    4
   36.1     HEAVY      STABLE     HEAVY     74.9     6   49.36     0     0   3.270   670    4
   36.8     HEAVY      STABLE     HEAVY     70.5    17   48.94     0     0   3.270   670    4
   37.6     HEAVY      STABLE     HEAVY     70.7    19   49.52     0     0   3.270   670    4
   38.3     HEAVY      STABLE     HEAVY     69.9    15   48.81     0     0   3.270   670    4
   39.0     HEAVY      STABLE     HEAVY     72.7    18   50.08     0     0   3.270   670    4
   39.7     HEAVY      STABLE     HEAVY     74.0    14   49.13     0     0   2.940   603    5
   41.0     HEAVY      STABLE     HEAVY     74.3    16   49.01     0     0   2.940   603    5
   41.7     HEAVY      STABLE     HEAVY     71.0    17   49.04     0     0   2.940   603    5
   42.4     HEAVY      STABLE     HEAVY     74.5    17   49.55     0     0   2.940   603    5
   43.1     HEAVY      STABLE     HEAVY     74.2     0   48.53     0     0   2.940   603    5
   43.9     HEAVY      STABLE     HEAVY     70.9    15   48.59     0     0   2.940   603    5
   44.5     HEAVY      STABLE     HEAVY     75.3    16   49.17     0     0   2.940   603    5
   45.2     HEAVY      STABLE     HEAVY     73.4    14   49.50     0     0   2.940   603    5
   45.9     HEAVY      STABLE     HEAVY     72.6    14   49.07     0     0   2.940   603    5
   46.6     HEAVY      STABLE     HEAVY     71.1    15   49.16     0     0   2.940   603    5
   47.3     HEAVY      STABLE     HEAVY     75.7    16   49.23     0     0   2.640   542    6
   48.6     HEAVY      STABLE     HEAVY     79.0    16   48.93     0     0   2.640   542    6
   49.5     HEAVY      STABLE     HEAVY     82.7    10   48.13     0     0   2.640   542    6
   50.3     HEAVY      STABLE     HEAVY     78.1    12   49.88     0     0   2.640   542    6
   51.1     HEAVY      STABLE     HEAVY     77.3    16   46.67     0     0   2.640   542    6
   51.9     HEAVY      STABLE     HEAVY     86.3    12   52.18     0     0   2.640   542    6
   52.6     HEAVY      STABLE     HEAVY     79.0    11   46.68     0     0   2.640   542    6
   53.6     HEAVY      STABLE     HEAVY     81.3    17   48.12     0     0   2.640   542    6
   54.5     HEAVY      STABLE     HEAVY     78.5    17   48.75     0     0   2.640   542    6
   55.3     HEAVY      STABLE     HEAVY     79.4    11   48.57     0     0   2.640   542    6
   56.2     HEAVY      STABLE     HEAVY     77.6    14   46.18     0     0   2.380   487    7
   57.3     HEAVY      STABLE     HEAVY     76.9     0   43.63     0     0   2.380   487    7
   58.0    NORMAL      STABLE    NORMAL      0.0     0    0.00     0     0   2.380   487    7
   58.7    NORMAL      STABLE    NORMAL      0.0     0    0.00     0     0   2.380   487    7
   59.4    NORMAL      STABLE    NORMAL      0.0     0    0.00     0     0   2.380   487    7

Done — 75 ticks, 7 adjustments (0 predictive), mode=tc-only
