
==============================================================================
  ACAPE v6.0.0   mode=tc-only   qdisc=fq_codel handle=10:
  metrics -> results_law/rtt3/fq_codel_acape_steady_s1/acape_metrics_ctl.csv
==============================================================================
      t    regime        traj      pred     dr/s    bl    tput flows eleph  tgt_ms   lim  adj
---------------------------------------------------------------------------------------------
    0.9     HEAVY      STABLE     HEAVY     69.5    12   10.52     0     0   5.000  1024    0
    1.6     HEAVY      STABLE     HEAVY     65.2    15    9.86     0     0   5.000  1024    0
    2.3     HEAVY      STABLE     HEAVY     67.0    14   10.12     0     0   5.000  1024    0
    3.0     HEAVY      STABLE     HEAVY     68.1    14    9.79     0     0   5.000  1024    0
    3.7     HEAVY      STABLE     HEAVY     62.1     0   10.22     0     0   5.000  1024    0
    4.5     HEAVY      STABLE     HEAVY     68.4     9    9.68     0     0   5.000  1024    0
    5.1     HEAVY      STABLE     HEAVY     66.1    14   10.37     0     0   5.000  1024    0
    5.8     HEAVY      STABLE     HEAVY     69.5    10    9.74     0     0   5.000  1024    0
    6.5     HEAVY      STABLE     HEAVY     70.2    11    9.99     0     0   5.000  1024    0
    7.2     HEAVY      STABLE     HEAVY     64.4    15   10.28     0     0   4.500   921    1
    8.2     HEAVY      STABLE     HEAVY     80.4    13    9.97     0     0   4.500   921    1
    8.9     HEAVY      STABLE     HEAVY     80.7    10   10.05     0     0   4.500   921    1
    9.7     HEAVY      STABLE     HEAVY     74.0    13    9.91     0     0   4.500   921    1
   10.5     HEAVY      STABLE     HEAVY     73.8    17   10.04     0     0   4.500   921    1
   11.2     HEAVY      STABLE     HEAVY     77.5    15    9.93     0     0   4.500   921    1
   11.9     HEAVY      STABLE     HEAVY     74.7    13    9.91     0     0   4.500   921    1
   12.7     HEAVY      STABLE     HEAVY     77.0    12    9.95     0     0   4.500   921    1
   13.4     HEAVY      STABLE     HEAVY     72.2    15   10.12     0     0   4.500   921    1
   14.1     HEAVY      STABLE     HEAVY     76.4    10   10.09     0     0   4.500   921    1
   14.9     HEAVY      STABLE     HEAVY     71.6    12    9.95     0     0   4.050   828    2
   16.0     HEAVY      STABLE     HEAVY     81.1    12   10.01     0     0   4.050   828    2
   16.8     HEAVY      STABLE     HEAVY     97.3    11   10.02     0     0   4.050   828    2
   17.8     HEAVY      STABLE     HEAVY     68.5    10    7.13     0     0   4.050   828    2
   18.5     HEAVY      STABLE     HEAVY     84.6    13   10.39     0     0   4.050   828    2
   19.2     HEAVY      STABLE     HEAVY     82.0    15    9.98     0     0   4.050   828    2
   19.9     HEAVY      STABLE     HEAVY     85.6    12    9.95     0     0   4.050   828    2
   20.6     HEAVY      STABLE     HEAVY     91.3     9    9.88     0     0   4.050   828    2
   21.2     HEAVY      STABLE     HEAVY     84.9    13   10.17     0     0   4.050   828    2
   21.9     HEAVY      STABLE     HEAVY     91.6    15    9.87     0     0   4.050   828    2
   22.6     HEAVY      STABLE     HEAVY     84.2    18   10.09     0     0   3.640   745    3
   23.8     HEAVY      STABLE     HEAVY     95.9    14    9.95     0     0   3.640   745    3
   24.5     HEAVY      STABLE     HEAVY     98.3    17    9.81     0     0   3.640   745    3
   25.2     HEAVY      STABLE     HEAVY    103.4    14    9.93     0     0   3.640   745    3
   25.9     HEAVY      STABLE     HEAVY    100.9    12   10.14     0     0   3.640   745    3
   26.5     HEAVY      STABLE     HEAVY    113.9    18   10.05     0     0   3.640   745    3
   27.2     HEAVY      STABLE     HEAVY    117.4     8    9.99     0     0   3.640   745    3
   27.9     HEAVY      STABLE     HEAVY    109.6    12    9.68     0     0   3.640   745    3
   28.6     HEAVY      STABLE     HEAVY    104.3    10   10.30     0     0   3.640   745    3
   29.4     HEAVY      STABLE     HEAVY    114.1    11    9.93     0     0   3.640   745    3
   30.1     HEAVY      STABLE     HEAVY     94.0     8    9.77     0     0   3.270   670    4
   31.4     HEAVY      STABLE     HEAVY    111.6     9   10.10     0     0   3.270   670    4
   32.1     HEAVY      STABLE     HEAVY    137.8    13    9.98     0     0   3.270   670    4
   32.8     HEAVY      STABLE     HEAVY    129.7    11    9.93     0     0   3.270   670    4
   33.5     HEAVY      STABLE     HEAVY    125.3    16   10.20     0     0   3.270   670    4
   34.2     HEAVY      STABLE     HEAVY    130.5    10   10.02     0     0   3.270   670    4
   34.8     HEAVY      STABLE     HEAVY    106.6    15    9.96     0     0   3.270   670    4
   35.6     HEAVY      STABLE     HEAVY    103.8    12    9.89     0     0   3.270   670    4
   36.3     HEAVY      STABLE     HEAVY    127.4    14   10.15     0     0   3.270   670    4
   36.9     HEAVY      STABLE     HEAVY    109.1    16    9.92     0     0   3.270   670    4
   37.6     HEAVY      STABLE     HEAVY    137.6     9   10.00     0     0   2.940   603    5
   38.7     HEAVY      STABLE     HEAVY    124.7    12    9.99     0     0   2.940   603    5
   39.4     HEAVY      STABLE     HEAVY    130.0    10    9.96     0     0   2.940   603    5
   40.2     HEAVY      STABLE     HEAVY    114.9    11    9.96     0     0   2.940   603    5
   40.9     HEAVY      STABLE     HEAVY    127.3    12   10.00     0     0   2.940   603    5
   41.7     HEAVY      STABLE     HEAVY    119.7    14    9.85     0     0   2.940   603    5
   42.4     HEAVY      STABLE     HEAVY    131.2    11   10.25     0     0   2.940   603    5
   43.0     HEAVY      STABLE     HEAVY    134.4    11   10.02     0     0   2.940   603    5
   43.7     HEAVY      STABLE     HEAVY    130.7     7    9.88     0     0   2.940   603    5
   44.4     HEAVY      STABLE     HEAVY    135.1    12   10.08     0     0   2.940   603    5
   45.1     HEAVY      STABLE     HEAVY    140.4     8   10.04     0     0   2.640   542    6
   46.1     HEAVY      STABLE     HEAVY    148.1    14    9.98     0     0   2.640   542    6
   46.9     HEAVY      STABLE     HEAVY    136.2    11    9.71     0     0   2.640   542    6
   47.7     HEAVY      STABLE     HEAVY    144.5    10    8.99     0     0   2.640   542    6
   48.5     HEAVY      STABLE     HEAVY    137.4    10   10.10     0     0   2.640   542    6
   49.3     HEAVY      STABLE     HEAVY    140.4     9    9.90     0     0   2.640   542    6
   50.0     HEAVY      STABLE     HEAVY    140.8    13   10.30     0     0   2.640   542    6
   50.8     HEAVY      STABLE     HEAVY    123.6    15    9.90     0     0   2.640   542    6
   51.5     HEAVY      STABLE     HEAVY    128.1    13   10.06     0     0   2.640   542    6
   52.2     HEAVY      STABLE     HEAVY    147.2    11    9.94     0     0   2.640   542    6
   52.9     HEAVY      STABLE     HEAVY    139.4    14   10.08     0     0   2.380   487    7
   53.8     HEAVY      STABLE     HEAVY    151.8    13   10.05     0     0   2.380   487    7
   54.5     HEAVY      STABLE     HEAVY    132.2    11    9.96     0     0   2.380   487    7
   55.1     HEAVY      STABLE     HEAVY    142.4    10    9.79     0     0   2.380   487    7
   55.9     HEAVY      STABLE     HEAVY    142.4    10   10.09     0     0   2.380   487    7
   56.6     HEAVY      STABLE     HEAVY    145.8     6   10.09     0     0   2.380   487    7
   57.3     HEAVY      STABLE     HEAVY    148.4     7    9.83     0     0   2.380   487    7
   57.9     HEAVY      STABLE     HEAVY    141.5    11   10.11     0     0   2.380   487    7
   58.6     HEAVY      STABLE     HEAVY    154.6     8   10.03     0     0   2.380   487    7
   59.2     HEAVY      STABLE     HEAVY     73.4     0    4.95     0     0   2.380   487    7
   59.9    NORMAL      STABLE    NORMAL      0.0     0    0.00     0     0   2.380   487    7

Done — 81 ticks, 7 adjustments (0 predictive), mode=tc-only
