
==============================================================================
  ACAPE v6.0.0   mode=tc-only   qdisc=fq_codel handle=10:
  metrics -> results/fq_codel_acape_steady_s3/acape_metrics_ctl.csv
==============================================================================
      t    regime        traj      pred     dr/s    bl    tput flows eleph  tgt_ms   lim  adj
---------------------------------------------------------------------------------------------
    0.8     HEAVY      STABLE     HEAVY     49.8     7   10.22     0     0   5.000  1024    0
    1.5     HEAVY      STABLE     HEAVY     33.3     9    9.92     0     0   5.000  1024    0
    2.2     HEAVY      STABLE     HEAVY     35.0     7   10.01     0     0   5.000  1024    0
    3.0     HEAVY      STABLE     HEAVY     33.1     9    9.94     0     0   5.000  1024    0
    3.7  MODERATE      STABLE  MODERATE     29.7     5    8.24     0     0   5.000  1024    0
    4.4     HEAVY      STABLE     HEAVY     36.8     6   10.18     0     0   5.000  1024    0
    5.1     HEAVY      STABLE     HEAVY     35.3     5    9.91     0     0   5.000  1024    0
    5.7     HEAVY      STABLE     HEAVY     31.8     8   10.09     0     0   5.000  1024    0
    6.5     HEAVY      STABLE     HEAVY     34.6     7    9.83     0     0   5.000  1024    0
    7.2     HEAVY      STABLE     HEAVY     34.9     8    9.96     0     0   5.000  1024    0
    7.9     HEAVY      STABLE     HEAVY     31.8     5   10.19     0     0   5.000  1024    0
    8.6     HEAVY      STABLE     HEAVY     31.8     9    9.95     0     0   5.000  1024    0
    9.3     HEAVY      STABLE     HEAVY     37.8     7    9.89     0     0   5.000  1024    0
   10.0     HEAVY      STABLE     HEAVY     35.3     7   10.18     0     0   5.000  1024    0
   10.7     HEAVY      STABLE     HEAVY     35.0     5    9.93     0     0   5.000  1024    0
   11.4     HEAVY      STABLE     HEAVY     36.2     7    9.95     0     0   5.000  1024    0
   12.2     HEAVY      STABLE     HEAVY     34.1     8    9.99     0     0   5.000  1024    0
   12.8     HEAVY      STABLE     HEAVY     33.7     8   10.10     0     0   5.000  1024    0
   13.6     HEAVY      STABLE     HEAVY     34.1     4    9.93     0     0   5.000  1024    0
   14.2     HEAVY      STABLE     HEAVY     34.0    11   10.09     0     0   4.500   921    1
   15.3     HEAVY      STABLE     HEAVY     37.3     7    9.99     0     0   4.500   921    1
   15.9     HEAVY      STABLE     HEAVY     34.5     6   10.01     0     0   4.500   921    1
   16.6     HEAVY      STABLE     HEAVY     38.4     7    9.95     0     0   4.500   921    1
   17.3     HEAVY      STABLE     HEAVY     36.7     4   10.02     0     0   4.500   921    1
   17.9     HEAVY      STABLE     HEAVY     35.3     4   10.04     0     0   4.500   921    1
   18.6     HEAVY      STABLE     HEAVY     35.1     7    9.88     0     0   4.500   921    1
   19.3     HEAVY      STABLE     HEAVY     37.3     5   10.11     0     0   4.500   921    1
   19.9     HEAVY      STABLE     HEAVY     34.7     7   10.02     0     0   4.500   921    1
   20.6     HEAVY      STABLE     HEAVY     36.8     8   10.02     0     0   4.500   921    1
   21.3     HEAVY      STABLE     HEAVY     33.6     7    9.82     0     0   4.050   828    2
   22.3     HEAVY      STABLE     HEAVY     37.4     2   10.05     0     0   4.050   828    2
   23.0     HEAVY      STABLE     HEAVY     35.5     7   10.06     0     0   4.050   828    2
   23.7     HEAVY      STABLE     HEAVY     32.6    11    9.89     0     0   4.050   828    2
   24.4     HEAVY      STABLE     HEAVY     40.4     5   10.02     0     0   4.050   828    2
   25.1     HEAVY      STABLE     HEAVY     35.5     4   10.09     0     0   4.050   828    2
   25.7     HEAVY      STABLE     HEAVY     34.5     9   10.07     0     0   4.050   828    2
   26.4     HEAVY      STABLE     HEAVY     36.8     7    9.98     0     0   4.050   828    2
   27.1     HEAVY      STABLE     HEAVY     35.5     6    9.98     0     0   4.050   828    2
   27.8     HEAVY      STABLE     HEAVY     40.9     5    9.90     0     0   4.050   828    2
   28.5     HEAVY      STABLE     HEAVY     35.9     5   10.07     0     0   3.640   745    3
   29.4     HEAVY      STABLE     HEAVY     32.7     8    9.87     0     0   3.640   745    3
   30.1     HEAVY      STABLE     HEAVY     35.5    11   10.04     0     0   3.640   745    3
   30.8     HEAVY      STABLE     HEAVY     38.1     4   10.01     0     0   3.640   745    3
   31.5     HEAVY      STABLE     HEAVY     39.4     7    9.93     0     0   3.640   745    3
   32.1     HEAVY      STABLE     HEAVY     39.7     4   10.02     0     0   3.640   745    3
   32.8     HEAVY      STABLE     HEAVY     37.0     6   10.01     0     0   3.640   745    3
   33.5     HEAVY      STABLE     HEAVY     37.3     8    9.81     0     0   3.640   745    3
   34.2     HEAVY      STABLE     HEAVY     34.1     7   10.19     0     0   3.640   745    3
   34.9     HEAVY      STABLE     HEAVY     35.7     6    9.99     0     0   3.640   745    3
   35.5     HEAVY      STABLE     HEAVY     35.5     8   10.01     0     0   3.270   670    4
   36.6     HEAVY      STABLE     HEAVY     40.2     8    9.94     0     0   3.270   670    4
   37.2     HEAVY      STABLE     HEAVY     40.8     7   10.07     0     0   3.270   670    4
   37.9     HEAVY      STABLE     HEAVY     41.5     5    9.99     0     0   3.270   670    4
   38.6     HEAVY      STABLE     HEAVY     40.2     3    9.95     0     0   3.270   670    4
   39.3     HEAVY      STABLE     HEAVY     35.5     7   10.01     0     0   3.270   670    4
   40.0     HEAVY      STABLE     HEAVY     41.2     5    9.99     0     0   3.270   670    4
   40.7     HEAVY      STABLE     HEAVY     36.1     6   10.04     0     0   3.270   670    4
   41.3     HEAVY      STABLE     HEAVY     39.2     4   10.00     0     0   3.270   670    4
   42.0     HEAVY      STABLE     HEAVY     36.5     9    9.98     0     0   3.270   670    4
   42.6     HEAVY      STABLE     HEAVY     41.9     3   10.02     0     0   2.940   603    5
   43.7     HEAVY      STABLE     HEAVY     36.7     5    9.82     0     0   2.940   603    5
   44.4     HEAVY      STABLE     HEAVY     38.8     6   10.22     0     0   2.940   603    5
   45.0     HEAVY      STABLE     HEAVY     42.4     1    9.84     0     0   2.940   603    5
   45.7     HEAVY      STABLE     HEAVY     36.6     7   10.03     0     0   2.940   603    5
   46.4     HEAVY      STABLE     HEAVY     41.0     6   10.01     0     0   2.940   603    5
   47.0     HEAVY      STABLE     HEAVY     37.8     8   10.08     0     0   2.940   603    5
   47.7     HEAVY      STABLE     HEAVY     40.7     6    9.94     0     0   2.940   603    5
   48.4     HEAVY      STABLE     HEAVY     39.6     7    9.96     0     0   2.940   603    5
   49.0     HEAVY      STABLE     HEAVY     38.7     9   10.02     0     0   2.940   603    5
   49.7     HEAVY      STABLE     HEAVY     39.7     6    9.94     0     0   2.640   542    6
   51.3     HEAVY      STABLE     HEAVY     35.3     4    8.54     0     0   2.640   542    6
   52.0     HEAVY      STABLE     HEAVY     40.9     6   10.16     0     0   2.640   542    6
   52.8     HEAVY      STABLE     HEAVY     43.7     4    9.96     0     0   2.640   542    6
   53.4     HEAVY      STABLE     HEAVY     43.7     3    9.89     0     0   2.640   542    6
   54.1     HEAVY      STABLE     HEAVY     35.8     5    9.95     0     0   2.640   542    6
   54.8     HEAVY      STABLE     HEAVY     41.6     6   10.09     0     0   2.640   542    6
   55.4     HEAVY      STABLE     HEAVY     39.7     5    9.96     0     0   2.640   542    6
   56.1     HEAVY      STABLE     HEAVY     42.9     3   10.00     0     0   2.640   542    6
   56.8     HEAVY      STABLE     HEAVY     37.5     7    9.98     0     0   2.640   542    6
   57.5     HEAVY      STABLE     HEAVY     41.2     7    9.93     0     0   2.380   487    7
   58.4     HEAVY      STABLE     HEAVY     42.4     4   10.02     0     0   2.380   487    7
   59.1     HEAVY      STABLE     HEAVY     39.5     8    9.99     0     0   2.380   487    7
   59.7  MODERATE      STABLE  MODERATE     14.2     0    2.81     0     0   2.380   487    7

Done — 84 ticks, 7 adjustments (0 predictive), mode=tc-only
