[acape] bounds for target 15.0ms interval 15.0ms: target 0.6-60ms interval 3-45ms (interval/target ratio 1.0)

==============================================================================
  ACAPE v6.0.0   mode=tc-only   qdisc=pie handle=10:
  metrics -> results_cross/pie_rtt20/pie_acape_steady_s3/acape_metrics_ctl.csv
==============================================================================
      t    regime        traj      pred     dr/s    bl    tput flows eleph  tgt_ms   lim  adj
---------------------------------------------------------------------------------------------
    2.1     HEAVY      STABLE     HEAVY     59.5     1    9.79     0     0  15.000  1000    0
    3.9     HEAVY      STABLE     HEAVY     45.1     7    9.88     0     0  15.000  1000    0
    5.6     HEAVY      STABLE     HEAVY     38.8    10   10.10     0     0  15.000  1000    0
    7.9     HEAVY      STABLE     HEAVY     25.6    17    8.20     0     0  15.000  1000    0
    9.8     HEAVY      STABLE     HEAVY     31.9     4   10.32     0     0  15.000  1000    0
   11.6     HEAVY      STABLE     HEAVY     44.2     2    9.66     0     0  15.000  1000    0
   13.3     HEAVY      STABLE     HEAVY     35.7     8   10.08     0     0  15.000  1000    0
   15.0     HEAVY      STABLE     HEAVY     34.2     9    9.90     0     0  15.000  1000    0
   16.7     HEAVY      STABLE     HEAVY     33.9    10    9.99     0     0  15.000  1000    0
   18.5     HEAVY      STABLE     HEAVY     34.9    10    9.99     0     0  13.500   900    1
   20.7     HEAVY      STABLE     HEAVY     37.4    10    9.91     0     0  13.500   900    1
   22.4     HEAVY      STABLE     HEAVY     35.3    11   10.07     0     0  13.500   900    1
   24.2     HEAVY      STABLE     HEAVY     38.9     6    9.89     0     0  13.500   900    1
   25.9     HEAVY      STABLE     HEAVY     42.6     8   10.10     0     0  13.500   900    1
   27.5     HEAVY      STABLE     HEAVY     38.7     6   10.04     0     0  13.500   900    1
   29.2     HEAVY      STABLE     HEAVY     38.3    13    9.85     0     0  13.500   900    1
   31.0     HEAVY      STABLE     HEAVY     37.3     8   10.01     0     0  13.500   900    1
   32.7     HEAVY      STABLE     HEAVY     38.4     7    9.90     0     0  13.500   900    1
   34.4     HEAVY      STABLE     HEAVY     40.3     5    9.96     0     0  13.500   900    1
   36.2     HEAVY      STABLE     HEAVY     40.2     7    9.98     0     0  12.100   810    2
   38.3     HEAVY      STABLE     HEAVY     42.3     7    9.98     0     0  12.100   810    2
   40.0     HEAVY      STABLE     HEAVY     37.8     6    9.90     0     0  12.100   810    2
   41.7     HEAVY      STABLE     HEAVY     39.5    11    9.94     0     0  12.100   810    2
   43.4     HEAVY      STABLE     HEAVY     46.1     6   10.04     0     0  12.100   810    2
   45.1     HEAVY      STABLE     HEAVY     36.4     5    9.99     0     0  12.100   810    2
   46.9     HEAVY      STABLE     HEAVY     40.9    11    9.90     0     0  12.100   810    2
   48.7     HEAVY      STABLE     HEAVY     41.4     7    9.88     0     0  12.100   810    2
   50.4     HEAVY      STABLE     HEAVY     43.7    12   10.26     0     0  12.100   810    2
   52.2     HEAVY      STABLE     HEAVY     39.7     4    9.76     0     0  12.100   810    2
   53.9     HEAVY      STABLE     HEAVY     37.7     9   10.04     0     0  10.900   729    3
   56.1     HEAVY      STABLE     HEAVY     42.6     7    9.92     0     0  10.900   729    3
   57.8     HEAVY      STABLE     HEAVY     41.9     8   10.04     0     0  10.900   729    3
   59.6     HEAVY      STABLE     HEAVY     40.7     6    9.94     0     0  10.900   729    3
   61.3     HEAVY      STABLE     HEAVY     42.7     3    9.98     0     0  10.900   729    3
   63.1     HEAVY      STABLE     HEAVY     38.8     3    9.83     0     0  10.900   729    3
   65.0     HEAVY      STABLE     HEAVY     40.5     6    9.75     0     0  10.900   729    3
   66.8     HEAVY      STABLE     HEAVY     41.6     7   10.02     0     0  10.900   729    3
   68.6     HEAVY      STABLE     HEAVY     40.1     6    9.91     0     0  10.900   729    3
   70.4     HEAVY      STABLE     HEAVY     42.8     3    9.98     0     0  10.900   729    3
   72.1     HEAVY      STABLE     HEAVY     41.7     4   10.04     0     0   9.810   656    4
   74.2     HEAVY      STABLE     HEAVY     42.1     7    9.94     0     0   9.810   656    4
   76.0     HEAVY      STABLE     HEAVY     43.0     3    9.92     0     0   9.810   656    4
   77.8     HEAVY      STABLE     HEAVY     42.6     8    9.93     0     0   9.810   656    4
   79.6     HEAVY      STABLE     HEAVY     44.3     3    9.92     0     0   9.810   656    4
   81.3     HEAVY      STABLE     HEAVY     42.1     4    9.75     0     0   9.810   656    4
   83.1     HEAVY      STABLE     HEAVY     44.0     9   10.04     0     0   9.810   656    4
   84.8     HEAVY      STABLE     HEAVY     44.2     7    9.29     0     0   9.810   656    4
   86.5     HEAVY      STABLE     HEAVY     47.3     9    9.94     0     0   9.810   656    4
   88.3     HEAVY      STABLE     HEAVY     44.5     4    9.77     0     0   9.810   656    4
   90.0     HEAVY      STABLE     HEAVY     42.8     5    9.89     0     0   8.830   590    5
   92.3     HEAVY      STABLE     HEAVY     43.5     3    9.88     0     0   8.830   590    5
   94.2     HEAVY      STABLE     HEAVY     43.4     5   10.00     0     0   8.830   590    5
   96.0     HEAVY      STABLE     HEAVY     45.7     4    9.87     0     0   8.830   590    5
   97.8     HEAVY      STABLE     HEAVY     42.0     4   10.01     0     0   8.830   590    5
   99.5     HEAVY      STABLE     HEAVY     50.4     4    9.95     0     0   8.830   590    5
  101.6     HEAVY      STABLE     HEAVY     44.9     3    9.76     0     0   8.830   590    5
  103.3     HEAVY      STABLE     HEAVY     42.6     7    9.96     0     0   8.830   590    5
  105.3     HEAVY      STABLE     HEAVY     40.3     5    9.63     0     0   8.830   590    5
  107.1     HEAVY      STABLE     HEAVY     43.4     7   10.12     0     0   8.830   590    5
  108.9     HEAVY      STABLE     HEAVY     41.3     4   10.02     0     0   7.950   531    6
  111.4     HEAVY      STABLE     HEAVY     43.4     4    9.89     0     0   7.950   531    6
  113.1     HEAVY      STABLE     HEAVY     44.6     6    9.84     0     0   7.950   531    6
  115.0     HEAVY      STABLE     HEAVY     42.1     9    9.78     0     0   7.950   531    6
  117.1     HEAVY      STABLE     HEAVY     41.5     5    9.37     0     0   7.950   531    6
  119.2     HEAVY      STABLE     HEAVY     45.2     9    9.59     0     0   7.950   531    6
  121.1     HEAVY      STABLE     HEAVY     44.3     5    9.30     0     0   7.950   531    6
  122.9     HEAVY      STABLE     HEAVY     44.4     6    9.83     0     0   7.950   531    6
  124.7     HEAVY      STABLE     HEAVY     49.1     5   10.02     0     0   7.950   531    6
  126.5     HEAVY      STABLE     HEAVY     49.0     1   10.03     0     0   7.950   531    6
  128.2     HEAVY      STABLE     HEAVY     46.0     8    9.95     0     0   7.150   477    7
  130.5     HEAVY      STABLE     HEAVY     44.6     7    9.89     0     0   7.150   477    7
  132.3     HEAVY      STABLE     HEAVY     50.1     5   10.10     0     0   7.150   477    7
  134.1     HEAVY      STABLE     HEAVY     48.7     3    9.94     0     0   7.150   477    7
  135.9     HEAVY      STABLE     HEAVY     26.9     8    8.31     0     0   7.150   477    7
  137.6     HEAVY      STABLE     HEAVY     53.3     6   10.00     0     0   7.150   477    7
  139.4     HEAVY      STABLE     HEAVY     52.5     5    9.96     0     0   7.150   477    7
  141.2     HEAVY      STABLE     HEAVY     46.0     6    9.81     0     0   7.150   477    7
  143.0     HEAVY      STABLE     HEAVY     49.6     5   10.02     0     0   7.150   477    7
  144.8     HEAVY      STABLE     HEAVY     46.0    10    9.82     0     0   7.150   477    7
  146.5     HEAVY      STABLE     HEAVY     45.0     2   10.08     0     0   6.430   429    8
  148.9     HEAVY      STABLE     HEAVY     44.8     9    9.87     0     0   6.430   429    8
  150.8     HEAVY      STABLE     HEAVY     45.3     4    9.76     0     0   6.430   429    8
  152.5     HEAVY      STABLE     HEAVY     48.4     5   10.09     0     0   6.430   429    8
  154.3     HEAVY      STABLE     HEAVY     49.0     6    9.96     0     0   6.430   429    8
  156.1     HEAVY      STABLE     HEAVY     51.7     7    9.98     0     0   6.430   429    8
  157.9     HEAVY      STABLE     HEAVY     46.2     8    9.65     0     0   6.430   429    8
  159.7     HEAVY      STABLE     HEAVY     48.5     5    9.97     0     0   6.430   429    8
  161.5     HEAVY      STABLE     HEAVY     46.1     5    9.93     0     0   6.430   429    8
  163.4     HEAVY      STABLE     HEAVY     44.9     4    9.73     0     0   6.430   429    8
  165.1     HEAVY      STABLE     HEAVY     46.1     5   10.05     0     0   5.790   386    9
  167.4     HEAVY      STABLE     HEAVY     45.1     2    9.94     0     0   5.790   386    9
  169.1     HEAVY      STABLE     HEAVY     46.4     5    9.94     0     0   5.790   386    9
  170.9     HEAVY      STABLE     HEAVY     45.5     6    9.98     0     0   5.790   386    9
  172.7     HEAVY      STABLE     HEAVY     49.0     6    9.95     0     0   5.790   386    9
  174.5     HEAVY      STABLE     HEAVY     55.7     7    9.91     0     0   5.790   386    9
  176.3     HEAVY      STABLE     HEAVY     49.5     4    9.93     0     0   5.790   386    9
  178.1     HEAVY      STABLE     HEAVY     48.9     6    9.85     0     0   5.790   386    9
  179.8     HEAVY      STABLE     HEAVY     16.6     0    3.64     0     0   5.790   386    9

Done — 99 ticks, 9 adjustments (0 predictive), mode=tc-only
