[acape] bounds for target 5.0ms: target 0.2-20ms interval 20-300ms

==============================================================================
  ACAPE v6.0.0   mode=tc-only   qdisc=codel handle=10:
  metrics -> results_cross/codel_rtt5/codel_acape_steady_s3/acape_metrics_ctl.csv
==============================================================================
      t    regime        traj      pred     dr/s    bl    tput flows eleph  tgt_ms   lim  adj
---------------------------------------------------------------------------------------------
    0.9     HEAVY      STABLE     HEAVY     74.0    19    9.99     0     0   5.000  1024    0
    1.5     HEAVY      STABLE     HEAVY     91.7    13   10.08     0     0   5.000  1024    0
    2.2     HEAVY      STABLE     HEAVY     77.5    11    9.88     0     0   5.000  1024    0
    3.3     HEAVY      STABLE     HEAVY     51.2    18    6.64     0     0   5.000  1024    0
    4.0     HEAVY      STABLE     HEAVY     82.1    13   11.53     0     0   5.000  1024    0
    4.7     HEAVY      STABLE     HEAVY     77.7    16    9.92     0     0   5.000  1024    0
    5.4     HEAVY      STABLE     HEAVY     63.5    15   10.00     0     0   5.000  1024    0
    6.0     HEAVY      STABLE     HEAVY     74.0    12    9.97     0     0   5.000  1024    0
    6.7     HEAVY      STABLE     HEAVY     72.2     8   10.01     0     0   5.000  1024    0
    7.3     HEAVY      STABLE     HEAVY     48.0    14    9.99     0     0   4.500   921    1
    8.3     HEAVY      STABLE     HEAVY     90.7     9   10.01     0     0   4.500   921    1
    9.0     HEAVY      STABLE     HEAVY     71.4    13    9.97     0     0   4.500   921    1
    9.7     HEAVY      STABLE     HEAVY     95.0    13   10.02     0     0   4.500   921    1
   10.4     HEAVY      STABLE     HEAVY     70.5    20    9.79     0     0   4.500   921    1
   11.0     HEAVY      STABLE     HEAVY     63.1    11   10.23     0     0   4.500   921    1
   11.7     HEAVY      STABLE     HEAVY     85.0    14   10.02     0     0   4.500   921    1
   12.4     HEAVY      STABLE     HEAVY     84.4    13    9.98     0     0   4.500   921    1
   13.1     HEAVY      STABLE     HEAVY    108.2     6    9.97     0     0   4.500   921    1
   13.8     HEAVY      STABLE     HEAVY     76.9    13   10.00     0     0   4.500   921    1
   14.5     HEAVY      STABLE     HEAVY     66.8     8    9.87     0     0   4.050   828    2
   15.5     HEAVY      STABLE     HEAVY     64.1    10   10.07     0     0   4.050   828    2
   16.2     HEAVY      STABLE     HEAVY     89.0     6    9.91     0     0   4.050   828    2
   16.9     HEAVY      STABLE     HEAVY     71.3     4    9.80     0     0   4.050   828    2
   17.6     HEAVY      STABLE     HEAVY     63.5    15    9.90     0     0   4.050   828    2
   18.3     HEAVY      STABLE     HEAVY     87.5     8   10.05     0     0   4.050   828    2
   19.0     HEAVY      STABLE     HEAVY     73.2    11    9.88     0     0   4.050   828    2
   19.6     HEAVY      STABLE     HEAVY     73.6    14   10.11     0     0   4.050   828    2
   20.3     HEAVY      STABLE     HEAVY     72.5    10    9.80     0     0   4.050   828    2
   21.0     HEAVY      STABLE     HEAVY     73.6    14   10.11     0     0   4.050   828    2
   21.7     HEAVY      STABLE     HEAVY     73.6    10    9.97     0     0   3.640   745    3
   22.7     HEAVY      STABLE     HEAVY     94.9     8    9.99     0     0   3.640   745    3
   23.4     HEAVY      STABLE     HEAVY     93.9    12   10.20     0     0   3.640   745    3
   24.1     HEAVY      STABLE     HEAVY     89.2     9    9.86     0     0   3.640   745    3
   24.7     HEAVY      STABLE     HEAVY     78.5    11    9.99     0     0   3.640   745    3
   25.4     HEAVY      STABLE     HEAVY     98.2    11   10.01     0     0   3.640   745    3
   26.1     HEAVY      STABLE     HEAVY    100.4     6   10.03     0     0   3.640   745    3
   26.7     HEAVY      STABLE     HEAVY     68.7     9    9.99     0     0   3.640   745    3
   27.4     HEAVY      STABLE     HEAVY     72.1     9   10.01     0     0   3.640   745    3
   28.1     HEAVY      STABLE     HEAVY     90.1     8    9.89     0     0   3.640   745    3
   28.8     HEAVY      STABLE     HEAVY     67.3     5   10.09     0     0   3.270   670    4
   29.8     HEAVY      STABLE     HEAVY     82.4    12   10.04     0     0   3.270   670    4
   30.4     HEAVY      STABLE     HEAVY    104.1    11    9.95     0     0   3.270   670    4
   31.1     HEAVY      STABLE     HEAVY     95.2    11   10.00     0     0   3.270   670    4
   31.8     HEAVY      STABLE     HEAVY    105.2     9    9.94     0     0   3.270   670    4
   32.5     HEAVY      STABLE     HEAVY     82.3    10    9.99     0     0   3.270   670    4
   33.2     HEAVY      STABLE     HEAVY     70.1    14    9.97     0     0   3.270   670    4
   33.9     HEAVY      STABLE     HEAVY    109.3     6    9.98     0     0   3.270   670    4
   34.6     HEAVY      STABLE     HEAVY     84.1    16    9.91     0     0   3.270   670    4
   35.3     HEAVY      STABLE     HEAVY     98.4     6   10.06     0     0   3.270   670    4
   35.9     HEAVY      STABLE     HEAVY     81.6     8    9.99     0     0   2.940   603    5
   37.0     HEAVY      STABLE     HEAVY     81.6    10   10.00     0     0   2.940   603    5
   37.7     HEAVY      STABLE     HEAVY     95.5     9    9.89     0     0   2.940   603    5
   38.4     HEAVY      STABLE     HEAVY     89.8     9   10.13     0     0   2.940   603    5
   39.1     HEAVY      STABLE     HEAVY     92.2     8    9.96     0     0   2.940   603    5
   39.8     HEAVY      STABLE     HEAVY    104.1    10    9.77     0     0   2.940   603    5
   40.5     HEAVY      STABLE     HEAVY    112.3     9   10.21     0     0   2.940   603    5
   41.2     HEAVY      STABLE     HEAVY     89.3    11    9.91     0     0   2.940   603    5
   41.8     HEAVY      STABLE     HEAVY    102.9     6   10.15     0     0   2.940   603    5
   42.5     HEAVY      STABLE     HEAVY     87.7    12   10.00     0     0   2.940   603    5
   43.2     HEAVY      STABLE     HEAVY     91.4    10    9.91     0     0   2.640   542    6
   44.2     HEAVY      STABLE     HEAVY    102.7     5   10.07     0     0   2.640   542    6
   44.9     HEAVY      STABLE     HEAVY     79.5     8   10.00     0     0   2.640   542    6
   45.6     HEAVY      STABLE     HEAVY     83.7    17    9.93     0     0   2.640   542    6
   46.3     HEAVY      STABLE     HEAVY     89.9    11   10.08     0     0   2.640   542    6
   47.1     HEAVY      STABLE     HEAVY     97.1    10    9.92     0     0   2.640   542    6
   47.7     HEAVY      STABLE     HEAVY    105.2     9   10.04     0     0   2.640   542    6
   48.4     HEAVY      STABLE     HEAVY     96.6    12    9.89     0     0   2.640   542    6
   49.0     HEAVY      STABLE     HEAVY     86.9    12   10.12     0     0   2.640   542    6
   49.7     HEAVY      STABLE     HEAVY     97.3     9    9.89     0     0   2.640   542    6
   50.4     HEAVY      STABLE     HEAVY    107.5    12   10.05     0     0   2.380   487    7
   51.4     HEAVY      STABLE     HEAVY    107.8     4   10.02     0     0   2.380   487    7
   52.1     HEAVY      STABLE     HEAVY    108.9     9    9.95     0     0   2.380   487    7
   52.8     HEAVY      STABLE     HEAVY     94.9     5   10.04     0     0   2.380   487    7
   53.5     HEAVY      STABLE     HEAVY     93.6    14    9.93     0     0   2.380   487    7
   54.2     HEAVY      STABLE     HEAVY     93.1     5   10.10     0     0   2.380   487    7
   54.9     HEAVY      STABLE     HEAVY    111.2    13    9.83     0     0   2.380   487    7
   55.6     HEAVY      STABLE     HEAVY    126.0     8   10.08     0     0   2.380   487    7
   56.3     HEAVY      STABLE     HEAVY     99.1    10    9.94     0     0   2.380   487    7
   57.1     HEAVY      STABLE     HEAVY    101.4     9    9.89     0     0   2.380   487    7
   57.8     HEAVY      STABLE     HEAVY    120.5     3   10.03     0     0   2.140   438    8
   58.8     HEAVY      STABLE     HEAVY    105.2     7   10.12     0     0   2.140   438    8
   59.5     HEAVY      STABLE     HEAVY     41.2     0    4.86     0     0   2.140   438    8

Done — 83 ticks, 8 adjustments (0 predictive), mode=tc-only
