[acape] bounds for target 15.0ms interval 15.0ms: target 0.6-60ms interval 3-45ms (interval/target ratio 1.0)

==============================================================================
  ACAPE v6.0.0   mode=tc-only   qdisc=pie handle=10:
  metrics -> results_cross/pie_rtt20/pie_acape_steady_s1/acape_metrics_ctl.csv
==============================================================================
      t    regime        traj      pred     dr/s    bl    tput flows eleph  tgt_ms   lim  adj
---------------------------------------------------------------------------------------------
    2.0     HEAVY      STABLE     HEAVY     57.6     2    9.41     0     0  15.000  1000    0
    3.7     HEAVY      STABLE     HEAVY     40.0     5   10.14     0     0  15.000  1000    0
    5.5     HEAVY      STABLE     HEAVY     40.3     7    9.96     0     0  15.000  1000    0
    7.2     HEAVY      STABLE     HEAVY     35.8    10    9.89     0     0  15.000  1000    0
    8.9     HEAVY      STABLE     HEAVY     36.5     9   10.08     0     0  15.000  1000    0
   10.7     HEAVY      STABLE     HEAVY     29.9    12    9.89     0     0  15.000  1000    0
   12.4     HEAVY      STABLE     HEAVY     37.5    12    9.98     0     0  15.000  1000    0
   14.2     HEAVY      STABLE     HEAVY     38.4     7    9.96     0     0  15.000  1000    0
   16.0     HEAVY      STABLE     HEAVY     41.9    10    9.91     0     0  15.000  1000    0
   17.7     HEAVY      STABLE     HEAVY     35.5     7   10.00     0     0  13.500   900    1
   19.9     HEAVY      STABLE     HEAVY     17.3    26    6.90     0     0  13.500   900    1
   21.6     HEAVY      STABLE     HEAVY     39.8     8   10.01     0     0  13.500   900    1
   23.3     HEAVY      STABLE     HEAVY     40.4    12   10.01     0     0  13.500   900    1
   25.1     HEAVY      STABLE     HEAVY     36.9    12    9.84     0     0  13.500   900    1
   27.0     HEAVY      STABLE     HEAVY     38.4    10    9.79     0     0  13.500   900    1
   28.8     HEAVY      STABLE     HEAVY     39.7     8   10.00     0     0  13.500   900    1
   30.5     HEAVY      STABLE     HEAVY     39.5    13   10.05     0     0  13.500   900    1
   32.2     HEAVY      STABLE     HEAVY     38.8     8    9.99     0     0  13.500   900    1
   33.9     HEAVY      STABLE     HEAVY     39.6     6    9.95     0     0  13.500   900    1
   35.7     HEAVY      STABLE     HEAVY     32.1     9    9.94     0     0  12.100   810    2
   37.8     HEAVY      STABLE     HEAVY     42.5     5   10.02     0     0  12.100   810    2
   39.5     HEAVY      STABLE     HEAVY     39.7    13    9.99     0     0  12.100   810    2
   41.3     HEAVY      STABLE     HEAVY     43.2     8   10.01     0     0  12.100   810    2
   43.0     HEAVY      STABLE     HEAVY     37.3    11    9.92     0     0  12.100   810    2
   44.7     HEAVY      STABLE     HEAVY     42.3     4   10.04     0     0  12.100   810    2
   46.5     HEAVY      STABLE     HEAVY     41.9     4   10.03     0     0  12.100   810    2
   48.2     HEAVY      STABLE     HEAVY     39.8    11   10.01     0     0  12.100   810    2
   50.0     HEAVY      STABLE     HEAVY     43.7     8    9.85     0     0  12.100   810    2
   51.7     HEAVY      STABLE     HEAVY     44.4     5   10.11     0     0  12.100   810    2
   53.5     HEAVY      STABLE     HEAVY     38.5     5    9.88     0     0  10.900   729    3
   55.6     HEAVY      STABLE     HEAVY     43.5     8   10.05     0     0  10.900   729    3
   57.4     HEAVY      STABLE     HEAVY     45.2     7    9.81     0     0  10.900   729    3
   59.1     HEAVY      STABLE     HEAVY     42.5     6   10.17     0     0  10.900   729    3
   60.8     HEAVY      STABLE     HEAVY     41.0     6    9.90     0     0  10.900   729    3
   62.5     HEAVY      STABLE     HEAVY     34.4     4    9.99     0     0  10.900   729    3
   64.2     HEAVY      STABLE     HEAVY     39.9     8   10.02     0     0  10.900   729    3
   65.9     HEAVY      STABLE     HEAVY     41.2    11    9.99     0     0  10.900   729    3
   67.6     HEAVY      STABLE     HEAVY     45.7     4    9.91     0     0  10.900   729    3
   69.4     HEAVY      STABLE     HEAVY     42.3     3    9.88     0     0  10.900   729    3
   71.1     HEAVY      STABLE     HEAVY     42.0     8   10.03     0     0   9.810   656    4
   73.2     HEAVY      STABLE     HEAVY     46.4     7   10.00     0     0   9.810   656    4
   74.9     HEAVY      STABLE     HEAVY     37.9     7   10.02     0     0   9.810   656    4
   77.1     HEAVY      STABLE     HEAVY     29.9    14    8.44     0     0   9.810   656    4
   78.8     HEAVY      STABLE     HEAVY     40.3     5   10.32     0     0   9.810   656    4
   80.6     HEAVY      STABLE     HEAVY     46.6     7    9.91     0     0   9.810   656    4
   82.3     HEAVY      STABLE     HEAVY     43.4     7   10.10     0     0   9.810   656    4
   84.0     HEAVY      STABLE     HEAVY     43.4     9    9.93     0     0   9.810   656    4
   85.9     HEAVY      STABLE     HEAVY     39.5    10    9.45     0     0   9.810   656    4
   87.7     HEAVY      STABLE     HEAVY     46.8     5   10.29     0     0   9.810   656    4
   89.4     HEAVY      STABLE     HEAVY     42.1    10    9.98     0     0   8.830   590    5
   91.6     HEAVY      STABLE     HEAVY     37.0     4   10.01     0     0   8.830   590    5
   93.4     HEAVY      STABLE     HEAVY     43.4     9    9.88     0     0   8.830   590    5
   95.2     HEAVY      STABLE     HEAVY     44.2     4    9.95     0     0   8.830   590    5
   96.9     HEAVY      STABLE     HEAVY     45.8     5   10.03     0     0   8.830   590    5
   98.7     HEAVY      STABLE     HEAVY     42.9     6    9.84     0     0   8.830   590    5
  100.4     HEAVY      STABLE     HEAVY     45.5     6   10.01     0     0   8.830   590    5
  102.1     HEAVY      STABLE     HEAVY     49.4     8    9.98     0     0   8.830   590    5
  103.8     HEAVY      STABLE     HEAVY     44.7     5    9.95     0     0   8.830   590    5
  105.5     HEAVY      STABLE     HEAVY     43.4     8   10.10     0     0   8.830   590    5
  107.2     HEAVY      STABLE     HEAVY     44.3     7    9.96     0     0   7.950   531    6
  109.4     HEAVY      STABLE     HEAVY     45.7     4    9.97     0     0   7.950   531    6
  111.1     HEAVY      STABLE     HEAVY     42.8     7   10.00     0     0   7.950   531    6
  112.9     HEAVY      STABLE     HEAVY     46.1     6    9.88     0     0   7.950   531    6
  114.6     HEAVY      STABLE     HEAVY     48.7     5   10.07     0     0   7.950   531    6
  116.3     HEAVY      STABLE     HEAVY     43.5    10    9.91     0     0   7.950   531    6
  118.1     HEAVY      STABLE     HEAVY     46.1     4    9.94     0     0   7.950   531    6
  119.8     HEAVY      STABLE     HEAVY     42.2     4   10.08     0     0   7.950   531    6
  121.5     HEAVY      STABLE     HEAVY     41.4     7   10.00     0     0   7.950   531    6
  123.3     HEAVY      STABLE     HEAVY     44.2     8    9.80     0     0   7.950   531    6
  125.0     HEAVY      STABLE     HEAVY     48.4     3   10.11     0     0   7.150   477    7
  127.3     HEAVY      STABLE     HEAVY     45.8     6   10.05     0     0   7.150   477    7
  129.0     HEAVY      STABLE     HEAVY     48.3     3    9.93     0     0   7.150   477    7
  130.7     HEAVY      STABLE     HEAVY     46.2     7   10.04     0     0   7.150   477    7
  132.5     HEAVY      STABLE     HEAVY     49.8     5    9.81     0     0   7.150   477    7
  134.2     HEAVY      STABLE     HEAVY     47.8     2   10.15     0     0   7.150   477    7
  135.9     HEAVY      STABLE     HEAVY     50.1     2    9.99     0     0   7.150   477    7
  137.6     HEAVY      STABLE     HEAVY     49.2     4    9.95     0     0   7.150   477    7
  139.3     HEAVY      STABLE     HEAVY     48.2     5    9.98     0     0   7.150   477    7
  141.1     HEAVY      STABLE     HEAVY     49.7     6    9.93     0     0   7.150   477    7
  142.8     HEAVY      STABLE     HEAVY     47.7     7   10.07     0     0   6.430   429    8
  145.2     HEAVY      STABLE     HEAVY     49.7     4    9.88     0     0   6.430   429    8
  146.9     HEAVY      STABLE     HEAVY     49.3     5    9.72     0     0   6.430   429    8
  148.7     HEAVY      STABLE     HEAVY     46.2     6   10.02     0     0   6.430   429    8
  150.4     HEAVY      STABLE     HEAVY     52.2     7   10.00     0     0   6.430   429    8
  152.1     HEAVY      STABLE     HEAVY     49.3     6    9.99     0     0   6.430   429    8
  153.8     HEAVY      STABLE     HEAVY     49.9     4    9.95     0     0   6.430   429    8
  155.6     HEAVY      STABLE     HEAVY     39.9    10   10.00     0     0   6.430   429    8
  157.3     HEAVY      STABLE     HEAVY     53.1     4   10.03     0     0   6.430   429    8
  159.0     HEAVY      STABLE     HEAVY     50.4     5    9.99     0     0   6.430   429    8
  160.6     HEAVY      STABLE     HEAVY     46.7     5    9.99     0     0   5.790   386    9
  162.8     HEAVY      STABLE     HEAVY     47.9     2    9.95     0     0   5.790   386    9
  164.5     HEAVY      STABLE     HEAVY     53.7     1    9.97     0     0   5.790   386    9
  166.3     HEAVY      STABLE     HEAVY     51.2     1   10.01     0     0   5.790   386    9
  168.0     HEAVY      STABLE     HEAVY     49.6     1   10.00     0     0   5.790   386    9
  169.8     HEAVY      STABLE     HEAVY     49.9     3    9.85     0     0   5.790   386    9
  171.5     HEAVY      STABLE     HEAVY     44.5     5    9.86     0     0   5.790   386    9
  173.3     HEAVY      STABLE     HEAVY     50.8     5    9.96     0     0   5.790   386    9
  175.1     HEAVY      STABLE     HEAVY     54.0     1    9.97     0     0   5.790   386    9
  176.8     HEAVY      STABLE     HEAVY     51.6     5    9.94     0     0   5.790   386    9
  178.5     HEAVY      STABLE     HEAVY     51.1     3    9.96     0     0   5.210   347   10

Done — 101 ticks, 10 adjustments (0 predictive), mode=tc-only
