
==============================================================================
  ACAPE v6.0.0   mode=tc-only   qdisc=fq_codel handle=10:
  metrics -> results_law/rtt40/fq_codel_acape_steady_s3/acape_metrics_ctl.csv
==============================================================================
      t    regime        traj      pred     dr/s    bl    tput flows eleph  tgt_ms   lim  adj
---------------------------------------------------------------------------------------------
    0.8     HEAVY      STABLE     HEAVY     55.4     4   10.12     0     0   5.000  1024    0
    1.5  MODERATE      STABLE  MODERATE     20.5     6    9.99     0     0   5.000  1024    0
    2.2  MODERATE  RECOVERING     LIGHT     17.7     5   10.00     0     0   5.000  1024    0
    2.9  MODERATE      STABLE  MODERATE     17.6     6   10.04     0     0   5.000  1024    0
    3.5  MODERATE      STABLE  MODERATE     16.7     7   10.01     0     0   5.000  1024    0
    4.2  MODERATE      STABLE  MODERATE     20.8     4    9.97     0     0   5.000  1024    0
    4.9  MODERATE      STABLE  MODERATE     19.2     4    9.97     0     0   5.000  1024    0
    5.5  MODERATE      STABLE  MODERATE     19.5     4   10.03     0     0   5.000  1024    0
    6.2  MODERATE      STABLE  MODERATE     17.8     4   10.00     0     0   5.000  1024    0
    6.9  MODERATE      STABLE  MODERATE     18.5     2    9.93     0     0   4.800   992    1
    8.0  MODERATE      STABLE  MODERATE     20.2     4   10.08     0     0   4.800   992    1
    8.7  MODERATE      STABLE  MODERATE     15.1     3    9.97     0     0   4.800   992    1
    9.4  MODERATE      STABLE  MODERATE     20.5     3    9.95     0     0   4.800   992    1
   10.0  MODERATE      STABLE  MODERATE     18.3     4   10.09     0     0   4.800   992    1
   10.7  MODERATE      STABLE  MODERATE     16.4    10    9.88     0     0   4.800   992    1
   11.3  MODERATE      STABLE  MODERATE     19.9     6    9.99     0     0   4.800   992    1
   12.0  MODERATE      STABLE  MODERATE     21.1     6    9.97     0     0   4.800   992    1
   12.7  MODERATE      STABLE  MODERATE     18.1     4    9.97     0     0   4.800   992    1
   13.4  MODERATE      STABLE  MODERATE     20.8     2    9.99     0     0   4.800   992    1
   14.1  MODERATE      STABLE  MODERATE     14.3     6    9.98     0     0   4.600   960    2
   15.1  MODERATE      STABLE  MODERATE     20.1     6    9.95     0     0   4.600   960    2
   15.8  MODERATE      STABLE  MODERATE     19.3     4    9.98     0     0   4.600   960    2
   16.4  MODERATE      STABLE  MODERATE     19.2     6    9.94     0     0   4.600   960    2
   17.1  MODERATE      STABLE  MODERATE     15.3     7    9.97     0     0   4.600   960    2
   17.7  MODERATE      STABLE  MODERATE     23.6     4   10.08     0     0   4.600   960    2
   18.4  MODERATE      STABLE  MODERATE     17.6     3    9.66     0     0   4.600   960    2
   19.1  MODERATE      STABLE  MODERATE     18.9     4   10.29     0     0   4.600   960    2
   19.8  MODERATE      STABLE  MODERATE     17.9     6   10.03     0     0   4.600   960    2
   20.4  MODERATE      STABLE  MODERATE     17.0     6    9.99     0     0   4.600   960    2
   21.1  MODERATE      STABLE  MODERATE     23.5     3    9.93     0     0   4.400   928    3
   22.1  MODERATE      STABLE  MODERATE     16.9     6   10.00     0     0   4.400   928    3
   22.7  MODERATE      STABLE  MODERATE     18.6     7   10.05     0     0   4.400   928    3
   23.4  MODERATE      STABLE  MODERATE     17.1     6    9.99     0     0   4.400   928    3
   24.1  MODERATE      STABLE  MODERATE     19.1     5    9.95     0     0   4.400   928    3
   24.7  MODERATE      STABLE  MODERATE     21.0     3    9.99     0     0   4.400   928    3
   25.4  MODERATE      STABLE  MODERATE     17.8     5   10.02     0     0   4.400   928    3
   26.1  MODERATE      STABLE  MODERATE     16.0     8    9.95     0     0   4.400   928    3
   26.8  MODERATE      STABLE  MODERATE     20.7     7    9.98     0     0   4.400   928    3
   27.4  MODERATE      STABLE  MODERATE     22.7     3    9.98     0     0   4.400   928    3
   28.1  MODERATE      STABLE  MODERATE     18.0     4    9.98     0     0   4.200   896    4
   29.2  MODERATE      STABLE  MODERATE     17.4     8    9.85     0     0   4.200   896    4
   29.9  MODERATE      STABLE  MODERATE     22.3     4   10.03     0     0   4.200   896    4
   30.5  MODERATE      STABLE  MODERATE     16.2     5    9.97     0     0   4.200   896    4
   31.2  MODERATE      STABLE  MODERATE     21.0     3    9.98     0     0   4.200   896    4
   31.9  MODERATE      STABLE  MODERATE     20.5     4   10.04     0     0   4.200   896    4
   32.6  MODERATE      STABLE  MODERATE     13.3     8    9.99     0     0   4.200   896    4
   33.2  MODERATE      STABLE  MODERATE     24.9     3   10.07     0     0   4.200   896    4
   33.9  MODERATE      STABLE  MODERATE     17.5     4    9.93     0     0   4.200   896    4
   34.6  MODERATE      STABLE  MODERATE     17.6     7    9.97     0     0   4.200   896    4
   35.2  MODERATE      STABLE  MODERATE     24.2     2   10.06     0     0   4.000   864    5
   36.3  MODERATE      STABLE  MODERATE     17.3     6    9.91     0     0   4.000   864    5
   37.0  MODERATE      STABLE  MODERATE     18.6     5   10.06     0     0   4.000   864    5
   37.7  MODERATE      STABLE  MODERATE     19.5     4    9.88     0     0   4.000   864    5
   38.4  MODERATE      STABLE  MODERATE     21.7     4   10.09     0     0   4.000   864    5
   39.0  MODERATE      STABLE  MODERATE     17.2     6   10.15     0     0   4.000   864    5
   39.7  MODERATE      STABLE  MODERATE     20.3     5    9.97     0     0   4.000   864    5
   40.3  MODERATE      STABLE  MODERATE     20.7     3    9.96     0     0   4.000   864    5
   41.0  MODERATE      STABLE  MODERATE     16.9     5   10.07     0     0   4.000   864    5
   41.7  MODERATE      STABLE  MODERATE     18.8     6    9.93     0     0   4.000   864    5
   42.4  MODERATE      STABLE  MODERATE     16.1     8    9.99     0     0   3.800   832    6
   43.4  MODERATE      STABLE  MODERATE     19.2     5   10.07     0     0   3.800   832    6
   44.0  MODERATE      STABLE  MODERATE     19.7     5    9.94     0     0   3.800   832    6
   44.7  MODERATE      STABLE  MODERATE     21.0     5   10.07     0     0   3.800   832    6
   45.4  MODERATE      STABLE  MODERATE     20.4     3    9.82     0     0   3.800   832    6
   46.1  MODERATE      STABLE  MODERATE     19.0     4   10.05     0     0   3.800   832    6
   46.8  MODERATE      STABLE  MODERATE     15.6     7   10.03     0     0   3.800   832    6
   47.5  MODERATE      STABLE  MODERATE     19.7     7    9.97     0     0   3.800   832    6
   48.1  MODERATE      STABLE  MODERATE     20.7     6   10.06     0     0   3.800   832    6
   48.8  MODERATE      STABLE  MODERATE     19.0     8    9.90     0     0   3.800   832    6
   49.5  MODERATE      STABLE  MODERATE     19.9     5   10.06     0     0   3.600   800    7
   50.7  MODERATE      STABLE  MODERATE     15.3     5    7.93     0     0   3.600   800    7
   51.4  MODERATE      STABLE  MODERATE     17.5     8   10.00     0     0   3.600   800    7
   52.0  MODERATE      STABLE  MODERATE     22.3     4    9.99     0     0   3.600   800    7
   52.7  MODERATE      STABLE  MODERATE     18.2     6    9.99     0     0   3.600   800    7
   53.4  MODERATE      STABLE  MODERATE     19.6     6    9.93     0     0   3.600   800    7
   54.0  MODERATE      STABLE  MODERATE     20.2     4   10.13     0     0   3.600   800    7
   54.7  MODERATE      STABLE  MODERATE     22.0     3    9.90     0     0   3.600   800    7
   55.4  MODERATE      STABLE  MODERATE     16.5     4    9.96     0     0   3.600   800    7
   56.0  MODERATE      STABLE  MODERATE     20.1     4   10.11     0     0   3.600   800    7
   56.7  MODERATE      STABLE  MODERATE     19.5     3    9.75     0     0   3.400   768    8
   57.7  MODERATE      STABLE  MODERATE     18.4     4   10.05     0     0   3.400   768    8
   58.4  MODERATE      STABLE  MODERATE     17.5     5    9.99     0     0   3.400   768    8
   59.1  MODERATE      STABLE  MODERATE     20.7     3    9.79     0     0   3.400   768    8
   59.7  MODERATE      STABLE  MODERATE     16.4     0    8.16     0     0   3.400   768    8

Done — 85 ticks, 8 adjustments (0 predictive), mode=tc-only
