[eBPF] attached prog_id=36 jited=True
[eBPF] flow_map id=25 via bpf(2) (key=16B value=56B)
[acape] bounds for target 5.0ms interval 100.0ms: target 0.2-20ms interval 20-300ms (interval/target ratio 20.0)

==============================================================================
  ACAPE v6.0.0   mode=eBPF   qdisc=fq_codel handle=10:
  metrics -> results_gate/t5_r20/fq_codel_acape_ebpf_t5_steady_s2/acape_metrics_ctl.csv
==============================================================================
      t    regime        traj      pred     dr/s    bl    tput flows eleph  tgt_ms   lim  adj
---------------------------------------------------------------------------------------------
    0.9     HEAVY      STABLE     HEAVY     36.7     8   10.12     9     0   5.000  1024    0
    1.5     HEAVY      STABLE     HEAVY     31.9     8   10.05     9     0   5.000  1024    0
    2.2     HEAVY      STABLE     HEAVY     36.3     5   10.07     9     0   5.000  1024    0
    2.8     HEAVY      STABLE     HEAVY     32.0     8    9.94     9     0   5.000  1024    0
    3.5     HEAVY      STABLE     HEAVY     36.9     6   10.00     9     0   5.000  1024    0
    4.2     HEAVY      STABLE     HEAVY     32.3     6   10.03     9     0   5.000  1024    0
    4.9     HEAVY      STABLE     HEAVY     33.6     8    9.92     9     0   5.000  1024    0
    5.6     HEAVY      STABLE     HEAVY     36.3     7    9.78     9     1   5.000  1024    0
    6.3     HEAVY      STABLE     HEAVY     36.1     6   10.08     9     8   5.000  1024    0
    6.9     HEAVY      STABLE     HEAVY     31.1     9    9.89     9     8   4.500   921    1
    8.1     HEAVY      STABLE     HEAVY     34.2     8    9.90     9     8   4.500   921    1
    8.8     HEAVY      STABLE     HEAVY     35.5     8   10.04     9     8   4.500   921    1
    9.6     HEAVY      STABLE     HEAVY     41.0     6   10.03     9     8   4.500   921    1
   10.3     HEAVY      STABLE     HEAVY     30.9     9    9.86     9     8   4.500   921    1
   11.0     HEAVY      STABLE     HEAVY     35.8     7   10.13     9     8   4.500   921    1
   11.8     HEAVY      STABLE     HEAVY     42.5     2    9.82     9     8   4.500   921    1
   12.4     HEAVY      STABLE     HEAVY     36.5     5   10.24     9     8   4.500   921    1
   13.1     HEAVY      STABLE     HEAVY     35.6     5    9.96     9     8   4.500   921    1
   13.8     HEAVY      STABLE     HEAVY     35.9     7   10.07     9     8   4.500   921    1
   14.5     HEAVY      STABLE     HEAVY     34.4     7    9.83     9     8   4.050   828    2
   15.5     HEAVY      STABLE     HEAVY     37.6     8   10.03     9     8   4.050   828    2
   16.2     HEAVY      STABLE     HEAVY     36.5     5   10.03     9     8   4.050   828    2
   16.9     HEAVY      STABLE     HEAVY     35.0     9   10.06     9     8   4.050   828    2
   17.6     HEAVY      STABLE     HEAVY     34.9     8    9.76     9     8   4.050   828    2
   18.4     HEAVY      STABLE     HEAVY     35.5     9    9.96     9     8   4.050   828    2
   19.2     HEAVY      STABLE     HEAVY     38.1     5    9.93     9     8   4.050   828    2
   19.9     HEAVY      STABLE     HEAVY     34.2     9    9.95     9     8   4.050   828    2
   20.7     HEAVY      STABLE     HEAVY     38.3     7   10.09     9     8   4.050   828    2
   21.4     HEAVY      STABLE     HEAVY     37.7     8    9.92     9     8   4.050   828    2
   22.2     HEAVY      STABLE     HEAVY     32.4     9    9.80     9     8   3.640   745    3
   23.2     HEAVY      STABLE     HEAVY     40.5     6   10.05     9     8   3.640   745    3
   24.1  MODERATE      STABLE  MODERATE     28.8     4    6.78     9     8   3.640   745    3
   24.8     HEAVY      STABLE     HEAVY     42.3     3   10.12     9     8   3.640   745    3
   25.5     HEAVY      STABLE     HEAVY     34.4     7    9.94     9     8   3.640   745    3
   26.2     HEAVY      STABLE     HEAVY     38.9     8    9.86     9     8   3.640   745    3
   26.9     HEAVY      STABLE     HEAVY     40.2     3    9.95     9     8   3.640   745    3
   27.6     HEAVY      STABLE     HEAVY     33.1     8   10.02     9     8   3.640   745    3
   28.3     HEAVY      STABLE     HEAVY     43.8     6    9.95     9     8   3.640   745    3
   28.9     HEAVY      STABLE     HEAVY     36.6     6   10.09     9     8   3.640   745    3
   29.6     HEAVY      STABLE     HEAVY     36.2     6    9.97     9     8   3.640   745    3
   30.3     HEAVY      STABLE     HEAVY     37.0     4    9.90     9     8   3.640   745    3
   31.0     HEAVY      STABLE     HEAVY     40.3     5   10.06     9     8   3.640   745    3
   31.6     HEAVY      STABLE     HEAVY     37.0     7   10.04     9     8   3.640   745    3
   32.3     HEAVY      STABLE     HEAVY     38.4     5    9.99     9     8   3.640   745    3
   33.0     HEAVY      STABLE     HEAVY     36.8     6    9.96     9     8   3.640   745    3
   33.6     HEAVY      STABLE     HEAVY     38.5     7   10.08     9     8   3.640   745    3
   34.3     HEAVY      STABLE     HEAVY     39.2     6    9.93     9     8   3.640   745    3
   35.0     HEAVY      STABLE     HEAVY     37.2     7    9.98     9     8   3.640   745    3
   35.6     HEAVY      STABLE     HEAVY     38.5     2   10.01     9     8   3.640   745    3
   36.3     HEAVY      STABLE     HEAVY     34.7     8    9.78     9     8   3.270   670    4
   37.4     HEAVY      STABLE     HEAVY     41.5     5   10.08     9     8   3.270   670    4
   38.0     HEAVY      STABLE     HEAVY     35.8     5    9.78     9     8   3.270   670    4
   38.8     HEAVY      STABLE     HEAVY     42.8     3    9.97     9     8   3.270   670    4
   39.4     HEAVY      STABLE     HEAVY     35.4     9    9.98     9     8   3.270   670    4
   40.1     HEAVY      STABLE     HEAVY     44.1     8    9.97     9     8   3.270   670    4
   40.8     HEAVY      STABLE     HEAVY     37.9     3   10.07     9     8   3.270   670    4
   41.6     HEAVY      STABLE     HEAVY     40.6     6    9.81     9     8   3.270   670    4
   42.3     HEAVY      STABLE     HEAVY     37.3     8   10.13     9     8   3.270   670    4
   43.0     HEAVY      STABLE     HEAVY     44.6     5   10.07     9     8   3.270   670    4
   43.7     HEAVY      STABLE     HEAVY     33.2     5    9.63     9     8   2.940   603    5
   44.7     HEAVY      STABLE     HEAVY     40.1     5   10.25     9     8   2.940   603    5
   45.4     HEAVY      STABLE     HEAVY     42.9     2    9.90     9     8   2.940   603    5
   46.1     HEAVY      STABLE     HEAVY     37.1     5   10.07     9     8   2.940   603    5
   46.8     HEAVY      STABLE     HEAVY     49.2     6    9.98     9     8   2.940   603    5
   47.5     HEAVY      STABLE     HEAVY     39.1     5   10.00     9     8   2.940   603    5
   48.3     HEAVY      STABLE     HEAVY     38.2     6    9.82     9     8   2.940   603    5
   49.0     HEAVY      STABLE     HEAVY     38.5     7   10.01     9     8   2.940   603    5
   49.7     HEAVY      STABLE     HEAVY     42.9     6   10.05     9     8   2.940   603    5
   50.4     HEAVY      STABLE     HEAVY     39.8     5   10.04     9     8   2.940   603    5
   51.1     HEAVY      STABLE     HEAVY     41.5     6    9.88     9     8   2.640   542    6
   52.2     HEAVY      STABLE     HEAVY     41.7     1    9.98     9     8   2.640   542    6
   52.9     HEAVY      STABLE     HEAVY     40.5     6   10.03     9     8   2.640   542    6
   53.6     HEAVY      STABLE     HEAVY     39.1     9   10.02     9     8   2.640   542    6
   54.3     HEAVY      STABLE     HEAVY     42.9     5    9.92     9     8   2.640   542    6
   55.0     HEAVY      STABLE     HEAVY     42.1     7   10.00     9     8   2.640   542    6
   55.6     HEAVY      STABLE     HEAVY     47.4     5    9.89     8     8   2.640   542    6
   56.3     HEAVY      STABLE     HEAVY     42.1     5    9.98     8     8   2.640   542    6
   57.0     HEAVY      STABLE     HEAVY     43.1     5   10.02     8     8   2.640   542    6
   57.7     HEAVY      STABLE     HEAVY     45.0     4    9.97     8     8   2.640   542    6
   58.4     HEAVY      STABLE     HEAVY     41.5     3    9.86     9     8   2.380   487    7
   59.4    NORMAL      STABLE    NORMAL      0.0     0    0.61     9     8   2.380   487    7

Done — 82 ticks, 7 adjustments (0 predictive), mode=eBPF
