
==============================================================================
  ACAPE v6.0.0   mode=tc-only   qdisc=fq_codel handle=10:
  metrics -> results/fq_codel_acape_steady_s2/acape_metrics_ctl.csv
==============================================================================
      t    regime        traj      pred     dr/s    bl    tput flows eleph  tgt_ms   lim  adj
---------------------------------------------------------------------------------------------
    0.9     HEAVY      STABLE     HEAVY     50.4     4   10.49     0     0   5.000  1024    0
    1.6     HEAVY      STABLE     HEAVY     32.6     3    9.96     0     0   5.000  1024    0
    2.3     HEAVY      STABLE     HEAVY     34.0     7   10.05     0     0   5.000  1024    0
    3.0     HEAVY      STABLE     HEAVY     35.6     5    9.95     0     0   5.000  1024    0
    3.7     HEAVY      STABLE     HEAVY     31.1     7    9.99     0     0   5.000  1024    0
    4.3     HEAVY      STABLE     HEAVY     37.5     7   10.02     0     0   5.000  1024    0
    5.0     HEAVY      STABLE     HEAVY     34.5     7    9.99     0     0   5.000  1024    0
    5.7     HEAVY      STABLE     HEAVY     32.6     6   10.05     0     0   5.000  1024    0
    6.3     HEAVY      STABLE     HEAVY     31.3     8    9.94     0     0   5.000  1024    0
    7.0     HEAVY      STABLE     HEAVY     38.3     5   10.06     0     0   4.500   921    1
    7.9     HEAVY      STABLE     HEAVY     35.1     7    9.97     0     0   4.500   921    1
    8.6     HEAVY      STABLE     HEAVY     35.3     7    9.95     0     0   4.500   921    1
    9.3     HEAVY      STABLE     HEAVY     40.0     5   10.06     0     0   4.500   921    1
    9.9     HEAVY      STABLE     HEAVY     37.6     4   10.03     0     0   4.500   921    1
   10.6     HEAVY      STABLE     HEAVY     33.4    10    9.93     0     0   4.500   921    1
   11.2     HEAVY      STABLE     HEAVY     34.1     6   10.05     0     0   4.500   921    1
   11.9     HEAVY      STABLE     HEAVY     33.5     8   10.03     0     0   4.500   921    1
   12.6     HEAVY      STABLE     HEAVY     38.6     6    9.87     0     0   4.500   921    1
   13.3     HEAVY      STABLE     HEAVY     36.3     6   10.01     0     0   4.500   921    1
   13.9     HEAVY      STABLE     HEAVY     33.9     6   10.09     0     0   4.050   828    2
   15.1     HEAVY      STABLE     HEAVY     34.4     9    9.85     0     0   4.050   828    2
   15.9     HEAVY      STABLE     HEAVY     39.5     4   10.03     0     0   4.050   828    2
   16.8     HEAVY      STABLE     HEAVY     31.7     7    9.67     0     0   4.050   828    2
   17.6     HEAVY      STABLE     HEAVY     38.0     5    9.85     0     0   4.050   828    2
   18.4     HEAVY      STABLE     HEAVY     36.4     6    9.75     0     0   4.050   828    2
   19.2     HEAVY      STABLE     HEAVY     34.3     6   10.43     0     0   4.050   828    2
   20.0     HEAVY      STABLE     HEAVY     36.4     5   10.04     0     0   4.050   828    2
   20.8     HEAVY      STABLE     HEAVY     37.0     7   10.21     0     0   4.050   828    2
   21.6     HEAVY      STABLE     HEAVY     32.1     9    9.85     0     0   4.050   828    2
   22.3     HEAVY      STABLE     HEAVY     43.6     3   10.02     0     0   3.640   745    3
   23.5     HEAVY      STABLE     HEAVY     32.0     3    9.14     0     0   3.640   745    3
   24.2     HEAVY      STABLE     HEAVY     36.8     5    9.98     0     0   3.640   745    3
   24.8     HEAVY      STABLE     HEAVY     36.2     7   10.05     0     0   3.640   745    3
   25.5     HEAVY      STABLE     HEAVY     37.3    10   10.07     0     0   3.640   745    3
   26.1     HEAVY      STABLE     HEAVY     39.5     6    9.78     0     0   3.640   745    3
   26.8     HEAVY      STABLE     HEAVY     39.9     5   10.11     0     0   3.640   745    3
   27.5     HEAVY      STABLE     HEAVY     41.3     3   10.06     0     0   3.640   745    3
   28.1     HEAVY      STABLE     HEAVY     37.5     8    9.91     0     0   3.640   745    3
   28.8     HEAVY      STABLE     HEAVY     33.5     6   10.03     0     0   3.640   745    3
   29.5     HEAVY      STABLE     HEAVY     36.5     9    9.97     0     0   3.270   670    4
   30.5     HEAVY      STABLE     HEAVY     41.6     3   10.05     0     0   3.270   670    4
   31.2     HEAVY      STABLE     HEAVY     35.7     5    9.89     0     0   3.270   670    4
   31.9     HEAVY      STABLE     HEAVY     42.2     3   10.04     0     0   3.270   670    4
   32.5     HEAVY      STABLE     HEAVY     36.0     7   10.07     0     0   3.270   670    4
   33.2     HEAVY      STABLE     HEAVY     37.0     7    9.95     0     0   3.270   670    4
   33.9     HEAVY      STABLE     HEAVY     40.5     8    9.97     0     0   3.270   670    4
   34.6     HEAVY      STABLE     HEAVY     45.3     6   10.10     0     0   3.270   670    4
   35.2     HEAVY      STABLE     HEAVY     34.9     6    9.89     0     0   3.270   670    4
   35.9     HEAVY      STABLE     HEAVY     45.5     4   10.03     0     0   3.270   670    4
   36.7     HEAVY      STABLE     HEAVY     34.0     8    9.83     0     0   2.940   603    5
   38.3     HEAVY      STABLE     HEAVY     39.9     5    9.91     0     0   2.940   603    5
   39.1     HEAVY      STABLE     HEAVY     35.4     5   10.21     0     0   2.940   603    5
   40.0     HEAVY      STABLE     HEAVY     37.7     6    9.80     0     0   2.940   603    5
   40.9     HEAVY      STABLE     HEAVY     39.1     7   10.07     0     0   2.940   603    5
   41.8     HEAVY      STABLE     HEAVY     42.8     4   10.05     0     0   2.940   603    5
   42.7     HEAVY      STABLE     HEAVY     38.4     3    9.86     0     0   2.940   603    5
   43.7     HEAVY      STABLE     HEAVY     41.4     2    9.92     0     0   2.940   603    5
   44.5     HEAVY      STABLE     HEAVY     35.0     7   10.16     0     0   2.940   603    5
   46.2  MODERATE      STABLE  MODERATE     29.2    10    6.68     0     0   2.940   603    5
   47.0     HEAVY      STABLE     HEAVY     50.9     3   12.12     0     0   2.940   603    5
   47.8     HEAVY      STABLE     HEAVY     38.1     5   10.08     0     0   2.940   603    5
   48.7     HEAVY      STABLE     HEAVY     40.5     5    9.74     0     0   2.940   603    5
   49.5     HEAVY      STABLE     HEAVY     42.1     5    9.60     0     0   2.940   603    5
   50.3     HEAVY      STABLE     HEAVY     35.0     6   10.32     0     0   2.940   603    5
   51.1     HEAVY      STABLE     HEAVY     39.2     5    9.99     0     0   2.940   603    5
   52.2     HEAVY      STABLE     HEAVY     41.2     3    9.69     0     0   2.940   603    5
   53.0     HEAVY      STABLE     HEAVY     38.8     8    9.04     0     0   2.940   603    5
   53.7     HEAVY      STABLE     HEAVY     37.3     5    9.91     0     0   2.940   603    5
   54.4     HEAVY      STABLE     HEAVY     42.4     4    9.99     0     0   2.940   603    5
   55.0     HEAVY      STABLE     HEAVY     38.1     4    9.94     0     0   2.640   542    6
   56.1     HEAVY      STABLE     HEAVY     40.5     4    9.97     0     0   2.640   542    6
   56.8     HEAVY      STABLE     HEAVY     38.8     5    9.23     0     0   2.640   542    6
   57.5     HEAVY      STABLE     HEAVY     42.5     6    9.93     0     0   2.640   542    6
   58.3     HEAVY      STABLE     HEAVY     40.0     5   10.00     0     0   2.640   542    6
   58.9     HEAVY      STABLE     HEAVY     39.4     7   10.13     0     0   2.640   542    6
   59.6  MODERATE      STABLE  MODERATE     28.1     0    7.04     0     0   2.640   542    6

Done — 77 ticks, 6 adjustments (0 predictive), mode=tc-only
