
==============================================================================
  ACAPE v6.0.0   mode=tc-only   qdisc=fq_codel handle=10:
  metrics -> results/fq_codel_sham_steady_s1/acape_metrics_sham.csv
==============================================================================
      t    regime        traj      pred     dr/s    bl    tput flows eleph  tgt_ms   lim  adj
---------------------------------------------------------------------------------------------
    0.8     HEAVY      STABLE     HEAVY     45.1     7   10.23     0     0   5.000  1024    0
    1.5     HEAVY      STABLE     HEAVY     37.9     4    9.94     0     0   5.000  1024    0
    2.2     HEAVY      STABLE     HEAVY     32.8     6   10.03     0     0   5.000  1024    0
    2.8  MODERATE      STABLE  MODERATE     27.2    10    9.97     0     0   5.000  1024    0
    3.5     HEAVY      STABLE     HEAVY     40.2     5   10.05     0     0   5.000  1024    0
    4.1     HEAVY      STABLE     HEAVY     36.5     7   10.01     0     0   5.000  1024    0
    4.8     HEAVY      STABLE     HEAVY     34.7     5    9.95     0     0   5.000  1024    0
    5.4  MODERATE      STABLE  MODERATE     28.8     9   10.03     0     0   5.000  1024    0
    6.1     HEAVY      STABLE     HEAVY     34.0     9    9.98     0     0   5.000  1024    0
    6.8     HEAVY      STABLE     HEAVY     37.4     8    9.94     0     0   5.000  1024    0
    7.4     HEAVY      STABLE     HEAVY     32.5     5    9.94     0     0   5.000  1024    0
    8.1     HEAVY      STABLE     HEAVY     30.4     5   10.07     0     0   5.000  1024    0
    8.8     HEAVY      STABLE     HEAVY     32.4    10    9.89     0     0   5.000  1024    0
    9.5     HEAVY      STABLE     HEAVY     36.9     8   10.02     0     0   5.000  1024    0
   10.1     HEAVY      STABLE     HEAVY     34.3     6    9.78     0     0   5.000  1024    0
   10.8     HEAVY      STABLE     HEAVY     35.9     4   10.19     0     0   5.000  1024    0
   11.5     HEAVY      STABLE     HEAVY     36.8     7   10.08     0     0   5.000  1024    0
   12.1     HEAVY      STABLE     HEAVY     32.1     5    9.88     0     0   5.000  1024    0
   12.8     HEAVY      STABLE     HEAVY     33.9     4    9.88     0     0   5.000  1024    0
   13.5     HEAVY      STABLE     HEAVY     33.6     7   10.22     0     0   5.000  1024    0
   14.2     HEAVY      STABLE     HEAVY     35.0     7    9.89     0     0   5.000  1024    0
   14.9     HEAVY      STABLE     HEAVY     30.7     7    9.96     0     0   5.000  1024    0
   15.5     HEAVY      STABLE     HEAVY     33.7     9   10.00     0     0   5.000  1024    0
   16.2     HEAVY      STABLE     HEAVY     37.3     9   10.06     0     0   5.000  1024    0
   16.8     HEAVY      STABLE     HEAVY     34.1     9   10.06     0     0   5.000  1024    0
   17.5     HEAVY      STABLE     HEAVY     32.5     5    9.98     0     0   5.000  1024    0
   18.2     HEAVY      STABLE     HEAVY     30.4    11   10.00     0     0   5.000  1024    0
   18.9     HEAVY      STABLE     HEAVY     35.8     6    9.84     0     0   5.000  1024    0
   19.6     HEAVY      STABLE     HEAVY     35.3     7    9.93     0     0   5.000  1024    0
   20.3     HEAVY      STABLE     HEAVY     32.3    10   10.04     0     0   5.000  1024    0
   21.0     HEAVY      STABLE     HEAVY     38.2     6   10.01     0     0   5.000  1024    0
   21.7     HEAVY      STABLE     HEAVY     31.6     6    9.94     0     0   5.000  1024    0
   22.4     HEAVY      STABLE     HEAVY     37.2     9   10.04     0     0   5.000  1024    0
   23.0     HEAVY      STABLE     HEAVY     33.6     5   10.04     0     0   5.000  1024    0
   23.7     HEAVY      STABLE     HEAVY     33.4     5    9.82     0     0   5.000  1024    0
   24.4     HEAVY      STABLE     HEAVY     31.0     9   10.10     0     0   5.000  1024    0
   25.0     HEAVY      STABLE     HEAVY     37.2     7   10.04     0     0   5.000  1024    0
   25.7     HEAVY      STABLE     HEAVY     34.6     8   10.02     0     0   5.000  1024    0
   26.3     HEAVY      STABLE     HEAVY     32.5     6   10.00     0     0   5.000  1024    0
   27.0     HEAVY      STABLE     HEAVY     35.9     8    9.97     0     0   5.000  1024    0
   27.7     HEAVY      STABLE     HEAVY     34.6     3   10.01     0     0   5.000  1024    0
   28.3  MODERATE      STABLE  MODERATE     26.1     9    9.95     0     0   5.000  1024    0
   29.0     HEAVY      STABLE     HEAVY     38.2     8   10.04     0     0   5.000  1024    0
   29.7     HEAVY      STABLE     HEAVY     35.6     5    9.92     0     0   5.000  1024    0
   30.4     HEAVY      STABLE     HEAVY     32.1     9    9.70     0     0   5.000  1024    0
   31.1     HEAVY      STABLE     HEAVY     36.8     7   10.29     0     0   5.000  1024    0
   31.8  MODERATE      STABLE  MODERATE     24.1    11    9.06     0     0   5.000  1024    0
   32.5     HEAVY      STABLE     HEAVY     45.8     7   10.87     0     0   5.000  1024    0
   33.1  MODERATE      STABLE  MODERATE     29.4    10    9.98     0     0   5.000  1024    0
   33.8     HEAVY      STABLE     HEAVY     37.6     6    9.89     0     0   5.000  1024    0
   34.5     HEAVY      STABLE     HEAVY     34.9     5    9.86     0     0   5.000  1024    0
   35.1     HEAVY      STABLE     HEAVY     30.6     7   10.07     0     0   5.000  1024    0
   35.8     HEAVY      STABLE     HEAVY     34.1     8   10.04     0     0   5.000  1024    0
   36.4     HEAVY      STABLE     HEAVY     35.5     6   10.04     0     0   5.000  1024    0
   37.1     HEAVY      STABLE     HEAVY     35.4     7    9.97     0     0   5.000  1024    0
   37.8     HEAVY      STABLE     HEAVY     32.1     5    9.96     0     0   5.000  1024    0
   38.4     HEAVY      STABLE     HEAVY     31.0     7   10.00     0     0   5.000  1024    0
   39.1     HEAVY      STABLE     HEAVY     36.5     8    9.93     0     0   5.000  1024    0
   39.7     HEAVY      STABLE     HEAVY     38.3     3   10.10     0     0   5.000  1024    0
   40.4     HEAVY      STABLE     HEAVY     40.6     4   10.01     0     0   5.000  1024    0
   41.0  MODERATE      STABLE  MODERATE     25.0     9    9.97     0     0   5.000  1024    0
   41.7     HEAVY      STABLE     HEAVY     38.5     5    9.99     0     0   5.000  1024    0
   42.3     HEAVY      STABLE     HEAVY     34.1     6    9.89     0     0   5.000  1024    0
   43.0     HEAVY      STABLE     HEAVY     35.0     4    9.97     0     0   5.000  1024    0
   43.7  MODERATE      STABLE  MODERATE     29.5     8   10.06     0     0   5.000  1024    0
   44.4     HEAVY      STABLE     HEAVY     38.5     7   10.05     0     0   5.000  1024    0
   45.0     HEAVY      STABLE     HEAVY     36.1     5   10.08     0     0   5.000  1024    0
   45.7  MODERATE      STABLE  MODERATE     26.6     9    9.91     0     0   5.000  1024    0
   46.4     HEAVY      STABLE     HEAVY     38.8     6   10.06     0     0   5.000  1024    0
   47.1     HEAVY      STABLE     HEAVY     35.1     5    9.95     0     0   5.000  1024    0
   47.8     HEAVY      STABLE     HEAVY     35.2     5    9.84     0     0   5.000  1024    0
   48.4     HEAVY      STABLE     HEAVY     34.0     6   10.16     0     0   5.000  1024    0
   49.1     HEAVY      STABLE     HEAVY     31.2    10    9.98     0     0   5.000  1024    0
   49.8     HEAVY      STABLE     HEAVY     32.3    12    9.99     0     0   5.000  1024    0
   50.5     HEAVY      STABLE     HEAVY     36.3     8   10.05     0     0   5.000  1024    0
   51.1     HEAVY      STABLE     HEAVY     35.7     6   10.05     0     0   5.000  1024    0
   51.8     HEAVY      STABLE     HEAVY     35.6     5    9.96     0     0   5.000  1024    0
   52.5     HEAVY      STABLE     HEAVY     33.0     6    9.87     0     0   5.000  1024    0
   53.2     HEAVY      STABLE     HEAVY     36.2     4    9.90     0     0   5.000  1024    0
   53.9  MODERATE      STABLE  MODERATE     25.4    11    9.92     0     0   5.000  1024    0
   54.6     HEAVY      STABLE     HEAVY     39.2     7    9.87     0     0   5.000  1024    0
   55.3     HEAVY      STABLE     HEAVY     37.4     8   10.03     0     0   5.000  1024    0
   56.2  MODERATE      STABLE  MODERATE     25.8     7    7.24     0     0   5.000  1024    0
   56.8     HEAVY      STABLE     HEAVY     36.7     6   10.01     0     0   5.000  1024    0
   57.5     HEAVY      STABLE     HEAVY     33.5     8    9.95     0     0   5.000  1024    0
   58.1     HEAVY      STABLE     HEAVY     34.3     6   10.01     0     0   5.000  1024    0
   58.8     HEAVY      STABLE     HEAVY     38.0     6    9.93     0     0   5.000  1024    0
   59.4  MODERATE      STABLE  MODERATE     18.0     0    6.25     0     0   5.000  1024    0

Done — 89 ticks, 0 adjustments (0 predictive), mode=tc-only
