
==============================================================================
  ACAPE v6.0.0   mode=tc-only   qdisc=fq_codel handle=10:
  metrics -> results_sweep/rtt5/fq_codel_acape_steady_s3/acape_metrics_ctl.csv
==============================================================================
      t    regime        traj      pred     dr/s    bl    tput flows eleph  tgt_ms   lim  adj
---------------------------------------------------------------------------------------------
    0.9     HEAVY      STABLE     HEAVY     60.6     8   10.13     0     0   5.000  1024    0
    1.6     HEAVY      STABLE     HEAVY     53.6     9   10.09     0     0   5.000  1024    0
    2.2     HEAVY      STABLE     HEAVY     56.5    12   10.11     0     0   5.000  1024    0
    2.9     HEAVY      STABLE     HEAVY     53.4    12    9.91     0     0   5.000  1024    0
    3.6     HEAVY      STABLE     HEAVY     55.2    15    9.99     0     0   5.000  1024    0
    4.3     HEAVY      STABLE     HEAVY     57.8    14    9.89     0     0   5.000  1024    0
    4.9     HEAVY      STABLE     HEAVY     60.8    15   10.24     0     0   5.000  1024    0
    5.6     HEAVY      STABLE     HEAVY     53.8    12    9.70     0     0   5.000  1024    0
    6.3     HEAVY      STABLE     HEAVY     60.7    12   10.26     0     0   5.000  1024    0
    6.9     HEAVY      STABLE     HEAVY     49.1    14   10.03     0     0   4.500   921    1
    7.9     HEAVY      STABLE     HEAVY     60.4     9    9.93     0     0   4.500   921    1
    8.7     HEAVY      STABLE     HEAVY     67.8    12   10.03     0     0   4.500   921    1
    9.3     HEAVY      STABLE     HEAVY     70.4    13   10.03     0     0   4.500   921    1
   10.0     HEAVY      STABLE     HEAVY     70.9    11    9.99     0     0   4.500   921    1
   10.8     HEAVY      STABLE     HEAVY     53.5    13    7.14     0     0   4.500   921    1
   11.5     HEAVY      STABLE     HEAVY     71.1     9   10.06     0     0   4.500   921    1
   12.1     HEAVY      STABLE     HEAVY     67.2    15   10.00     0     0   4.500   921    1
   12.8     HEAVY      STABLE     HEAVY     66.5    12    9.99     0     0   4.500   921    1
   13.4     HEAVY      STABLE     HEAVY     65.8    15   10.04     0     0   4.500   921    1
   14.1     HEAVY      STABLE     HEAVY     66.7    15    9.94     0     0   4.050   828    2
   15.0     HEAVY      STABLE     HEAVY     77.2    11    9.99     0     0   4.050   828    2
   15.7     HEAVY      STABLE     HEAVY     74.3    14   10.00     0     0   4.050   828    2
   16.3     HEAVY      STABLE     HEAVY     79.7    14    9.94     0     0   4.050   828    2
   17.0     HEAVY      STABLE     HEAVY     73.0    11    9.99     0     0   4.050   828    2
   17.7     HEAVY      STABLE     HEAVY     71.0    13   10.01     0     0   4.050   828    2
   18.3     HEAVY      STABLE     HEAVY     73.9    12   10.05     0     0   4.050   828    2
   18.9     HEAVY      STABLE     HEAVY     75.4    10   10.04     0     0   4.050   828    2
   19.6     HEAVY      STABLE     HEAVY     73.5    10    9.98     0     0   4.050   828    2
   20.3     HEAVY      STABLE     HEAVY     69.8    12    9.57     0     0   4.050   828    2
   21.0     HEAVY      STABLE     HEAVY     70.3    13   10.11     0     0   3.640   745    3
   21.9     HEAVY      STABLE     HEAVY     86.2     8   10.19     0     0   3.640   745    3
   22.6     HEAVY      STABLE     HEAVY     80.1     8   10.00     0     0   3.640   745    3
   23.3     HEAVY      STABLE     HEAVY     83.6    12   10.05     0     0   3.640   745    3
   23.9     HEAVY      STABLE     HEAVY     83.1    11    9.80     0     0   3.640   745    3
   24.6     HEAVY      STABLE     HEAVY     83.0    12    9.94     0     0   3.640   745    3
   25.3     HEAVY      STABLE     HEAVY     85.3    13   10.10     0     0   3.640   745    3
   25.9     HEAVY      STABLE     HEAVY     89.6     7    9.93     0     0   3.640   745    3
   26.6     HEAVY      STABLE     HEAVY     86.7    10   10.03     0     0   3.640   745    3
   27.2     HEAVY      STABLE     HEAVY     83.5    12   10.03     0     0   3.640   745    3
   27.9     HEAVY      STABLE     HEAVY     87.7    12    9.89     0     0   3.270   670    4
   28.9     HEAVY      STABLE     HEAVY     95.8     0   10.04     0     0   3.270   670    4
   29.5     HEAVY      STABLE     HEAVY     99.4    14   10.01     0     0   3.270   670    4
   30.1     HEAVY      STABLE     HEAVY     97.4    16   10.00     0     0   3.270   670    4
   30.8     HEAVY      STABLE     HEAVY    100.3    11    9.82     0     0   3.270   670    4
   31.5     HEAVY      STABLE     HEAVY    105.1    12   10.24     0     0   3.270   670    4
   32.1     HEAVY      STABLE     HEAVY    101.5    12    9.95     0     0   3.270   670    4
   32.8     HEAVY      STABLE     HEAVY    109.2    11   10.04     0     0   3.270   670    4
   33.5     HEAVY      STABLE     HEAVY     96.2     7    9.89     0     0   3.270   670    4
   34.1     HEAVY      STABLE     HEAVY     98.6    14   10.03     0     0   3.270   670    4
   34.8     HEAVY      STABLE     HEAVY    102.2    11   10.04     0     0   2.940   603    5
   35.8     HEAVY      STABLE     HEAVY     98.7    14    9.96     0     0   2.940   603    5
   36.4     HEAVY      STABLE     HEAVY    109.2     8   10.04     0     0   2.940   603    5
   37.1     HEAVY      STABLE     HEAVY    105.1    13   10.02     0     0   2.940   603    5
   37.7     HEAVY      STABLE     HEAVY    113.3     8   10.00     0     0   2.940   603    5
   38.4     HEAVY      STABLE     HEAVY    110.7    14   10.01     0     0   2.940   603    5
   39.1     HEAVY      STABLE     HEAVY    106.4    13    9.60     0     0   2.940   603    5
   39.8     HEAVY      STABLE     HEAVY    112.1    12   10.02     0     0   2.940   603    5
   40.5     HEAVY      STABLE     HEAVY    103.6     8    9.96     0     0   2.940   603    5
   41.1     HEAVY      STABLE     HEAVY    114.6    13   10.01     0     0   2.940   603    5
   41.8     HEAVY      STABLE     HEAVY    109.0    17    9.99     0     0   2.640   542    6
   42.7     HEAVY      STABLE     HEAVY    125.9     5   10.02     0     0   2.640   542    6
   43.4     HEAVY      STABLE     HEAVY    134.7    12    9.98     0     0   2.640   542    6
   44.0     HEAVY      STABLE     HEAVY    124.0     6    9.96     0     0   2.640   542    6
   44.7     HEAVY      STABLE     HEAVY    133.2    12   10.06     0     0   2.640   542    6
   45.3     HEAVY      STABLE     HEAVY    133.7    10   10.03     0     0   2.640   542    6
   46.0     HEAVY      STABLE     HEAVY    121.4    11    9.93     0     0   2.640   542    6
   46.7     HEAVY      STABLE     HEAVY    129.7    10    9.92     0     0   2.640   542    6
   47.3     HEAVY      STABLE     HEAVY    123.5    10   10.09     0     0   2.640   542    6
   48.0     HEAVY      STABLE     HEAVY    135.4     9   10.04     0     0   2.640   542    6
   48.7     HEAVY      STABLE     HEAVY    112.6    11    9.98     0     0   2.380   487    7
   49.7     HEAVY      STABLE     HEAVY    145.9     9   10.02     0     0   2.380   487    7
   50.4     HEAVY      STABLE     HEAVY    144.6    10    9.89     0     0   2.380   487    7
   51.0     HEAVY      STABLE     HEAVY    134.9    10   10.07     0     0   2.380   487    7
   51.6     HEAVY      STABLE     HEAVY    121.8    16   10.03     0     0   2.380   487    7
   52.3     HEAVY      STABLE     HEAVY    164.9     7    9.90     0     0   2.380   487    7
   53.0     HEAVY      STABLE     HEAVY    137.8     9   10.13     0     0   2.380   487    7
   53.6     HEAVY      STABLE     HEAVY    135.8    12    9.99     0     0   2.380   487    7
   54.3     HEAVY      STABLE     HEAVY    141.9    13    9.89     0     0   2.380   487    7
   54.9     HEAVY      STABLE     HEAVY    126.5    12    9.99     0     0   2.380   487    7
   55.6     HEAVY      STABLE     HEAVY    154.4    11    9.98     0     0   2.140   438    8
   56.5     HEAVY      STABLE     HEAVY    133.7     9    9.94     0     0   2.140   438    8
   57.2     HEAVY      STABLE     HEAVY    153.2    10   10.13     0     0   2.140   438    8
   57.8     HEAVY      STABLE     HEAVY    138.8     9   10.01     0     0   2.140   438    8
   58.5     HEAVY      STABLE     HEAVY    147.4     8    9.89     0     0   2.140   438    8
   59.1     HEAVY      STABLE     HEAVY     99.9     0    6.85     0     0   2.140   438    8
   59.8    NORMAL      STABLE    NORMAL      0.0     0    0.00     0     0   2.140   438    8

Done — 87 ticks, 8 adjustments (0 predictive), mode=tc-only
