[acape] bounds for target 80.0ms: target 3.2-320ms interval 320-4.8e+03ms

==============================================================================
  ACAPE v6.0.0   mode=tc-only   qdisc=fq_codel handle=10:
  metrics -> results_law/ratio_t80_r80/fq_codel_acape_t80_steady_s3/acape_metrics_ctl.csv
==============================================================================
      t    regime        traj      pred     dr/s    bl    tput flows eleph  tgt_ms   lim  adj
---------------------------------------------------------------------------------------------
    8.3     HEAVY      STABLE     HEAVY      4.6    45   10.00     0     0  80.000  1024    0
   16.5     HEAVY      STABLE     HEAVY      3.7    48    9.99     0     0  80.000  1024    0
   24.7     HEAVY      STABLE     HEAVY      3.8    39    9.98     0     0  80.000  1024    0
   32.9     HEAVY      STABLE     HEAVY      3.3    50   10.00     0     0  80.000  1024    0
   41.0     HEAVY      STABLE     HEAVY      3.8    42   10.00     0     0  80.000  1024    0
   49.2     HEAVY      STABLE     HEAVY      3.4    48    9.99     0     0  80.000  1024    0
   57.4     HEAVY      STABLE     HEAVY      3.5    43    9.92     0     0  80.000  1024    0
   65.6     HEAVY      STABLE     HEAVY      3.4    50   10.02     0     0  80.000  1024    0
   73.8     HEAVY      STABLE     HEAVY      3.8    43    9.99     0     0  80.000  1024    0
   82.0     HEAVY      STABLE     HEAVY      3.3    48    9.98     0     0  72.000   921    1
   90.6     HEAVY      STABLE     HEAVY      3.7    52   10.01     0     0  72.000   921    1
   98.7     HEAVY      STABLE     HEAVY      4.0    39    9.99     0     0  72.000   921    1
  106.9     HEAVY      STABLE     HEAVY      3.4    50   10.01     0     0  72.000   921    1
  115.1     HEAVY      STABLE     HEAVY      3.8    43    9.99     0     0  72.000   921    1
  123.2     HEAVY      STABLE     HEAVY      3.7    46    9.70     0     0  72.000   921    1
  131.4     HEAVY      STABLE     HEAVY      3.9    39    9.99     0     0  72.000   921    1
  139.6     HEAVY      STABLE     HEAVY      3.5    43   10.00     0     0  72.000   921    1
  147.8     HEAVY      STABLE     HEAVY      3.8    44    9.99     0     0  72.000   921    1
  155.9     HEAVY      STABLE     HEAVY      3.8    39    9.99     0     0  72.000   921    1
  164.2     HEAVY      STABLE     HEAVY      3.6    44   10.00     0     0  64.800   828    2
  172.8     HEAVY      STABLE     HEAVY      4.5    40    9.96     0     0  64.800   828    2
  181.0     HEAVY      STABLE     HEAVY      4.2    45   10.00     0     0  64.800   828    2
  189.1     HEAVY      STABLE     HEAVY      4.7    41   10.00     0     0  64.800   828    2
  197.3     HEAVY      STABLE     HEAVY      4.4    42    9.98     0     0  64.800   828    2
  205.5     HEAVY      STABLE     HEAVY      4.5    41   10.01     0     0  64.800   828    2
  213.7     HEAVY      STABLE     HEAVY      4.4    45   10.00     0     0  64.800   828    2
  221.9     HEAVY      STABLE     HEAVY      4.4    40    9.98     0     0  64.800   828    2
  230.0     HEAVY      STABLE     HEAVY      4.3    46   10.01     0     0  64.800   828    2
