-----------------------------------------------------------
Server listening on 5202 (test #1)
-----------------------------------------------------------
Accepted connection from 192.168.1.2, port 60084
[  5] local 192.168.2.2 port 5202 connected to 192.168.1.2 port 60583
[  6] local 192.168.2.2 port 5202 connected to 192.168.1.2 port 57330
[  9] local 192.168.2.2 port 5202 connected to 192.168.1.2 port 48646
[ ID] Interval           Transfer     Bitrate         Jitter    Lost/Total Datagrams
[  5]   0.00-1.00   sec  24.0 KBytes   197 Kbits/sec  1.812 ms  0/82 (0%)  
[  6]   0.00-1.00   sec  21.7 KBytes   177 Kbits/sec  7.690 ms  7/81 (8.6%)  
[  9]   0.00-1.00   sec  24.0 KBytes   197 Kbits/sec  2.494 ms  0/82 (0%)  
[SUM]   0.00-1.00   sec  69.7 KBytes   571 Kbits/sec  3.999 ms  7/245 (2.9%)  
- - - - - - - - - - - - - - - - - - - - - - - - -
[  5]   1.00-2.00   sec  24.3 KBytes   199 Kbits/sec  1.929 ms  0/83 (0%)  
[  6]   1.00-2.00   sec  20.8 KBytes   170 Kbits/sec  9.614 ms  10/81 (12%)  
[  9]   1.00-2.00   sec  24.3 KBytes   199 Kbits/sec  2.512 ms  0/83 (0%)  
[SUM]   1.00-2.00   sec  69.4 KBytes   569 Kbits/sec  4.685 ms  10/247 (4%)  
- - - - - - - - - - - - - - - - - - - - - - - - -
[  5]   2.00-3.00   sec  24.3 KBytes   199 Kbits/sec  1.998 ms  0/83 (0%)  
[  6]   2.00-3.00   sec  21.1 KBytes   173 Kbits/sec  9.050 ms  11/83 (13%)  
[  9]   2.00-3.00   sec  24.3 KBytes   199 Kbits/sec  1.600 ms  0/83 (0%)  
[SUM]   2.00-3.00   sec  69.7 KBytes   571 Kbits/sec  4.216 ms  11/249 (4.4%)  
- - - - - - - - - - - - - - - - - - - - - - - - -
[  5]   3.00-4.00   sec  24.6 KBytes   201 Kbits/sec  2.068 ms  0/84 (0%)  
[  6]   3.00-4.00   sec  20.8 KBytes   170 Kbits/sec  8.302 ms  13/84 (15%)  
[  9]   3.00-4.00   sec  24.6 KBytes   201 Kbits/sec  1.998 ms  0/84 (0%)  
[SUM]   3.00-4.00   sec  70.0 KBytes   572 Kbits/sec  4.123 ms  13/252 (5.2%)  
- - - - - - - - - - - - - - - - - - - - - - - - -
[  5]   4.00-5.00   sec  24.3 KBytes   200 Kbits/sec  2.393 ms  0/83 (0%)  
[  6]   4.00-5.00   sec  22.0 KBytes   180 Kbits/sec  10.941 ms  10/85 (12%)  
[  9]   4.00-5.00   sec  24.3 KBytes   200 Kbits/sec  2.333 ms  0/83 (0%)  
[SUM]   4.00-5.00   sec  70.6 KBytes   580 Kbits/sec  5.222 ms  10/251 (4%)  
- - - - - - - - - - - - - - - - - - - - - - - - -
[  5]   5.00-6.00   sec  24.3 KBytes   199 Kbits/sec  2.179 ms  0/83 (0%)  
[  6]   5.00-6.00   sec  19.3 KBytes   158 Kbits/sec  8.572 ms  16/82 (20%)  
[  9]   5.00-6.00   sec  24.3 KBytes   199 Kbits/sec  2.706 ms  0/83 (0%)  
[SUM]   5.00-6.00   sec  68.0 KBytes   557 Kbits/sec  4.486 ms  16/248 (6.5%)  
- - - - - - - - - - - - - - - - - - - - - - - - -
[  5]   6.00-7.00   sec  24.6 KBytes   201 Kbits/sec  2.277 ms  0/84 (0%)  
[  6]   6.00-7.00   sec  16.4 KBytes   134 Kbits/sec  9.319 ms  28/84 (33%)  
[  9]   6.00-7.00   sec  24.6 KBytes   201 Kbits/sec  1.520 ms  0/84 (0%)  
[SUM]   6.00-7.00   sec  65.6 KBytes   537 Kbits/sec  4.372 ms  28/252 (11%)  
- - - - - - - - - - - - - - - - - - - - - - - - -
[  5]   7.00-8.00   sec  24.3 KBytes   199 Kbits/sec  1.498 ms  0/83 (0%)  
[  6]   7.00-8.00   sec  20.8 KBytes   171 Kbits/sec  10.327 ms  12/83 (14%)  
[  9]   7.00-8.00   sec  24.3 KBytes   199 Kbits/sec  1.546 ms  0/83 (0%)  
[SUM]   7.00-8.00   sec  69.4 KBytes   570 Kbits/sec  4.457 ms  12/249 (4.8%)  
- - - - - - - - - - - - - - - - - - - - - - - - -
[  5]   8.00-9.00   sec  24.6 KBytes   201 Kbits/sec  1.459 ms  0/84 (0%)  
[  6]   8.00-9.00   sec  16.4 KBytes   134 Kbits/sec  8.748 ms  24/80 (30%)  
[  9]   8.00-9.00   sec  24.3 KBytes   199 Kbits/sec  1.995 ms  0/83 (0%)  
[SUM]   8.00-9.00   sec  65.3 KBytes   535 Kbits/sec  4.067 ms  24/247 (9.7%)  
- - - - - - - - - - - - - - - - - - - - - - - - -
[  5]   9.00-10.00  sec  24.3 KBytes   199 Kbits/sec  1.669 ms  0/83 (0%)  
[  6]   9.00-10.00  sec  18.8 KBytes   153 Kbits/sec  8.536 ms  22/86 (26%)  
[  9]   9.00-10.00  sec  24.6 KBytes   201 Kbits/sec  1.469 ms  0/84 (0%)  
[SUM]   9.00-10.00  sec  67.7 KBytes   554 Kbits/sec  3.891 ms  22/253 (8.7%)  
- - - - - - - - - - - - - - - - - - - - - - - - -
[  5]  10.00-11.00  sec  24.3 KBytes   199 Kbits/sec  2.275 ms  0/83 (0%)  
[  6]  10.00-11.00  sec  18.5 KBytes   151 Kbits/sec  9.250 ms  19/82 (23%)  
[  9]  10.00-11.00  sec  24.3 KBytes   199 Kbits/sec  2.164 ms  0/83 (0%)  
[SUM]  10.00-11.00  sec  67.1 KBytes   550 Kbits/sec  4.563 ms  19/248 (7.7%)  
- - - - - - - - - - - - - - - - - - - - - - - - -
[  5]  11.00-12.00  sec  24.3 KBytes   199 Kbits/sec  1.658 ms  0/83 (0%)  
[  6]  11.00-12.00  sec  20.5 KBytes   168 Kbits/sec  9.298 ms  16/86 (19%)  
[  9]  11.00-12.00  sec  24.3 KBytes   199 Kbits/sec  1.704 ms  0/83 (0%)  
[SUM]  11.00-12.00  sec  69.1 KBytes   566 Kbits/sec  4.220 ms  16/252 (6.3%)  
- - - - - - - - - - - - - - - - - - - - - - - - -
[  5]  12.00-13.00  sec  24.6 KBytes   202 Kbits/sec  2.006 ms  0/84 (0%)  
[  6]  12.00-13.00  sec  21.1 KBytes   173 Kbits/sec  9.707 ms  11/83 (13%)  
[  9]  12.00-13.00  sec  24.6 KBytes   202 Kbits/sec  1.205 ms  0/84 (0%)  
[SUM]  12.00-13.00  sec  70.3 KBytes   576 Kbits/sec  4.306 ms  11/251 (4.4%)  
- - - - - - - - - - - - - - - - - - - - - - - - -
[  5]  13.00-14.00  sec  24.3 KBytes   199 Kbits/sec  1.809 ms  0/83 (0%)  
[  6]  13.00-14.00  sec  20.2 KBytes   165 Kbits/sec  10.630 ms  15/84 (18%)  
[  9]  13.00-14.00  sec  24.3 KBytes   199 Kbits/sec  1.701 ms  0/83 (0%)  
[SUM]  13.00-14.00  sec  68.8 KBytes   563 Kbits/sec  4.713 ms  15/250 (6%)  
- - - - - - - - - - - - - - - - - - - - - - - - -
[  5]  14.00-15.00  sec  24.3 KBytes   200 Kbits/sec  2.554 ms  0/83 (0%)  
[  6]  14.00-15.00  sec  18.8 KBytes   154 Kbits/sec  9.044 ms  21/85 (25%)  
[  9]  14.00-15.00  sec  24.3 KBytes   200 Kbits/sec  1.825 ms  0/83 (0%)  
[SUM]  14.00-15.00  sec  67.4 KBytes   553 Kbits/sec  4.474 ms  21/251 (8.4%)  
- - - - - - - - - - - - - - - - - - - - - - - - -
[  5]  15.00-16.00  sec  24.6 KBytes   202 Kbits/sec  1.699 ms  0/84 (0%)  
[  6]  15.00-16.00  sec  22.6 KBytes   185 Kbits/sec  12.105 ms  3/80 (3.8%)  
[  9]  15.00-16.00  sec  24.3 KBytes   199 Kbits/sec  1.742 ms  0/83 (0%)  
[SUM]  15.00-16.00  sec  71.5 KBytes   586 Kbits/sec  5.182 ms  3/247 (1.2%)  
- - - - - - - - - - - - - - - - - - - - - - - - -
[  5]  16.00-17.00  sec  24.3 KBytes   199 Kbits/sec  1.418 ms  0/83 (0%)  
[  6]  16.00-17.00  sec  22.6 KBytes   185 Kbits/sec  8.136 ms  6/83 (7.2%)  
[  9]  16.00-17.00  sec  24.6 KBytes   202 Kbits/sec  1.821 ms  0/84 (0%)  
[SUM]  16.00-17.00  sec  71.5 KBytes   586 Kbits/sec  3.792 ms  6/250 (2.4%)  
- - - - - - - - - - - - - - - - - - - - - - - - -
[  5]  17.00-18.00  sec  24.6 KBytes   201 Kbits/sec  1.585 ms  0/84 (0%)  
[  6]  17.00-18.00  sec  19.9 KBytes   163 Kbits/sec  9.382 ms  16/84 (19%)  
[  9]  17.00-18.00  sec  24.6 KBytes   201 Kbits/sec  1.519 ms  0/84 (0%)  
[SUM]  17.00-18.00  sec  69.1 KBytes   565 Kbits/sec  4.162 ms  16/252 (6.3%)  
- - - - - - - - - - - - - - - - - - - - - - - - -
[  5]  18.00-19.00  sec  24.3 KBytes   199 Kbits/sec  1.524 ms  0/83 (0%)  
[  6]  18.00-19.00  sec  21.1 KBytes   173 Kbits/sec  8.442 ms  12/84 (14%)  
[  9]  18.00-19.00  sec  24.3 KBytes   199 Kbits/sec  1.405 ms  0/83 (0%)  
[SUM]  18.00-19.00  sec  69.7 KBytes   571 Kbits/sec  3.791 ms  12/250 (4.8%)  
- - - - - - - - - - - - - - - - - - - - - - - - -
[  5]  19.00-20.00  sec  24.3 KBytes   199 Kbits/sec  1.541 ms  0/83 (0%)  
[  6]  19.00-20.00  sec  21.4 KBytes   175 Kbits/sec  9.837 ms  10/83 (12%)  
[  9]  19.00-20.00  sec  24.3 KBytes   199 Kbits/sec  1.899 ms  0/83 (0%)  
[SUM]  19.00-20.00  sec  70.0 KBytes   573 Kbits/sec  4.426 ms  10/249 (4%)  
- - - - - - - - - - - - - - - - - - - - - - - - -
[  5]  20.00-21.00  sec  24.6 KBytes   202 Kbits/sec  2.201 ms  0/84 (0%)  
[  6]  20.00-21.00  sec  18.8 KBytes   154 Kbits/sec  8.478 ms  20/84 (24%)  
[  9]  20.00-21.00  sec  24.3 KBytes   199 Kbits/sec  1.833 ms  0/83 (0%)  
[SUM]  20.00-21.00  sec  67.7 KBytes   555 Kbits/sec  4.171 ms  20/251 (8%)  
- - - - - - - - - - - - - - - - - - - - - - - - -
[  5]  21.00-22.00  sec  24.3 KBytes   199 Kbits/sec  2.002 ms  0/83 (0%)  
[  6]  21.00-22.00  sec  19.9 KBytes   163 Kbits/sec  10.326 ms  15/83 (18%)  
[  9]  21.00-22.00  sec  24.6 KBytes   201 Kbits/sec  2.479 ms  0/84 (0%)  
[SUM]  21.00-22.00  sec  68.8 KBytes   563 Kbits/sec  4.936 ms  15/250 (6%)  
- - - - - - - - - - - - - - - - - - - - - - - - -
[  5]  22.00-23.00  sec  24.3 KBytes   200 Kbits/sec  1.246 ms  0/83 (0%)  
[  6]  22.00-23.00  sec  21.7 KBytes   178 Kbits/sec  8.178 ms  8/82 (9.8%)  
[  9]  22.00-23.00  sec  24.3 KBytes   200 Kbits/sec  1.927 ms  0/83 (0%)  
[SUM]  22.00-23.00  sec  70.3 KBytes   577 Kbits/sec  3.783 ms  8/248 (3.2%)  
- - - - - - - - - - - - - - - - - - - - - - - - -
[  5]  23.00-24.00  sec  24.3 KBytes   199 Kbits/sec  1.218 ms  0/83 (0%)  
[  6]  23.00-24.00  sec  20.5 KBytes   168 Kbits/sec  7.026 ms  14/84 (17%)  
[  9]  23.00-24.00  sec  24.3 KBytes   199 Kbits/sec  1.477 ms  0/83 (0%)  
[SUM]  23.00-24.00  sec  69.1 KBytes   566 Kbits/sec  3.240 ms  14/250 (5.6%)  
- - - - - - - - - - - - - - - - - - - - - - - - -
[  5]  24.00-25.00  sec  24.6 KBytes   202 Kbits/sec  1.828 ms  0/84 (0%)  
[  6]  24.00-25.00  sec  20.5 KBytes   168 Kbits/sec  9.572 ms  12/82 (15%)  
[  9]  24.00-25.00  sec  24.6 KBytes   202 Kbits/sec  1.432 ms  0/84 (0%)  
[SUM]  24.00-25.00  sec  69.7 KBytes   572 Kbits/sec  4.277 ms  12/250 (4.8%)  
- - - - - - - - - - - - - - - - - - - - - - - - -
[  5]  25.00-26.00  sec  24.3 KBytes   199 Kbits/sec  1.245 ms  0/83 (0%)  
[  6]  25.00-26.00  sec  19.3 KBytes   158 Kbits/sec  10.028 ms  18/84 (21%)  
[  9]  25.00-26.00  sec  24.3 KBytes   199 Kbits/sec  1.801 ms  0/83 (0%)  
[SUM]  25.00-26.00  sec  68.0 KBytes   557 Kbits/sec  4.358 ms  18/250 (7.2%)  
- - - - - - - - - - - - - - - - - - - - - - - - -
[  5]  26.00-27.00  sec  24.3 KBytes   199 Kbits/sec  1.744 ms  0/83 (0%)  
[  6]  26.00-27.00  sec  17.3 KBytes   141 Kbits/sec  9.658 ms  26/85 (31%)  
[  9]  26.00-27.00  sec  24.6 KBytes   201 Kbits/sec  1.865 ms  0/84 (0%)  
[SUM]  26.00-27.00  sec  66.2 KBytes   541 Kbits/sec  4.423 ms  26/252 (10%)  
- - - - - - - - - - - - - - - - - - - - - - - - -
[  5]  27.00-28.00  sec  24.6 KBytes   202 Kbits/sec  1.733 ms  0/84 (0%)  
[  6]  27.00-28.00  sec  17.3 KBytes   142 Kbits/sec  7.976 ms  26/85 (31%)  
[  9]  27.00-28.00  sec  24.3 KBytes   200 Kbits/sec  2.025 ms  0/83 (0%)  
[SUM]  27.00-28.00  sec  66.2 KBytes   544 Kbits/sec  3.912 ms  26/252 (10%)  
- - - - - - - - - - - - - - - - - - - - - - - - -
[  5]  28.00-29.00  sec  24.3 KBytes   199 Kbits/sec  1.512 ms  0/83 (0%)  
[  6]  28.00-29.00  sec  20.2 KBytes   166 Kbits/sec  10.740 ms  12/81 (15%)  
[  9]  28.00-29.00  sec  24.3 KBytes   199 Kbits/sec  1.431 ms  0/83 (0%)  
[SUM]  28.00-29.00  sec  68.8 KBytes   564 Kbits/sec  4.561 ms  12/247 (4.9%)  
- - - - - - - - - - - - - - - - - - - - - - - - -
[  5]  29.00-30.00  sec  24.3 KBytes   199 Kbits/sec  1.657 ms  0/83 (0%)  
[  6]  29.00-30.00  sec  21.1 KBytes   173 Kbits/sec  9.836 ms  12/84 (14%)  
[  9]  29.00-30.00  sec  24.6 KBytes   202 Kbits/sec  1.535 ms  0/84 (0%)  
[SUM]  29.00-30.00  sec  70.0 KBytes   574 Kbits/sec  4.343 ms  12/251 (4.8%)  
- - - - - - - - - - - - - - - - - - - - - - - - -
[  5]  30.00-31.00  sec  24.6 KBytes   202 Kbits/sec  1.676 ms  0/84 (0%)  
[  6]  30.00-31.00  sec  18.8 KBytes   154 Kbits/sec  9.908 ms  16/80 (20%)  
[  9]  30.00-31.00  sec  24.3 KBytes   199 Kbits/sec  1.674 ms  0/83 (0%)  
[SUM]  30.00-31.00  sec  67.7 KBytes   554 Kbits/sec  4.419 ms  16/247 (6.5%)  
- - - - - - - - - - - - - - - - - - - - - - - - -
[  5]  31.00-32.00  sec  24.0 KBytes   197 Kbits/sec  1.483 ms  0/82 (0%)  
[  6]  31.00-32.00  sec  21.4 KBytes   175 Kbits/sec  11.359 ms  13/86 (15%)  
[  9]  31.00-32.00  sec  24.3 KBytes   199 Kbits/sec  1.489 ms  0/83 (0%)  
[SUM]  31.00-32.00  sec  69.7 KBytes   571 Kbits/sec  4.777 ms  13/251 (5.2%)  
- - - - - - - - - - - - - - - - - - - - - - - - -
[  5]  32.00-33.00  sec  24.6 KBytes   202 Kbits/sec  1.606 ms  0/84 (0%)  
[  6]  32.00-33.00  sec  15.8 KBytes   130 Kbits/sec  9.137 ms  27/81 (33%)  
[  9]  32.00-33.00  sec  24.6 KBytes   201 Kbits/sec  1.470 ms  0/84 (0%)  
[SUM]  32.00-33.00  sec  65.0 KBytes   533 Kbits/sec  4.071 ms  27/249 (11%)  
- - - - - - - - - - - - - - - - - - - - - - - - -
[  5]  33.00-34.00  sec  24.6 KBytes   202 Kbits/sec  1.766 ms  0/84 (0%)  
[  6]  33.00-34.00  sec  19.9 KBytes   163 Kbits/sec  10.051 ms  19/87 (22%)  
[  9]  33.00-34.00  sec  24.3 KBytes   199 Kbits/sec  1.351 ms  0/83 (0%)  
[SUM]  33.00-34.00  sec  68.8 KBytes   564 Kbits/sec  4.389 ms  19/254 (7.5%)  
- - - - - - - - - - - - - - - - - - - - - - - - -
[  5]  34.00-35.00  sec  24.3 KBytes   199 Kbits/sec  2.132 ms  0/83 (0%)  
[  6]  34.00-35.00  sec  19.3 KBytes   158 Kbits/sec  6.920 ms  18/84 (21%)  
[  9]  34.00-35.00  sec  24.3 KBytes   199 Kbits/sec  1.902 ms  0/83 (0%)  
[SUM]  34.00-35.00  sec  68.0 KBytes   557 Kbits/sec  3.651 ms  18/250 (7.2%)  
- - - - - - - - - - - - - - - - - - - - - - - - -
[  5]  35.00-36.00  sec  24.3 KBytes   199 Kbits/sec  3.194 ms  0/83 (0%)  
[  6]  35.00-36.00  sec  19.9 KBytes   163 Kbits/sec  9.334 ms  14/82 (17%)  
[  9]  35.00-36.00  sec  24.3 KBytes   199 Kbits/sec  3.326 ms  0/83 (0%)  
[SUM]  35.00-36.00  sec  68.6 KBytes   561 Kbits/sec  5.285 ms  14/248 (5.6%)  
- - - - - - - - - - - - - - - - - - - - - - - - -
[  5]  36.00-37.00  sec  24.6 KBytes   201 Kbits/sec  1.933 ms  0/84 (0%)  
[  6]  36.00-37.00  sec  18.5 KBytes   151 Kbits/sec  8.339 ms  19/82 (23%)  
[  9]  36.00-37.00  sec  24.6 KBytes   201 Kbits/sec  2.307 ms  0/84 (0%)  
[SUM]  36.00-37.00  sec  67.7 KBytes   554 Kbits/sec  4.193 ms  19/250 (7.6%)  
- - - - - - - - - - - - - - - - - - - - - - - - -
[  5]  37.00-38.00  sec  24.3 KBytes   199 Kbits/sec  1.312 ms  0/83 (0%)  
[  6]  37.00-38.00  sec  19.9 KBytes   163 Kbits/sec  9.068 ms  15/83 (18%)  
[  9]  37.00-38.00  sec  24.3 KBytes   199 Kbits/sec  1.138 ms  0/83 (0%)  
[SUM]  37.00-38.00  sec  68.6 KBytes   562 Kbits/sec  3.839 ms  15/249 (6%)  
- - - - - - - - - - - - - - - - - - - - - - - - -
[  5]  38.00-39.00  sec  24.3 KBytes   199 Kbits/sec  1.820 ms  0/83 (0%)  
[  6]  38.00-39.00  sec  18.5 KBytes   151 Kbits/sec  7.717 ms  22/85 (26%)  
[  9]  38.00-39.00  sec  24.6 KBytes   202 Kbits/sec  1.914 ms  0/84 (0%)  
[SUM]  38.00-39.00  sec  67.4 KBytes   552 Kbits/sec  3.817 ms  22/252 (8.7%)  
- - - - - - - - - - - - - - - - - - - - - - - - -
[  5]  39.00-40.00  sec  19.9 KBytes   163 Kbits/sec  1.697 ms  0/68 (0%)  
[  6]  39.00-40.00  sec  20.8 KBytes   170 Kbits/sec  17.146 ms  8/79 (10%)  
[  9]  39.00-40.00  sec  23.1 KBytes   189 Kbits/sec  4.243 ms  0/79 (0%)  
[SUM]  39.00-40.00  sec  63.9 KBytes   522 Kbits/sec  7.695 ms  8/226 (3.5%)  
- - - - - - - - - - - - - - - - - - - - - - - - -
[  5]  40.00-41.00  sec  29.0 KBytes   238 Kbits/sec  1.735 ms  0/99 (0%)  
[  6]  40.00-41.00  sec  22.3 KBytes   183 Kbits/sec  9.684 ms  11/87 (13%)  
[  9]  40.00-41.00  sec  25.5 KBytes   210 Kbits/sec  1.803 ms  0/87 (0%)  
[SUM]  40.00-41.00  sec  76.8 KBytes   631 Kbits/sec  4.407 ms  11/273 (4%)  
- - - - - - - - - - - - - - - - - - - - - - - - -
[  5]  41.00-42.00  sec  24.3 KBytes   199 Kbits/sec  1.778 ms  0/83 (0%)  
[  6]  41.00-42.00  sec  17.3 KBytes   141 Kbits/sec  10.429 ms  24/83 (29%)  
[  9]  41.00-42.00  sec  24.3 KBytes   199 Kbits/sec  2.294 ms  0/83 (0%)  
[SUM]  41.00-42.00  sec  65.9 KBytes   539 Kbits/sec  4.834 ms  24/249 (9.6%)  
- - - - - - - - - - - - - - - - - - - - - - - - -
[  5]  42.00-43.00  sec  24.6 KBytes   202 Kbits/sec  1.651 ms  0/84 (0%)  
[  6]  42.00-43.00  sec  18.5 KBytes   151 Kbits/sec  9.158 ms  20/83 (24%)  
[  9]  42.00-43.00  sec  24.6 KBytes   202 Kbits/sec  1.620 ms  0/84 (0%)  
[SUM]  42.00-43.00  sec  67.7 KBytes   555 Kbits/sec  4.143 ms  20/251 (8%)  
- - - - - - - - - - - - - - - - - - - - - - - - -
[  5]  43.00-44.00  sec  24.3 KBytes   199 Kbits/sec  1.665 ms  0/83 (0%)  
[  6]  43.00-44.00  sec  20.2 KBytes   165 Kbits/sec  9.672 ms  15/84 (18%)  
[  9]  43.00-44.00  sec  24.3 KBytes   199 Kbits/sec  1.448 ms  0/83 (0%)  
[SUM]  43.00-44.00  sec  68.8 KBytes   562 Kbits/sec  4.262 ms  15/250 (6%)  
- - - - - - - - - - - - - - - - - - - - - - - - -
[  5]  44.00-45.00  sec  24.3 KBytes   200 Kbits/sec  1.829 ms  0/83 (0%)  
[  6]  44.00-45.00  sec  19.3 KBytes   159 Kbits/sec  10.012 ms  18/84 (21%)  
[  9]  44.00-45.00  sec  24.6 KBytes   202 Kbits/sec  2.361 ms  0/84 (0%)  
[SUM]  44.00-45.00  sec  68.3 KBytes   561 Kbits/sec  4.734 ms  18/251 (7.2%)  
- - - - - - - - - - - - - - - - - - - - - - - - -
[  5]  45.00-46.00  sec  24.6 KBytes   202 Kbits/sec  1.574 ms  0/84 (0%)  
[  6]  45.00-46.00  sec  18.2 KBytes   149 Kbits/sec  8.967 ms  19/81 (23%)  
[  9]  45.00-46.00  sec  24.3 KBytes   199 Kbits/sec  1.600 ms  0/83 (0%)  
[SUM]  45.00-46.00  sec  67.1 KBytes   550 Kbits/sec  4.047 ms  19/248 (7.7%)  
- - - - - - - - - - - - - - - - - - - - - - - - -
[  5]  46.00-47.00  sec  24.3 KBytes   199 Kbits/sec  1.726 ms  0/83 (0%)  
[  6]  46.00-47.00  sec  19.6 KBytes   161 Kbits/sec  11.242 ms  19/86 (22%)  
[  9]  46.00-47.00  sec  24.3 KBytes   199 Kbits/sec  1.577 ms  0/83 (0%)  
[SUM]  46.00-47.00  sec  68.3 KBytes   559 Kbits/sec  4.848 ms  19/252 (7.5%)  
- - - - - - - - - - - - - - - - - - - - - - - - -
[  5]  47.00-48.00  sec  24.3 KBytes   199 Kbits/sec  1.825 ms  0/83 (0%)  
[  6]  47.00-48.00  sec  19.9 KBytes   163 Kbits/sec  9.622 ms  14/82 (17%)  
[  9]  47.00-48.00  sec  24.3 KBytes   199 Kbits/sec  2.416 ms  0/83 (0%)  
[SUM]  47.00-48.00  sec  68.6 KBytes   562 Kbits/sec  4.621 ms  14/248 (5.6%)  
- - - - - - - - - - - - - - - - - - - - - - - - -
[  5]  48.00-49.00  sec  24.6 KBytes   201 Kbits/sec  1.696 ms  0/84 (0%)  
[  6]  48.00-49.00  sec  15.8 KBytes   129 Kbits/sec  9.575 ms  29/83 (35%)  
[  9]  48.00-49.00  sec  24.6 KBytes   201 Kbits/sec  1.864 ms  0/84 (0%)  
[SUM]  48.00-49.00  sec  65.0 KBytes   532 Kbits/sec  4.378 ms  29/251 (12%)  
- - - - - - - - - - - - - - - - - - - - - - - - -
[  5]  49.00-50.00  sec  24.3 KBytes   199 Kbits/sec  2.116 ms  0/83 (0%)  
[  6]  49.00-50.00  sec  21.1 KBytes   173 Kbits/sec  7.474 ms  12/84 (14%)  
[  9]  49.00-50.00  sec  24.3 KBytes   200 Kbits/sec  1.550 ms  0/83 (0%)  
[SUM]  49.00-50.00  sec  69.7 KBytes   572 Kbits/sec  3.713 ms  12/250 (4.8%)  
- - - - - - - - - - - - - - - - - - - - - - - - -
[  5]  50.00-51.00  sec  24.3 KBytes   199 Kbits/sec  1.314 ms  0/83 (0%)  
[  6]  50.00-51.00  sec  21.4 KBytes   175 Kbits/sec  7.128 ms  11/84 (13%)  
[  9]  50.00-51.00  sec  24.6 KBytes   201 Kbits/sec  1.463 ms  0/84 (0%)  
[SUM]  50.00-51.00  sec  70.3 KBytes   575 Kbits/sec  3.302 ms  11/251 (4.4%)  
- - - - - - - - - - - - - - - - - - - - - - - - -
[  5]  51.00-52.00  sec  24.6 KBytes   201 Kbits/sec  1.961 ms  0/84 (0%)  
[  6]  51.00-52.00  sec  20.2 KBytes   165 Kbits/sec  7.957 ms  16/85 (19%)  
[  9]  51.00-52.00  sec  24.3 KBytes   199 Kbits/sec  1.435 ms  0/83 (0%)  
[SUM]  51.00-52.00  sec  69.1 KBytes   566 Kbits/sec  3.784 ms  16/252 (6.3%)  
- - - - - - - - - - - - - - - - - - - - - - - - -
[  5]  52.00-53.00  sec  24.3 KBytes   199 Kbits/sec  1.861 ms  0/83 (0%)  
[  6]  52.00-53.00  sec  19.3 KBytes   159 Kbits/sec  9.350 ms  15/81 (19%)  
[  9]  52.00-53.00  sec  24.3 KBytes   200 Kbits/sec  1.519 ms  0/83 (0%)  
[SUM]  52.00-53.00  sec  68.0 KBytes   558 Kbits/sec  4.243 ms  15/247 (6.1%)  
- - - - - - - - - - - - - - - - - - - - - - - - -
[  5]  53.00-54.00  sec  24.3 KBytes   199 Kbits/sec  1.798 ms  0/83 (0%)  
[  6]  53.00-54.00  sec  20.8 KBytes   171 Kbits/sec  9.357 ms  10/81 (12%)  
[  9]  53.00-54.00  sec  24.3 KBytes   199 Kbits/sec  2.433 ms  0/83 (0%)  
[SUM]  53.00-54.00  sec  69.4 KBytes   569 Kbits/sec  4.529 ms  10/247 (4%)  
- - - - - - - - - - - - - - - - - - - - - - - - -
[  5]  54.00-55.00  sec  24.6 KBytes   202 Kbits/sec  1.481 ms  0/84 (0%)  
[  6]  54.00-55.00  sec  19.0 KBytes   156 Kbits/sec  8.830 ms  20/85 (24%)  
[  9]  54.00-55.00  sec  24.3 KBytes   199 Kbits/sec  1.994 ms  0/83 (0%)  
[SUM]  54.00-55.00  sec  68.0 KBytes   557 Kbits/sec  4.102 ms  20/252 (7.9%)  
- - - - - - - - - - - - - - - - - - - - - - - - -
[  5]  55.00-56.00  sec  24.3 KBytes   199 Kbits/sec  2.128 ms  0/83 (0%)  
[  6]  55.00-56.00  sec  20.2 KBytes   165 Kbits/sec  9.752 ms  14/83 (17%)  
[  9]  55.00-56.00  sec  24.6 KBytes   201 Kbits/sec  2.689 ms  0/84 (0%)  
[SUM]  55.00-56.00  sec  69.1 KBytes   565 Kbits/sec  4.856 ms  14/250 (5.6%)  
- - - - - - - - - - - - - - - - - - - - - - - - -
[  5]  56.00-56.04  sec   600 Bytes   130 Kbits/sec  1.987 ms  0/2 (0%)  
[  6]  56.00-56.04  sec   900 Bytes   195 Kbits/sec  10.742 ms  0/3 (0%)  
[  9]  56.00-56.04  sec   600 Bytes   130 Kbits/sec  2.708 ms  0/2 (0%)  
[SUM]  56.00-56.04  sec  2.05 KBytes   455 Kbits/sec  5.146 ms  0/7 (0%)  
- - - - - - - - - - - - - - - - - - - - - - - - -
[ ID] Interval           Transfer     Bitrate         Jitter    Lost/Total Datagrams
[  5]   0.00-56.04  sec  1.34 MBytes   200 Kbits/sec  1.987 ms  0/4667 (0%)  receiver
[  6]   0.00-56.04  sec  1.08 MBytes   162 Kbits/sec  10.742 ms  883/4665 (19%)  receiver
[  9]   0.00-56.04  sec  1.34 MBytes   200 Kbits/sec  2.708 ms  0/4667 (0%)  receiver
[SUM]   0.00-56.04  sec  3.75 MBytes   562 Kbits/sec  5.146 ms  883/13999 (6.3%)  receiver
