-----------------------------------------------------------
Server listening on 5202 (test #1)
-----------------------------------------------------------
Accepted connection from 192.168.1.2, port 46014
[  5] local 192.168.2.2 port 5202 connected to 192.168.1.2 port 43961
[  6] local 192.168.2.2 port 5202 connected to 192.168.1.2 port 36986
[  9] local 192.168.2.2 port 5202 connected to 192.168.1.2 port 35065
[ ID] Interval           Transfer     Bitrate         Jitter    Lost/Total Datagrams
[  5]   0.00-1.00   sec  24.0 KBytes   196 Kbits/sec  2.313 ms  0/82 (0%)  
[  6]   0.00-1.00   sec  24.0 KBytes   196 Kbits/sec  2.977 ms  0/82 (0%)  
[  9]   0.00-1.00   sec  24.0 KBytes   196 Kbits/sec  2.315 ms  0/82 (0%)  
[SUM]   0.00-1.00   sec  72.1 KBytes   589 Kbits/sec  2.535 ms  0/246 (0%)  
- - - - - - - - - - - - - - - - - - - - - - - - -
[  5]   1.00-2.00   sec  24.3 KBytes   200 Kbits/sec  2.276 ms  0/83 (0%)  
[  6]   1.00-2.00   sec  24.3 KBytes   200 Kbits/sec  1.933 ms  0/83 (0%)  
[  9]   1.00-2.00   sec  24.3 KBytes   200 Kbits/sec  2.339 ms  0/83 (0%)  
[SUM]   1.00-2.00   sec  72.9 KBytes   599 Kbits/sec  2.183 ms  0/249 (0%)  
- - - - - - - - - - - - - - - - - - - - - - - - -
[  5]   2.00-3.00   sec  24.3 KBytes   199 Kbits/sec  2.362 ms  0/83 (0%)  
[  6]   2.00-3.00   sec  24.3 KBytes   199 Kbits/sec  2.224 ms  0/83 (0%)  
[  9]   2.00-3.00   sec  24.3 KBytes   199 Kbits/sec  1.895 ms  0/83 (0%)  
[SUM]   2.00-3.00   sec  72.9 KBytes   597 Kbits/sec  2.160 ms  0/249 (0%)  
- - - - - - - - - - - - - - - - - - - - - - - - -
[  5]   3.00-4.01   sec  24.6 KBytes   201 Kbits/sec  2.406 ms  0/84 (0%)  
[  6]   3.00-4.01   sec  24.6 KBytes   201 Kbits/sec  2.507 ms  0/84 (0%)  
[  9]   3.00-4.01   sec  24.6 KBytes   201 Kbits/sec  2.916 ms  0/84 (0%)  
[SUM]   3.00-4.01   sec  73.8 KBytes   602 Kbits/sec  2.610 ms  0/252 (0%)  
- - - - - - - - - - - - - - - - - - - - - - - - -
[  5]   4.01-5.00   sec  24.6 KBytes   202 Kbits/sec  1.620 ms  0/84 (0%)  
[  6]   4.01-5.00   sec  24.3 KBytes   200 Kbits/sec  1.927 ms  0/83 (0%)  
[  9]   4.01-5.00   sec  24.6 KBytes   202 Kbits/sec  2.472 ms  0/84 (0%)  
[SUM]   4.01-5.00   sec  73.5 KBytes   604 Kbits/sec  2.007 ms  0/251 (0%)  
- - - - - - - - - - - - - - - - - - - - - - - - -
[  5]   5.00-6.00   sec  24.0 KBytes   197 Kbits/sec  2.288 ms  0/82 (0%)  
[  6]   5.00-6.00   sec  24.3 KBytes   200 Kbits/sec  2.360 ms  0/83 (0%)  
[  9]   5.00-6.00   sec  24.0 KBytes   197 Kbits/sec  1.910 ms  0/82 (0%)  
[SUM]   5.00-6.00   sec  72.4 KBytes   594 Kbits/sec  2.186 ms  0/247 (0%)  
- - - - - - - - - - - - - - - - - - - - - - - - -
[  5]   6.00-7.00   sec  24.6 KBytes   202 Kbits/sec  2.079 ms  0/84 (0%)  
[  6]   6.00-7.00   sec  24.6 KBytes   202 Kbits/sec  2.864 ms  0/84 (0%)  
[  9]   6.00-7.00   sec  24.6 KBytes   202 Kbits/sec  1.801 ms  0/84 (0%)  
[SUM]   6.00-7.00   sec  73.8 KBytes   605 Kbits/sec  2.248 ms  0/252 (0%)  
- - - - - - - - - - - - - - - - - - - - - - - - -
[  5]   7.00-8.00   sec  24.3 KBytes   199 Kbits/sec  1.842 ms  0/83 (0%)  
[  6]   7.00-8.00   sec  24.3 KBytes   199 Kbits/sec  2.514 ms  0/83 (0%)  
[  9]   7.00-8.00   sec  24.3 KBytes   199 Kbits/sec  1.534 ms  0/83 (0%)  
[SUM]   7.00-8.00   sec  72.9 KBytes   598 Kbits/sec  1.963 ms  0/249 (0%)  
- - - - - - - - - - - - - - - - - - - - - - - - -
[  5]   8.00-9.00   sec  24.6 KBytes   202 Kbits/sec  1.669 ms  0/84 (0%)  
[  6]   8.00-9.00   sec  24.6 KBytes   202 Kbits/sec  2.189 ms  0/84 (0%)  
[  9]   8.00-9.00   sec  24.3 KBytes   199 Kbits/sec  2.128 ms  0/83 (0%)  
[SUM]   8.00-9.00   sec  73.5 KBytes   603 Kbits/sec  1.995 ms  0/251 (0%)  
- - - - - - - - - - - - - - - - - - - - - - - - -
[  5]   9.00-10.00  sec  24.3 KBytes   199 Kbits/sec  2.316 ms  0/83 (0%)  
[  6]   9.00-10.00  sec  24.3 KBytes   199 Kbits/sec  2.051 ms  0/83 (0%)  
[  9]   9.00-10.00  sec  24.6 KBytes   202 Kbits/sec  1.590 ms  0/84 (0%)  
[SUM]   9.00-10.00  sec  73.2 KBytes   600 Kbits/sec  1.986 ms  0/250 (0%)  
- - - - - - - - - - - - - - - - - - - - - - - - -
[  5]  10.00-11.00  sec  24.3 KBytes   199 Kbits/sec  2.119 ms  0/83 (0%)  
[  6]  10.00-11.00  sec  24.3 KBytes   199 Kbits/sec  1.516 ms  0/83 (0%)  
[  9]  10.00-11.00  sec  24.3 KBytes   199 Kbits/sec  1.063 ms  0/83 (0%)  
[SUM]  10.00-11.00  sec  72.9 KBytes   597 Kbits/sec  1.566 ms  0/249 (0%)  
- - - - - - - - - - - - - - - - - - - - - - - - -
[  5]  11.00-12.00  sec  24.6 KBytes   202 Kbits/sec  1.350 ms  0/84 (0%)  
[  6]  11.00-12.00  sec  24.3 KBytes   199 Kbits/sec  1.617 ms  0/83 (0%)  
[  9]  11.00-12.00  sec  24.6 KBytes   202 Kbits/sec  1.452 ms  0/84 (0%)  
[SUM]  11.00-12.00  sec  73.5 KBytes   603 Kbits/sec  1.473 ms  0/251 (0%)  
- - - - - - - - - - - - - - - - - - - - - - - - -
[  5]  12.00-13.01  sec  24.3 KBytes   198 Kbits/sec  1.682 ms  0/83 (0%)  
[  6]  12.00-13.01  sec  24.6 KBytes   200 Kbits/sec  2.004 ms  0/84 (0%)  
[  9]  12.00-13.01  sec  24.3 KBytes   198 Kbits/sec  2.249 ms  0/83 (0%)  
[SUM]  12.00-13.01  sec  73.2 KBytes   595 Kbits/sec  1.978 ms  0/250 (0%)  
- - - - - - - - - - - - - - - - - - - - - - - - -
[  5]  13.01-14.00  sec  24.3 KBytes   201 Kbits/sec  2.608 ms  0/83 (0%)  
[  6]  13.01-14.00  sec  24.3 KBytes   201 Kbits/sec  2.195 ms  0/83 (0%)  
[  9]  13.01-14.00  sec  24.3 KBytes   201 Kbits/sec  2.591 ms  0/83 (0%)  
[SUM]  13.01-14.00  sec  72.9 KBytes   602 Kbits/sec  2.465 ms  0/249 (0%)  
- - - - - - - - - - - - - - - - - - - - - - - - -
[  5]  14.00-15.00  sec  24.3 KBytes   199 Kbits/sec  3.656 ms  0/83 (0%)  
[  6]  14.00-15.00  sec  24.6 KBytes   202 Kbits/sec  3.639 ms  0/84 (0%)  
[  9]  14.00-15.00  sec  24.3 KBytes   199 Kbits/sec  4.084 ms  0/83 (0%)  
[SUM]  14.00-15.00  sec  73.2 KBytes   601 Kbits/sec  3.793 ms  0/250 (0%)  
- - - - - - - - - - - - - - - - - - - - - - - - -
[  5]  15.00-16.00  sec  24.6 KBytes   202 Kbits/sec  2.438 ms  0/84 (0%)  
[  6]  15.00-16.00  sec  24.3 KBytes   199 Kbits/sec  2.020 ms  0/83 (0%)  
[  9]  15.00-16.00  sec  24.6 KBytes   202 Kbits/sec  1.904 ms  0/84 (0%)  
[SUM]  15.00-16.00  sec  73.5 KBytes   603 Kbits/sec  2.121 ms  0/251 (0%)  
- - - - - - - - - - - - - - - - - - - - - - - - -
[  5]  16.00-17.00  sec  24.3 KBytes   199 Kbits/sec  1.493 ms  0/83 (0%)  
[  6]  16.00-17.00  sec  24.3 KBytes   199 Kbits/sec  1.817 ms  0/83 (0%)  
[  9]  16.00-17.00  sec  24.3 KBytes   199 Kbits/sec  1.615 ms  0/83 (0%)  
[SUM]  16.00-17.00  sec  72.9 KBytes   597 Kbits/sec  1.641 ms  0/249 (0%)  
- - - - - - - - - - - - - - - - - - - - - - - - -
[  5]  17.00-18.00  sec  24.3 KBytes   199 Kbits/sec  2.425 ms  0/83 (0%)  
[  6]  17.00-18.00  sec  24.3 KBytes   199 Kbits/sec  2.216 ms  0/83 (0%)  
[  9]  17.00-18.00  sec  24.3 KBytes   199 Kbits/sec  2.019 ms  0/83 (0%)  
[SUM]  17.00-18.00  sec  72.9 KBytes   597 Kbits/sec  2.220 ms  0/249 (0%)  
- - - - - - - - - - - - - - - - - - - - - - - - -
[  5]  18.00-19.00  sec  24.6 KBytes   202 Kbits/sec  2.641 ms  0/84 (0%)  
[  6]  18.00-19.00  sec  24.6 KBytes   202 Kbits/sec  2.203 ms  0/84 (0%)  
[  9]  18.00-19.00  sec  24.6 KBytes   202 Kbits/sec  3.264 ms  0/84 (0%)  
[SUM]  18.00-19.00  sec  73.8 KBytes   605 Kbits/sec  2.703 ms  0/252 (0%)  
- - - - - - - - - - - - - - - - - - - - - - - - -
[  5]  19.00-20.00  sec  24.3 KBytes   199 Kbits/sec  1.465 ms  0/83 (0%)  
[  6]  19.00-20.00  sec  24.3 KBytes   199 Kbits/sec  1.506 ms  0/83 (0%)  
[  9]  19.00-20.00  sec  24.3 KBytes   199 Kbits/sec  1.552 ms  0/83 (0%)  
[SUM]  19.00-20.00  sec  72.9 KBytes   598 Kbits/sec  1.508 ms  0/249 (0%)  
- - - - - - - - - - - - - - - - - - - - - - - - -
[  5]  20.00-21.00  sec  24.3 KBytes   199 Kbits/sec  2.479 ms  0/83 (0%)  
[  6]  20.00-21.00  sec  24.3 KBytes   199 Kbits/sec  1.651 ms  0/83 (0%)  
[  9]  20.00-21.00  sec  24.3 KBytes   199 Kbits/sec  1.884 ms  0/83 (0%)  
[SUM]  20.00-21.00  sec  72.9 KBytes   598 Kbits/sec  2.005 ms  0/249 (0%)  
- - - - - - - - - - - - - - - - - - - - - - - - -
[  5]  21.00-22.00  sec  24.6 KBytes   201 Kbits/sec  1.835 ms  0/84 (0%)  
[  6]  21.00-22.00  sec  24.6 KBytes   201 Kbits/sec  2.067 ms  0/84 (0%)  
[  9]  21.00-22.00  sec  24.6 KBytes   201 Kbits/sec  1.951 ms  0/84 (0%)  
[SUM]  21.00-22.00  sec  73.8 KBytes   603 Kbits/sec  1.951 ms  0/252 (0%)  
- - - - - - - - - - - - - - - - - - - - - - - - -
[  5]  22.00-23.00  sec  24.3 KBytes   199 Kbits/sec  1.428 ms  0/83 (0%)  
[  6]  22.00-23.00  sec  24.3 KBytes   199 Kbits/sec  1.920 ms  0/83 (0%)  
[  9]  22.00-23.00  sec  24.3 KBytes   199 Kbits/sec  1.493 ms  0/83 (0%)  
[SUM]  22.00-23.00  sec  72.9 KBytes   598 Kbits/sec  1.613 ms  0/249 (0%)  
- - - - - - - - - - - - - - - - - - - - - - - - -
[  5]  23.00-24.00  sec  24.6 KBytes   202 Kbits/sec  1.671 ms  0/84 (0%)  
[  6]  23.00-24.00  sec  24.3 KBytes   200 Kbits/sec  1.358 ms  0/83 (0%)  
[  9]  23.00-24.00  sec  24.3 KBytes   200 Kbits/sec  1.470 ms  0/83 (0%)  
[SUM]  23.00-24.00  sec  73.2 KBytes   601 Kbits/sec  1.499 ms  0/250 (0%)  
- - - - - - - - - - - - - - - - - - - - - - - - -
[  5]  24.00-25.00  sec  24.3 KBytes   199 Kbits/sec  2.544 ms  0/83 (0%)  
[  6]  24.00-25.00  sec  24.6 KBytes   202 Kbits/sec  2.120 ms  0/84 (0%)  
[  9]  24.00-25.00  sec  24.6 KBytes   202 Kbits/sec  2.289 ms  0/84 (0%)  
[SUM]  24.00-25.00  sec  73.5 KBytes   602 Kbits/sec  2.318 ms  0/251 (0%)  
- - - - - - - - - - - - - - - - - - - - - - - - -
[  5]  25.00-26.00  sec  24.3 KBytes   199 Kbits/sec  2.077 ms  0/83 (0%)  
[  6]  25.00-26.00  sec  24.3 KBytes   199 Kbits/sec  1.723 ms  0/83 (0%)  
[  9]  25.00-26.00  sec  24.3 KBytes   199 Kbits/sec  1.243 ms  0/83 (0%)  
[SUM]  25.00-26.00  sec  72.9 KBytes   598 Kbits/sec  1.681 ms  0/249 (0%)  
- - - - - - - - - - - - - - - - - - - - - - - - -
[  5]  26.00-27.00  sec  24.6 KBytes   201 Kbits/sec  1.424 ms  0/84 (0%)  
[  6]  26.00-27.00  sec  24.6 KBytes   201 Kbits/sec  1.562 ms  0/84 (0%)  
[  9]  26.00-27.00  sec  24.6 KBytes   201 Kbits/sec  1.795 ms  0/84 (0%)  
[SUM]  26.00-27.00  sec  73.8 KBytes   604 Kbits/sec  1.594 ms  0/252 (0%)  
- - - - - - - - - - - - - - - - - - - - - - - - -
[  5]  27.00-28.00  sec  24.3 KBytes   199 Kbits/sec  2.553 ms  0/83 (0%)  
[  6]  27.00-28.00  sec  24.3 KBytes   199 Kbits/sec  2.927 ms  0/83 (0%)  
[  9]  27.00-28.00  sec  24.3 KBytes   199 Kbits/sec  2.481 ms  0/83 (0%)  
[SUM]  27.00-28.00  sec  72.9 KBytes   598 Kbits/sec  2.654 ms  0/249 (0%)  
- - - - - - - - - - - - - - - - - - - - - - - - -
[  5]  28.00-29.00  sec  24.3 KBytes   199 Kbits/sec  1.546 ms  0/83 (0%)  
[  6]  28.00-29.00  sec  24.3 KBytes   199 Kbits/sec  2.062 ms  0/83 (0%)  
[  9]  28.00-29.00  sec  24.3 KBytes   199 Kbits/sec  2.251 ms  0/83 (0%)  
[SUM]  28.00-29.00  sec  72.9 KBytes   598 Kbits/sec  1.953 ms  0/249 (0%)  
- - - - - - - - - - - - - - - - - - - - - - - - -
[  5]  29.00-30.00  sec  24.6 KBytes   201 Kbits/sec  1.542 ms  0/84 (0%)  
[  6]  29.00-30.00  sec  24.6 KBytes   201 Kbits/sec  1.759 ms  0/84 (0%)  
[  9]  29.00-30.00  sec  24.6 KBytes   201 Kbits/sec  1.691 ms  0/84 (0%)  
[SUM]  29.00-30.00  sec  73.8 KBytes   603 Kbits/sec  1.664 ms  0/252 (0%)  
- - - - - - - - - - - - - - - - - - - - - - - - -
[  5]  30.00-31.00  sec  24.3 KBytes   200 Kbits/sec  1.521 ms  0/83 (0%)  
[  6]  30.00-31.00  sec  24.3 KBytes   200 Kbits/sec  1.389 ms  0/83 (0%)  
[  9]  30.00-31.00  sec  24.3 KBytes   200 Kbits/sec  1.514 ms  0/83 (0%)  
[SUM]  30.00-31.00  sec  72.9 KBytes   599 Kbits/sec  1.475 ms  0/249 (0%)  
- - - - - - - - - - - - - - - - - - - - - - - - -
[  5]  31.00-32.00  sec  24.3 KBytes   199 Kbits/sec  1.429 ms  0/83 (0%)  
[  6]  31.00-32.00  sec  24.3 KBytes   199 Kbits/sec  2.107 ms  0/83 (0%)  
[  9]  31.00-32.00  sec  24.3 KBytes   199 Kbits/sec  2.185 ms  0/83 (0%)  
[SUM]  31.00-32.00  sec  72.9 KBytes   598 Kbits/sec  1.907 ms  0/249 (0%)  
- - - - - - - - - - - - - - - - - - - - - - - - -
[  5]  32.00-33.00  sec  24.6 KBytes   202 Kbits/sec  1.713 ms  0/84 (0%)  
[  6]  32.00-33.00  sec  24.3 KBytes   199 Kbits/sec  1.911 ms  0/83 (0%)  
[  9]  32.00-33.00  sec  24.3 KBytes   199 Kbits/sec  1.783 ms  0/83 (0%)  
[SUM]  32.00-33.00  sec  73.2 KBytes   600 Kbits/sec  1.802 ms  0/250 (0%)  
- - - - - - - - - - - - - - - - - - - - - - - - -
[  5]  33.00-34.00  sec  24.3 KBytes   199 Kbits/sec  1.569 ms  0/83 (0%)  
[  6]  33.00-34.00  sec  24.6 KBytes   201 Kbits/sec  1.484 ms  0/84 (0%)  
[  9]  33.00-34.00  sec  24.6 KBytes   201 Kbits/sec  1.921 ms  0/84 (0%)  
[SUM]  33.00-34.00  sec  73.5 KBytes   601 Kbits/sec  1.658 ms  0/251 (0%)  
- - - - - - - - - - - - - - - - - - - - - - - - -
[  5]  34.00-35.00  sec  24.3 KBytes   200 Kbits/sec  1.969 ms  0/83 (0%)  
[  6]  34.00-35.00  sec  24.3 KBytes   200 Kbits/sec  1.998 ms  0/83 (0%)  
[  9]  34.00-35.00  sec  24.3 KBytes   200 Kbits/sec  1.468 ms  0/83 (0%)  
[SUM]  34.00-35.00  sec  72.9 KBytes   599 Kbits/sec  1.812 ms  0/249 (0%)  
- - - - - - - - - - - - - - - - - - - - - - - - -
[  5]  35.00-36.00  sec  24.3 KBytes   199 Kbits/sec  1.767 ms  0/83 (0%)  
[  6]  35.00-36.00  sec  24.3 KBytes   199 Kbits/sec  1.347 ms  0/83 (0%)  
[  9]  35.00-36.00  sec  24.3 KBytes   199 Kbits/sec  1.310 ms  0/83 (0%)  
[SUM]  35.00-36.00  sec  72.9 KBytes   598 Kbits/sec  1.475 ms  0/249 (0%)  
- - - - - - - - - - - - - - - - - - - - - - - - -
[  5]  36.00-37.00  sec  24.6 KBytes   202 Kbits/sec  1.952 ms  0/84 (0%)  
[  6]  36.00-37.00  sec  24.6 KBytes   202 Kbits/sec  2.822 ms  0/84 (0%)  
[  9]  36.00-37.00  sec  24.3 KBytes   199 Kbits/sec  1.955 ms  0/83 (0%)  
[SUM]  36.00-37.00  sec  73.5 KBytes   603 Kbits/sec  2.243 ms  0/251 (0%)  
- - - - - - - - - - - - - - - - - - - - - - - - -
[  5]  37.00-38.00  sec  24.3 KBytes   199 Kbits/sec  2.610 ms  0/83 (0%)  
[  6]  37.00-38.00  sec  24.3 KBytes   199 Kbits/sec  3.226 ms  0/83 (0%)  
[  9]  37.00-38.00  sec  24.6 KBytes   202 Kbits/sec  2.143 ms  0/84 (0%)  
[SUM]  37.00-38.00  sec  73.2 KBytes   600 Kbits/sec  2.660 ms  0/250 (0%)  
- - - - - - - - - - - - - - - - - - - - - - - - -
[  5]  38.00-39.00  sec  24.6 KBytes   202 Kbits/sec  1.415 ms  0/84 (0%)  
[  6]  38.00-39.00  sec  24.3 KBytes   199 Kbits/sec  1.927 ms  0/83 (0%)  
[  9]  38.00-39.00  sec  24.6 KBytes   202 Kbits/sec  2.157 ms  0/84 (0%)  
[SUM]  38.00-39.00  sec  73.5 KBytes   603 Kbits/sec  1.833 ms  0/251 (0%)  
- - - - - - - - - - - - - - - - - - - - - - - - -
[  5]  39.00-40.00  sec  24.3 KBytes   199 Kbits/sec  1.423 ms  0/83 (0%)  
[  6]  39.00-40.00  sec  24.6 KBytes   202 Kbits/sec  1.427 ms  0/84 (0%)  
[  9]  39.00-40.00  sec  24.3 KBytes   199 Kbits/sec  1.563 ms  0/83 (0%)  
[SUM]  39.00-40.00  sec  73.2 KBytes   600 Kbits/sec  1.471 ms  0/250 (0%)  
- - - - - - - - - - - - - - - - - - - - - - - - -
[  5]  40.00-41.00  sec  24.3 KBytes   199 Kbits/sec  1.547 ms  0/83 (0%)  
[  6]  40.00-41.00  sec  24.3 KBytes   199 Kbits/sec  1.822 ms  0/83 (0%)  
[  9]  40.00-41.00  sec  24.3 KBytes   199 Kbits/sec  1.411 ms  0/83 (0%)  
[SUM]  40.00-41.00  sec  72.9 KBytes   596 Kbits/sec  1.594 ms  0/249 (0%)  
- - - - - - - - - - - - - - - - - - - - - - - - -
[  5]  41.00-42.00  sec  24.3 KBytes   200 Kbits/sec  1.992 ms  0/83 (0%)  
[  6]  41.00-42.00  sec  24.6 KBytes   202 Kbits/sec  2.054 ms  0/84 (0%)  
[  9]  41.00-42.00  sec  24.6 KBytes   202 Kbits/sec  1.930 ms  0/84 (0%)  
[SUM]  41.00-42.00  sec  73.5 KBytes   604 Kbits/sec  1.992 ms  0/251 (0%)  
- - - - - - - - - - - - - - - - - - - - - - - - -
[  5]  42.00-43.00  sec  24.6 KBytes   201 Kbits/sec  2.044 ms  0/84 (0%)  
[  6]  42.00-43.00  sec  24.3 KBytes   199 Kbits/sec  1.843 ms  0/83 (0%)  
[  9]  42.00-43.00  sec  24.3 KBytes   199 Kbits/sec  1.438 ms  0/83 (0%)  
[SUM]  42.00-43.00  sec  73.2 KBytes   599 Kbits/sec  1.775 ms  0/250 (0%)  
- - - - - - - - - - - - - - - - - - - - - - - - -
[  5]  43.00-44.00  sec  24.3 KBytes   200 Kbits/sec  2.225 ms  0/83 (0%)  
[  6]  43.00-44.00  sec  24.3 KBytes   200 Kbits/sec  2.297 ms  0/83 (0%)  
[  9]  43.00-44.00  sec  24.3 KBytes   200 Kbits/sec  2.066 ms  0/83 (0%)  
[SUM]  43.00-44.00  sec  72.9 KBytes   599 Kbits/sec  2.196 ms  0/249 (0%)  
- - - - - - - - - - - - - - - - - - - - - - - - -
[  5]  44.00-45.00  sec  24.3 KBytes   199 Kbits/sec  1.666 ms  0/83 (0%)  
[  6]  44.00-45.00  sec  24.3 KBytes   199 Kbits/sec  1.698 ms  0/83 (0%)  
[  9]  44.00-45.00  sec  24.6 KBytes   201 Kbits/sec  1.508 ms  0/84 (0%)  
[SUM]  44.00-45.00  sec  73.2 KBytes   599 Kbits/sec  1.624 ms  0/250 (0%)  
- - - - - - - - - - - - - - - - - - - - - - - - -
[  5]  45.00-46.00  sec  24.6 KBytes   202 Kbits/sec  1.987 ms  0/84 (0%)  
[  6]  45.00-46.00  sec  24.6 KBytes   202 Kbits/sec  2.146 ms  0/84 (0%)  
[  9]  45.00-46.00  sec  24.3 KBytes   199 Kbits/sec  2.001 ms  0/83 (0%)  
[SUM]  45.00-46.00  sec  73.5 KBytes   603 Kbits/sec  2.044 ms  0/251 (0%)  
- - - - - - - - - - - - - - - - - - - - - - - - -
[  5]  46.00-47.00  sec  24.3 KBytes   199 Kbits/sec  1.680 ms  0/83 (0%)  
[  6]  46.00-47.00  sec  24.3 KBytes   199 Kbits/sec  1.455 ms  0/83 (0%)  
[  9]  46.00-47.00  sec  24.3 KBytes   199 Kbits/sec  1.623 ms  0/83 (0%)  
[SUM]  46.00-47.00  sec  72.9 KBytes   598 Kbits/sec  1.586 ms  0/249 (0%)  
- - - - - - - - - - - - - - - - - - - - - - - - -
[  5]  47.00-48.00  sec  24.3 KBytes   199 Kbits/sec  1.424 ms  0/83 (0%)  
[  6]  47.00-48.00  sec  24.6 KBytes   202 Kbits/sec  1.512 ms  0/84 (0%)  
[  9]  47.00-48.00  sec  24.3 KBytes   199 Kbits/sec  1.908 ms  0/83 (0%)  
[SUM]  47.00-48.00  sec  73.2 KBytes   600 Kbits/sec  1.615 ms  0/250 (0%)  
- - - - - - - - - - - - - - - - - - - - - - - - -
[  5]  48.00-49.00  sec  24.6 KBytes   202 Kbits/sec  1.166 ms  0/84 (0%)  
[  6]  48.00-49.00  sec  24.3 KBytes   199 Kbits/sec  2.131 ms  0/83 (0%)  
[  9]  48.00-49.00  sec  24.6 KBytes   202 Kbits/sec  1.626 ms  0/84 (0%)  
[SUM]  48.00-49.00  sec  73.5 KBytes   603 Kbits/sec  1.641 ms  0/251 (0%)  
- - - - - - - - - - - - - - - - - - - - - - - - -
[  5]  49.00-50.00  sec  24.3 KBytes   199 Kbits/sec  2.045 ms  0/83 (0%)  
[  6]  49.00-50.00  sec  24.3 KBytes   199 Kbits/sec  1.278 ms  0/83 (0%)  
[  9]  49.00-50.00  sec  24.3 KBytes   199 Kbits/sec  1.942 ms  0/83 (0%)  
[SUM]  49.00-50.00  sec  72.9 KBytes   598 Kbits/sec  1.755 ms  0/249 (0%)  
- - - - - - - - - - - - - - - - - - - - - - - - -
[  5]  50.00-51.00  sec  24.3 KBytes   199 Kbits/sec  1.863 ms  0/83 (0%)  
[  6]  50.00-51.00  sec  24.6 KBytes   202 Kbits/sec  1.064 ms  0/84 (0%)  
[  9]  50.00-51.00  sec  24.6 KBytes   202 Kbits/sec  2.286 ms  0/84 (0%)  
[SUM]  50.00-51.00  sec  73.5 KBytes   602 Kbits/sec  1.737 ms  0/251 (0%)  
- - - - - - - - - - - - - - - - - - - - - - - - -
[  5]  51.00-52.00  sec  24.6 KBytes   202 Kbits/sec  1.591 ms  0/84 (0%)  
[  6]  51.00-52.00  sec  24.3 KBytes   199 Kbits/sec  2.269 ms  0/83 (0%)  
[  9]  51.00-52.00  sec  24.3 KBytes   199 Kbits/sec  2.016 ms  0/83 (0%)  
[SUM]  51.00-52.00  sec  73.2 KBytes   600 Kbits/sec  1.959 ms  0/250 (0%)  
- - - - - - - - - - - - - - - - - - - - - - - - -
[  5]  52.00-53.00  sec  24.3 KBytes   199 Kbits/sec  1.390 ms  0/83 (0%)  
[  6]  52.00-53.00  sec  24.3 KBytes   199 Kbits/sec  1.299 ms  0/83 (0%)  
[  9]  52.00-53.00  sec  24.3 KBytes   199 Kbits/sec  1.665 ms  0/83 (0%)  
[SUM]  52.00-53.00  sec  72.9 KBytes   598 Kbits/sec  1.452 ms  0/249 (0%)  
- - - - - - - - - - - - - - - - - - - - - - - - -
[  5]  53.00-54.00  sec  24.3 KBytes   199 Kbits/sec  2.674 ms  0/83 (0%)  
[  6]  53.00-54.00  sec  24.3 KBytes   199 Kbits/sec  1.349 ms  0/83 (0%)  
[  9]  53.00-54.00  sec  24.3 KBytes   199 Kbits/sec  1.545 ms  0/83 (0%)  
[SUM]  53.00-54.00  sec  72.9 KBytes   597 Kbits/sec  1.856 ms  0/249 (0%)  
- - - - - - - - - - - - - - - - - - - - - - - - -
[  5]  54.00-55.00  sec  24.6 KBytes   202 Kbits/sec  2.120 ms  0/84 (0%)  
[  6]  54.00-55.00  sec  24.6 KBytes   202 Kbits/sec  2.457 ms  0/84 (0%)  
[  9]  54.00-55.00  sec  24.6 KBytes   202 Kbits/sec  1.977 ms  0/84 (0%)  
[SUM]  54.00-55.00  sec  73.8 KBytes   605 Kbits/sec  2.184 ms  0/252 (0%)  
- - - - - - - - - - - - - - - - - - - - - - - - -
[  5]  55.00-56.00  sec  24.3 KBytes   199 Kbits/sec  1.452 ms  0/83 (0%)  
[  6]  55.00-56.00  sec  24.3 KBytes   199 Kbits/sec  1.705 ms  0/83 (0%)  
[  9]  55.00-56.00  sec  24.3 KBytes   199 Kbits/sec  1.366 ms  0/83 (0%)  
[SUM]  55.00-56.00  sec  72.9 KBytes   598 Kbits/sec  1.508 ms  0/249 (0%)  
- - - - - - - - - - - - - - - - - - - - - - - - -
[  5]  56.00-56.05  sec   600 Bytes  93.7 Kbits/sec  1.796 ms  0/2 (0%)  
[  6]  56.00-56.05  sec   600 Bytes  93.7 Kbits/sec  1.792 ms  0/2 (0%)  
[  9]  56.00-56.05  sec   600 Bytes  93.7 Kbits/sec  1.435 ms  0/2 (0%)  
[SUM]  56.00-56.05  sec  1.76 KBytes   281 Kbits/sec  1.674 ms  0/6 (0%)  
- - - - - - - - - - - - - - - - - - - - - - - - -
[ ID] Interval           Transfer     Bitrate         Jitter    Lost/Total Datagrams
[  5]   0.00-56.05  sec  1.34 MBytes   200 Kbits/sec  1.796 ms  0/4667 (0%)  receiver
[  6]   0.00-56.05  sec  1.34 MBytes   200 Kbits/sec  1.792 ms  0/4667 (0%)  receiver
[  9]   0.00-56.05  sec  1.34 MBytes   200 Kbits/sec  1.435 ms  0/4667 (0%)  receiver
[SUM]   0.00-56.05  sec  4.01 MBytes   599 Kbits/sec  1.674 ms  0/14001 (0%)  receiver
