[acape] bounds for target 5.0ms interval 100.0ms: target 0.2-20ms interval 20-300ms (interval/target ratio 20.0)

==============================================================================
  ACAPE v6.0.0   mode=tc-only   qdisc=codel handle=10:
  metrics -> results_cross/codel_rtt20/codel_acape_steady_s3/acape_metrics_ctl.csv
==============================================================================
      t    regime        traj      pred     dr/s    bl    tput flows eleph  tgt_ms   lim  adj
---------------------------------------------------------------------------------------------
    0.9     HEAVY      STABLE     HEAVY     65.1    30    9.85     0     0   5.000  1024    0
    1.6     HEAVY      STABLE     HEAVY     54.9    13   10.19     0     0   5.000  1024    0
    2.3     HEAVY      STABLE     HEAVY     44.4     7    9.97     0     0   5.000  1024    0
    3.0     HEAVY      STABLE     HEAVY     40.1     8   10.08     0     0   5.000  1024    0
    3.7     HEAVY      STABLE     HEAVY     42.8     9    9.97     0     0   5.000  1024    0
    4.4     HEAVY      STABLE     HEAVY     37.5    11    9.94     0     0   5.000  1024    0
    5.1     HEAVY      STABLE     HEAVY     46.1     6    9.89     0     0   5.000  1024    0
    5.8     HEAVY      STABLE     HEAVY     45.5     8   10.23     0     0   5.000  1024    0
    6.5     HEAVY      STABLE     HEAVY     30.8    13    9.89     0     0   5.000  1024    0
    7.1     HEAVY      STABLE     HEAVY     42.5    10   10.10     0     0   4.500   921    1
    8.1     HEAVY      STABLE     HEAVY     46.0     6    9.97     0     0   4.500   921    1
    8.7     HEAVY      STABLE     HEAVY     38.8     6   10.05     0     0   4.500   921    1
    9.4     HEAVY      STABLE     HEAVY     44.9     9    9.89     0     0   4.500   921    1
   10.1     HEAVY      STABLE     HEAVY     40.3    15    9.99     0     0   4.500   921    1
   10.8     HEAVY      STABLE     HEAVY     47.9     4    9.91     0     0   4.500   921    1
   11.5     HEAVY      STABLE     HEAVY     41.4     8   10.01     0     0   4.500   921    1
   12.1  MODERATE      STABLE  MODERATE     24.0     0   10.03     0     0   4.500   921    1
   12.8     HEAVY      STABLE     HEAVY     51.5     6   10.12     0     0   4.500   921    1
   13.5     HEAVY      STABLE     HEAVY     42.9     9    9.97     0     0   4.500   921    1
   14.1     HEAVY      STABLE     HEAVY     43.0     8   10.03     0     0   4.500   921    1
   14.8     HEAVY      STABLE     HEAVY     35.4    11    9.98     0     0   4.500   921    1
   15.5     HEAVY      STABLE     HEAVY     48.1     5    9.89     0     0   4.500   921    1
   16.3  MODERATE      STABLE  MODERATE     13.1    16    7.17     0     0   4.500   921    1
   17.0     HEAVY      STABLE     HEAVY     43.5     9   10.03     0     0   4.500   921    1
   17.7     HEAVY      STABLE     HEAVY     47.7     4    9.72     0     0   4.500   921    1
   18.3     HEAVY      STABLE     HEAVY     37.2    13   10.43     0     0   4.500   921    1
   19.1     HEAVY      STABLE     HEAVY     47.6    10    9.77     0     0   4.500   921    1
   19.8     HEAVY      STABLE     HEAVY     38.6    11   10.12     0     0   4.500   921    1
   20.4     HEAVY      STABLE     HEAVY     43.0     9    9.98     0     0   4.500   921    1
   21.1     HEAVY      STABLE     HEAVY     44.0     7    9.92     0     0   4.500   921    1
   21.8     HEAVY      STABLE     HEAVY     42.5    11   10.11     0     0   4.500   921    1
   22.5     HEAVY      STABLE     HEAVY     41.1     9    9.85     0     0   4.500   921    1
   23.2     HEAVY      STABLE     HEAVY     41.1     8   10.00     0     0   4.500   921    1
   23.8     HEAVY      STABLE     HEAVY     46.2    12    9.98     0     0   4.500   921    1
   24.5     HEAVY      STABLE     HEAVY     45.0     8    9.91     0     0   4.500   921    1
   25.2     HEAVY      STABLE     HEAVY     50.7     9   10.09     0     0   4.500   921    1
   25.8  MODERATE      STABLE  MODERATE     28.1     7   10.04     0     0   4.500   921    1
   26.5     HEAVY      STABLE     HEAVY     35.6     9   10.03     0     0   4.500   921    1
   27.2     HEAVY      STABLE     HEAVY     37.7     9    9.92     0     0   4.500   921    1
   27.9     HEAVY      STABLE     HEAVY     35.9    10    9.94     0     0   4.500   921    1
   28.5     HEAVY      STABLE     HEAVY     41.3     5   10.12     0     0   4.500   921    1
   29.1     HEAVY      STABLE     HEAVY     40.7     7   10.00     0     0   4.500   921    1
   29.8     HEAVY      STABLE     HEAVY     41.5     8    9.98     0     0   4.500   921    1
   30.5     HEAVY      STABLE     HEAVY     35.2     9    9.86     0     0   4.500   921    1
   31.2     HEAVY      STABLE     HEAVY     42.1     8    9.93     0     0   4.500   921    1
   31.9     HEAVY      STABLE     HEAVY     50.4     4    9.97     0     0   4.500   921    1
   32.6     HEAVY      STABLE     HEAVY     41.6     7   10.03     0     0   4.500   921    1
   33.3     HEAVY      STABLE     HEAVY     41.7     7   10.04     0     0   4.500   921    1
   33.9     HEAVY      STABLE     HEAVY     40.1    10   10.06     0     0   4.500   921    1
   34.6     HEAVY      STABLE     HEAVY     43.6     6    9.98     0     0   4.050   828    2
   35.6     HEAVY      STABLE     HEAVY     41.8     5    9.97     0     0   4.050   828    2
   36.3     HEAVY      STABLE     HEAVY     35.9     8    9.94     0     0   4.050   828    2
   37.0     HEAVY      STABLE     HEAVY     48.4     7    9.82     0     0   4.050   828    2
   37.7     HEAVY      STABLE     HEAVY     34.9     6    9.91     0     0   4.050   828    2
   38.3     HEAVY      STABLE     HEAVY     58.4     6   10.32     0     0   4.050   828    2
   39.0     HEAVY      STABLE     HEAVY     49.9     7    9.87     0     0   4.050   828    2
   39.7     HEAVY      STABLE     HEAVY     45.6     9   10.01     0     0   4.050   828    2
   40.4     HEAVY      STABLE     HEAVY     41.9     9    9.88     0     0   4.050   828    2
   41.1     HEAVY      STABLE     HEAVY     42.4    10   10.22     0     0   4.050   828    2
   41.8     HEAVY      STABLE     HEAVY     38.1     4    9.84     0     0   3.640   745    3
   42.9     HEAVY      STABLE     HEAVY     43.5    13   10.04     0     0   3.640   745    3
   43.5     HEAVY      STABLE     HEAVY     46.8     4   10.08     0     0   3.640   745    3
   44.2     HEAVY      STABLE     HEAVY     37.0     8   10.06     0     0   3.640   745    3
   44.9     HEAVY      STABLE     HEAVY     39.5     9    9.93     0     0   3.640   745    3
   45.5     HEAVY      STABLE     HEAVY     49.3     6    9.95     0     0   3.640   745    3
   46.2     HEAVY      STABLE     HEAVY     36.8     9    9.51     0     0   3.640   745    3
   46.9     HEAVY      STABLE     HEAVY     41.1     8    9.98     0     0   3.640   745    3
   47.6     HEAVY      STABLE     HEAVY     45.3     9    9.96     0     0   3.640   745    3
   48.3     HEAVY      STABLE     HEAVY     45.0     7   10.06     0     0   3.640   745    3
   49.0     HEAVY      STABLE     HEAVY     33.5    11    9.88     0     0   3.270   670    4
   50.1     HEAVY      STABLE     HEAVY     46.5     2    9.82     0     0   3.270   670    4
   50.8     HEAVY      STABLE     HEAVY     52.3     6   10.37     0     0   3.270   670    4
   51.4     HEAVY      STABLE     HEAVY     39.0     7    9.88     0     0   3.270   670    4
   52.1     HEAVY      STABLE     HEAVY     46.3     7   10.07     0     0   3.270   670    4
   52.8     HEAVY      STABLE     HEAVY     35.8    10    9.81     0     0   3.270   670    4
   53.5     HEAVY      STABLE     HEAVY     39.3    15   10.18     0     0   3.270   670    4
   54.2     HEAVY      STABLE     HEAVY     49.1     5   10.09     0     0   3.270   670    4
   54.9     HEAVY      STABLE     HEAVY     43.3     9    9.99     0     0   3.270   670    4
   55.6     HEAVY      STABLE     HEAVY     49.1     3    9.99     0     0   3.270   670    4
   56.3     HEAVY      STABLE     HEAVY     47.9     6    9.98     0     0   2.940   603    5
   57.2     HEAVY      STABLE     HEAVY     42.4     9   10.04     0     0   2.940   603    5
   57.9     HEAVY      STABLE     HEAVY     51.5     6   10.02     0     0   2.940   603    5
   58.5     HEAVY      STABLE     HEAVY     39.7     8    9.92     0     0   2.940   603    5
   59.2     HEAVY      STABLE     HEAVY     37.1     7   10.07     0     0   2.940   603    5
   59.8  MODERATE      STABLE  MODERATE     16.0     0    2.96     0     0   2.940   603    5

Done — 86 ticks, 5 adjustments (0 predictive), mode=tc-only
