-----------------------------------------------------------
Server listening on 5202 (test #1)
-----------------------------------------------------------
Accepted connection from 192.168.1.2, port 50852
[  5] local 192.168.2.2 port 5202 connected to 192.168.1.2 port 34482
[  6] local 192.168.2.2 port 5202 connected to 192.168.1.2 port 34770
[  9] local 192.168.2.2 port 5202 connected to 192.168.1.2 port 56099
[ ID] Interval           Transfer     Bitrate         Jitter    Lost/Total Datagrams
[  5]   0.00-1.00   sec  24.0 KBytes   197 Kbits/sec  1.329 ms  0/82 (0%)  
[  6]   0.00-1.00   sec  24.0 KBytes   196 Kbits/sec  1.253 ms  0/82 (0%)  
[  9]   0.00-1.00   sec  24.0 KBytes   196 Kbits/sec  1.065 ms  0/82 (0%)  
[SUM]   0.00-1.00   sec  72.1 KBytes   590 Kbits/sec  1.216 ms  0/246 (0%)  
- - - - - - - - - - - - - - - - - - - - - - - - -
[  5]   1.00-2.00   sec  24.3 KBytes   199 Kbits/sec  1.533 ms  0/83 (0%)  
[  6]   1.00-2.00   sec  24.3 KBytes   199 Kbits/sec  1.186 ms  0/83 (0%)  
[  9]   1.00-2.00   sec  24.3 KBytes   199 Kbits/sec  1.013 ms  0/83 (0%)  
[SUM]   1.00-2.00   sec  72.9 KBytes   598 Kbits/sec  1.244 ms  0/249 (0%)  
- - - - - - - - - - - - - - - - - - - - - - - - -
[  5]   2.00-3.00   sec  24.6 KBytes   201 Kbits/sec  1.415 ms  0/84 (0%)  
[  6]   2.00-3.00   sec  24.6 KBytes   201 Kbits/sec  1.045 ms  0/84 (0%)  
[  9]   2.00-3.00   sec  24.6 KBytes   201 Kbits/sec  1.224 ms  0/84 (0%)  
[SUM]   2.00-3.00   sec  73.8 KBytes   603 Kbits/sec  1.228 ms  0/252 (0%)  
- - - - - - - - - - - - - - - - - - - - - - - - -
[  5]   3.00-4.00   sec  24.3 KBytes   200 Kbits/sec  1.308 ms  0/83 (0%)  
[  6]   3.00-4.00   sec  24.3 KBytes   200 Kbits/sec  1.161 ms  0/83 (0%)  
[  9]   3.00-4.00   sec  24.3 KBytes   200 Kbits/sec  1.301 ms  0/83 (0%)  
[SUM]   3.00-4.00   sec  72.9 KBytes   599 Kbits/sec  1.257 ms  0/249 (0%)  
- - - - - - - - - - - - - - - - - - - - - - - - -
[  5]   4.00-5.00   sec  24.3 KBytes   199 Kbits/sec  1.526 ms  0/83 (0%)  
[  6]   4.00-5.00   sec  24.3 KBytes   199 Kbits/sec  1.024 ms  0/83 (0%)  
[  9]   4.00-5.00   sec  24.3 KBytes   199 Kbits/sec  1.247 ms  0/83 (0%)  
[SUM]   4.00-5.00   sec  72.9 KBytes   598 Kbits/sec  1.266 ms  0/249 (0%)  
- - - - - - - - - - - - - - - - - - - - - - - - -
[  5]   5.00-6.00   sec  24.3 KBytes   199 Kbits/sec  0.915 ms  0/83 (0%)  
[  6]   5.00-6.00   sec  24.3 KBytes   199 Kbits/sec  1.027 ms  0/83 (0%)  
[  9]   5.00-6.00   sec  24.3 KBytes   199 Kbits/sec  1.340 ms  0/83 (0%)  
[SUM]   5.00-6.00   sec  72.9 KBytes   598 Kbits/sec  1.094 ms  0/249 (0%)  
- - - - - - - - - - - - - - - - - - - - - - - - -
[  5]   6.00-7.00   sec  24.6 KBytes   202 Kbits/sec  1.365 ms  0/84 (0%)  
[  6]   6.00-7.00   sec  24.6 KBytes   202 Kbits/sec  1.790 ms  0/84 (0%)  
[  9]   6.00-7.00   sec  24.6 KBytes   202 Kbits/sec  1.180 ms  0/84 (0%)  
[SUM]   6.00-7.00   sec  73.8 KBytes   605 Kbits/sec  1.445 ms  0/252 (0%)  
- - - - - - - - - - - - - - - - - - - - - - - - -
[  5]   7.00-8.00   sec  24.6 KBytes   201 Kbits/sec  1.498 ms  0/84 (0%)  
[  6]   7.00-8.00   sec  24.6 KBytes   201 Kbits/sec  1.710 ms  0/84 (0%)  
[  9]   7.00-8.00   sec  24.6 KBytes   201 Kbits/sec  1.364 ms  0/84 (0%)  
[SUM]   7.00-8.00   sec  73.8 KBytes   603 Kbits/sec  1.524 ms  0/252 (0%)  
- - - - - - - - - - - - - - - - - - - - - - - - -
[  5]   8.00-9.00   sec  24.0 KBytes   197 Kbits/sec  1.753 ms  0/82 (0%)  
[  6]   8.00-9.00   sec  24.0 KBytes   197 Kbits/sec  0.943 ms  0/82 (0%)  
[  9]   8.00-9.00   sec  24.3 KBytes   200 Kbits/sec  1.241 ms  0/83 (0%)  
[SUM]   8.00-9.00   sec  72.4 KBytes   594 Kbits/sec  1.313 ms  0/247 (0%)  
- - - - - - - - - - - - - - - - - - - - - - - - -
[  5]   9.00-10.00  sec  24.6 KBytes   202 Kbits/sec  1.197 ms  0/84 (0%)  
[  6]   9.00-10.00  sec  24.6 KBytes   202 Kbits/sec  1.681 ms  0/84 (0%)  
[  9]   9.00-10.00  sec  24.3 KBytes   199 Kbits/sec  1.167 ms  0/83 (0%)  
[SUM]   9.00-10.00  sec  73.5 KBytes   603 Kbits/sec  1.348 ms  0/251 (0%)  
- - - - - - - - - - - - - - - - - - - - - - - - -
[  5]  10.00-11.00  sec  24.3 KBytes   199 Kbits/sec  1.609 ms  0/83 (0%)  
[  6]  10.00-11.00  sec  24.3 KBytes   199 Kbits/sec  0.896 ms  0/83 (0%)  
[  9]  10.00-11.00  sec  24.3 KBytes   199 Kbits/sec  1.187 ms  0/83 (0%)  
[SUM]  10.00-11.00  sec  72.9 KBytes   598 Kbits/sec  1.231 ms  0/249 (0%)  
- - - - - - - - - - - - - - - - - - - - - - - - -
[  5]  11.00-12.00  sec  24.3 KBytes   199 Kbits/sec  1.368 ms  0/83 (0%)  
[  6]  11.00-12.00  sec  24.6 KBytes   202 Kbits/sec  1.690 ms  0/84 (0%)  
[  9]  11.00-12.00  sec  24.3 KBytes   199 Kbits/sec  1.399 ms  0/83 (0%)  
[SUM]  11.00-12.00  sec  73.2 KBytes   600 Kbits/sec  1.486 ms  0/250 (0%)  
- - - - - - - - - - - - - - - - - - - - - - - - -
[  5]  12.00-13.00  sec  24.6 KBytes   201 Kbits/sec  1.079 ms  0/84 (0%)  
[  6]  12.00-13.00  sec  24.3 KBytes   199 Kbits/sec  1.353 ms  0/83 (0%)  
[  9]  12.00-13.00  sec  24.6 KBytes   201 Kbits/sec  1.483 ms  0/84 (0%)  
[SUM]  12.00-13.00  sec  73.5 KBytes   601 Kbits/sec  1.305 ms  0/251 (0%)  
- - - - - - - - - - - - - - - - - - - - - - - - -
[  5]  13.00-14.00  sec  24.3 KBytes   200 Kbits/sec  1.083 ms  0/83 (0%)  
[  6]  13.00-14.00  sec  24.3 KBytes   200 Kbits/sec  1.326 ms  0/83 (0%)  
[  9]  13.00-14.00  sec  24.3 KBytes   200 Kbits/sec  1.094 ms  0/83 (0%)  
[SUM]  13.00-14.00  sec  72.9 KBytes   599 Kbits/sec  1.168 ms  0/249 (0%)  
- - - - - - - - - - - - - - - - - - - - - - - - -
[  5]  14.00-15.00  sec  24.6 KBytes   201 Kbits/sec  1.549 ms  0/84 (0%)  
[  6]  14.00-15.00  sec  24.3 KBytes   199 Kbits/sec  1.664 ms  0/83 (0%)  
[  9]  14.00-15.00  sec  24.6 KBytes   201 Kbits/sec  1.318 ms  0/84 (0%)  
[SUM]  14.00-15.00  sec  73.5 KBytes   602 Kbits/sec  1.510 ms  0/251 (0%)  
- - - - - - - - - - - - - - - - - - - - - - - - -
[  5]  15.00-16.00  sec  24.3 KBytes   199 Kbits/sec  1.458 ms  0/83 (0%)  
[  6]  15.00-16.00  sec  24.6 KBytes   202 Kbits/sec  1.244 ms  0/84 (0%)  
[  9]  15.00-16.00  sec  24.3 KBytes   199 Kbits/sec  0.926 ms  0/83 (0%)  
[SUM]  15.00-16.00  sec  73.2 KBytes   601 Kbits/sec  1.209 ms  0/250 (0%)  
- - - - - - - - - - - - - - - - - - - - - - - - -
[  5]  16.00-17.00  sec  24.3 KBytes   199 Kbits/sec  1.028 ms  0/83 (0%)  
[  6]  16.00-17.00  sec  24.3 KBytes   199 Kbits/sec  0.891 ms  0/83 (0%)  
[  9]  16.00-17.00  sec  24.3 KBytes   199 Kbits/sec  1.006 ms  0/83 (0%)  
[SUM]  16.00-17.00  sec  72.9 KBytes   597 Kbits/sec  0.975 ms  0/249 (0%)  
- - - - - - - - - - - - - - - - - - - - - - - - -
[  5]  17.00-18.00  sec  24.6 KBytes   201 Kbits/sec  1.253 ms  0/84 (0%)  
[  6]  17.00-18.00  sec  24.3 KBytes   199 Kbits/sec  1.558 ms  0/83 (0%)  
[  9]  17.00-18.00  sec  24.6 KBytes   202 Kbits/sec  1.458 ms  0/84 (0%)  
[SUM]  17.00-18.00  sec  73.5 KBytes   602 Kbits/sec  1.423 ms  0/251 (0%)  
- - - - - - - - - - - - - - - - - - - - - - - - -
[  5]  18.00-19.00  sec  24.0 KBytes   197 Kbits/sec  1.457 ms  1/83 (1.2%)  
[  6]  18.00-19.00  sec  24.3 KBytes   199 Kbits/sec  1.224 ms  1/84 (1.2%)  
[  9]  18.00-19.00  sec  24.0 KBytes   197 Kbits/sec  1.114 ms  1/83 (1.2%)  
[SUM]  18.00-19.00  sec  72.4 KBytes   593 Kbits/sec  1.265 ms  3/250 (1.2%)  
- - - - - - - - - - - - - - - - - - - - - - - - -
[  5]  19.00-20.00  sec  24.3 KBytes   199 Kbits/sec  1.643 ms  0/83 (0%)  
[  6]  19.00-20.00  sec  24.3 KBytes   199 Kbits/sec  1.424 ms  0/83 (0%)  
[  9]  19.00-20.00  sec  24.3 KBytes   199 Kbits/sec  1.301 ms  0/83 (0%)  
[SUM]  19.00-20.00  sec  72.9 KBytes   598 Kbits/sec  1.456 ms  0/249 (0%)  
- - - - - - - - - - - - - - - - - - - - - - - - -
[  5]  20.00-21.00  sec  24.3 KBytes   199 Kbits/sec  1.863 ms  0/83 (0%)  
[  6]  20.00-21.00  sec  24.3 KBytes   199 Kbits/sec  1.117 ms  0/83 (0%)  
[  9]  20.00-21.00  sec  24.3 KBytes   199 Kbits/sec  1.436 ms  0/83 (0%)  
[SUM]  20.00-21.00  sec  72.9 KBytes   598 Kbits/sec  1.472 ms  0/249 (0%)  
- - - - - - - - - - - - - - - - - - - - - - - - -
[  5]  21.00-22.00  sec  24.6 KBytes   201 Kbits/sec  1.242 ms  0/84 (0%)  
[  6]  21.00-22.00  sec  24.6 KBytes   201 Kbits/sec  0.979 ms  0/84 (0%)  
[  9]  21.00-22.00  sec  24.6 KBytes   201 Kbits/sec  1.267 ms  0/84 (0%)  
[SUM]  21.00-22.00  sec  73.8 KBytes   604 Kbits/sec  1.163 ms  0/252 (0%)  
- - - - - - - - - - - - - - - - - - - - - - - - -
[  5]  22.00-23.00  sec  24.3 KBytes   199 Kbits/sec  1.250 ms  0/83 (0%)  
[  6]  22.00-23.00  sec  24.3 KBytes   199 Kbits/sec  1.274 ms  0/83 (0%)  
[  9]  22.00-23.00  sec  24.3 KBytes   199 Kbits/sec  1.801 ms  0/83 (0%)  
[SUM]  22.00-23.00  sec  72.9 KBytes   598 Kbits/sec  1.442 ms  0/249 (0%)  
- - - - - - - - - - - - - - - - - - - - - - - - -
[  5]  23.00-24.00  sec  24.6 KBytes   202 Kbits/sec  1.318 ms  0/84 (0%)  
[  6]  23.00-24.00  sec  24.6 KBytes   202 Kbits/sec  1.432 ms  0/84 (0%)  
[  9]  23.00-24.00  sec  24.6 KBytes   202 Kbits/sec  0.941 ms  0/84 (0%)  
[SUM]  23.00-24.00  sec  73.8 KBytes   605 Kbits/sec  1.230 ms  0/252 (0%)  
- - - - - - - - - - - - - - - - - - - - - - - - -
[  5]  24.00-25.00  sec  24.3 KBytes   199 Kbits/sec  1.015 ms  0/83 (0%)  
[  6]  24.00-25.00  sec  24.3 KBytes   199 Kbits/sec  1.877 ms  0/83 (0%)  
[  9]  24.00-25.00  sec  24.3 KBytes   199 Kbits/sec  1.531 ms  0/83 (0%)  
[SUM]  24.00-25.00  sec  72.9 KBytes   597 Kbits/sec  1.474 ms  0/249 (0%)  
- - - - - - - - - - - - - - - - - - - - - - - - -
[  5]  25.00-26.00  sec  24.3 KBytes   199 Kbits/sec  1.507 ms  0/83 (0%)  
[  6]  25.00-26.00  sec  24.3 KBytes   199 Kbits/sec  1.550 ms  0/83 (0%)  
[  9]  25.00-26.00  sec  24.3 KBytes   199 Kbits/sec  1.796 ms  0/83 (0%)  
[SUM]  25.00-26.00  sec  72.9 KBytes   598 Kbits/sec  1.618 ms  0/249 (0%)  
- - - - - - - - - - - - - - - - - - - - - - - - -
[  5]  26.00-27.00  sec  24.3 KBytes   199 Kbits/sec  0.895 ms  0/83 (0%)  
[  6]  26.00-27.00  sec  24.6 KBytes   201 Kbits/sec  1.360 ms  0/84 (0%)  
[  9]  26.00-27.00  sec  24.6 KBytes   201 Kbits/sec  1.206 ms  0/84 (0%)  
[SUM]  26.00-27.00  sec  73.5 KBytes   602 Kbits/sec  1.154 ms  0/251 (0%)  
- - - - - - - - - - - - - - - - - - - - - - - - -
[  5]  27.00-28.01  sec  24.6 KBytes   201 Kbits/sec  0.939 ms  0/84 (0%)  
[  6]  27.00-28.01  sec  24.3 KBytes   199 Kbits/sec  1.387 ms  0/83 (0%)  
[  9]  27.00-28.01  sec  24.3 KBytes   199 Kbits/sec  1.224 ms  0/83 (0%)  
[SUM]  27.00-28.01  sec  73.2 KBytes   598 Kbits/sec  1.183 ms  0/250 (0%)  
- - - - - - - - - - - - - - - - - - - - - - - - -
[  5]  28.01-29.00  sec  24.3 KBytes   200 Kbits/sec  1.620 ms  0/83 (0%)  
[  6]  28.01-29.00  sec  24.3 KBytes   200 Kbits/sec  1.220 ms  0/83 (0%)  
[  9]  28.01-29.00  sec  24.3 KBytes   200 Kbits/sec  1.430 ms  0/83 (0%)  
[SUM]  28.01-29.00  sec  72.9 KBytes   599 Kbits/sec  1.423 ms  0/249 (0%)  
- - - - - - - - - - - - - - - - - - - - - - - - -
[  5]  29.00-30.00  sec  24.6 KBytes   202 Kbits/sec  1.015 ms  0/84 (0%)  
[  6]  29.00-30.00  sec  24.3 KBytes   199 Kbits/sec  0.947 ms  0/83 (0%)  
[  9]  29.00-30.00  sec  24.3 KBytes   199 Kbits/sec  1.053 ms  0/83 (0%)  
[SUM]  29.00-30.00  sec  73.2 KBytes   601 Kbits/sec  1.005 ms  0/250 (0%)  
- - - - - - - - - - - - - - - - - - - - - - - - -
[  5]  30.00-31.00  sec  24.3 KBytes   199 Kbits/sec  1.584 ms  0/83 (0%)  
[  6]  30.00-31.00  sec  24.6 KBytes   201 Kbits/sec  1.550 ms  0/84 (0%)  
[  9]  30.00-31.00  sec  24.6 KBytes   201 Kbits/sec  1.954 ms  0/84 (0%)  
[SUM]  30.00-31.00  sec  73.5 KBytes   601 Kbits/sec  1.696 ms  0/251 (0%)  
- - - - - - - - - - - - - - - - - - - - - - - - -
[  5]  31.00-32.00  sec  24.3 KBytes   200 Kbits/sec  1.429 ms  0/83 (0%)  
[  6]  31.00-32.00  sec  24.3 KBytes   200 Kbits/sec  1.928 ms  0/83 (0%)  
[  9]  31.00-32.00  sec  24.3 KBytes   200 Kbits/sec  1.525 ms  0/83 (0%)  
[SUM]  31.00-32.00  sec  72.9 KBytes   599 Kbits/sec  1.627 ms  0/249 (0%)  
- - - - - - - - - - - - - - - - - - - - - - - - -
[  5]  32.00-33.00  sec  24.3 KBytes   199 Kbits/sec  1.146 ms  0/83 (0%)  
[  6]  32.00-33.00  sec  24.3 KBytes   199 Kbits/sec  1.231 ms  0/83 (0%)  
[  9]  32.00-33.00  sec  24.3 KBytes   199 Kbits/sec  1.130 ms  0/83 (0%)  
[SUM]  32.00-33.00  sec  72.9 KBytes   598 Kbits/sec  1.169 ms  0/249 (0%)  
- - - - - - - - - - - - - - - - - - - - - - - - -
[  5]  33.00-34.00  sec  24.3 KBytes   199 Kbits/sec  1.908 ms  0/83 (0%)  
[  6]  33.00-34.00  sec  24.6 KBytes   202 Kbits/sec  1.556 ms  0/84 (0%)  
[  9]  33.00-34.00  sec  24.6 KBytes   202 Kbits/sec  1.140 ms  0/84 (0%)  
[SUM]  33.00-34.00  sec  73.5 KBytes   602 Kbits/sec  1.534 ms  0/251 (0%)  
- - - - - - - - - - - - - - - - - - - - - - - - -
[  5]  34.00-35.00  sec  24.6 KBytes   202 Kbits/sec  1.537 ms  0/84 (0%)  
[  6]  34.00-35.00  sec  24.3 KBytes   199 Kbits/sec  1.247 ms  0/83 (0%)  
[  9]  34.00-35.00  sec  24.3 KBytes   199 Kbits/sec  1.183 ms  0/83 (0%)  
[SUM]  34.00-35.00  sec  73.2 KBytes   600 Kbits/sec  1.322 ms  0/250 (0%)  
- - - - - - - - - - - - - - - - - - - - - - - - -
[  5]  35.00-36.00  sec  24.6 KBytes   201 Kbits/sec  1.942 ms  0/84 (0%)  
[  6]  35.00-36.00  sec  24.6 KBytes   201 Kbits/sec  1.250 ms  0/84 (0%)  
[  9]  35.00-36.00  sec  24.6 KBytes   201 Kbits/sec  1.836 ms  0/84 (0%)  
[SUM]  35.00-36.00  sec  73.8 KBytes   604 Kbits/sec  1.676 ms  0/252 (0%)  
- - - - - - - - - - - - - - - - - - - - - - - - -
[  5]  36.00-37.00  sec  24.3 KBytes   199 Kbits/sec  1.533 ms  0/83 (0%)  
[  6]  36.00-37.00  sec  24.3 KBytes   199 Kbits/sec  1.513 ms  0/83 (0%)  
[  9]  36.00-37.00  sec  24.3 KBytes   199 Kbits/sec  1.297 ms  0/83 (0%)  
[SUM]  36.00-37.00  sec  72.9 KBytes   597 Kbits/sec  1.448 ms  0/249 (0%)  
- - - - - - - - - - - - - - - - - - - - - - - - -
[  5]  37.00-38.00  sec  24.3 KBytes   200 Kbits/sec  2.077 ms  0/83 (0%)  
[  6]  37.00-38.00  sec  24.3 KBytes   200 Kbits/sec  1.182 ms  0/83 (0%)  
[  9]  37.00-38.00  sec  24.3 KBytes   200 Kbits/sec  1.236 ms  0/83 (0%)  
[SUM]  37.00-38.00  sec  72.9 KBytes   599 Kbits/sec  1.499 ms  0/249 (0%)  
- - - - - - - - - - - - - - - - - - - - - - - - -
[  5]  38.00-39.00  sec  24.6 KBytes   201 Kbits/sec  0.964 ms  0/84 (0%)  
[  6]  38.00-39.00  sec  24.6 KBytes   201 Kbits/sec  1.221 ms  0/84 (0%)  
[  9]  38.00-39.00  sec  24.6 KBytes   201 Kbits/sec  0.852 ms  0/84 (0%)  
[SUM]  38.00-39.00  sec  73.8 KBytes   604 Kbits/sec  1.013 ms  0/252 (0%)  
- - - - - - - - - - - - - - - - - - - - - - - - -
[  5]  39.00-40.00  sec  24.0 KBytes   197 Kbits/sec  1.418 ms  0/82 (0%)  
[  6]  39.00-40.00  sec  24.3 KBytes   199 Kbits/sec  1.595 ms  0/83 (0%)  
[  9]  39.00-40.00  sec  24.0 KBytes   197 Kbits/sec  1.256 ms  0/82 (0%)  
[SUM]  39.00-40.00  sec  72.4 KBytes   593 Kbits/sec  1.423 ms  0/247 (0%)  
- - - - - - - - - - - - - - - - - - - - - - - - -
[  5]  40.00-41.00  sec  24.6 KBytes   202 Kbits/sec  1.161 ms  0/84 (0%)  
[  6]  40.00-41.00  sec  24.3 KBytes   199 Kbits/sec  1.744 ms  0/83 (0%)  
[  9]  40.00-41.00  sec  24.6 KBytes   202 Kbits/sec  1.530 ms  0/84 (0%)  
[SUM]  40.00-41.00  sec  73.5 KBytes   603 Kbits/sec  1.478 ms  0/251 (0%)  
- - - - - - - - - - - - - - - - - - - - - - - - -
[  5]  41.00-42.01  sec  24.6 KBytes   200 Kbits/sec  1.303 ms  0/84 (0%)  
[  6]  41.00-42.01  sec  24.6 KBytes   200 Kbits/sec  1.510 ms  0/84 (0%)  
[  9]  41.00-42.01  sec  24.6 KBytes   200 Kbits/sec  1.473 ms  0/84 (0%)  
[SUM]  41.00-42.01  sec  73.8 KBytes   601 Kbits/sec  1.429 ms  0/252 (0%)  
- - - - - - - - - - - - - - - - - - - - - - - - -
[  5]  42.01-43.00  sec  24.3 KBytes   200 Kbits/sec  1.413 ms  0/83 (0%)  
[  6]  42.01-43.00  sec  24.3 KBytes   200 Kbits/sec  1.666 ms  0/83 (0%)  
[  9]  42.01-43.00  sec  24.3 KBytes   200 Kbits/sec  0.829 ms  0/83 (0%)  
[SUM]  42.01-43.00  sec  72.9 KBytes   601 Kbits/sec  1.303 ms  0/249 (0%)  
- - - - - - - - - - - - - - - - - - - - - - - - -
[  5]  43.00-44.00  sec  24.3 KBytes   199 Kbits/sec  0.978 ms  0/83 (0%)  
[  6]  43.00-44.00  sec  24.3 KBytes   199 Kbits/sec  1.251 ms  0/83 (0%)  
[  9]  43.00-44.00  sec  24.3 KBytes   199 Kbits/sec  1.157 ms  0/83 (0%)  
[SUM]  43.00-44.00  sec  72.9 KBytes   598 Kbits/sec  1.129 ms  0/249 (0%)  
- - - - - - - - - - - - - - - - - - - - - - - - -
[  5]  44.00-45.00  sec  24.6 KBytes   202 Kbits/sec  1.421 ms  0/84 (0%)  
[  6]  44.00-45.00  sec  24.6 KBytes   202 Kbits/sec  1.443 ms  0/84 (0%)  
[  9]  44.00-45.00  sec  24.6 KBytes   202 Kbits/sec  1.207 ms  0/84 (0%)  
[SUM]  44.00-45.00  sec  73.8 KBytes   605 Kbits/sec  1.357 ms  0/252 (0%)  
- - - - - - - - - - - - - - - - - - - - - - - - -
[  5]  45.00-46.00  sec  24.0 KBytes   197 Kbits/sec  2.365 ms  0/82 (0%)  
[  6]  45.00-46.00  sec  24.0 KBytes   197 Kbits/sec  4.431 ms  0/82 (0%)  
[  9]  45.00-46.00  sec  24.0 KBytes   197 Kbits/sec  2.481 ms  0/82 (0%)  
[SUM]  45.00-46.00  sec  72.1 KBytes   590 Kbits/sec  3.092 ms  0/246 (0%)  
- - - - - - - - - - - - - - - - - - - - - - - - -
[  5]  46.00-47.00  sec  24.6 KBytes   202 Kbits/sec  0.901 ms  0/84 (0%)  
[  6]  46.00-47.00  sec  24.6 KBytes   202 Kbits/sec  1.094 ms  0/84 (0%)  
[  9]  46.00-47.00  sec  24.6 KBytes   202 Kbits/sec  1.321 ms  0/84 (0%)  
[SUM]  46.00-47.00  sec  73.8 KBytes   605 Kbits/sec  1.105 ms  0/252 (0%)  
- - - - - - - - - - - - - - - - - - - - - - - - -
[  5]  47.00-48.00  sec  24.3 KBytes   199 Kbits/sec  1.379 ms  0/83 (0%)  
[  6]  47.00-48.00  sec  24.3 KBytes   199 Kbits/sec  1.265 ms  0/83 (0%)  
[  9]  47.00-48.00  sec  24.3 KBytes   199 Kbits/sec  1.178 ms  0/83 (0%)  
[SUM]  47.00-48.00  sec  72.9 KBytes   598 Kbits/sec  1.274 ms  0/249 (0%)  
- - - - - - - - - - - - - - - - - - - - - - - - -
[  5]  48.00-49.01  sec  24.9 KBytes   202 Kbits/sec  1.357 ms  0/85 (0%)  
[  6]  48.00-49.01  sec  24.6 KBytes   200 Kbits/sec  1.542 ms  0/84 (0%)  
[  9]  48.00-49.01  sec  24.6 KBytes   200 Kbits/sec  1.770 ms  0/84 (0%)  
[SUM]  48.00-49.01  sec  74.1 KBytes   602 Kbits/sec  1.556 ms  0/253 (0%)  
- - - - - - - - - - - - - - - - - - - - - - - - -
[  5]  49.01-50.00  sec  24.0 KBytes   198 Kbits/sec  1.544 ms  0/82 (0%)  
[  6]  49.01-50.00  sec  24.3 KBytes   201 Kbits/sec  1.242 ms  0/83 (0%)  
[  9]  49.01-50.00  sec  24.3 KBytes   201 Kbits/sec  1.337 ms  0/83 (0%)  
[SUM]  49.01-50.00  sec  72.7 KBytes   600 Kbits/sec  1.374 ms  0/248 (0%)  
- - - - - - - - - - - - - - - - - - - - - - - - -
[  5]  50.00-51.00  sec  24.3 KBytes   199 Kbits/sec  1.334 ms  0/83 (0%)  
[  6]  50.00-51.00  sec  24.3 KBytes   199 Kbits/sec  1.772 ms  0/83 (0%)  
[  9]  50.00-51.00  sec  24.3 KBytes   199 Kbits/sec  1.414 ms  0/83 (0%)  
[SUM]  50.00-51.00  sec  72.9 KBytes   598 Kbits/sec  1.507 ms  0/249 (0%)  
- - - - - - - - - - - - - - - - - - - - - - - - -
[  5]  51.00-52.00  sec  24.6 KBytes   201 Kbits/sec  1.331 ms  0/84 (0%)  
[  6]  51.00-52.00  sec  24.6 KBytes   201 Kbits/sec  1.546 ms  0/84 (0%)  
[  9]  51.00-52.00  sec  24.6 KBytes   201 Kbits/sec  1.308 ms  0/84 (0%)  
[SUM]  51.00-52.00  sec  73.8 KBytes   603 Kbits/sec  1.395 ms  0/252 (0%)  
- - - - - - - - - - - - - - - - - - - - - - - - -
[  5]  52.00-53.00  sec  24.3 KBytes   200 Kbits/sec  1.312 ms  0/83 (0%)  
[  6]  52.00-53.00  sec  24.3 KBytes   200 Kbits/sec  0.784 ms  0/83 (0%)  
[  9]  52.00-53.00  sec  24.3 KBytes   200 Kbits/sec  1.538 ms  0/83 (0%)  
[SUM]  52.00-53.00  sec  72.9 KBytes   599 Kbits/sec  1.211 ms  0/249 (0%)  
- - - - - - - - - - - - - - - - - - - - - - - - -
[  5]  53.00-54.00  sec  24.3 KBytes   200 Kbits/sec  1.246 ms  0/83 (0%)  
[  6]  53.00-54.00  sec  24.3 KBytes   200 Kbits/sec  1.209 ms  0/83 (0%)  
[  9]  53.00-54.00  sec  24.6 KBytes   202 Kbits/sec  1.984 ms  0/84 (0%)  
[SUM]  53.00-54.00  sec  73.2 KBytes   601 Kbits/sec  1.480 ms  0/250 (0%)  
- - - - - - - - - - - - - - - - - - - - - - - - -
[  5]  54.00-55.00  sec  24.6 KBytes   202 Kbits/sec  0.829 ms  0/84 (0%)  
[  6]  54.00-55.00  sec  24.6 KBytes   202 Kbits/sec  1.165 ms  0/84 (0%)  
[  9]  54.00-55.00  sec  24.3 KBytes   199 Kbits/sec  1.329 ms  0/83 (0%)  
[SUM]  54.00-55.00  sec  73.5 KBytes   602 Kbits/sec  1.108 ms  0/251 (0%)  
- - - - - - - - - - - - - - - - - - - - - - - - -
[  5]  55.00-56.00  sec  24.3 KBytes   199 Kbits/sec  1.184 ms  0/83 (0%)  
[  6]  55.00-56.00  sec  24.3 KBytes   199 Kbits/sec  1.336 ms  0/83 (0%)  
[  9]  55.00-56.00  sec  24.3 KBytes   199 Kbits/sec  1.082 ms  0/83 (0%)  
[SUM]  55.00-56.00  sec  72.9 KBytes   596 Kbits/sec  1.200 ms  0/249 (0%)  
- - - - - - - - - - - - - - - - - - - - - - - - -
[  5]  56.00-56.03  sec   600 Bytes   168 Kbits/sec  1.178 ms  0/2 (0%)  
[  6]  56.00-56.03  sec   600 Bytes   168 Kbits/sec  1.306 ms  0/2 (0%)  
[  9]  56.00-56.03  sec   600 Bytes   168 Kbits/sec  1.021 ms  0/2 (0%)  
[SUM]  56.00-56.03  sec  1.76 KBytes   503 Kbits/sec  1.168 ms  0/6 (0%)  
- - - - - - - - - - - - - - - - - - - - - - - - -
[ ID] Interval           Transfer     Bitrate         Jitter    Lost/Total Datagrams
[  5]   0.00-56.03  sec  1.33 MBytes   200 Kbits/sec  1.178 ms  1/4667 (0.021%)  receiver
[  6]   0.00-56.03  sec  1.33 MBytes   200 Kbits/sec  1.306 ms  1/4667 (0.021%)  receiver
[  9]   0.00-56.03  sec  1.33 MBytes   200 Kbits/sec  1.021 ms  1/4667 (0.021%)  receiver
[SUM]   0.00-56.03  sec  4.00 MBytes   600 Kbits/sec  1.168 ms  3/14001 (0.021%)  receiver
