[eBPF] attached prog_id=8 jited=True
[eBPF] flow_map id=4 via bpf(2) (key=16B value=56B)
[acape] bounds for target 20.0ms interval 400.0ms: target 0.8-80ms interval 80-1.2e+03ms (interval/target ratio 20.0)

==============================================================================
  ACAPE v6.0.0   mode=eBPF   qdisc=fq_codel handle=10:
  metrics -> results_gate/t20_r20/fq_codel_acape_gated_ebpf_t20_steady_s1/acape_metrics_ctl.csv
==============================================================================
      t    regime        traj      pred     dr/s    bl    tput flows eleph  tgt_ms   lim  adj
---------------------------------------------------------------------------------------------
    2.4     HEAVY      STABLE     HEAVY     18.9    16   10.11     9     0  20.000  1024    0
    5.0     HEAVY      STABLE     HEAVY     17.3    17    8.59     9     0  20.000  1024    0
    7.2     HEAVY      STABLE     HEAVY     15.2    19   10.47     9     8  20.000  1024    0
    9.4     HEAVY      STABLE     HEAVY     16.4    20    9.98     9     8  20.000  1024    0
   11.7     HEAVY      STABLE     HEAVY     16.2    16    9.93     9     8  20.000  1024    0
   13.9     HEAVY      STABLE     HEAVY     14.3    17    9.85     9     8  20.000  1024    0
   16.0     HEAVY      STABLE     HEAVY     15.8    20   10.11     9     8  20.000  1024    0
[acape] gate OPEN: target 20ms / est RTT 21.56ms = r 0.928 (threshold 0.4)
   18.2     HEAVY      STABLE     HEAVY     17.0    15    9.98     9     8  20.000  1024    0
   20.4     HEAVY      STABLE     HEAVY     15.7    17    9.99     9     8  20.000  1024    0
   22.6     HEAVY      STABLE     HEAVY     15.3    19    9.95     9     8  18.000   921    1
   25.1     HEAVY      STABLE     HEAVY     16.6    17   10.03     9     8  18.000   921    1
   27.3     HEAVY      STABLE     HEAVY     15.2    16    9.82     9     8  18.000   921    1
   29.5     HEAVY      STABLE     HEAVY     15.5    18   10.06     9     8  18.000   921    1
   31.7     HEAVY      STABLE     HEAVY     16.2    16   10.02     9     8  18.000   921    1
   33.9     HEAVY      STABLE     HEAVY     15.1    20    9.93     9     8  18.000   921    1
   36.1     HEAVY      STABLE     HEAVY     16.1    17   10.02     9     8  18.000   921    1
   38.3     HEAVY      STABLE     HEAVY     15.7    18    9.94     9     8  18.000   921    1
   40.5     HEAVY      STABLE     HEAVY     15.5    19    9.94     9     8  18.000   921    1
   42.6     HEAVY      STABLE     HEAVY     15.5    18    9.96     9     8  18.000   921    1
   44.9     HEAVY      STABLE     HEAVY     14.9    22    9.91     9     8  16.200   828    2
   47.4     HEAVY      STABLE     HEAVY     16.4    17   10.09     9     8  16.200   828    2
   49.5     HEAVY      STABLE     HEAVY     16.9    17    9.99     9     8  16.200   828    2
   51.7     HEAVY      STABLE     HEAVY     15.5    14    9.98     9     8  16.200   828    2
   53.9     HEAVY      STABLE     HEAVY     15.5    16    9.91     9     8  16.200   828    2
   56.1     HEAVY      STABLE     HEAVY     15.6    16   10.07     8     8  16.200   828    2
   58.3     HEAVY      STABLE     HEAVY     14.7    21    9.94     8     8  16.200   828    2
   60.5     HEAVY      STABLE     HEAVY     17.4    16   10.00     8     8  16.200   828    2
   62.7     HEAVY      STABLE     HEAVY     14.4    15    9.93     8     8  16.200   828    2
   65.0     HEAVY      STABLE     HEAVY     16.4    16   10.01     8     8  16.200   828    2
   67.1     HEAVY      STABLE     HEAVY     15.6    18    9.97     8     8  14.600   745    3
   69.7     HEAVY      STABLE     HEAVY     18.4    18   10.00     8     8  14.600   745    3
   71.9     HEAVY      STABLE     HEAVY     18.1    18    9.74     8     8  14.600   745    3
   74.1     HEAVY      STABLE     HEAVY     18.3    16    9.97     8     8  14.600   745    3
   76.3     HEAVY      STABLE     HEAVY     16.5    16    9.97     8     8  14.600   745    3
   78.5     HEAVY      STABLE     HEAVY     18.6    16   10.00     8     8  14.600   745    3
   80.7     HEAVY      STABLE     HEAVY     17.9    17   10.00     8     8  14.600   745    3
   82.9     HEAVY      STABLE     HEAVY     18.3    15   10.01     8     8  14.600   745    3
   85.1     HEAVY      STABLE     HEAVY     17.2    13    9.97     8     8  14.600   745    3
   87.3     HEAVY      STABLE     HEAVY     17.9    13   10.04     8     8  14.600   745    3
   89.4     HEAVY      STABLE     HEAVY     17.2    18   10.00     8     8  13.100   670    4
   92.0     HEAVY      STABLE     HEAVY     22.3    12    9.99     8     8  13.100   670    4
   94.1     HEAVY      STABLE     HEAVY     22.0     0    9.92     8     8  13.100   670    4
   96.3     HEAVY      STABLE     HEAVY     23.1    13    9.98     8     8  13.100   670    4
   98.5     HEAVY      STABLE     HEAVY     21.5    12    9.98     8     8  13.100   670    4
  100.7     HEAVY      STABLE     HEAVY     21.5    15    9.49     8     8  13.100   670    4
  102.9     HEAVY      STABLE     HEAVY     24.3     0    9.97     8     8  13.100   670    4
  105.1     HEAVY      STABLE     HEAVY     21.6    11   10.00     8     8  13.100   670    4
  107.3     HEAVY      STABLE     HEAVY     21.7    13   10.01     8     8  13.100   670    4
  109.5     HEAVY      STABLE     HEAVY     21.7    14   10.00     8     8  13.100   670    4
  111.7     HEAVY      STABLE     HEAVY     24.1    10    9.96     8     8  11.800   603    5
  114.2     HEAVY      STABLE     HEAVY     24.5    13    9.92     8     8  11.800   603    5
  116.4     HEAVY      STABLE     HEAVY     26.2    11    9.99     8     8  11.800   603    5
  118.6     HEAVY      STABLE     HEAVY     24.0     0    9.95     8     8  11.800   603    5
  120.8     HEAVY      STABLE     HEAVY     26.2    13   10.05     8     8  11.800   603    5
  123.0     HEAVY      STABLE     HEAVY     28.8    12    9.98     8     8  11.800   603    5
  125.2     HEAVY      STABLE     HEAVY     25.0     9   10.00     8     8  11.800   603    5
  127.4     HEAVY      STABLE     HEAVY     26.0    12    9.99     8     8  11.800   603    5
  129.7     HEAVY      STABLE     HEAVY     25.6    13    8.93     8     8  11.800   603    5
  132.0     HEAVY      STABLE     HEAVY     24.6    13    9.87     8     8  11.800   603    5
  134.2     HEAVY      STABLE     HEAVY     27.1    15    9.97     8     8  10.600   542    6
  136.8     HEAVY      STABLE     HEAVY     28.3    11   10.00     8     8  10.600   542    6
  138.9     HEAVY      STABLE     HEAVY     27.9    11    9.97     8     8  10.600   542    6
  141.1     HEAVY      STABLE     HEAVY     29.3     8   10.02     8     8  10.600   542    6
  143.3     HEAVY      STABLE     HEAVY     27.6    12    9.94     8     8  10.600   542    6
  145.5     HEAVY      STABLE     HEAVY     27.7    10   10.04     8     8  10.600   542    6
  147.7     HEAVY      STABLE     HEAVY     28.3     9   10.00     8     8  10.600   542    6
  149.9     HEAVY      STABLE     HEAVY     27.8    11   10.00     8     8  10.600   542    6
  152.0     HEAVY      STABLE     HEAVY     28.2    12    9.98     8     8  10.600   542    6
  154.2     HEAVY      STABLE     HEAVY     26.5    10    9.92     8     8  10.600   542    6
  156.5     HEAVY      STABLE     HEAVY     28.3     9   10.02     8     8   9.540   487    7
  159.0     HEAVY      STABLE     HEAVY     26.5    11    9.99     8     8   9.540   487    7
  161.3     HEAVY      STABLE     HEAVY     28.8     9    9.72     8     8   9.540   487    7
  163.5     HEAVY      STABLE     HEAVY     29.2     6   10.08     8     8   9.540   487    7
  165.7     HEAVY      STABLE     HEAVY     28.1    10    9.99     8     8   9.540   487    7
  167.8     HEAVY      STABLE     HEAVY     27.9     0   10.00     8     8   9.540   487    7
  170.1     HEAVY      STABLE     HEAVY     30.4     7    9.90     8     8   9.540   487    7
  172.3     HEAVY      STABLE     HEAVY     28.3    11   10.09     8     8   9.540   487    7
  174.4     HEAVY      STABLE     HEAVY     28.9    12    9.98     8     8   9.540   487    7
  176.6     HEAVY      STABLE     HEAVY     28.2    12    9.97     8     8   9.540   487    7
  178.8     HEAVY      STABLE     HEAVY     29.2     6    9.94     8     8   8.590   438    8
  181.3     HEAVY      STABLE     HEAVY     29.3    12   10.00     8     8   8.590   438    8
  183.5     HEAVY      STABLE     HEAVY     30.7     6   10.04     8     8   8.590   438    8
  185.7     HEAVY      STABLE     HEAVY     30.1     8    9.92     8     8   8.590   438    8
  187.9     HEAVY      STABLE     HEAVY     30.6     8   10.07     8     8   8.590   438    8
  190.1     HEAVY      STABLE     HEAVY     29.4    11    9.96     8     8   8.590   438    8
  192.3     HEAVY      STABLE     HEAVY     31.1     7    9.96     8     8   8.590   438    8
  194.5     HEAVY      STABLE     HEAVY     29.8     9    9.94     8     8   8.590   438    8
  196.7     HEAVY      STABLE     HEAVY     29.8     8    9.99     8     8   8.590   438    8
  198.9     HEAVY      STABLE     HEAVY     31.3     7   10.05     8     8   8.590   438    8
  201.0     HEAVY      STABLE     HEAVY     30.2     8    9.99     8     8   7.730   394    9
  203.6     HEAVY      STABLE     HEAVY     31.9     9    9.97     8     8   7.730   394    9
  205.8     HEAVY      STABLE     HEAVY     31.5    13   10.02     8     8   7.730   394    9
  208.1     HEAVY      STABLE     HEAVY     33.8     8    9.91     8     8   7.730   394    9
  210.2     HEAVY      STABLE     HEAVY     31.2     8   10.04     8     8   7.730   394    9
  212.4     HEAVY      STABLE     HEAVY     32.1    11   10.01     8     8   7.730   394    9
  214.6     HEAVY      STABLE     HEAVY     33.1     8    9.91     8     8   7.730   394    9
  216.8     HEAVY      STABLE     HEAVY     32.1     8    9.99     8     8   7.730   394    9
  219.0     HEAVY      STABLE     HEAVY     32.2    11    9.98     8     8   7.730   394    9
  221.2     HEAVY      STABLE     HEAVY     33.6     6    9.96     8     8   7.730   394    9
  223.4     HEAVY      STABLE     HEAVY     31.3     8    9.99     8     8   6.960   354   10
  226.1     HEAVY      STABLE     HEAVY     32.4    10    9.49     8     8   6.960   354   10
  228.3     HEAVY      STABLE     HEAVY     34.9    12    9.96     8     8   6.960   354   10
  230.5     HEAVY      STABLE     HEAVY     34.6     7    9.98     8     8   6.960   354   10
  232.6     HEAVY      STABLE     HEAVY     33.0    10    9.99     8     8   6.960   354   10
  234.8     HEAVY      STABLE     HEAVY     34.6     9   10.00     8     8   6.960   354   10
  237.0     HEAVY      STABLE     HEAVY     32.7    11    9.98     8     8   6.960   354   10
  239.2     HEAVY      STABLE     HEAVY     21.6     0    6.73     9     8   6.960   354   10

Done — 108 ticks, 10 adjustments (0 predictive), mode=eBPF
