[acape] bounds for target 15.0ms interval 15.0ms: target 0.6-60ms interval 3-45ms (interval/target ratio 1.0)

==============================================================================
  ACAPE v6.0.0   mode=tc-only   qdisc=pie handle=10:
  metrics -> results_cross/pie_rtt30/pie_acape_steady_s2/acape_metrics_ctl.csv
==============================================================================
      t    regime        traj      pred     dr/s    bl    tput flows eleph  tgt_ms   lim  adj
---------------------------------------------------------------------------------------------
    1.8     HEAVY      STABLE     HEAVY    120.2     1    9.51     0     0  15.000  1000    0
    3.5     HEAVY      STABLE     HEAVY     30.5     5    9.91     0     0  15.000  1000    0
    5.1     HEAVY  RECOVERING  MODERATE     31.0     7   10.01     0     0  15.000  1000    0
    6.9     HEAVY  RECOVERING  MODERATE     24.6     7    9.98     0     0  15.000  1000    0
    8.6     HEAVY  RECOVERING  MODERATE     26.4     8    9.99     0     0  15.000  1000    0
   10.2     HEAVY  RECOVERING  MODERATE     22.2    11   10.03     0     0  15.000  1000    0
   11.9     HEAVY      STABLE     HEAVY     25.3    11    9.99     0     0  15.000  1000    0
   13.5     HEAVY      STABLE     HEAVY     30.7     7   10.02     0     0  15.000  1000    0
   15.3     HEAVY      STABLE     HEAVY     22.7     9    9.97     0     0  15.000  1000    0
   16.9     HEAVY      STABLE     HEAVY     23.3    11    9.99     0     0  13.500   900    1
   18.9     HEAVY      STABLE     HEAVY     28.5    11   10.04     0     0  13.500   900    1
   20.5     HEAVY      STABLE     HEAVY     33.2     7    9.96     0     0  13.500   900    1
   22.2     HEAVY      STABLE     HEAVY     27.7     9    9.98     0     0  13.500   900    1
   23.9     HEAVY      STABLE     HEAVY     24.7    14    9.95     0     0  13.500   900    1
   25.6     HEAVY      STABLE     HEAVY     29.8     8   10.01     0     0  13.500   900    1
   27.2     HEAVY      STABLE     HEAVY     28.6     8   10.02     0     0  13.500   900    1
   28.9     HEAVY      STABLE     HEAVY     26.2     7   10.00     0     0  13.500   900    1
   30.5     HEAVY      STABLE     HEAVY     28.5     9   10.02     0     0  13.500   900    1
   32.2     HEAVY      STABLE     HEAVY     25.6    12    9.98     0     0  13.500   900    1
   33.9     HEAVY      STABLE     HEAVY     27.9    10   10.01     0     0  12.100   810    2
   35.8     HEAVY      STABLE     HEAVY     30.4     3   10.01     0     0  12.100   810    2
   37.6     HEAVY      STABLE     HEAVY     25.5     6    9.94     0     0  12.100   810    2
   39.3     HEAVY      STABLE     HEAVY     24.7    13   10.02     0     0  12.100   810    2
   41.0     HEAVY      STABLE     HEAVY     29.5     8    9.93     0     0  12.100   810    2
   42.7     HEAVY      STABLE     HEAVY     30.7    11   10.11     0     0  12.100   810    2
   44.3     HEAVY      STABLE     HEAVY     26.1    10    9.95     0     0  12.100   810    2
   46.0     HEAVY      STABLE     HEAVY     27.7     4   10.02     0     0  12.100   810    2
   47.7     HEAVY      STABLE     HEAVY     27.8     6   10.01     0     0  12.100   810    2
   49.4     HEAVY      STABLE     HEAVY     26.0     8    9.95     0     0  12.100   810    2
   51.1     HEAVY      STABLE     HEAVY     24.9    11    9.98     0     0  10.900   729    3
   53.2     HEAVY      STABLE     HEAVY     31.7     7   10.02     0     0  10.900   729    3
   54.9     HEAVY      STABLE     HEAVY     27.0     6   10.02     0     0  10.900   729    3
   56.5     HEAVY      STABLE     HEAVY     24.9     9   10.04     0     0  10.900   729    3
   58.2     HEAVY      STABLE     HEAVY     29.8     5    9.99     0     0  10.900   729    3
   59.8     HEAVY      STABLE     HEAVY     29.1     7    9.99     0     0  10.900   729    3
   61.5     HEAVY      STABLE     HEAVY     25.6    10    9.97     0     0  10.900   729    3
   63.2     HEAVY      STABLE     HEAVY     30.1     5   10.01     0     0  10.900   729    3
   64.8     HEAVY      STABLE     HEAVY     25.6     8   10.00     0     0  10.900   729    3
   66.6     HEAVY      STABLE     HEAVY     28.5    10    9.91     0     0  10.900   729    3
   68.3     HEAVY      STABLE     HEAVY     25.7     7   10.00     0     0   9.810   656    4
   70.3     HEAVY      STABLE     HEAVY     30.2     7   10.01     0     0   9.810   656    4
   72.0     HEAVY      STABLE     HEAVY     30.3     5    9.92     0     0   9.810   656    4
   73.7     HEAVY      STABLE     HEAVY     28.8     6   10.08     0     0   9.810   656    4
   75.4     HEAVY      STABLE     HEAVY     26.6    10    9.94     0     0   9.810   656    4
   77.0     HEAVY      STABLE     HEAVY     29.7     4   10.03     0     0   9.810   656    4
   78.7     HEAVY      STABLE     HEAVY     30.2     7    9.98     0     0   9.810   656    4
   80.3     HEAVY      STABLE     HEAVY     31.0     7   10.03     0     0   9.810   656    4
   82.0     HEAVY      STABLE     HEAVY     26.8     5    9.88     0     0   9.810   656    4
   83.7     HEAVY      STABLE     HEAVY     28.7     3   10.08     0     0   9.810   656    4
   85.3     HEAVY      STABLE     HEAVY     33.3     6    9.99     0     0   8.830   590    5
   87.3     HEAVY      STABLE     HEAVY     32.8     3   10.00     0     0   8.830   590    5
   89.1     HEAVY      STABLE     HEAVY     34.1     7    9.98     0     0   8.830   590    5
   90.7     HEAVY      STABLE     HEAVY     27.8     6    9.98     0     0   8.830   590    5
   92.4     HEAVY      STABLE     HEAVY     31.1     7   10.01     0     0   8.830   590    5
   94.1     HEAVY      STABLE     HEAVY     31.2    10   10.00     0     0   8.830   590    5
   95.7     HEAVY      STABLE     HEAVY     31.7     6   10.00     0     0   8.830   590    5
   97.5     HEAVY      STABLE     HEAVY     19.3    19    8.59     0     0   8.830   590    5
   99.2     HEAVY      STABLE     HEAVY     32.5     5   10.01     0     0   8.830   590    5
  100.9     HEAVY      STABLE     HEAVY     29.8     5    9.98     0     0   8.830   590    5
  102.6     HEAVY      STABLE     HEAVY     32.2     4   10.02     0     0   7.950   531    6
  104.5     HEAVY      STABLE     HEAVY     26.8     6    9.99     0     0   7.950   531    6
  106.2     HEAVY      STABLE     HEAVY     29.6     7    9.95     0     0   7.950   531    6
  107.8     HEAVY      STABLE     HEAVY     32.9     3   10.04     0     0   7.950   531    6
  109.5     HEAVY      STABLE     HEAVY     31.7     6    9.98     0     0   7.950   531    6
  111.1     HEAVY      STABLE     HEAVY     30.2     2   10.00     0     0   7.950   531    6
  112.8     HEAVY      STABLE     HEAVY     30.8     4    9.96     0     0   7.950   531    6
  114.4     HEAVY      STABLE     HEAVY     29.5     5   10.04     0     0   7.950   531    6
  116.1     HEAVY      STABLE     HEAVY     27.9     8    9.98     0     0   7.950   531    6
  117.8     HEAVY      STABLE     HEAVY     33.5     7    9.96     0     0   7.950   531    6
  119.4     HEAVY      STABLE     HEAVY     31.4     4   10.00     0     0   7.150   477    7
  121.4     HEAVY      STABLE     HEAVY     30.0     4   10.00     0     0   7.150   477    7
  123.1     HEAVY      STABLE     HEAVY     33.0     5    9.96     0     0   7.150   477    7
  124.8     HEAVY      STABLE     HEAVY     33.3     4    9.98     0     0   7.150   477    7
  126.5     HEAVY      STABLE     HEAVY     34.7     6   10.07     0     0   7.150   477    7
  128.2     HEAVY      STABLE     HEAVY     32.5     4    9.95     0     0   7.150   477    7
  129.9     HEAVY      STABLE     HEAVY     36.4     5    9.96     0     0   7.150   477    7
  131.5     HEAVY      STABLE     HEAVY     30.6     8   10.03     0     0   7.150   477    7
  133.2     HEAVY      STABLE     HEAVY     34.7     7   10.00     0     0   7.150   477    7
  134.9     HEAVY      STABLE     HEAVY     37.7     2   10.02     0     0   7.150   477    7
  136.6     HEAVY      STABLE     HEAVY     29.0     4    9.97     0     0   6.430   429    8
  138.7     HEAVY      STABLE     HEAVY     33.3     3    9.83     0     0   6.430   429    8
  140.4     HEAVY      STABLE     HEAVY     35.7     4    9.97     0     0   6.430   429    8
  142.1     HEAVY      STABLE     HEAVY     37.4     4   10.04     0     0   6.430   429    8
  143.7     HEAVY      STABLE     HEAVY     34.0     7   10.01     0     0   6.430   429    8
  145.4     HEAVY      STABLE     HEAVY     33.4     0    9.99     0     0   6.430   429    8
  147.1     HEAVY      STABLE     HEAVY     35.4     3    9.92     0     0   6.430   429    8
  148.8     HEAVY      STABLE     HEAVY     31.5     3   10.07     0     0   6.430   429    8
  150.4     HEAVY      STABLE     HEAVY     31.1     2    9.96     0     0   6.430   429    8
  152.1     HEAVY      STABLE     HEAVY     35.0     4    9.99     0     0   6.430   429    8
  153.9     HEAVY      STABLE     HEAVY     33.5     4    9.97     0     0   5.790   386    9
  155.9     HEAVY      STABLE     HEAVY     37.3     3   10.01     0     0   5.790   386    9
  157.6     HEAVY      STABLE     HEAVY     34.1     7   10.03     0     0   5.790   386    9
  159.2     HEAVY      STABLE     HEAVY     33.9     6   10.00     0     0   5.790   386    9
  160.9     HEAVY      STABLE     HEAVY     33.7     8    9.95     0     0   5.790   386    9
  162.6     HEAVY      STABLE     HEAVY     36.2     2   10.00     0     0   5.790   386    9
  164.3     HEAVY      STABLE     HEAVY     35.4     3    9.98     0     0   5.790   386    9
  166.0     HEAVY      STABLE     HEAVY     32.8     4   10.01     0     0   5.790   386    9
  167.7     HEAVY      STABLE     HEAVY     34.9     7   10.02     0     0   5.790   386    9
  169.4     HEAVY      STABLE     HEAVY     36.4     6   10.00     0     0   5.790   386    9
  171.0     HEAVY      STABLE     HEAVY     33.6     5    9.99     0     0   5.210   347   10
  173.0     HEAVY      STABLE     HEAVY     35.1     7    9.93     0     0   5.210   347   10
  174.7     HEAVY      STABLE     HEAVY     35.2     3   10.08     0     0   5.210   347   10
  176.4     HEAVY      STABLE     HEAVY     32.8     3    9.94     0     0   5.210   347   10
  178.1     HEAVY      STABLE     HEAVY     35.6     5    9.98     0     0   5.210   347   10
  179.8     HEAVY      STABLE     HEAVY     31.8     0    8.19     0     0   5.210   347   10

Done — 106 ticks, 10 adjustments (0 predictive), mode=tc-only
