[acape] bounds for target 5.0ms interval 100.0ms: target 0.2-20ms interval 20-300ms (interval/target ratio 20.0)

==============================================================================
  ACAPE v6.0.0   mode=tc-only   qdisc=fq_codel handle=10:
  metrics -> results_serial/rate10/fq_codel_acape_t5_steady_s2/acape_metrics_ctl.csv
==============================================================================
      t    regime        traj      pred     dr/s    bl    tput flows eleph  tgt_ms   lim  adj
---------------------------------------------------------------------------------------------
    1.1     HEAVY      STABLE     HEAVY     65.7    13    9.89     0     0   5.000  1024    0
    1.8     HEAVY      STABLE     HEAVY     63.6    15   10.25     0     0   5.000  1024    0
    2.5     HEAVY      STABLE     HEAVY     52.1    14   10.06     0     0   5.000  1024    0
    3.3     HEAVY      STABLE     HEAVY     57.6    13    9.76     0     0   5.000  1024    0
    4.0     HEAVY      STABLE     HEAVY     54.9    11   10.18     0     0   5.000  1024    0
    4.7     HEAVY      STABLE     HEAVY     63.7    13    9.95     0     0   5.000  1024    0
    5.3     HEAVY      STABLE     HEAVY     59.6    13    9.95     0     0   5.000  1024    0
    6.1     HEAVY      STABLE     HEAVY     65.1    10    9.73     0     0   5.000  1024    0
    6.7     HEAVY      STABLE     HEAVY     51.3    17    9.97     0     0   5.000  1024    0
    7.4     HEAVY      STABLE     HEAVY     51.8    12    9.88     0     0   4.500   921    1
    8.5     HEAVY      STABLE     HEAVY     59.6    16   10.02     0     0   4.500   921    1
    9.2     HEAVY      STABLE     HEAVY     66.9    14   10.03     0     0   4.500   921    1
   10.0     HEAVY      STABLE     HEAVY     66.1    13    9.98     0     0   4.500   921    1
   10.7     HEAVY      STABLE     HEAVY     65.5    12   10.00     0     0   4.500   921    1
   11.4     HEAVY      STABLE     HEAVY     65.9    12    9.90     0     0   4.500   921    1
   12.0     HEAVY      STABLE     HEAVY     65.1    15   10.04     0     0   4.500   921    1
   12.7     HEAVY      STABLE     HEAVY     65.5     9   10.00     0     0   4.500   921    1
   13.4     HEAVY      STABLE     HEAVY     64.1    11    9.96     0     0   4.500   921    1
   14.1     HEAVY      STABLE     HEAVY     66.6    13    9.96     0     0   4.500   921    1
   14.7     HEAVY      STABLE     HEAVY     65.5    13    9.98     0     0   4.050   828    2
   15.8     HEAVY      STABLE     HEAVY     67.0    14    9.95     0     0   4.050   828    2
   16.5     HEAVY      STABLE     HEAVY     79.3    10   10.09     0     0   4.050   828    2
   17.1     HEAVY      STABLE     HEAVY     70.9     9    9.97     0     0   4.050   828    2
   17.8     HEAVY      STABLE     HEAVY     73.4    10   10.01     0     0   4.050   828    2
   18.5     HEAVY      STABLE     HEAVY     76.4     9    9.90     0     0   4.050   828    2
   19.1     HEAVY      STABLE     HEAVY     71.3    12   10.05     0     0   4.050   828    2
   19.8     HEAVY      STABLE     HEAVY     74.4    14    9.86     0     0   4.050   828    2
   20.5     HEAVY      STABLE     HEAVY     66.3    12   10.13     0     0   4.050   828    2
   21.6     HEAVY      STABLE     HEAVY     59.0    14    7.18     0     0   4.050   828    2
   22.3     HEAVY      STABLE     HEAVY     80.2    13   10.88     0     0   3.640   745    3
   23.4     HEAVY      STABLE     HEAVY     79.4    11    9.95     0     0   3.640   745    3
   24.1     HEAVY      STABLE     HEAVY     77.3    14    9.73     0     0   3.640   745    3
   24.8     HEAVY      STABLE     HEAVY     86.5    10   10.26     0     0   3.640   745    3
   25.5     HEAVY      STABLE     HEAVY     80.2    11   10.03     0     0   3.640   745    3
   26.1     HEAVY      STABLE     HEAVY     83.9    12   10.03     0     0   3.640   745    3
   26.8     HEAVY      STABLE     HEAVY     79.5    13    9.88     0     0   3.640   745    3
   27.5     HEAVY      STABLE     HEAVY     80.9    15   10.05     0     0   3.640   745    3
   28.2     HEAVY      STABLE     HEAVY     78.0    11    9.93     0     0   3.640   745    3
   29.1     HEAVY      STABLE     HEAVY     76.8    14    9.72     0     0   3.640   745    3
   29.8     HEAVY      STABLE     HEAVY     84.1    14   10.22     0     0   3.270   670    4
   31.1     HEAVY      STABLE     HEAVY     87.1    11    9.96     0     0   3.270   670    4
   31.8     HEAVY      STABLE     HEAVY     98.3    13   10.01     0     0   3.270   670    4
   32.6     HEAVY      STABLE     HEAVY    109.1     8    9.84     0     0   3.270   670    4
   33.4     HEAVY      STABLE     HEAVY     99.8    10   10.21     0     0   3.270   670    4
   34.1     HEAVY      STABLE     HEAVY    104.1    13    9.95     0     0   3.270   670    4
   34.9     HEAVY      STABLE     HEAVY    100.1    12    9.87     0     0   3.270   670    4
   35.6     HEAVY      STABLE     HEAVY    103.4    14   10.05     0     0   3.270   670    4
   36.3     HEAVY      STABLE     HEAVY     95.0    10    9.80     0     0   3.270   670    4
   37.0     HEAVY      STABLE     HEAVY    106.5    12   10.12     0     0   3.270   670    4
   37.7     HEAVY      STABLE     HEAVY    112.4    12    9.93     0     0   2.940   603    5
   38.7     HEAVY      STABLE     HEAVY    103.2    11    9.91     0     0   2.940   603    5
   39.4     HEAVY      STABLE     HEAVY    104.5     8   10.11     0     0   2.940   603    5
   40.1     HEAVY      STABLE     HEAVY    109.7    16    9.95     0     0   2.940   603    5
   40.8     HEAVY      STABLE     HEAVY    113.5    11   10.08     0     0   2.940   603    5
   41.5     HEAVY      STABLE     HEAVY    117.2    11    9.82     0     0   2.940   603    5
   42.2     HEAVY      STABLE     HEAVY    101.5    11    9.97     0     0   2.940   603    5
   42.9     HEAVY      STABLE     HEAVY    104.8    12   10.05     0     0   2.940   603    5
   43.6     HEAVY      STABLE     HEAVY    114.6    14   10.08     0     0   2.940   603    5
   44.3     HEAVY      STABLE     HEAVY    106.7    12    9.77     0     0   2.940   603    5
   45.0     HEAVY      STABLE     HEAVY     99.0    13   10.14     0     0   2.640   542    6
   46.0     HEAVY      STABLE     HEAVY    118.1    11   10.08     0     0   2.640   542    6
   46.7     HEAVY      STABLE     HEAVY    137.8     7    9.99     0     0   2.640   542    6
   47.4     HEAVY      STABLE     HEAVY    115.8     9    9.94     0     0   2.640   542    6
   48.0     HEAVY      STABLE     HEAVY    122.4    10   10.06     0     0   2.640   542    6
   48.7     HEAVY      STABLE     HEAVY    119.1    14    9.82     0     0   2.640   542    6
   49.4     HEAVY      STABLE     HEAVY    129.7    13   10.04     0     0   2.640   542    6
   50.1     HEAVY      STABLE     HEAVY    109.5    12    9.99     0     0   2.640   542    6
   50.7     HEAVY      STABLE     HEAVY    119.4    13    9.89     0     0   2.640   542    6
   51.5     HEAVY      STABLE     HEAVY    112.9    10   10.04     0     0   2.640   542    6
   52.2     HEAVY      STABLE     HEAVY    124.8    12    9.96     0     0   2.380   487    7
   53.3     HEAVY      STABLE     HEAVY    119.8     8    9.93     0     0   2.380   487    7
   54.0     HEAVY      STABLE     HEAVY    133.4    15    9.98     0     0   2.380   487    7
   54.7     HEAVY      STABLE     HEAVY    140.2    11   10.19     0     0   2.380   487    7
   55.4     HEAVY      STABLE     HEAVY    133.7    14    9.63     0     0   2.380   487    7
   56.1     HEAVY      STABLE     HEAVY    150.3     3   10.16     0     0   2.380   487    7
   56.7     HEAVY      STABLE     HEAVY    149.2     8   10.19     0     0   2.380   487    7
   57.4     HEAVY      STABLE     HEAVY    138.8    11    9.97     0     0   2.380   487    7
   58.1     HEAVY      STABLE     HEAVY    150.0     6   10.00     0     0   2.380   487    7
   58.9     HEAVY      STABLE     HEAVY    106.7     0    8.04     0     0   2.380   487    7
   59.6    NORMAL      STABLE    NORMAL      0.0     0    0.00     0     0   2.380   487    7

Done — 81 ticks, 7 adjustments (0 predictive), mode=tc-only
