-----------------------------------------------------------
Server listening on 5202 (test #1)
-----------------------------------------------------------
Accepted connection from 192.168.1.2, port 55164
[  5] local 192.168.2.2 port 5202 connected to 192.168.1.2 port 43707
[  6] local 192.168.2.2 port 5202 connected to 192.168.1.2 port 42663
[  9] local 192.168.2.2 port 5202 connected to 192.168.1.2 port 47742
[ ID] Interval           Transfer     Bitrate         Jitter    Lost/Total Datagrams
[  5]   0.00-1.00   sec  24.0 KBytes   197 Kbits/sec  1.298 ms  0/82 (0%)  
[  6]   0.00-1.00   sec  24.0 KBytes   197 Kbits/sec  1.724 ms  0/82 (0%)  
[  9]   0.00-1.00   sec  24.0 KBytes   197 Kbits/sec  1.089 ms  0/82 (0%)  
[SUM]   0.00-1.00   sec  72.1 KBytes   590 Kbits/sec  1.370 ms  0/246 (0%)  
- - - - - - - - - - - - - - - - - - - - - - - - -
[  5]   1.00-2.00   sec  24.3 KBytes   199 Kbits/sec  1.463 ms  0/83 (0%)  
[  6]   1.00-2.00   sec  24.3 KBytes   199 Kbits/sec  1.171 ms  0/83 (0%)  
[  9]   1.00-2.00   sec  24.3 KBytes   199 Kbits/sec  1.521 ms  0/83 (0%)  
[SUM]   1.00-2.00   sec  72.9 KBytes   598 Kbits/sec  1.385 ms  0/249 (0%)  
- - - - - - - - - - - - - - - - - - - - - - - - -
[  5]   2.00-3.00   sec  24.3 KBytes   199 Kbits/sec  1.174 ms  0/83 (0%)  
[  6]   2.00-3.00   sec  24.3 KBytes   199 Kbits/sec  1.045 ms  0/83 (0%)  
[  9]   2.00-3.00   sec  24.3 KBytes   199 Kbits/sec  1.508 ms  0/83 (0%)  
[SUM]   2.00-3.00   sec  72.9 KBytes   597 Kbits/sec  1.242 ms  0/249 (0%)  
- - - - - - - - - - - - - - - - - - - - - - - - -
[  5]   3.00-4.00   sec  24.6 KBytes   202 Kbits/sec  1.222 ms  0/84 (0%)  
[  6]   3.00-4.00   sec  24.6 KBytes   202 Kbits/sec  1.231 ms  0/84 (0%)  
[  9]   3.00-4.00   sec  24.6 KBytes   202 Kbits/sec  1.522 ms  0/84 (0%)  
[SUM]   3.00-4.00   sec  73.8 KBytes   606 Kbits/sec  1.325 ms  0/252 (0%)  
- - - - - - - - - - - - - - - - - - - - - - - - -
[  5]   4.00-5.00   sec  24.3 KBytes   199 Kbits/sec  1.340 ms  0/83 (0%)  
[  6]   4.00-5.00   sec  24.3 KBytes   199 Kbits/sec  1.202 ms  0/83 (0%)  
[  9]   4.00-5.00   sec  24.3 KBytes   199 Kbits/sec  1.362 ms  0/83 (0%)  
[SUM]   4.00-5.00   sec  72.9 KBytes   598 Kbits/sec  1.301 ms  0/249 (0%)  
- - - - - - - - - - - - - - - - - - - - - - - - -
[  5]   5.00-6.00   sec  24.3 KBytes   199 Kbits/sec  1.347 ms  0/83 (0%)  
[  6]   5.00-6.00   sec  24.3 KBytes   199 Kbits/sec  1.450 ms  0/83 (0%)  
[  9]   5.00-6.00   sec  24.3 KBytes   199 Kbits/sec  1.446 ms  0/83 (0%)  
[SUM]   5.00-6.00   sec  72.9 KBytes   598 Kbits/sec  1.414 ms  0/249 (0%)  
- - - - - - - - - - - - - - - - - - - - - - - - -
[  5]   6.00-7.00   sec  24.6 KBytes   201 Kbits/sec  1.723 ms  0/84 (0%)  
[  6]   6.00-7.00   sec  24.6 KBytes   201 Kbits/sec  1.456 ms  0/84 (0%)  
[  9]   6.00-7.00   sec  24.6 KBytes   201 Kbits/sec  1.937 ms  0/84 (0%)  
[SUM]   6.00-7.00   sec  73.8 KBytes   603 Kbits/sec  1.705 ms  0/252 (0%)  
- - - - - - - - - - - - - - - - - - - - - - - - -
[  5]   7.00-8.00   sec  24.3 KBytes   200 Kbits/sec  1.340 ms  0/83 (0%)  
[  6]   7.00-8.00   sec  24.3 KBytes   200 Kbits/sec  1.341 ms  0/83 (0%)  
[  9]   7.00-8.00   sec  24.3 KBytes   200 Kbits/sec  1.724 ms  0/83 (0%)  
[SUM]   7.00-8.00   sec  72.9 KBytes   599 Kbits/sec  1.468 ms  0/249 (0%)  
- - - - - - - - - - - - - - - - - - - - - - - - -
[  5]   8.00-9.00   sec  24.3 KBytes   199 Kbits/sec  1.568 ms  0/83 (0%)  
[  6]   8.00-9.00   sec  24.3 KBytes   199 Kbits/sec  1.538 ms  0/83 (0%)  
[  9]   8.00-9.00   sec  24.3 KBytes   199 Kbits/sec  1.065 ms  0/83 (0%)  
[SUM]   8.00-9.00   sec  72.9 KBytes   598 Kbits/sec  1.390 ms  0/249 (0%)  
- - - - - - - - - - - - - - - - - - - - - - - - -
[  5]   9.00-10.00  sec  24.6 KBytes   202 Kbits/sec  1.223 ms  0/84 (0%)  
[  6]   9.00-10.00  sec  24.6 KBytes   202 Kbits/sec  1.272 ms  0/84 (0%)  
[  9]   9.00-10.00  sec  24.6 KBytes   202 Kbits/sec  1.399 ms  0/84 (0%)  
[SUM]   9.00-10.00  sec  73.8 KBytes   605 Kbits/sec  1.298 ms  0/252 (0%)  
- - - - - - - - - - - - - - - - - - - - - - - - -
[  5]  10.00-11.00  sec  24.3 KBytes   199 Kbits/sec  1.558 ms  0/83 (0%)  
[  6]  10.00-11.00  sec  24.3 KBytes   199 Kbits/sec  2.234 ms  0/83 (0%)  
[  9]  10.00-11.00  sec  24.3 KBytes   199 Kbits/sec  1.715 ms  0/83 (0%)  
[SUM]  10.00-11.00  sec  72.9 KBytes   597 Kbits/sec  1.836 ms  0/249 (0%)  
- - - - - - - - - - - - - - - - - - - - - - - - -
[  5]  11.00-12.00  sec  24.6 KBytes   201 Kbits/sec  0.924 ms  0/84 (0%)  
[  6]  11.00-12.00  sec  24.6 KBytes   201 Kbits/sec  1.059 ms  0/84 (0%)  
[  9]  11.00-12.00  sec  24.6 KBytes   201 Kbits/sec  1.513 ms  0/84 (0%)  
[SUM]  11.00-12.00  sec  73.8 KBytes   603 Kbits/sec  1.165 ms  0/252 (0%)  
- - - - - - - - - - - - - - - - - - - - - - - - -
[  5]  12.00-13.00  sec  24.3 KBytes   200 Kbits/sec  1.599 ms  0/83 (0%)  
[  6]  12.00-13.00  sec  24.3 KBytes   200 Kbits/sec  1.782 ms  0/83 (0%)  
[  9]  12.00-13.00  sec  24.3 KBytes   200 Kbits/sec  1.263 ms  0/83 (0%)  
[SUM]  12.00-13.00  sec  72.9 KBytes   599 Kbits/sec  1.548 ms  0/249 (0%)  
- - - - - - - - - - - - - - - - - - - - - - - - -
[  5]  13.00-14.00  sec  24.3 KBytes   199 Kbits/sec  1.184 ms  0/83 (0%)  
[  6]  13.00-14.00  sec  24.3 KBytes   199 Kbits/sec  1.480 ms  0/83 (0%)  
[  9]  13.00-14.00  sec  24.3 KBytes   199 Kbits/sec  1.500 ms  0/83 (0%)  
[SUM]  13.00-14.00  sec  72.9 KBytes   597 Kbits/sec  1.388 ms  0/249 (0%)  
- - - - - - - - - - - - - - - - - - - - - - - - -
[  5]  14.00-15.00  sec  24.3 KBytes   200 Kbits/sec  1.465 ms  0/83 (0%)  
[  6]  14.00-15.00  sec  24.6 KBytes   202 Kbits/sec  1.401 ms  0/84 (0%)  
[  9]  14.00-15.00  sec  24.6 KBytes   202 Kbits/sec  0.930 ms  0/84 (0%)  
[SUM]  14.00-15.00  sec  73.5 KBytes   603 Kbits/sec  1.266 ms  0/251 (0%)  
- - - - - - - - - - - - - - - - - - - - - - - - -
[  5]  15.00-16.00  sec  24.6 KBytes   201 Kbits/sec  1.420 ms  0/84 (0%)  
[  6]  15.00-16.00  sec  24.3 KBytes   199 Kbits/sec  1.524 ms  0/83 (0%)  
[  9]  15.00-16.00  sec  24.3 KBytes   199 Kbits/sec  1.330 ms  0/83 (0%)  
[SUM]  15.00-16.00  sec  73.2 KBytes   600 Kbits/sec  1.425 ms  0/250 (0%)  
- - - - - - - - - - - - - - - - - - - - - - - - -
[  5]  16.00-17.00  sec  24.3 KBytes   199 Kbits/sec  0.691 ms  0/83 (0%)  
[  6]  16.00-17.00  sec  24.3 KBytes   199 Kbits/sec  1.093 ms  0/83 (0%)  
[  9]  16.00-17.00  sec  24.3 KBytes   199 Kbits/sec  1.153 ms  0/83 (0%)  
[SUM]  16.00-17.00  sec  72.9 KBytes   598 Kbits/sec  0.979 ms  0/249 (0%)  
- - - - - - - - - - - - - - - - - - - - - - - - -
[  5]  17.00-18.00  sec  24.3 KBytes   199 Kbits/sec  1.015 ms  0/83 (0%)  
[  6]  17.00-18.00  sec  24.3 KBytes   199 Kbits/sec  0.930 ms  0/83 (0%)  
[  9]  17.00-18.00  sec  24.6 KBytes   202 Kbits/sec  1.083 ms  0/84 (0%)  
[SUM]  17.00-18.00  sec  73.2 KBytes   601 Kbits/sec  1.009 ms  0/250 (0%)  
- - - - - - - - - - - - - - - - - - - - - - - - -
[  5]  18.00-19.00  sec  24.6 KBytes   202 Kbits/sec  0.804 ms  0/84 (0%)  
[  6]  18.00-19.00  sec  24.6 KBytes   202 Kbits/sec  1.105 ms  0/84 (0%)  
[  9]  18.00-19.00  sec  24.3 KBytes   199 Kbits/sec  1.092 ms  0/83 (0%)  
[SUM]  18.00-19.00  sec  73.5 KBytes   602 Kbits/sec  1.000 ms  0/251 (0%)  
- - - - - - - - - - - - - - - - - - - - - - - - -
[  5]  19.00-20.00  sec  24.3 KBytes   199 Kbits/sec  1.276 ms  0/83 (0%)  
[  6]  19.00-20.00  sec  24.3 KBytes   199 Kbits/sec  1.149 ms  0/83 (0%)  
[  9]  19.00-20.00  sec  24.3 KBytes   199 Kbits/sec  1.169 ms  0/83 (0%)  
[SUM]  19.00-20.00  sec  72.9 KBytes   597 Kbits/sec  1.198 ms  0/249 (0%)  
- - - - - - - - - - - - - - - - - - - - - - - - -
[  5]  20.00-21.00  sec  24.3 KBytes   199 Kbits/sec  1.612 ms  0/83 (0%)  
[  6]  20.00-21.00  sec  24.3 KBytes   199 Kbits/sec  1.323 ms  0/83 (0%)  
[  9]  20.00-21.00  sec  24.3 KBytes   199 Kbits/sec  1.637 ms  0/83 (0%)  
[SUM]  20.00-21.00  sec  72.9 KBytes   598 Kbits/sec  1.524 ms  0/249 (0%)  
- - - - - - - - - - - - - - - - - - - - - - - - -
[  5]  21.00-22.00  sec  24.6 KBytes   201 Kbits/sec  1.443 ms  0/84 (0%)  
[  6]  21.00-22.00  sec  24.6 KBytes   201 Kbits/sec  1.388 ms  0/84 (0%)  
[  9]  21.00-22.00  sec  24.6 KBytes   201 Kbits/sec  1.166 ms  0/84 (0%)  
[SUM]  21.00-22.00  sec  73.8 KBytes   604 Kbits/sec  1.332 ms  0/252 (0%)  
- - - - - - - - - - - - - - - - - - - - - - - - -
[  5]  22.00-23.00  sec  24.3 KBytes   199 Kbits/sec  1.431 ms  0/83 (0%)  
[  6]  22.00-23.00  sec  24.3 KBytes   199 Kbits/sec  1.093 ms  0/83 (0%)  
[  9]  22.00-23.00  sec  24.3 KBytes   199 Kbits/sec  1.785 ms  0/83 (0%)  
[SUM]  22.00-23.00  sec  72.9 KBytes   596 Kbits/sec  1.436 ms  0/249 (0%)  
- - - - - - - - - - - - - - - - - - - - - - - - -
[  5]  23.00-24.00  sec  24.6 KBytes   202 Kbits/sec  1.002 ms  0/84 (0%)  
[  6]  23.00-24.00  sec  24.6 KBytes   202 Kbits/sec  1.345 ms  0/84 (0%)  
[  9]  23.00-24.00  sec  24.3 KBytes   199 Kbits/sec  1.145 ms  0/83 (0%)  
[SUM]  23.00-24.00  sec  73.5 KBytes   603 Kbits/sec  1.164 ms  0/251 (0%)  
- - - - - - - - - - - - - - - - - - - - - - - - -
[  5]  24.00-25.00  sec  24.3 KBytes   200 Kbits/sec  1.191 ms  0/83 (0%)  
[  6]  24.00-25.00  sec  24.3 KBytes   200 Kbits/sec  0.992 ms  0/83 (0%)  
[  9]  24.00-25.00  sec  24.6 KBytes   202 Kbits/sec  0.845 ms  0/84 (0%)  
[SUM]  24.00-25.00  sec  73.2 KBytes   601 Kbits/sec  1.009 ms  0/250 (0%)  
- - - - - - - - - - - - - - - - - - - - - - - - -
[  5]  25.00-26.00  sec  24.6 KBytes   201 Kbits/sec  1.268 ms  0/84 (0%)  
[  6]  25.00-26.00  sec  24.6 KBytes   201 Kbits/sec  1.238 ms  0/84 (0%)  
[  9]  25.00-26.00  sec  24.3 KBytes   198 Kbits/sec  1.138 ms  0/83 (0%)  
[SUM]  25.00-26.00  sec  73.5 KBytes   600 Kbits/sec  1.214 ms  0/251 (0%)  
- - - - - - - - - - - - - - - - - - - - - - - - -
[  5]  26.00-27.00  sec  24.0 KBytes   198 Kbits/sec  1.224 ms  0/82 (0%)  
[  6]  26.00-27.00  sec  24.3 KBytes   200 Kbits/sec  1.102 ms  0/83 (0%)  
[  9]  26.00-27.00  sec  24.6 KBytes   202 Kbits/sec  0.893 ms  0/84 (0%)  
[SUM]  26.00-27.00  sec  72.9 KBytes   600 Kbits/sec  1.073 ms  0/249 (0%)  
- - - - - - - - - - - - - - - - - - - - - - - - -
[  5]  27.00-28.00  sec  24.3 KBytes   199 Kbits/sec  1.923 ms  0/84 (0%)  
[  6]  27.00-28.00  sec  24.3 KBytes   199 Kbits/sec  1.520 ms  0/83 (0%)  
[  9]  27.00-28.00  sec  24.3 KBytes   199 Kbits/sec  1.699 ms  0/83 (0%)  
[SUM]  27.00-28.00  sec  72.9 KBytes   597 Kbits/sec  1.714 ms  0/250 (0%)  
- - - - - - - - - - - - - - - - - - - - - - - - -
[  5]  28.00-29.00  sec  24.3 KBytes   199 Kbits/sec  1.284 ms  0/83 (0%)  
[  6]  28.00-29.00  sec  24.3 KBytes   199 Kbits/sec  1.144 ms  0/83 (0%)  
[  9]  28.00-29.00  sec  24.3 KBytes   199 Kbits/sec  0.835 ms  0/83 (0%)  
[SUM]  28.00-29.00  sec  72.9 KBytes   597 Kbits/sec  1.088 ms  0/249 (0%)  
- - - - - - - - - - - - - - - - - - - - - - - - -
[  5]  29.00-30.00  sec  24.3 KBytes   199 Kbits/sec  1.373 ms  0/83 (0%)  
[  6]  29.00-30.00  sec  24.3 KBytes   199 Kbits/sec  1.524 ms  0/83 (0%)  
[  9]  29.00-30.00  sec  24.6 KBytes   202 Kbits/sec  1.196 ms  0/84 (0%)  
[SUM]  29.00-30.00  sec  73.2 KBytes   600 Kbits/sec  1.365 ms  0/250 (0%)  
- - - - - - - - - - - - - - - - - - - - - - - - -
[  5]  30.00-31.00  sec  24.6 KBytes   202 Kbits/sec  0.797 ms  0/84 (0%)  
[  6]  30.00-31.00  sec  24.6 KBytes   202 Kbits/sec  1.530 ms  0/84 (0%)  
[  9]  30.00-31.00  sec  24.3 KBytes   199 Kbits/sec  1.361 ms  0/83 (0%)  
[SUM]  30.00-31.00  sec  73.5 KBytes   602 Kbits/sec  1.230 ms  0/251 (0%)  
- - - - - - - - - - - - - - - - - - - - - - - - -
[  5]  31.00-32.00  sec  24.3 KBytes   199 Kbits/sec  1.156 ms  0/83 (0%)  
[  6]  31.00-32.00  sec  24.3 KBytes   199 Kbits/sec  1.140 ms  0/83 (0%)  
[  9]  31.00-32.00  sec  24.3 KBytes   199 Kbits/sec  1.397 ms  0/83 (0%)  
[SUM]  31.00-32.00  sec  72.9 KBytes   597 Kbits/sec  1.231 ms  0/249 (0%)  
- - - - - - - - - - - - - - - - - - - - - - - - -
[  5]  32.00-33.00  sec  24.6 KBytes   202 Kbits/sec  1.355 ms  0/84 (0%)  
[  6]  32.00-33.00  sec  24.6 KBytes   202 Kbits/sec  1.195 ms  0/84 (0%)  
[  9]  32.00-33.00  sec  24.3 KBytes   199 Kbits/sec  1.429 ms  0/83 (0%)  
[SUM]  32.00-33.00  sec  73.5 KBytes   603 Kbits/sec  1.326 ms  0/251 (0%)  
- - - - - - - - - - - - - - - - - - - - - - - - -
[  5]  33.00-34.00  sec  24.3 KBytes   199 Kbits/sec  1.517 ms  0/83 (0%)  
[  6]  33.00-34.00  sec  24.3 KBytes   199 Kbits/sec  1.159 ms  0/83 (0%)  
[  9]  33.00-34.00  sec  24.6 KBytes   202 Kbits/sec  1.266 ms  0/84 (0%)  
[SUM]  33.00-34.00  sec  73.2 KBytes   600 Kbits/sec  1.314 ms  0/250 (0%)  
- - - - - - - - - - - - - - - - - - - - - - - - -
[  5]  34.00-35.00  sec  24.3 KBytes   199 Kbits/sec  1.577 ms  0/83 (0%)  
[  6]  34.00-35.00  sec  24.3 KBytes   199 Kbits/sec  1.485 ms  0/83 (0%)  
[  9]  34.00-35.00  sec  24.3 KBytes   199 Kbits/sec  1.195 ms  0/83 (0%)  
[SUM]  34.00-35.00  sec  72.9 KBytes   598 Kbits/sec  1.419 ms  0/249 (0%)  
- - - - - - - - - - - - - - - - - - - - - - - - -
[  5]  35.00-36.00  sec  24.6 KBytes   201 Kbits/sec  1.359 ms  0/84 (0%)  
[  6]  35.00-36.00  sec  24.6 KBytes   201 Kbits/sec  1.759 ms  0/84 (0%)  
[  9]  35.00-36.00  sec  24.6 KBytes   201 Kbits/sec  1.241 ms  0/84 (0%)  
[SUM]  35.00-36.00  sec  73.8 KBytes   604 Kbits/sec  1.453 ms  0/252 (0%)  
- - - - - - - - - - - - - - - - - - - - - - - - -
[  5]  36.00-37.00  sec  24.3 KBytes   199 Kbits/sec  1.138 ms  0/83 (0%)  
[  6]  36.00-37.00  sec  24.3 KBytes   199 Kbits/sec  1.140 ms  0/83 (0%)  
[  9]  36.00-37.00  sec  24.3 KBytes   199 Kbits/sec  1.067 ms  0/83 (0%)  
[SUM]  36.00-37.00  sec  72.9 KBytes   598 Kbits/sec  1.115 ms  0/249 (0%)  
- - - - - - - - - - - - - - - - - - - - - - - - -
[  5]  37.00-38.00  sec  24.3 KBytes   199 Kbits/sec  1.049 ms  0/83 (0%)  
[  6]  37.00-38.00  sec  24.3 KBytes   199 Kbits/sec  1.345 ms  0/83 (0%)  
[  9]  37.00-38.00  sec  24.3 KBytes   199 Kbits/sec  1.693 ms  0/83 (0%)  
[SUM]  37.00-38.00  sec  72.9 KBytes   597 Kbits/sec  1.363 ms  0/249 (0%)  
- - - - - - - - - - - - - - - - - - - - - - - - -
[  5]  38.00-39.00  sec  24.3 KBytes   199 Kbits/sec  1.112 ms  0/83 (0%)  
[  6]  38.00-39.00  sec  24.6 KBytes   202 Kbits/sec  1.401 ms  0/84 (0%)  
[  9]  38.00-39.00  sec  24.6 KBytes   202 Kbits/sec  1.380 ms  0/84 (0%)  
[SUM]  38.00-39.00  sec  73.5 KBytes   603 Kbits/sec  1.298 ms  0/251 (0%)  
- - - - - - - - - - - - - - - - - - - - - - - - -
[  5]  39.00-40.00  sec  24.6 KBytes   202 Kbits/sec  1.211 ms  0/84 (0%)  
[  6]  39.00-40.00  sec  24.3 KBytes   199 Kbits/sec  1.031 ms  0/83 (0%)  
[  9]  39.00-40.00  sec  24.3 KBytes   199 Kbits/sec  1.252 ms  0/83 (0%)  
[SUM]  39.00-40.00  sec  73.2 KBytes   600 Kbits/sec  1.165 ms  0/250 (0%)  
- - - - - - - - - - - - - - - - - - - - - - - - -
[  5]  40.00-41.00  sec  24.3 KBytes   199 Kbits/sec  1.452 ms  0/83 (0%)  
[  6]  40.00-41.00  sec  24.3 KBytes   199 Kbits/sec  1.427 ms  0/83 (0%)  
[  9]  40.00-41.00  sec  24.3 KBytes   199 Kbits/sec  1.175 ms  0/83 (0%)  
[SUM]  40.00-41.00  sec  72.9 KBytes   598 Kbits/sec  1.351 ms  0/249 (0%)  
- - - - - - - - - - - - - - - - - - - - - - - - -
[  5]  41.00-42.00  sec  24.3 KBytes   199 Kbits/sec  1.200 ms  0/83 (0%)  
[  6]  41.00-42.00  sec  24.3 KBytes   199 Kbits/sec  1.161 ms  0/83 (0%)  
[  9]  41.00-42.00  sec  24.6 KBytes   202 Kbits/sec  1.201 ms  0/84 (0%)  
[SUM]  41.00-42.00  sec  73.2 KBytes   600 Kbits/sec  1.187 ms  0/250 (0%)  
- - - - - - - - - - - - - - - - - - - - - - - - -
[  5]  42.00-43.00  sec  24.6 KBytes   202 Kbits/sec  1.369 ms  0/84 (0%)  
[  6]  42.00-43.00  sec  24.6 KBytes   202 Kbits/sec  0.959 ms  0/84 (0%)  
[  9]  42.00-43.00  sec  24.3 KBytes   199 Kbits/sec  1.344 ms  0/83 (0%)  
[SUM]  42.00-43.00  sec  73.5 KBytes   602 Kbits/sec  1.224 ms  0/251 (0%)  
- - - - - - - - - - - - - - - - - - - - - - - - -
[  5]  43.00-44.00  sec  24.3 KBytes   199 Kbits/sec  0.940 ms  0/83 (0%)  
[  6]  43.00-44.00  sec  24.3 KBytes   199 Kbits/sec  1.382 ms  0/83 (0%)  
[  9]  43.00-44.00  sec  24.3 KBytes   199 Kbits/sec  1.148 ms  0/83 (0%)  
[SUM]  43.00-44.00  sec  72.9 KBytes   596 Kbits/sec  1.157 ms  0/249 (0%)  
- - - - - - - - - - - - - - - - - - - - - - - - -
[  5]  44.00-45.00  sec  24.6 KBytes   202 Kbits/sec  1.495 ms  0/84 (0%)  
[  6]  44.00-45.00  sec  24.6 KBytes   202 Kbits/sec  1.560 ms  0/84 (0%)  
[  9]  44.00-45.00  sec  24.6 KBytes   202 Kbits/sec  1.243 ms  0/84 (0%)  
[SUM]  44.00-45.00  sec  73.8 KBytes   606 Kbits/sec  1.433 ms  0/252 (0%)  
- - - - - - - - - - - - - - - - - - - - - - - - -
[  5]  45.00-46.00  sec  24.3 KBytes   199 Kbits/sec  1.710 ms  0/83 (0%)  
[  6]  45.00-46.00  sec  24.3 KBytes   199 Kbits/sec  1.890 ms  0/83 (0%)  
[  9]  45.00-46.00  sec  24.3 KBytes   199 Kbits/sec  1.476 ms  0/83 (0%)  
[SUM]  45.00-46.00  sec  72.9 KBytes   598 Kbits/sec  1.692 ms  0/249 (0%)  
- - - - - - - - - - - - - - - - - - - - - - - - -
[  5]  46.00-47.00  sec  24.3 KBytes   199 Kbits/sec  1.477 ms  0/83 (0%)  
[  6]  46.00-47.00  sec  24.3 KBytes   199 Kbits/sec  1.542 ms  0/83 (0%)  
[  9]  46.00-47.00  sec  24.3 KBytes   199 Kbits/sec  1.152 ms  0/83 (0%)  
[SUM]  46.00-47.00  sec  72.9 KBytes   598 Kbits/sec  1.390 ms  0/249 (0%)  
- - - - - - - - - - - - - - - - - - - - - - - - -
[  5]  47.00-48.00  sec  24.6 KBytes   201 Kbits/sec  1.221 ms  0/84 (0%)  
[  6]  47.00-48.00  sec  24.3 KBytes   199 Kbits/sec  1.244 ms  0/83 (0%)  
[  9]  47.00-48.00  sec  24.3 KBytes   199 Kbits/sec  1.300 ms  0/83 (0%)  
[SUM]  47.00-48.00  sec  73.2 KBytes   599 Kbits/sec  1.255 ms  0/250 (0%)  
- - - - - - - - - - - - - - - - - - - - - - - - -
[  5]  48.00-49.00  sec  24.3 KBytes   199 Kbits/sec  1.151 ms  0/83 (0%)  
[  6]  48.00-49.00  sec  24.6 KBytes   202 Kbits/sec  1.517 ms  0/84 (0%)  
[  9]  48.00-49.00  sec  24.6 KBytes   202 Kbits/sec  1.148 ms  0/84 (0%)  
[SUM]  48.00-49.00  sec  73.5 KBytes   603 Kbits/sec  1.272 ms  0/251 (0%)  
- - - - - - - - - - - - - - - - - - - - - - - - -
[  5]  49.00-50.00  sec  24.3 KBytes   199 Kbits/sec  1.199 ms  0/83 (0%)  
[  6]  49.00-50.00  sec  24.3 KBytes   199 Kbits/sec  1.305 ms  0/83 (0%)  
[  9]  49.00-50.00  sec  24.3 KBytes   199 Kbits/sec  1.555 ms  0/83 (0%)  
[SUM]  49.00-50.00  sec  72.9 KBytes   598 Kbits/sec  1.353 ms  0/249 (0%)  
- - - - - - - - - - - - - - - - - - - - - - - - -
[  5]  50.00-51.00  sec  24.6 KBytes   201 Kbits/sec  1.092 ms  0/84 (0%)  
[  6]  50.00-51.00  sec  24.6 KBytes   201 Kbits/sec  1.031 ms  0/84 (0%)  
[  9]  50.00-51.00  sec  24.6 KBytes   201 Kbits/sec  1.415 ms  0/84 (0%)  
[SUM]  50.00-51.00  sec  73.8 KBytes   604 Kbits/sec  1.179 ms  0/252 (0%)  
- - - - - - - - - - - - - - - - - - - - - - - - -
[  5]  51.00-52.00  sec  24.3 KBytes   199 Kbits/sec  1.499 ms  0/83 (0%)  
[  6]  51.00-52.00  sec  24.3 KBytes   199 Kbits/sec  1.423 ms  0/83 (0%)  
[  9]  51.00-52.00  sec  24.3 KBytes   199 Kbits/sec  1.416 ms  0/83 (0%)  
[SUM]  51.00-52.00  sec  72.9 KBytes   597 Kbits/sec  1.446 ms  0/249 (0%)  
- - - - - - - - - - - - - - - - - - - - - - - - -
[  5]  52.00-53.00  sec  24.3 KBytes   200 Kbits/sec  1.399 ms  0/83 (0%)  
[  6]  52.00-53.00  sec  24.3 KBytes   200 Kbits/sec  1.140 ms  0/83 (0%)  
[  9]  52.00-53.00  sec  24.3 KBytes   200 Kbits/sec  1.259 ms  0/83 (0%)  
[SUM]  52.00-53.00  sec  72.9 KBytes   600 Kbits/sec  1.266 ms  0/249 (0%)  
- - - - - - - - - - - - - - - - - - - - - - - - -
[  5]  53.00-54.00  sec  24.6 KBytes   201 Kbits/sec  1.039 ms  0/84 (0%)  
[  6]  53.00-54.00  sec  24.6 KBytes   201 Kbits/sec  1.623 ms  0/84 (0%)  
[  9]  53.00-54.00  sec  24.6 KBytes   201 Kbits/sec  0.871 ms  0/84 (0%)  
[SUM]  53.00-54.00  sec  73.8 KBytes   604 Kbits/sec  1.178 ms  0/252 (0%)  
- - - - - - - - - - - - - - - - - - - - - - - - -
[  5]  54.00-55.04  sec  23.7 KBytes   188 Kbits/sec  1.507 ms  0/81 (0%)  
[  6]  54.00-55.04  sec  23.7 KBytes   188 Kbits/sec  1.500 ms  0/81 (0%)  
[  9]  54.00-55.04  sec  23.7 KBytes   188 Kbits/sec  1.119 ms  0/81 (0%)  
[SUM]  54.00-55.04  sec  71.2 KBytes   563 Kbits/sec  1.375 ms  0/243 (0%)  
- - - - - - - - - - - - - - - - - - - - - - - - -
[  5]  55.04-56.00  sec  24.9 KBytes   212 Kbits/sec  1.152 ms  0/85 (0%)  
[  6]  55.04-56.00  sec  24.9 KBytes   212 Kbits/sec  1.520 ms  0/85 (0%)  
[  9]  55.04-56.00  sec  24.9 KBytes   212 Kbits/sec  1.583 ms  0/85 (0%)  
[SUM]  55.04-56.00  sec  74.7 KBytes   636 Kbits/sec  1.418 ms  0/255 (0%)  
- - - - - - - - - - - - - - - - - - - - - - - - -
[  5]  56.00-56.04  sec   600 Bytes   134 Kbits/sec  1.219 ms  0/2 (0%)  
[  6]  56.00-56.04  sec   600 Bytes   134 Kbits/sec  1.736 ms  0/2 (0%)  
[  9]  56.00-56.04  sec   600 Bytes   134 Kbits/sec  1.655 ms  0/2 (0%)  
[SUM]  56.00-56.04  sec  1.76 KBytes   401 Kbits/sec  1.536 ms  0/6 (0%)  
- - - - - - - - - - - - - - - - - - - - - - - - -
[ ID] Interval           Transfer     Bitrate         Jitter    Lost/Total Datagrams
[  5]   0.00-56.04  sec  1.34 MBytes   200 Kbits/sec  1.219 ms  0/4667 (0%)  receiver
[  6]   0.00-56.04  sec  1.34 MBytes   200 Kbits/sec  1.736 ms  0/4667 (0%)  receiver
[  9]   0.00-56.04  sec  1.34 MBytes   200 Kbits/sec  1.655 ms  0/4667 (0%)  receiver
[SUM]   0.00-56.04  sec  4.01 MBytes   600 Kbits/sec  1.536 ms  0/14001 (0%)  receiver
