[acape] bounds for target 20.0ms: target 0.8-80ms interval 80-1.2e+03ms

==============================================================================
  ACAPE v6.0.0   mode=tc-only   qdisc=fq_codel handle=10:
  metrics -> results_law/ratio_t20_r80/fq_codel_acape_t20_steady_s3/acape_metrics_ctl.csv
==============================================================================
      t    regime        traj      pred     dr/s    bl    tput flows eleph  tgt_ms   lim  adj
---------------------------------------------------------------------------------------------
    2.4     HEAVY      STABLE     HEAVY     18.6    11   10.00     0     0  20.000  1024    0
    4.6     HEAVY      STABLE     HEAVY      8.6     8    9.84     0     0  20.000  1024    0
    6.7  MODERATE      STABLE  MODERATE      7.4     7   10.02     0     0  20.000  1024    0
    8.9  MODERATE      STABLE  MODERATE      7.3     8    9.97     0     0  20.000  1024    0
   11.1  MODERATE      STABLE  MODERATE      7.2     9   10.01     0     0  20.000  1024    0
   13.4  MODERATE      STABLE  MODERATE      7.2     8   10.00     0     0  20.000  1024    0
   15.6  MODERATE      STABLE  MODERATE      7.3     9   10.00     0     0  20.000  1024    0
   17.7  MODERATE      STABLE  MODERATE      7.4     8   10.02     0     0  20.000  1024    0
   19.9  MODERATE      STABLE  MODERATE      7.3     8    9.90     0     0  20.000  1024    0
   22.1  MODERATE      STABLE  MODERATE      7.3     6   10.07     0     0  20.000  1024    0
   24.3  MODERATE      STABLE  MODERATE      7.4     5   10.00     0     0  20.000  1024    0
   26.5  MODERATE      STABLE  MODERATE      7.3     7    9.95     0     0  20.000  1024    0
   28.7  MODERATE      STABLE  MODERATE      7.2     5    9.95     0     0  20.000  1024    0
   31.0  MODERATE      STABLE  MODERATE      6.9    13    9.74     0     0  20.000  1024    0
   33.2  MODERATE      STABLE  MODERATE      7.3     8    9.96     0     0  20.000  1024    0
