[acape] bounds for target 15.0ms: target 0.6-60ms interval 60-900ms

==============================================================================
  ACAPE v6.0.0   mode=tc-only   qdisc=pie handle=10:
  metrics -> results_cross/pie_rtt8/pie_acape_steady_s2/acape_metrics_ctl.csv
==============================================================================
      t    regime        traj      pred     dr/s    bl    tput flows eleph  tgt_ms   lim  adj
---------------------------------------------------------------------------------------------
    1.9     HEAVY      STABLE     HEAVY     93.3     1    9.95     0     0  15.000  1000    0
    3.6     HEAVY      STABLE     HEAVY     92.8     9    9.96     0     0  15.000  1000    0
    5.3     HEAVY  RECOVERING  MODERATE     64.1     5   10.04     0     0  15.000  1000    0
    7.0     HEAVY      STABLE     HEAVY     58.9     5    9.98     0     0  15.000  1000    0
    8.7     HEAVY      STABLE     HEAVY     50.8    10    9.94     0     0  15.000  1000    0
   10.3     HEAVY      STABLE     HEAVY     52.4    11   10.03     0     0  15.000  1000    0
   12.2     HEAVY      STABLE     HEAVY     62.6     9    9.85     0     0  15.000  1000    0
   13.9     HEAVY      STABLE     HEAVY     57.1    15    9.83     0     0  15.000  1000    0
   15.5     HEAVY      STABLE     HEAVY     62.6    12    9.94     0     0  15.000  1000    0
   17.3     HEAVY      STABLE     HEAVY     59.9    11   10.02     0     0  13.500   900    1
   19.3     HEAVY      STABLE     HEAVY     55.8     8   10.02     0     0  13.500   900    1
   21.1     HEAVY      STABLE     HEAVY     62.8     6    9.90     0     0  13.500   900    1
   22.8     HEAVY      STABLE     HEAVY     58.8     9   10.04     0     0  13.500   900    1
   24.4     HEAVY      STABLE     HEAVY     60.3    10   10.04     0     0  13.500   900    1
   26.1     HEAVY      STABLE     HEAVY     59.2     8    9.94     0     0  13.500   900    1
   27.9     HEAVY      STABLE     HEAVY     67.1     8    9.91     0     0  13.500   900    1
   29.6     HEAVY      STABLE     HEAVY     62.7     8   10.14     0     0  13.500   900    1
   31.3     HEAVY      STABLE     HEAVY     59.2     9    9.88     0     0  13.500   900    1
   33.0     HEAVY      STABLE     HEAVY     64.9     9   10.13     0     0  13.500   900    1
   34.6     HEAVY      STABLE     HEAVY     65.6    13    9.99     0     0  12.100   810    2
   36.7     HEAVY      STABLE     HEAVY     63.4    12    9.95     0     0  12.100   810    2
   38.3     HEAVY      STABLE     HEAVY     63.3     9   10.00     0     0  12.100   810    2
   40.0     HEAVY      STABLE     HEAVY     71.7     7    9.92     0     0  12.100   810    2
   41.7     HEAVY      STABLE     HEAVY     67.8     6   10.06     0     0  12.100   810    2
   43.9     HEAVY      STABLE     HEAVY     55.8    13    8.59     0     0  12.100   810    2
   45.6     HEAVY      STABLE     HEAVY     68.2     7   10.17     0     0  12.100   810    2
   47.3     HEAVY      STABLE     HEAVY     59.8     8    9.92     0     0  12.100   810    2
   48.9     HEAVY      STABLE     HEAVY     70.4    12   10.09     0     0  12.100   810    2
   50.7     HEAVY      STABLE     HEAVY     72.8     6    9.93     0     0  12.100   810    2
   52.4     HEAVY      STABLE     HEAVY     65.6    11   10.05     0     0  10.900   729    3
   54.3     HEAVY      STABLE     HEAVY     72.7    10   10.00     0     0  10.900   729    3
   56.1     HEAVY      STABLE     HEAVY     75.3     7    9.97     0     0  10.900   729    3
   57.8     HEAVY      STABLE     HEAVY     65.6     9   10.00     0     0  10.900   729    3
   59.5     HEAVY      STABLE     HEAVY     67.2     9   10.03     0     0  10.900   729    3
   61.2     HEAVY      STABLE     HEAVY     78.4     8   10.00     0     0  10.900   729    3
   62.9     HEAVY      STABLE     HEAVY     65.8     9    9.86     0     0  10.900   729    3
   64.6     HEAVY      STABLE     HEAVY     73.6     9   10.03     0     0  10.900   729    3
   66.3     HEAVY      STABLE     HEAVY     67.7     9   10.03     0     0  10.900   729    3
   68.0     HEAVY      STABLE     HEAVY     62.2     9    9.98     0     0  10.900   729    3
   69.7     HEAVY      STABLE     HEAVY     71.0     5    9.98     0     0   9.810   656    4
   71.6     HEAVY      STABLE     HEAVY     75.9     8   10.02     0     0   9.810   656    4
   73.3     HEAVY      STABLE     HEAVY     81.7     8   10.00     0     0   9.810   656    4
   75.0     HEAVY      STABLE     HEAVY     71.5     5   10.00     0     0   9.810   656    4
   76.7     HEAVY      STABLE     HEAVY     72.2     9    9.95     0     0   9.810   656    4
   78.4     HEAVY      STABLE     HEAVY     76.3     9   10.02     0     0   9.810   656    4
   80.1     HEAVY      STABLE     HEAVY     67.4     0   10.01     0     0   9.810   656    4
   81.7     HEAVY      STABLE     HEAVY     80.0    10   10.01     0     0   9.810   656    4
   83.4     HEAVY      STABLE     HEAVY     78.5     5    9.98     0     0   9.810   656    4
   85.1     HEAVY      STABLE     HEAVY     86.9     6   10.02     0     0   9.810   656    4
   86.8     HEAVY      STABLE     HEAVY     82.9     9    9.99     0     0   8.830   590    5
   88.8     HEAVY      STABLE     HEAVY     80.9     8    9.99     0     0   8.830   590    5
   90.5     HEAVY      STABLE     HEAVY     79.7    10    9.98     0     0   8.830   590    5
   92.2     HEAVY      STABLE     HEAVY     81.4     8    9.96     0     0   8.830   590    5
   94.0     HEAVY      STABLE     HEAVY     85.7     9    9.97     0     0   8.830   590    5
   95.7     HEAVY      STABLE     HEAVY     89.5     5   10.04     0     0   8.830   590    5
   97.4     HEAVY      STABLE     HEAVY     81.2     8   10.06     0     0   8.830   590    5
   99.1     HEAVY      STABLE     HEAVY     82.6     5    9.98     0     0   8.830   590    5
  100.8     HEAVY      STABLE     HEAVY     84.6     4    9.96     0     0   8.830   590    5
  102.5     HEAVY      STABLE     HEAVY     79.2     6   10.00     0     0   8.830   590    5
  104.2     HEAVY      STABLE     HEAVY     85.7     3   10.02     0     0   7.950   531    6
  106.2     HEAVY      STABLE     HEAVY     84.0     4   10.01     0     0   7.950   531    6
  107.8     HEAVY      STABLE     HEAVY     86.9     7   10.03     0     0   7.950   531    6
  109.6     HEAVY      STABLE     HEAVY     90.7     5    9.91     0     0   7.950   531    6
  111.3     HEAVY      STABLE     HEAVY     85.6     8   10.03     0     0   7.950   531    6
  113.0     HEAVY      STABLE     HEAVY     94.3     7    9.98     0     0   7.950   531    6
  114.8     HEAVY      STABLE     HEAVY     83.3     7   10.06     0     0   7.950   531    6
  116.4     HEAVY      STABLE     HEAVY     82.8     8    9.98     0     0   7.950   531    6
  118.1     HEAVY      STABLE     HEAVY     89.9     5   10.03     0     0   7.950   531    6
  119.8     HEAVY      STABLE     HEAVY     70.2     7    9.96     0     0   7.950   531    6
  121.5     HEAVY      STABLE     HEAVY     72.8     4    9.95     0     0   7.150   477    7
  123.6     HEAVY      STABLE     HEAVY     78.8     8   10.05     0     0   7.150   477    7
  125.3     HEAVY      STABLE     HEAVY     78.4     6    9.43     0     0   7.150   477    7
  127.0     HEAVY      STABLE     HEAVY     48.9     9    9.97     0     0   7.150   477    7
  128.6     HEAVY      STABLE     HEAVY     69.0     6   10.01     0     0   7.150   477    7
  130.3     HEAVY      STABLE     HEAVY     64.3     7    9.99     0     0   7.150   477    7
  132.0     HEAVY      STABLE     HEAVY     68.6     3    9.84     0     0   7.150   477    7
  133.7     HEAVY      STABLE     HEAVY     83.3     3   10.09     0     0   7.150   477    7
  135.4     HEAVY      STABLE     HEAVY     90.7     4    9.98     0     0   7.150   477    7
  137.1     HEAVY      STABLE     HEAVY     85.7     8    9.96     0     0   7.150   477    7
  138.8     HEAVY      STABLE     HEAVY     91.7     5   10.01     0     0   6.430   429    8
  140.8     HEAVY      STABLE     HEAVY     96.3     7   10.03     0     0   6.430   429    8
  142.5     HEAVY      STABLE     HEAVY     79.7     3   10.00     0     0   6.430   429    8
  144.1     HEAVY      STABLE     HEAVY     97.2    10    9.91     0     0   6.430   429    8
  145.8     HEAVY      STABLE     HEAVY     93.7     8   10.09     0     0   6.430   429    8
  147.5     HEAVY      STABLE     HEAVY     84.8     5    9.98     0     0   6.430   429    8
  149.2     HEAVY      STABLE     HEAVY     95.5     3    9.97     0     0   6.430   429    8
  150.8     HEAVY      STABLE     HEAVY     84.5     6   10.01     0     0   6.430   429    8
  152.6     HEAVY      STABLE     HEAVY     95.3     5    9.95     0     0   6.430   429    8
  154.3     HEAVY      STABLE     HEAVY     91.2     4    9.98     0     0   6.430   429    8
  156.1     HEAVY      STABLE     HEAVY     92.3     8   10.00     0     0   5.790   386    9
  158.7     HEAVY      STABLE     HEAVY     69.6    10    8.28     0     0   5.790   386    9
  160.3     HEAVY      STABLE     HEAVY     78.8    10    9.97     0     0   5.790   386    9
  162.0     HEAVY      STABLE     HEAVY     92.9     5    9.93     0     0   5.790   386    9
  163.7     HEAVY      STABLE     HEAVY     87.5     2    9.99     0     0   5.790   386    9
  165.4     HEAVY      STABLE     HEAVY     83.4     5    9.95     0     0   5.790   386    9
  167.1     HEAVY      STABLE     HEAVY     98.4     8   10.05     0     0   5.790   386    9
  168.8     HEAVY      STABLE     HEAVY     87.2     3    9.97     0     0   5.790   386    9
  170.5     HEAVY      STABLE     HEAVY     86.6     6    9.99     0     0   5.790   386    9
  172.2     HEAVY      STABLE     HEAVY    100.0     6    9.97     0     0   5.790   386    9
  173.9     HEAVY      STABLE     HEAVY     92.5    11   10.03     0     0   5.210   347   10
  175.9     HEAVY      STABLE     HEAVY     93.8     1   10.05     0     0   5.210   347   10
  177.6     HEAVY      STABLE     HEAVY     91.1     4    9.82     0     0   5.210   347   10
  179.3     HEAVY      STABLE     HEAVY     97.3     0    9.24     0     0   5.210   347   10

Done — 104 ticks, 10 adjustments (0 predictive), mode=tc-only
