-----------------------------------------------------------
Server listening on 5201 (test #1)
-----------------------------------------------------------
Accepted connection from 192.168.1.2, port 43012
[  5] local 192.168.2.2 port 5201 connected to 192.168.1.2 port 43020
[  8] local 192.168.2.2 port 5201 connected to 192.168.1.2 port 43034
[ 10] local 192.168.2.2 port 5201 connected to 192.168.1.2 port 43048
[ 12] local 192.168.2.2 port 5201 connected to 192.168.1.2 port 43062
[ 14] local 192.168.2.2 port 5201 connected to 192.168.1.2 port 43068
[ 16] local 192.168.2.2 port 5201 connected to 192.168.1.2 port 43070
[ 18] local 192.168.2.2 port 5201 connected to 192.168.1.2 port 43076
[ 20] local 192.168.2.2 port 5201 connected to 192.168.1.2 port 43084
[ ID] Interval           Transfer     Bitrate
[  5]   0.00-1.00   sec   128 KBytes  1.05 Mbits/sec                  
[  8]   0.00-1.00   sec   128 KBytes  1.05 Mbits/sec                  
[ 10]   0.00-1.00   sec   128 KBytes  1.05 Mbits/sec                  
[ 12]   0.00-1.00   sec   128 KBytes  1.05 Mbits/sec                  
[ 14]   0.00-1.00   sec   128 KBytes  1.05 Mbits/sec                  
[ 16]   0.00-1.00   sec   128 KBytes  1.05 Mbits/sec                  
[ 18]   0.00-1.00   sec   128 KBytes  1.05 Mbits/sec                  
[ 20]   0.00-1.00   sec   128 KBytes  1.05 Mbits/sec                  
[SUM]   0.00-1.00   sec  1.00 MBytes  8.37 Mbits/sec                  
- - - - - - - - - - - - - - - - - - - - - - - - -
[  5]   1.00-2.00   sec   128 KBytes  1.05 Mbits/sec                  
[  8]   1.00-2.00   sec   128 KBytes  1.05 Mbits/sec                  
[ 10]   1.00-2.00   sec   128 KBytes  1.05 Mbits/sec                  
[ 12]   1.00-2.00   sec   128 KBytes  1.05 Mbits/sec                  
[ 14]   1.00-2.00   sec   128 KBytes  1.05 Mbits/sec                  
[ 16]   1.00-2.00   sec   128 KBytes  1.05 Mbits/sec                  
[ 18]   1.00-2.00   sec   128 KBytes  1.05 Mbits/sec                  
[ 20]   1.00-2.00   sec   128 KBytes  1.05 Mbits/sec                  
[SUM]   1.00-2.00   sec  1.00 MBytes  8.39 Mbits/sec                  
- - - - - - - - - - - - - - - - - - - - - - - - -
[  5]   2.00-3.00   sec   128 KBytes  1.05 Mbits/sec                  
[  8]   2.00-3.00   sec   128 KBytes  1.05 Mbits/sec                  
[ 10]   2.00-3.00   sec   128 KBytes  1.05 Mbits/sec                  
[ 12]   2.00-3.00   sec   128 KBytes  1.05 Mbits/sec                  
[ 14]   2.00-3.00   sec   128 KBytes  1.05 Mbits/sec                  
[ 16]   2.00-3.00   sec   128 KBytes  1.05 Mbits/sec                  
[ 18]   2.00-3.00   sec   128 KBytes  1.05 Mbits/sec                  
[ 20]   2.00-3.00   sec   128 KBytes  1.05 Mbits/sec                  
[SUM]   2.00-3.00   sec  1.00 MBytes  8.39 Mbits/sec                  
- - - - - - - - - - - - - - - - - - - - - - - - -
[  5]   3.00-4.00   sec   128 KBytes  1.05 Mbits/sec                  
[  8]   3.00-4.00   sec   128 KBytes  1.05 Mbits/sec                  
[ 10]   3.00-4.00   sec   128 KBytes  1.05 Mbits/sec                  
[ 12]   3.00-4.00   sec   128 KBytes  1.05 Mbits/sec                  
[ 14]   3.00-4.00   sec   128 KBytes  1.05 Mbits/sec                  
[ 16]   3.00-4.00   sec   128 KBytes  1.05 Mbits/sec                  
[ 18]   3.00-4.00   sec   128 KBytes  1.05 Mbits/sec                  
[ 20]   3.00-4.00   sec   128 KBytes  1.05 Mbits/sec                  
[SUM]   3.00-4.00   sec  1.00 MBytes  8.39 Mbits/sec                  
- - - - - - - - - - - - - - - - - - - - - - - - -
[  5]   4.00-5.00   sec   128 KBytes  1.05 Mbits/sec                  
[  8]   4.00-5.00   sec   128 KBytes  1.05 Mbits/sec                  
[ 10]   4.00-5.00   sec   128 KBytes  1.05 Mbits/sec                  
[ 12]   4.00-5.00   sec   128 KBytes  1.05 Mbits/sec                  
[ 14]   4.00-5.00   sec   128 KBytes  1.05 Mbits/sec                  
[ 16]   4.00-5.00   sec   128 KBytes  1.05 Mbits/sec                  
[ 18]   4.00-5.00   sec   128 KBytes  1.05 Mbits/sec                  
[ 20]   4.00-5.00   sec   128 KBytes  1.05 Mbits/sec                  
[SUM]   4.00-5.00   sec  1.00 MBytes  8.38 Mbits/sec                  
- - - - - - - - - - - - - - - - - - - - - - - - -
[  5]   5.00-6.00   sec   128 KBytes  1.05 Mbits/sec                  
[  8]   5.00-6.00   sec   128 KBytes  1.05 Mbits/sec                  
[ 10]   5.00-6.00   sec   128 KBytes  1.05 Mbits/sec                  
[ 12]   5.00-6.00   sec   128 KBytes  1.05 Mbits/sec                  
[ 14]   5.00-6.00   sec   128 KBytes  1.05 Mbits/sec                  
[ 16]   5.00-6.00   sec   128 KBytes  1.05 Mbits/sec                  
[ 18]   5.00-6.00   sec   128 KBytes  1.05 Mbits/sec                  
[ 20]   5.00-6.00   sec   128 KBytes  1.05 Mbits/sec                  
[SUM]   5.00-6.00   sec  1.00 MBytes  8.39 Mbits/sec                  
- - - - - - - - - - - - - - - - - - - - - - - - -
[  5]   6.00-7.00   sec   256 KBytes  2.10 Mbits/sec                  
[  8]   6.00-7.00   sec   128 KBytes  1.05 Mbits/sec                  
[ 10]   6.00-7.00   sec   256 KBytes  2.10 Mbits/sec                  
[ 12]   6.00-7.00   sec   128 KBytes  1.05 Mbits/sec                  
[ 14]   6.00-7.00   sec   128 KBytes  1.05 Mbits/sec                  
[ 16]   6.00-7.00   sec   256 KBytes  2.10 Mbits/sec                  
[ 18]   6.00-7.00   sec   128 KBytes  1.05 Mbits/sec                  
[ 20]   6.00-7.00   sec   128 KBytes  1.05 Mbits/sec                  
[SUM]   6.00-7.00   sec  1.38 MBytes  11.5 Mbits/sec                  
- - - - - - - - - - - - - - - - - - - - - - - - -
[  5]   7.00-8.00   sec   128 KBytes  1.05 Mbits/sec                  
[  8]   7.00-8.00   sec   256 KBytes  2.10 Mbits/sec                  
[ 10]   7.00-8.00   sec   128 KBytes  1.05 Mbits/sec                  
[ 12]   7.00-8.00   sec   256 KBytes  2.10 Mbits/sec                  
[ 14]   7.00-8.00   sec   128 KBytes  1.05 Mbits/sec                  
[ 16]   7.00-8.00   sec   128 KBytes  1.05 Mbits/sec                  
[ 18]   7.00-8.00   sec   256 KBytes  2.10 Mbits/sec                  
[ 20]   7.00-8.00   sec   256 KBytes  2.10 Mbits/sec                  
[SUM]   7.00-8.00   sec  1.50 MBytes  12.6 Mbits/sec                  
- - - - - - - - - - - - - - - - - - - - - - - - -
[  5]   8.00-9.00   sec   128 KBytes  1.05 Mbits/sec                  
[  8]   8.00-9.00   sec   128 KBytes  1.05 Mbits/sec                  
[ 10]   8.00-9.00   sec   128 KBytes  1.05 Mbits/sec                  
[ 12]   8.00-9.00   sec   128 KBytes  1.05 Mbits/sec                  
[ 14]   8.00-9.00   sec   128 KBytes  1.05 Mbits/sec                  
[ 16]   8.00-9.00   sec   128 KBytes  1.05 Mbits/sec                  
[ 18]   8.00-9.00   sec   128 KBytes  1.05 Mbits/sec                  
[ 20]   8.00-9.00   sec   128 KBytes  1.05 Mbits/sec                  
[SUM]   8.00-9.00   sec  1.00 MBytes  8.39 Mbits/sec                  
- - - - - - - - - - - - - - - - - - - - - - - - -
[  5]   9.00-10.00  sec   128 KBytes  1.05 Mbits/sec                  
[  8]   9.00-10.00  sec   128 KBytes  1.05 Mbits/sec                  
[ 10]   9.00-10.00  sec   128 KBytes  1.05 Mbits/sec                  
[ 12]   9.00-10.00  sec   128 KBytes  1.05 Mbits/sec                  
[ 14]   9.00-10.00  sec   256 KBytes  2.10 Mbits/sec                  
[ 16]   9.00-10.00  sec   128 KBytes  1.05 Mbits/sec                  
[ 18]   9.00-10.00  sec   128 KBytes  1.05 Mbits/sec                  
[ 20]   9.00-10.00  sec   128 KBytes  1.05 Mbits/sec                  
[SUM]   9.00-10.00  sec  1.12 MBytes  9.44 Mbits/sec                  
- - - - - - - - - - - - - - - - - - - - - - - - -
[  5]  10.00-11.00  sec   128 KBytes  1.05 Mbits/sec                  
[  8]  10.00-11.00  sec   128 KBytes  1.05 Mbits/sec                  
[ 10]  10.00-11.00  sec   128 KBytes  1.05 Mbits/sec                  
[ 12]  10.00-11.00  sec   128 KBytes  1.05 Mbits/sec                  
[ 14]  10.00-11.00  sec   128 KBytes  1.05 Mbits/sec                  
[ 16]  10.00-11.00  sec   128 KBytes  1.05 Mbits/sec                  
[ 18]  10.00-11.00  sec   128 KBytes  1.05 Mbits/sec                  
[ 20]  10.00-11.00  sec   128 KBytes  1.05 Mbits/sec                  
[SUM]  10.00-11.00  sec  1.00 MBytes  8.39 Mbits/sec                  
- - - - - - - - - - - - - - - - - - - - - - - - -
[  5]  11.00-12.00  sec   128 KBytes  1.05 Mbits/sec                  
[  8]  11.00-12.00  sec   128 KBytes  1.05 Mbits/sec                  
[ 10]  11.00-12.00  sec   128 KBytes  1.05 Mbits/sec                  
[ 12]  11.00-12.00  sec   128 KBytes  1.05 Mbits/sec                  
[ 14]  11.00-12.00  sec   128 KBytes  1.05 Mbits/sec                  
[ 16]  11.00-12.00  sec   128 KBytes  1.05 Mbits/sec                  
[ 18]  11.00-12.00  sec   128 KBytes  1.05 Mbits/sec                  
[ 20]  11.00-12.00  sec   128 KBytes  1.05 Mbits/sec                  
[SUM]  11.00-12.00  sec  1.00 MBytes  8.39 Mbits/sec                  
- - - - - - - - - - - - - - - - - - - - - - - - -
[  5]  12.00-13.00  sec   128 KBytes  1.05 Mbits/sec                  
[  8]  12.00-13.00  sec   128 KBytes  1.05 Mbits/sec                  
[ 10]  12.00-13.00  sec   128 KBytes  1.05 Mbits/sec                  
[ 12]  12.00-13.00  sec   128 KBytes  1.05 Mbits/sec                  
[ 14]  12.00-13.00  sec   128 KBytes  1.05 Mbits/sec                  
[ 16]  12.00-13.00  sec   128 KBytes  1.05 Mbits/sec                  
[ 18]  12.00-13.00  sec   128 KBytes  1.05 Mbits/sec                  
[ 20]  12.00-13.00  sec   128 KBytes  1.05 Mbits/sec                  
[SUM]  12.00-13.00  sec  1.00 MBytes  8.39 Mbits/sec                  
- - - - - - - - - - - - - - - - - - - - - - - - -
[  5]  13.00-14.00  sec   256 KBytes  2.10 Mbits/sec                  
[  8]  13.00-14.00  sec   128 KBytes  1.05 Mbits/sec                  
[ 10]  13.00-14.00  sec   256 KBytes  2.10 Mbits/sec                  
[ 12]  13.00-14.00  sec   128 KBytes  1.05 Mbits/sec                  
[ 14]  13.00-14.00  sec   128 KBytes  1.05 Mbits/sec                  
[ 16]  13.00-14.00  sec   128 KBytes  1.05 Mbits/sec                  
[ 18]  13.00-14.00  sec   128 KBytes  1.05 Mbits/sec                  
[ 20]  13.00-14.00  sec   128 KBytes  1.05 Mbits/sec                  
[SUM]  13.00-14.00  sec  1.25 MBytes  10.5 Mbits/sec                  
- - - - - - - - - - - - - - - - - - - - - - - - -
[  5]  14.00-15.00  sec   128 KBytes  1.05 Mbits/sec                  
[  8]  14.00-15.00  sec   256 KBytes  2.10 Mbits/sec                  
[ 10]  14.00-15.00  sec   128 KBytes  1.05 Mbits/sec                  
[ 12]  14.00-15.00  sec   256 KBytes  2.10 Mbits/sec                  
[ 14]  14.00-15.00  sec   128 KBytes  1.05 Mbits/sec                  
[ 16]  14.00-15.00  sec   256 KBytes  2.10 Mbits/sec                  
[ 18]  14.00-15.00  sec   128 KBytes  1.05 Mbits/sec                  
[ 20]  14.00-15.00  sec   256 KBytes  2.10 Mbits/sec                  
[SUM]  14.00-15.00  sec  1.50 MBytes  12.6 Mbits/sec                  
- - - - - - - - - - - - - - - - - - - - - - - - -
[  5]  15.00-16.00  sec   128 KBytes  1.05 Mbits/sec                  
[  8]  15.00-16.00  sec   128 KBytes  1.05 Mbits/sec                  
[ 10]  15.00-16.00  sec   128 KBytes  1.05 Mbits/sec                  
[ 12]  15.00-16.00  sec   128 KBytes  1.05 Mbits/sec                  
[ 14]  15.00-16.00  sec   128 KBytes  1.05 Mbits/sec                  
[ 16]  15.00-16.00  sec   128 KBytes  1.05 Mbits/sec                  
[ 18]  15.00-16.00  sec   256 KBytes  2.10 Mbits/sec                  
[ 20]  15.00-16.00  sec   128 KBytes  1.05 Mbits/sec                  
[SUM]  15.00-16.00  sec  1.12 MBytes  9.44 Mbits/sec                  
- - - - - - - - - - - - - - - - - - - - - - - - -
[  5]  16.00-17.00  sec   128 KBytes  1.05 Mbits/sec                  
[  8]  16.00-17.00  sec   128 KBytes  1.05 Mbits/sec                  
[ 10]  16.00-17.00  sec   128 KBytes  1.05 Mbits/sec                  
[ 12]  16.00-17.00  sec   128 KBytes  1.05 Mbits/sec                  
[ 14]  16.00-17.00  sec   128 KBytes  1.05 Mbits/sec                  
[ 16]  16.00-17.00  sec   128 KBytes  1.05 Mbits/sec                  
[ 18]  16.00-17.00  sec   128 KBytes  1.05 Mbits/sec                  
[ 20]  16.00-17.00  sec   128 KBytes  1.05 Mbits/sec                  
[SUM]  16.00-17.00  sec  1.00 MBytes  8.38 Mbits/sec                  
- - - - - - - - - - - - - - - - - - - - - - - - -
[  5]  17.00-18.00  sec   128 KBytes  1.05 Mbits/sec                  
[  8]  17.00-18.00  sec   128 KBytes  1.05 Mbits/sec                  
[ 10]  17.00-18.00  sec   128 KBytes  1.05 Mbits/sec                  
[ 12]  17.00-18.00  sec   128 KBytes  1.05 Mbits/sec                  
[ 14]  17.00-18.00  sec   256 KBytes  2.10 Mbits/sec                  
[ 16]  17.00-18.00  sec   128 KBytes  1.05 Mbits/sec                  
[ 18]  17.00-18.00  sec   128 KBytes  1.05 Mbits/sec                  
[ 20]  17.00-18.00  sec   128 KBytes  1.05 Mbits/sec                  
[SUM]  17.00-18.00  sec  1.12 MBytes  9.45 Mbits/sec                  
- - - - - - - - - - - - - - - - - - - - - - - - -
[  5]  18.00-19.00  sec   128 KBytes  1.05 Mbits/sec                  
[  8]  18.00-19.00  sec   128 KBytes  1.05 Mbits/sec                  
[ 10]  18.00-19.00  sec   128 KBytes  1.05 Mbits/sec                  
[ 12]  18.00-19.00  sec   128 KBytes  1.05 Mbits/sec                  
[ 14]  18.00-19.00  sec   128 KBytes  1.05 Mbits/sec                  
[ 16]  18.00-19.00  sec   128 KBytes  1.05 Mbits/sec                  
[ 18]  18.00-19.00  sec   128 KBytes  1.05 Mbits/sec                  
[ 20]  18.00-19.00  sec   128 KBytes  1.05 Mbits/sec                  
[SUM]  18.00-19.00  sec  1.00 MBytes  8.39 Mbits/sec                  
- - - - - - - - - - - - - - - - - - - - - - - - -
[  5]  19.00-20.00  sec   256 KBytes  2.10 Mbits/sec                  
[  8]  19.00-20.00  sec   128 KBytes  1.05 Mbits/sec                  
[ 10]  19.00-20.00  sec   128 KBytes  1.05 Mbits/sec                  
[ 12]  19.00-20.00  sec   128 KBytes  1.05 Mbits/sec                  
[ 14]  19.00-20.00  sec   128 KBytes  1.05 Mbits/sec                  
[ 16]  19.00-20.00  sec   128 KBytes  1.05 Mbits/sec                  
[ 18]  19.00-20.00  sec   128 KBytes  1.05 Mbits/sec                  
[ 20]  19.00-20.00  sec   128 KBytes  1.05 Mbits/sec                  
[SUM]  19.00-20.00  sec  1.12 MBytes  9.44 Mbits/sec                  
- - - - - - - - - - - - - - - - - - - - - - - - -
[  5]  20.00-21.00  sec   128 KBytes  1.05 Mbits/sec                  
[  8]  20.00-21.00  sec   128 KBytes  1.05 Mbits/sec                  
[ 10]  20.00-21.00  sec   128 KBytes  1.05 Mbits/sec                  
[ 12]  20.00-21.00  sec   128 KBytes  1.05 Mbits/sec                  
[ 14]  20.00-21.00  sec   128 KBytes  1.05 Mbits/sec                  
[ 16]  20.00-21.00  sec   128 KBytes  1.05 Mbits/sec                  
[ 18]  20.00-21.00  sec   128 KBytes  1.05 Mbits/sec                  
[ 20]  20.00-21.00  sec   128 KBytes  1.05 Mbits/sec                  
[SUM]  20.00-21.00  sec  1.00 MBytes  8.38 Mbits/sec                  
- - - - - - - - - - - - - - - - - - - - - - - - -
[  5]  21.00-22.00  sec   128 KBytes  1.05 Mbits/sec                  
[  8]  21.00-22.00  sec   256 KBytes  2.10 Mbits/sec                  
[ 10]  21.00-22.00  sec   128 KBytes  1.05 Mbits/sec                  
[ 12]  21.00-22.00  sec   256 KBytes  2.10 Mbits/sec                  
[ 14]  21.00-22.00  sec   128 KBytes  1.05 Mbits/sec                  
[ 16]  21.00-22.00  sec   128 KBytes  1.05 Mbits/sec                  
[ 18]  21.00-22.00  sec   128 KBytes  1.05 Mbits/sec                  
[ 20]  21.00-22.00  sec   256 KBytes  2.10 Mbits/sec                  
[SUM]  21.00-22.00  sec  1.38 MBytes  11.5 Mbits/sec                  
- - - - - - - - - - - - - - - - - - - - - - - - -
[  5]  22.00-23.00  sec   128 KBytes  1.05 Mbits/sec                  
[  8]  22.00-23.00  sec   128 KBytes  1.05 Mbits/sec                  
[ 10]  22.00-23.00  sec   256 KBytes  2.09 Mbits/sec                  
[ 12]  22.00-23.00  sec   128 KBytes  1.05 Mbits/sec                  
[ 14]  22.00-23.00  sec   128 KBytes  1.05 Mbits/sec                  
[ 16]  22.00-23.00  sec   128 KBytes  1.05 Mbits/sec                  
[ 18]  22.00-23.00  sec   256 KBytes  2.10 Mbits/sec                  
[ 20]  22.00-23.00  sec   128 KBytes  1.05 Mbits/sec                  
[SUM]  22.00-23.00  sec  1.25 MBytes  10.5 Mbits/sec                  
- - - - - - - - - - - - - - - - - - - - - - - - -
[  5]  23.00-24.00  sec   128 KBytes  1.05 Mbits/sec                  
[  8]  23.00-24.00  sec   128 KBytes  1.05 Mbits/sec                  
[ 10]  23.00-24.00  sec   128 KBytes  1.05 Mbits/sec                  
[ 12]  23.00-24.00  sec   128 KBytes  1.05 Mbits/sec                  
[ 14]  23.00-24.00  sec   128 KBytes  1.05 Mbits/sec                  
[ 16]  23.00-24.00  sec   256 KBytes  2.10 Mbits/sec                  
[ 18]  23.00-24.00  sec   128 KBytes  1.05 Mbits/sec                  
[ 20]  23.00-24.00  sec   128 KBytes  1.05 Mbits/sec                  
[SUM]  23.00-24.00  sec  1.12 MBytes  9.45 Mbits/sec                  
- - - - - - - - - - - - - - - - - - - - - - - - -
[  5]  24.00-25.00  sec   128 KBytes  1.05 Mbits/sec                  
[  8]  24.00-25.00  sec   128 KBytes  1.05 Mbits/sec                  
[ 10]  24.00-25.00  sec   128 KBytes  1.05 Mbits/sec                  
[ 12]  24.00-25.00  sec   128 KBytes  1.05 Mbits/sec                  
[ 14]  24.00-25.00  sec   256 KBytes  2.10 Mbits/sec                  
[ 16]  24.00-25.00  sec   128 KBytes  1.05 Mbits/sec                  
[ 18]  24.00-25.00  sec   128 KBytes  1.05 Mbits/sec                  
[ 20]  24.00-25.00  sec   128 KBytes  1.05 Mbits/sec                  
[SUM]  24.00-25.00  sec  1.12 MBytes  9.43 Mbits/sec                  
- - - - - - - - - - - - - - - - - - - - - - - - -
[  5]  25.00-26.00  sec   128 KBytes  1.05 Mbits/sec                  
[  8]  25.00-26.00  sec   128 KBytes  1.05 Mbits/sec                  
[ 10]  25.00-26.00  sec   128 KBytes  1.05 Mbits/sec                  
[ 12]  25.00-26.00  sec   128 KBytes  1.05 Mbits/sec                  
[ 14]  25.00-26.00  sec   128 KBytes  1.05 Mbits/sec                  
[ 16]  25.00-26.00  sec   128 KBytes  1.05 Mbits/sec                  
[ 18]  25.00-26.00  sec   128 KBytes  1.05 Mbits/sec                  
[ 20]  25.00-26.00  sec   128 KBytes  1.05 Mbits/sec                  
[SUM]  25.00-26.00  sec  1.00 MBytes  8.39 Mbits/sec                  
- - - - - - - - - - - - - - - - - - - - - - - - -
[  5]  26.00-27.00  sec   128 KBytes  1.05 Mbits/sec                  
[  8]  26.00-27.00  sec   128 KBytes  1.05 Mbits/sec                  
[ 10]  26.00-27.00  sec   128 KBytes  1.05 Mbits/sec                  
[ 12]  26.00-27.00  sec   256 KBytes  2.10 Mbits/sec                  
[ 14]  26.00-27.00  sec   128 KBytes  1.05 Mbits/sec                  
[ 16]  26.00-27.00  sec   128 KBytes  1.05 Mbits/sec                  
[ 18]  26.00-27.00  sec   128 KBytes  1.05 Mbits/sec                  
[ 20]  26.00-27.00  sec   128 KBytes  1.05 Mbits/sec                  
[SUM]  26.00-27.00  sec  1.12 MBytes  9.43 Mbits/sec                  
- - - - - - - - - - - - - - - - - - - - - - - - -
[  5]  27.00-28.00  sec   128 KBytes  1.05 Mbits/sec                  
[  8]  27.00-28.00  sec   128 KBytes  1.05 Mbits/sec                  
[ 10]  27.00-28.00  sec   128 KBytes  1.05 Mbits/sec                  
[ 12]  27.00-28.00  sec   128 KBytes  1.05 Mbits/sec                  
[ 14]  27.00-28.00  sec   128 KBytes  1.05 Mbits/sec                  
[ 16]  27.00-28.00  sec   128 KBytes  1.05 Mbits/sec                  
[ 18]  27.00-28.00  sec   128 KBytes  1.05 Mbits/sec                  
[ 20]  27.00-28.00  sec   128 KBytes  1.05 Mbits/sec                  
[SUM]  27.00-28.00  sec  1.00 MBytes  8.39 Mbits/sec                  
- - - - - - - - - - - - - - - - - - - - - - - - -
[  5]  28.00-29.00  sec   256 KBytes  2.10 Mbits/sec                  
[  8]  28.00-29.00  sec   128 KBytes  1.05 Mbits/sec                  
[ 10]  28.00-29.00  sec   128 KBytes  1.05 Mbits/sec                  
[ 12]  28.00-29.00  sec   128 KBytes  1.05 Mbits/sec                  
[ 14]  28.00-29.00  sec   128 KBytes  1.05 Mbits/sec                  
[ 16]  28.00-29.00  sec   128 KBytes  1.05 Mbits/sec                  
[ 18]  28.00-29.00  sec   128 KBytes  1.05 Mbits/sec                  
[ 20]  28.00-29.00  sec   128 KBytes  1.05 Mbits/sec                  
[SUM]  28.00-29.00  sec  1.12 MBytes  9.44 Mbits/sec                  
- - - - - - - - - - - - - - - - - - - - - - - - -
[  5]  29.00-30.00  sec   128 KBytes  1.05 Mbits/sec                  
[  8]  29.00-30.00  sec   256 KBytes  2.10 Mbits/sec                  
[ 10]  29.00-30.00  sec   256 KBytes  2.10 Mbits/sec                  
[ 12]  29.00-30.00  sec   128 KBytes  1.05 Mbits/sec                  
[ 14]  29.00-30.00  sec   128 KBytes  1.05 Mbits/sec                  
[ 16]  29.00-30.00  sec   128 KBytes  1.05 Mbits/sec                  
[ 18]  29.00-30.00  sec   128 KBytes  1.05 Mbits/sec                  
[ 20]  29.00-30.00  sec   256 KBytes  2.10 Mbits/sec                  
[SUM]  29.00-30.00  sec  1.38 MBytes  11.5 Mbits/sec                  
- - - - - - - - - - - - - - - - - - - - - - - - -
[  5]  30.00-31.00  sec   128 KBytes  1.05 Mbits/sec                  
[  8]  30.00-31.00  sec   128 KBytes  1.05 Mbits/sec                  
[ 10]  30.00-31.00  sec   128 KBytes  1.05 Mbits/sec                  
[ 12]  30.00-31.00  sec   128 KBytes  1.05 Mbits/sec                  
[ 14]  30.00-31.00  sec   128 KBytes  1.05 Mbits/sec                  
[ 16]  30.00-31.00  sec   256 KBytes  2.10 Mbits/sec                  
[ 18]  30.00-31.00  sec   128 KBytes  1.05 Mbits/sec                  
[ 20]  30.00-31.00  sec   128 KBytes  1.05 Mbits/sec                  
[SUM]  30.00-31.00  sec  1.12 MBytes  9.43 Mbits/sec                  
- - - - - - - - - - - - - - - - - - - - - - - - -
[  5]  31.00-32.00  sec   128 KBytes  1.05 Mbits/sec                  
[  8]  31.00-32.00  sec   128 KBytes  1.05 Mbits/sec                  
[ 10]  31.00-32.00  sec   128 KBytes  1.05 Mbits/sec                  
[ 12]  31.00-32.00  sec   128 KBytes  1.05 Mbits/sec                  
[ 14]  31.00-32.00  sec   256 KBytes  2.10 Mbits/sec                  
[ 16]  31.00-32.00  sec   128 KBytes  1.05 Mbits/sec                  
[ 18]  31.00-32.00  sec   128 KBytes  1.05 Mbits/sec                  
[ 20]  31.00-32.00  sec   128 KBytes  1.05 Mbits/sec                  
[SUM]  31.00-32.00  sec  1.12 MBytes  9.44 Mbits/sec                  
- - - - - - - - - - - - - - - - - - - - - - - - -
[  5]  32.00-33.00  sec   128 KBytes  1.05 Mbits/sec                  
[  8]  32.00-33.00  sec   128 KBytes  1.05 Mbits/sec                  
[ 10]  32.00-33.00  sec   128 KBytes  1.05 Mbits/sec                  
[ 12]  32.00-33.00  sec   128 KBytes  1.05 Mbits/sec                  
[ 14]  32.00-33.00  sec   128 KBytes  1.05 Mbits/sec                  
[ 16]  32.00-33.00  sec   128 KBytes  1.05 Mbits/sec                  
[ 18]  32.00-33.00  sec   256 KBytes  2.10 Mbits/sec                  
[ 20]  32.00-33.00  sec   128 KBytes  1.05 Mbits/sec                  
[SUM]  32.00-33.00  sec  1.12 MBytes  9.43 Mbits/sec                  
- - - - - - - - - - - - - - - - - - - - - - - - -
[  5]  33.00-34.00  sec   256 KBytes  2.10 Mbits/sec                  
[  8]  33.00-34.00  sec   128 KBytes  1.05 Mbits/sec                  
[ 10]  33.00-34.00  sec   128 KBytes  1.05 Mbits/sec                  
[ 12]  33.00-34.00  sec   256 KBytes  2.10 Mbits/sec                  
[ 14]  33.00-34.00  sec   128 KBytes  1.05 Mbits/sec                  
[ 16]  33.00-34.00  sec   128 KBytes  1.05 Mbits/sec                  
[ 18]  33.00-34.00  sec   128 KBytes  1.05 Mbits/sec                  
[ 20]  33.00-34.00  sec   128 KBytes  1.05 Mbits/sec                  
[SUM]  33.00-34.00  sec  1.25 MBytes  10.5 Mbits/sec                  
- - - - - - - - - - - - - - - - - - - - - - - - -
[  5]  34.00-35.00  sec   128 KBytes  1.05 Mbits/sec                  
[  8]  34.00-35.00  sec   128 KBytes  1.05 Mbits/sec                  
[ 10]  34.00-35.00  sec   128 KBytes  1.05 Mbits/sec                  
[ 12]  34.00-35.00  sec   128 KBytes  1.05 Mbits/sec                  
[ 14]  34.00-35.00  sec   128 KBytes  1.05 Mbits/sec    