-----------------------------------------------------------
Server listening on 5202 (test #1)
-----------------------------------------------------------
Accepted connection from 192.168.1.2, port 49032
[  5] local 192.168.2.2 port 5202 connected to 192.168.1.2 port 37527
[  6] local 192.168.2.2 port 5202 connected to 192.168.1.2 port 35458
[  9] local 192.168.2.2 port 5202 connected to 192.168.1.2 port 40114
[ ID] Interval           Transfer     Bitrate         Jitter    Lost/Total Datagrams
[  5]   0.00-1.01   sec  24.0 KBytes   196 Kbits/sec  2.103 ms  0/82 (0%)  
[  6]   0.00-1.01   sec  24.0 KBytes   196 Kbits/sec  1.801 ms  0/82 (0%)  
[  9]   0.00-1.01   sec  24.0 KBytes   196 Kbits/sec  1.951 ms  0/82 (0%)  
[SUM]   0.00-1.01   sec  72.1 KBytes   587 Kbits/sec  1.952 ms  0/246 (0%)  
- - - - - - - - - - - - - - - - - - - - - - - - -
[  5]   1.01-2.00   sec  24.3 KBytes   200 Kbits/sec  1.565 ms  0/83 (0%)  
[  6]   1.01-2.00   sec  24.3 KBytes   200 Kbits/sec  1.398 ms  0/83 (0%)  
[  9]   1.01-2.00   sec  24.3 KBytes   200 Kbits/sec  2.020 ms  0/83 (0%)  
[SUM]   1.01-2.00   sec  72.9 KBytes   601 Kbits/sec  1.661 ms  0/249 (0%)  
- - - - - - - - - - - - - - - - - - - - - - - - -
[  5]   2.00-3.00   sec  24.6 KBytes   201 Kbits/sec  1.461 ms  0/84 (0%)  
[  6]   2.00-3.00   sec  24.6 KBytes   201 Kbits/sec  1.608 ms  0/84 (0%)  
[  9]   2.00-3.00   sec  24.6 KBytes   201 Kbits/sec  1.929 ms  0/84 (0%)  
[SUM]   2.00-3.00   sec  73.8 KBytes   604 Kbits/sec  1.666 ms  0/252 (0%)  
- - - - - - - - - - - - - - - - - - - - - - - - -
[  5]   3.00-4.00   sec  24.3 KBytes   200 Kbits/sec  1.595 ms  0/83 (0%)  
[  6]   3.00-4.00   sec  24.3 KBytes   200 Kbits/sec  1.977 ms  0/83 (0%)  
[  9]   3.00-4.00   sec  24.3 KBytes   200 Kbits/sec  1.730 ms  0/83 (0%)  
[SUM]   3.00-4.00   sec  72.9 KBytes   599 Kbits/sec  1.767 ms  0/249 (0%)  
- - - - - - - - - - - - - - - - - - - - - - - - -
[  5]   4.00-5.00   sec  24.3 KBytes   199 Kbits/sec  1.857 ms  0/83 (0%)  
[  6]   4.00-5.00   sec  24.3 KBytes   199 Kbits/sec  3.207 ms  0/83 (0%)  
[  9]   4.00-5.00   sec  24.3 KBytes   199 Kbits/sec  1.936 ms  0/83 (0%)  
[SUM]   4.00-5.00   sec  72.9 KBytes   598 Kbits/sec  2.333 ms  0/249 (0%)  
- - - - - - - - - - - - - - - - - - - - - - - - -
[  5]   5.00-6.00   sec  24.3 KBytes   199 Kbits/sec  1.648 ms  0/83 (0%)  
[  6]   5.00-6.00   sec  24.3 KBytes   199 Kbits/sec  1.791 ms  0/83 (0%)  
[  9]   5.00-6.00   sec  24.3 KBytes   199 Kbits/sec  2.203 ms  0/83 (0%)  
[SUM]   5.00-6.00   sec  72.9 KBytes   598 Kbits/sec  1.881 ms  0/249 (0%)  
- - - - - - - - - - - - - - - - - - - - - - - - -
[  5]   6.00-7.00   sec  24.6 KBytes   202 Kbits/sec  1.821 ms  0/84 (0%)  
[  6]   6.00-7.00   sec  24.3 KBytes   199 Kbits/sec  2.017 ms  0/83 (0%)  
[  9]   6.00-7.00   sec  24.6 KBytes   202 Kbits/sec  1.722 ms  0/84 (0%)  
[SUM]   6.00-7.00   sec  73.5 KBytes   603 Kbits/sec  1.853 ms  0/251 (0%)  
- - - - - - - - - - - - - - - - - - - - - - - - -
[  5]   7.00-8.00   sec  24.3 KBytes   199 Kbits/sec  1.606 ms  0/83 (0%)  
[  6]   7.00-8.00   sec  24.6 KBytes   201 Kbits/sec  1.652 ms  0/84 (0%)  
[  9]   7.00-8.00   sec  24.3 KBytes   199 Kbits/sec  2.050 ms  0/83 (0%)  
[SUM]   7.00-8.00   sec  73.2 KBytes   599 Kbits/sec  1.769 ms  0/250 (0%)  
- - - - - - - - - - - - - - - - - - - - - - - - -
[  5]   8.00-9.00   sec  24.3 KBytes   199 Kbits/sec  2.104 ms  0/83 (0%)  
[  6]   8.00-9.00   sec  24.3 KBytes   199 Kbits/sec  1.686 ms  0/83 (0%)  
[  9]   8.00-9.00   sec  24.3 KBytes   199 Kbits/sec  2.135 ms  0/83 (0%)  
[SUM]   8.00-9.00   sec  72.9 KBytes   596 Kbits/sec  1.975 ms  0/249 (0%)  
- - - - - - - - - - - - - - - - - - - - - - - - -
[  5]   9.00-10.00  sec  24.6 KBytes   202 Kbits/sec  2.695 ms  0/84 (0%)  
[  6]   9.00-10.00  sec  24.6 KBytes   202 Kbits/sec  2.119 ms  0/84 (0%)  
[  9]   9.00-10.00  sec  24.6 KBytes   202 Kbits/sec  2.140 ms  0/84 (0%)  
[SUM]   9.00-10.00  sec  73.8 KBytes   607 Kbits/sec  2.318 ms  0/252 (0%)  
- - - - - - - - - - - - - - - - - - - - - - - - -
[  5]  10.00-11.00  sec  24.3 KBytes   199 Kbits/sec  3.399 ms  0/83 (0%)  
[  6]  10.00-11.00  sec  24.3 KBytes   199 Kbits/sec  2.081 ms  0/83 (0%)  
[  9]  10.00-11.00  sec  24.3 KBytes   199 Kbits/sec  2.649 ms  0/83 (0%)  
[SUM]  10.00-11.00  sec  72.9 KBytes   598 Kbits/sec  2.710 ms  0/249 (0%)  
- - - - - - - - - - - - - - - - - - - - - - - - -
[  5]  11.00-12.00  sec  24.3 KBytes   199 Kbits/sec  2.404 ms  0/83 (0%)  
[  6]  11.00-12.00  sec  24.6 KBytes   202 Kbits/sec  2.640 ms  0/84 (0%)  
[  9]  11.00-12.00  sec  24.6 KBytes   202 Kbits/sec  2.303 ms  0/84 (0%)  
[SUM]  11.00-12.00  sec  73.5 KBytes   603 Kbits/sec  2.449 ms  0/251 (0%)  
- - - - - - - - - - - - - - - - - - - - - - - - -
[  5]  12.00-13.00  sec  24.6 KBytes   202 Kbits/sec  1.690 ms  0/84 (0%)  
[  6]  12.00-13.00  sec  24.3 KBytes   199 Kbits/sec  1.396 ms  0/83 (0%)  
[  9]  12.00-13.00  sec  24.3 KBytes   199 Kbits/sec  1.691 ms  0/83 (0%)  
[SUM]  12.00-13.00  sec  73.2 KBytes   600 Kbits/sec  1.593 ms  0/250 (0%)  
- - - - - - - - - - - - - - - - - - - - - - - - -
[  5]  13.00-14.00  sec  24.3 KBytes   199 Kbits/sec  2.634 ms  0/83 (0%)  
[  6]  13.00-14.00  sec  24.3 KBytes   199 Kbits/sec  3.416 ms  0/83 (0%)  
[  9]  13.00-14.00  sec  24.3 KBytes   199 Kbits/sec  2.797 ms  0/83 (0%)  
[SUM]  13.00-14.00  sec  72.9 KBytes   598 Kbits/sec  2.949 ms  0/249 (0%)  
- - - - - - - - - - - - - - - - - - - - - - - - -
[  5]  14.00-15.00  sec  24.3 KBytes   199 Kbits/sec  2.034 ms  0/83 (0%)  
[  6]  14.00-15.00  sec  24.3 KBytes   199 Kbits/sec  2.053 ms  0/83 (0%)  
[  9]  14.00-15.00  sec  24.6 KBytes   202 Kbits/sec  2.338 ms  0/84 (0%)  
[SUM]  14.00-15.00  sec  73.2 KBytes   600 Kbits/sec  2.141 ms  0/250 (0%)  
- - - - - - - - - - - - - - - - - - - - - - - - -
[  5]  15.00-16.00  sec  24.6 KBytes   201 Kbits/sec  1.642 ms  0/84 (0%)  
[  6]  15.00-16.00  sec  24.6 KBytes   201 Kbits/sec  1.364 ms  0/84 (0%)  
[  9]  15.00-16.00  sec  24.3 KBytes   199 Kbits/sec  1.534 ms  0/83 (0%)  
[SUM]  15.00-16.00  sec  73.5 KBytes   602 Kbits/sec  1.513 ms  0/251 (0%)  
- - - - - - - - - - - - - - - - - - - - - - - - -
[  5]  16.00-17.00  sec  24.3 KBytes   199 Kbits/sec  2.752 ms  0/83 (0%)  
[  6]  16.00-17.00  sec  24.3 KBytes   199 Kbits/sec  2.283 ms  0/83 (0%)  
[  9]  16.00-17.00  sec  24.3 KBytes   199 Kbits/sec  2.597 ms  0/83 (0%)  
[SUM]  16.00-17.00  sec  72.9 KBytes   598 Kbits/sec  2.544 ms  0/249 (0%)  
- - - - - - - - - - - - - - - - - - - - - - - - -
[  5]  17.00-18.00  sec  24.3 KBytes   199 Kbits/sec  2.295 ms  0/83 (0%)  
[  6]  17.00-18.00  sec  24.3 KBytes   199 Kbits/sec  2.015 ms  0/83 (0%)  
[  9]  17.00-18.00  sec  24.3 KBytes   199 Kbits/sec  2.308 ms  0/83 (0%)  
[SUM]  17.00-18.00  sec  72.9 KBytes   598 Kbits/sec  2.206 ms  0/249 (0%)  
- - - - - - - - - - - - - - - - - - - - - - - - -
[  5]  18.00-19.00  sec  24.6 KBytes   202 Kbits/sec  2.550 ms  0/84 (0%)  
[  6]  18.00-19.00  sec  24.6 KBytes   202 Kbits/sec  1.363 ms  0/84 (0%)  
[  9]  18.00-19.00  sec  24.6 KBytes   202 Kbits/sec  1.676 ms  0/84 (0%)  
[SUM]  18.00-19.00  sec  73.8 KBytes   605 Kbits/sec  1.863 ms  0/252 (0%)  
- - - - - - - - - - - - - - - - - - - - - - - - -
[  5]  19.00-20.00  sec  24.3 KBytes   199 Kbits/sec  2.424 ms  0/83 (0%)  
[  6]  19.00-20.00  sec  24.3 KBytes   199 Kbits/sec  3.286 ms  0/83 (0%)  
[  9]  19.00-20.00  sec  24.3 KBytes   199 Kbits/sec  1.964 ms  0/83 (0%)  
[SUM]  19.00-20.00  sec  72.9 KBytes   596 Kbits/sec  2.558 ms  0/249 (0%)  
- - - - - - - - - - - - - - - - - - - - - - - - -
[  5]  20.00-21.00  sec  24.3 KBytes   200 Kbits/sec  2.058 ms  0/83 (0%)  
[  6]  20.00-21.00  sec  24.3 KBytes   200 Kbits/sec  2.071 ms  0/83 (0%)  
[  9]  20.00-21.00  sec  24.3 KBytes   200 Kbits/sec  2.727 ms  0/83 (0%)  
[SUM]  20.00-21.00  sec  72.9 KBytes   599 Kbits/sec  2.286 ms  0/249 (0%)  
- - - - - - - - - - - - - - - - - - - - - - - - -
[  5]  21.00-22.00  sec  24.6 KBytes   201 Kbits/sec  2.682 ms  0/84 (0%)  
[  6]  21.00-22.00  sec  24.6 KBytes   201 Kbits/sec  2.514 ms  0/84 (0%)  
[  9]  21.00-22.00  sec  24.6 KBytes   201 Kbits/sec  2.224 ms  0/84 (0%)  
[SUM]  21.00-22.00  sec  73.8 KBytes   604 Kbits/sec  2.473 ms  0/252 (0%)  
- - - - - - - - - - - - - - - - - - - - - - - - -
[  5]  22.00-23.00  sec  24.3 KBytes   199 Kbits/sec  2.477 ms  0/83 (0%)  
[  6]  22.00-23.00  sec  24.3 KBytes   199 Kbits/sec  2.799 ms  0/83 (0%)  
[  9]  22.00-23.00  sec  24.3 KBytes   199 Kbits/sec  3.350 ms  0/83 (0%)  
[SUM]  22.00-23.00  sec  72.9 KBytes   598 Kbits/sec  2.875 ms  0/249 (0%)  
- - - - - - - - - - - - - - - - - - - - - - - - -
[  5]  23.00-24.00  sec  24.3 KBytes   199 Kbits/sec  1.915 ms  0/83 (0%)  
[  6]  23.00-24.00  sec  24.3 KBytes   199 Kbits/sec  1.353 ms  0/83 (0%)  
[  9]  23.00-24.00  sec  24.6 KBytes   202 Kbits/sec  1.380 ms  0/84 (0%)  
[SUM]  23.00-24.00  sec  73.2 KBytes   600 Kbits/sec  1.549 ms  0/250 (0%)  
- - - - - - - - - - - - - - - - - - - - - - - - -
[  5]  24.00-25.00  sec  24.6 KBytes   201 Kbits/sec  1.806 ms  0/84 (0%)  
[  6]  24.00-25.00  sec  24.6 KBytes   201 Kbits/sec  2.229 ms  0/84 (0%)  
[  9]  24.00-25.00  sec  24.3 KBytes   199 Kbits/sec  1.399 ms  0/83 (0%)  
[SUM]  24.00-25.00  sec  73.5 KBytes   601 Kbits/sec  1.811 ms  0/251 (0%)  
- - - - - - - - - - - - - - - - - - - - - - - - -
[  5]  25.00-26.00  sec  24.3 KBytes   199 Kbits/sec  1.584 ms  0/83 (0%)  
[  6]  25.00-26.00  sec  24.3 KBytes   199 Kbits/sec  2.092 ms  0/83 (0%)  
[  9]  25.00-26.00  sec  24.3 KBytes   199 Kbits/sec  1.485 ms  0/83 (0%)  
[SUM]  25.00-26.00  sec  72.9 KBytes   598 Kbits/sec  1.720 ms  0/249 (0%)  
- - - - - - - - - - - - - - - - - - - - - - - - -
[  5]  26.00-27.00  sec  24.3 KBytes   199 Kbits/sec  2.248 ms  0/83 (0%)  
[  6]  26.00-27.00  sec  24.3 KBytes   199 Kbits/sec  2.107 ms  0/83 (0%)  
[  9]  26.00-27.00  sec  24.3 KBytes   199 Kbits/sec  1.818 ms  0/83 (0%)  
[SUM]  26.00-27.00  sec  72.9 KBytes   598 Kbits/sec  2.058 ms  0/249 (0%)  
- - - - - - - - - - - - - - - - - - - - - - - - -
[  5]  27.00-28.00  sec  24.6 KBytes   202 Kbits/sec  1.536 ms  0/84 (0%)  
[  6]  27.00-28.00  sec  24.6 KBytes   202 Kbits/sec  2.140 ms  0/84 (0%)  
[  9]  27.00-28.00  sec  24.6 KBytes   202 Kbits/sec  1.761 ms  0/84 (0%)  
[SUM]  27.00-28.00  sec  73.8 KBytes   605 Kbits/sec  1.812 ms  0/252 (0%)  
- - - - - - - - - - - - - - - - - - - - - - - - -
[  5]  28.00-29.00  sec  24.3 KBytes   199 Kbits/sec  1.845 ms  0/83 (0%)  
[  6]  28.00-29.00  sec  24.3 KBytes   199 Kbits/sec  2.236 ms  0/83 (0%)  
[  9]  28.00-29.00  sec  24.3 KBytes   199 Kbits/sec  2.633 ms  0/83 (0%)  
[SUM]  28.00-29.00  sec  72.9 KBytes   598 Kbits/sec  2.238 ms  0/249 (0%)  
- - - - - - - - - - - - - - - - - - - - - - - - -
[  5]  29.00-30.00  sec  24.3 KBytes   199 Kbits/sec  2.115 ms  0/83 (0%)  
[  6]  29.00-30.00  sec  24.3 KBytes   199 Kbits/sec  1.932 ms  0/83 (0%)  
[  9]  29.00-30.00  sec  24.3 KBytes   199 Kbits/sec  1.820 ms  0/83 (0%)  
[SUM]  29.00-30.00  sec  72.9 KBytes   598 Kbits/sec  1.956 ms  0/249 (0%)  
- - - - - - - - - - - - - - - - - - - - - - - - -
[  5]  30.00-31.00  sec  24.6 KBytes   201 Kbits/sec  3.592 ms  0/84 (0%)  
[  6]  30.00-31.00  sec  24.6 KBytes   202 Kbits/sec  3.600 ms  0/84 (0%)  
[  9]  30.00-31.00  sec  24.6 KBytes   202 Kbits/sec  2.839 ms  0/84 (0%)  
[SUM]  30.00-31.00  sec  73.8 KBytes   604 Kbits/sec  3.344 ms  0/252 (0%)  
- - - - - - - - - - - - - - - - - - - - - - - - -
[  5]  31.00-32.00  sec  24.3 KBytes   199 Kbits/sec  1.888 ms  0/83 (0%)  
[  6]  31.00-32.00  sec  24.3 KBytes   199 Kbits/sec  2.136 ms  0/83 (0%)  
[  9]  31.00-32.00  sec  24.3 KBytes   199 Kbits/sec  1.862 ms  0/83 (0%)  
[SUM]  31.00-32.00  sec  72.9 KBytes   598 Kbits/sec  1.962 ms  0/249 (0%)  
- - - - - - - - - - - - - - - - - - - - - - - - -
[  5]  32.00-33.00  sec  24.3 KBytes   199 Kbits/sec  1.907 ms  0/83 (0%)  
[  6]  32.00-33.00  sec  24.3 KBytes   199 Kbits/sec  2.040 ms  0/83 (0%)  
[  9]  32.00-33.00  sec  24.3 KBytes   199 Kbits/sec  2.211 ms  0/83 (0%)  
[SUM]  32.00-33.00  sec  72.9 KBytes   598 Kbits/sec  2.053 ms  0/249 (0%)  
- - - - - - - - - - - - - - - - - - - - - - - - -
[  5]  33.00-34.00  sec  24.6 KBytes   202 Kbits/sec  2.507 ms  0/84 (0%)  
[  6]  33.00-34.00  sec  24.6 KBytes   202 Kbits/sec  2.106 ms  0/84 (0%)  
[  9]  33.00-34.00  sec  24.6 KBytes   202 Kbits/sec  2.203 ms  0/84 (0%)  
[SUM]  33.00-34.00  sec  73.8 KBytes   605 Kbits/sec  2.272 ms  0/252 (0%)  
- - - - - - - - - - - - - - - - - - - - - - - - -
[  5]  34.00-35.00  sec  24.3 KBytes   199 Kbits/sec  1.870 ms  0/83 (0%)  
[  6]  34.00-35.00  sec  24.3 KBytes   199 Kbits/sec  1.966 ms  0/83 (0%)  
[  9]  34.00-35.00  sec  24.3 KBytes   199 Kbits/sec  2.182 ms  0/83 (0%)  
[SUM]  34.00-35.00  sec  72.9 KBytes   597 Kbits/sec  2.006 ms  0/249 (0%)  
- - - - - - - - - - - - - - - - - - - - - - - - -
[  5]  35.00-36.00  sec  24.6 KBytes   202 Kbits/sec  2.043 ms  0/84 (0%)  
[  6]  35.00-36.00  sec  24.6 KBytes   202 Kbits/sec  2.701 ms  0/84 (0%)  
[  9]  35.00-36.00  sec  24.6 KBytes   201 Kbits/sec  2.154 ms  0/84 (0%)  
[SUM]  35.00-36.00  sec  73.8 KBytes   605 Kbits/sec  2.299 ms  0/252 (0%)  
- - - - - - - - - - - - - - - - - - - - - - - - -
[  5]  36.00-37.00  sec  24.3 KBytes   199 Kbits/sec  1.742 ms  0/83 (0%)  
[  6]  36.00-37.00  sec  24.3 KBytes   199 Kbits/sec  2.657 ms  0/83 (0%)  
[  9]  36.00-37.00  sec  24.3 KBytes   199 Kbits/sec  1.855 ms  0/83 (0%)  
[SUM]  36.00-37.00  sec  72.9 KBytes   598 Kbits/sec  2.084 ms  0/249 (0%)  
- - - - - - - - - - - - - - - - - - - - - - - - -
[  5]  37.00-38.00  sec  24.3 KBytes   199 Kbits/sec  1.886 ms  0/83 (0%)  
[  6]  37.00-38.00  sec  24.3 KBytes   199 Kbits/sec  2.602 ms  0/83 (0%)  
[  9]  37.00-38.00  sec  24.3 KBytes   199 Kbits/sec  2.078 ms  0/83 (0%)  
[SUM]  37.00-38.00  sec  72.9 KBytes   598 Kbits/sec  2.188 ms  0/249 (0%)  
- - - - - - - - - - - - - - - - - - - - - - - - -
[  5]  38.00-39.00  sec  24.6 KBytes   201 Kbits/sec  1.908 ms  0/84 (0%)  
[  6]  38.00-39.00  sec  24.6 KBytes   201 Kbits/sec  1.535 ms  0/84 (0%)  
[  9]  38.00-39.00  sec  24.6 KBytes   201 Kbits/sec  1.872 ms  0/84 (0%)  
[SUM]  38.00-39.00  sec  73.8 KBytes   604 Kbits/sec  1.772 ms  0/252 (0%)  
- - - - - - - - - - - - - - - - - - - - - - - - -
[  5]  39.00-40.00  sec  24.3 KBytes   199 Kbits/sec  1.892 ms  0/83 (0%)  
[  6]  39.00-40.00  sec  24.3 KBytes   199 Kbits/sec  2.214 ms  0/83 (0%)  
[  9]  39.00-40.00  sec  24.3 KBytes   199 Kbits/sec  2.109 ms  0/83 (0%)  
[SUM]  39.00-40.00  sec  72.9 KBytes   596 Kbits/sec  2.071 ms  0/249 (0%)  
- - - - - - - - - - - - - - - - - - - - - - - - -
[  5]  40.00-41.00  sec  24.3 KBytes   200 Kbits/sec  2.281 ms  0/83 (0%)  
[  6]  40.00-41.00  sec  24.3 KBytes   200 Kbits/sec  1.965 ms  0/83 (0%)  
[  9]  40.00-41.00  sec  24.3 KBytes   200 Kbits/sec  2.080 ms  0/83 (0%)  
[SUM]  40.00-41.00  sec  72.9 KBytes   599 Kbits/sec  2.108 ms  0/249 (0%)  
- - - - - - - - - - - - - - - - - - - - - - - - -
[  5]  41.00-42.00  sec  24.6 KBytes   202 Kbits/sec  2.274 ms  0/84 (0%)  
[  6]  41.00-42.00  sec  24.6 KBytes   202 Kbits/sec  2.297 ms  0/84 (0%)  
[  9]  41.00-42.00  sec  24.6 KBytes   202 Kbits/sec  2.349 ms  0/84 (0%)  
[SUM]  41.00-42.00  sec  73.8 KBytes   605 Kbits/sec  2.307 ms  0/252 (0%)  
- - - - - - - - - - - - - - - - - - - - - - - - -
[  5]  42.00-43.00  sec  24.3 KBytes   199 Kbits/sec  2.042 ms  0/83 (0%)  
[  6]  42.00-43.00  sec  24.0 KBytes   197 Kbits/sec  2.042 ms  1/83 (1.2%)  
[  9]  42.00-43.00  sec  24.3 KBytes   199 Kbits/sec  3.096 ms  0/83 (0%)  
[SUM]  42.00-43.00  sec  72.7 KBytes   595 Kbits/sec  2.393 ms  1/249 (0.4%)  
- - - - - - - - - - - - - - - - - - - - - - - - -
[  5]  43.00-44.00  sec  24.3 KBytes   199 Kbits/sec  2.105 ms  0/83 (0%)  
[  6]  43.00-44.00  sec  24.3 KBytes   199 Kbits/sec  1.936 ms  0/83 (0%)  
[  9]  43.00-44.00  sec  24.3 KBytes   199 Kbits/sec  1.944 ms  0/83 (0%)  
[SUM]  43.00-44.00  sec  72.9 KBytes   598 Kbits/sec  1.995 ms  0/249 (0%)  
- - - - - - - - - - - - - - - - - - - - - - - - -
[  5]  44.00-45.00  sec  24.6 KBytes   202 Kbits/sec  2.095 ms  0/84 (0%)  
[  6]  44.00-45.00  sec  24.6 KBytes   202 Kbits/sec  1.866 ms  0/84 (0%)  
[  9]  44.00-45.00  sec  24.6 KBytes   202 Kbits/sec  2.310 ms  0/84 (0%)  
[SUM]  44.00-45.00  sec  73.8 KBytes   605 Kbits/sec  2.090 ms  0/252 (0%)  
- - - - - - - - - - - - - - - - - - - - - - - - -
[  5]  45.00-46.00  sec  24.3 KBytes   198 Kbits/sec  2.294 ms  0/83 (0%)  
[  6]  45.00-46.00  sec  24.3 KBytes   198 Kbits/sec  1.851 ms  0/83 (0%)  
[  9]  45.00-46.00  sec  24.3 KBytes   198 Kbits/sec  2.923 ms  0/83 (0%)  
[SUM]  45.00-46.00  sec  72.9 KBytes   595 Kbits/sec  2.356 ms  0/249 (0%)  
- - - - - - - - - - - - - - - - - - - - - - - - -
[  5]  46.00-47.00  sec  24.3 KBytes   200 Kbits/sec  1.759 ms  0/83 (0%)  
[  6]  46.00-47.00  sec  24.3 KBytes   200 Kbits/sec  2.199 ms  0/83 (0%)  
[  9]  46.00-47.00  sec  24.3 KBytes   200 Kbits/sec  2.160 ms  0/83 (0%)  
[SUM]  46.00-47.00  sec  72.9 KBytes   600 Kbits/sec  2.039 ms  0/249 (0%)  
- - - - - - - - - - - - - - - - - - - - - - - - -
[  5]  47.00-48.00  sec  24.6 KBytes   202 Kbits/sec  1.459 ms  0/84 (0%)  
[  6]  47.00-48.00  sec  24.6 KBytes   202 Kbits/sec  1.656 ms  0/84 (0%)  
[  9]  47.00-48.00  sec  24.3 KBytes   199 Kbits/sec  1.555 ms  0/83 (0%)  
[SUM]  47.00-48.00  sec  73.5 KBytes   602 Kbits/sec  1.557 ms  0/251 (0%)  
- - - - - - - - - - - - - - - - - - - - - - - - -
[  5]  48.00-49.00  sec  24.3 KBytes   199 Kbits/sec  2.547 ms  0/83 (0%)  
[  6]  48.00-49.00  sec  24.3 KBytes   199 Kbits/sec  1.971 ms  0/83 (0%)  
[  9]  48.00-49.00  sec  24.6 KBytes   201 Kbits/sec  1.964 ms  0/84 (0%)  
[SUM]  48.00-49.00  sec  73.2 KBytes   599 Kbits/sec  2.161 ms  0/250 (0%)  
- - - - - - - - - - - - - - - - - - - - - - - - -
[  5]  49.00-50.00  sec  24.3 KBytes   200 Kbits/sec  2.519 ms  0/83 (0%)  
[  6]  49.00-50.00  sec  24.3 KBytes   200 Kbits/sec  2.632 ms  0/83 (0%)  
[  9]  49.00-50.00  sec  24.3 KBytes   200 Kbits/sec  2.227 ms  0/83 (0%)  
[SUM]  49.00-50.00  sec  72.9 KBytes   599 Kbits/sec  2.460 ms  0/249 (0%)  
- - - - - - - - - - - - - - - - - - - - - - - - -
[  5]  50.00-51.00  sec  24.6 KBytes   202 Kbits/sec  2.040 ms  0/84 (0%)  
[  6]  50.00-51.00  sec  24.6 KBytes   202 Kbits/sec  2.241 ms  0/84 (0%)  
[  9]  50.00-51.00  sec  24.6 KBytes   202 Kbits/sec  1.681 ms  0/84 (0%)  
[SUM]  50.00-51.00  sec  73.8 KBytes   605 Kbits/sec  1.987 ms  0/252 (0%)  
- - - - - - - - - - - - - - - - - - - - - - - - -
[  5]  51.00-52.00  sec  24.0 KBytes   197 Kbits/sec  2.377 ms  0/82 (0%)  
[  6]  51.00-52.00  sec  24.3 KBytes   199 Kbits/sec  2.242 ms  0/83 (0%)  
[  9]  51.00-52.00  sec  24.3 KBytes   199 Kbits/sec  2.300 ms  0/83 (0%)  
[SUM]  51.00-52.00  sec  72.7 KBytes   595 Kbits/sec  2.306 ms  0/248 (0%)  
- - - - - - - - - - - - - - - - - - - - - - - - -
[  5]  52.00-53.00  sec  24.9 KBytes   203 Kbits/sec  2.826 ms  0/85 (0%)  
[  6]  52.00-53.00  sec  24.3 KBytes   199 Kbits/sec  2.480 ms  0/83 (0%)  
[  9]  52.00-53.00  sec  24.3 KBytes   199 Kbits/sec  2.293 ms  0/83 (0%)  
[SUM]  52.00-53.00  sec  73.5 KBytes   601 Kbits/sec  2.533 ms  0/251 (0%)  
- - - - - - - - - - - - - - - - - - - - - - - - -
[  5]  53.00-54.00  sec  24.3 KBytes   200 Kbits/sec  1.986 ms  0/83 (0%)  
[  6]  53.00-54.00  sec  24.6 KBytes   202 Kbits/sec  1.463 ms  0/84 (0%)  
[  9]  53.00-54.00  sec  24.6 KBytes   202 Kbits/sec  1.754 ms  0/84 (0%)  
[SUM]  53.00-54.00  sec  73.5 KBytes   603 Kbits/sec  1.734 ms  0/251 (0%)  
- - - - - - - - - - - - - - - - - - - - - - - - -
[  5]  54.00-55.00  sec  24.3 KBytes   199 Kbits/sec  2.176 ms  0/83 (0%)  
[  6]  54.00-55.00  sec  24.3 KBytes   199 Kbits/sec  1.846 ms  0/83 (0%)  
[  9]  54.00-55.00  sec  24.3 KBytes   199 Kbits/sec  2.427 ms  0/83 (0%)  
[SUM]  54.00-55.00  sec  72.9 KBytes   598 Kbits/sec  2.149 ms  0/249 (0%)  
- - - - - - - - - - - - - - - - - - - - - - - - -
[  5]  55.00-56.00  sec  24.3 KBytes   199 Kbits/sec  1.629 ms  0/83 (0%)  
[  6]  55.00-56.00  sec  24.3 KBytes   199 Kbits/sec  1.311 ms  0/83 (0%)  
[  9]  55.00-56.00  sec  24.3 KBytes   199 Kbits/sec  1.888 ms  0/83 (0%)  
[SUM]  55.00-56.00  sec  72.9 KBytes   598 Kbits/sec  1.609 ms  0/249 (0%)  
- - - - - - - - - - - - - - - - - - - - - - - - -
[  5]  56.00-56.05  sec   600 Bytes  94.8 Kbits/sec  1.650 ms  0/2 (0%)  
[  6]  56.00-56.05  sec   600 Bytes  94.8 Kbits/sec  1.497 ms  0/2 (0%)  
[  9]  56.00-56.05  sec   600 Bytes  94.8 Kbits/sec  1.958 ms  0/2 (0%)  
[SUM]  56.00-56.05  sec  1.76 KBytes   284 Kbits/sec  1.702 ms  0/6 (0%)  
- - - - - - - - - - - - - - - - - - - - - - - - -
[ ID] Interval           Transfer     Bitrate         Jitter    Lost/Total Datagrams
[  5]   0.00-56.05  sec  1.34 MBytes   200 Kbits/sec  1.650 ms  0/4667 (0%)  receiver
[  6]   0.00-56.05  sec  1.33 MBytes   200 Kbits/sec  1.497 ms  1/4667 (0.021%)  receiver
[  9]   0.00-56.05  sec  1.34 MBytes   200 Kbits/sec  1.958 ms  0/4667 (0%)  receiver
[SUM]   0.00-56.05  sec  4.01 MBytes   599 Kbits/sec  1.702 ms  1/14001 (0.0071%)  receiver
