
==============================================================================
  ACAPE v6.0.0   mode=tc-only   qdisc=fq_codel handle=10:
  metrics -> results_sweep/rtt5/fq_codel_acape_steady_s2/acape_metrics_ctl.csv
==============================================================================
      t    regime        traj      pred     dr/s    bl    tput flows eleph  tgt_ms   lim  adj
---------------------------------------------------------------------------------------------
    0.9     HEAVY      STABLE     HEAVY     67.8    15   10.08     0     0   5.000  1024    0
    1.5     HEAVY      STABLE     HEAVY     61.8    14   10.19     0     0   5.000  1024    0
    2.2     HEAVY      STABLE     HEAVY     60.9    14    9.96     0     0   5.000  1024    0
    2.9     HEAVY      STABLE     HEAVY     51.1    11   10.05     0     0   5.000  1024    0
    3.5     HEAVY      STABLE     HEAVY     56.0    12    9.95     0     0   5.000  1024    0
    4.3     HEAVY      STABLE     HEAVY     62.3    11    9.63     0     0   5.000  1024    0
    5.0     HEAVY      STABLE     HEAVY     60.2    16   10.48     0     0   5.000  1024    0
    5.6     HEAVY      STABLE     HEAVY     53.1     8   10.00     0     0   5.000  1024    0
    6.3     HEAVY      STABLE     HEAVY     62.2    13    9.91     0     0   5.000  1024    0
    7.0     HEAVY      STABLE     HEAVY     57.1    13   10.06     0     0   4.500   921    1
    8.0     HEAVY      STABLE     HEAVY     65.8    15   10.05     0     0   4.500   921    1
    8.7     HEAVY      STABLE     HEAVY     68.8    10    9.93     0     0   4.500   921    1
    9.4     HEAVY      STABLE     HEAVY     66.1    11   10.04     0     0   4.500   921    1
   10.0     HEAVY      STABLE     HEAVY     68.4    11    9.94     0     0   4.500   921    1
   10.7     HEAVY      STABLE     HEAVY     61.4     0    9.92     0     0   4.500   921    1
   11.3     HEAVY      STABLE     HEAVY     66.1    13   10.09     0     0   4.500   921    1
   12.4     HEAVY      STABLE     HEAVY     41.9    15    6.12     0     0   4.500   921    1
   13.1     HEAVY      STABLE     HEAVY     91.1    10   12.42     0     0   4.500   921    1
   13.7     HEAVY      STABLE     HEAVY     68.9    10   10.00     0     0   4.500   921    1
   14.4     HEAVY      STABLE     HEAVY     64.5    15    9.92     0     0   4.050   828    2
   15.4     HEAVY      STABLE     HEAVY     74.1    11   10.08     0     0   4.050   828    2
   16.1     HEAVY      STABLE     HEAVY     72.8    15    9.99     0     0   4.050   828    2
   16.8     HEAVY      STABLE     HEAVY     70.7    11    9.94     0     0   4.050   828    2
   17.5     HEAVY      STABLE     HEAVY     68.3    17   10.07     0     0   4.050   828    2
   18.1     HEAVY      STABLE     HEAVY     79.7    12   10.00     0     0   4.050   828    2
   18.8     HEAVY      STABLE     HEAVY     76.4    10    9.95     0     0   4.050   828    2
   19.5     HEAVY      STABLE     HEAVY     70.0    15    9.99     0     0   4.050   828    2
   20.1     HEAVY      STABLE     HEAVY     72.2    15   10.02     0     0   4.050   828    2
   20.8     HEAVY      STABLE     HEAVY     77.7    10    9.95     0     0   4.050   828    2
   21.5     HEAVY      STABLE     HEAVY     72.9     9   10.02     0     0   3.640   745    3
   22.4     HEAVY      STABLE     HEAVY     82.1    11   10.00     0     0   3.640   745    3
   23.0     HEAVY      STABLE     HEAVY     89.7     8   10.07     0     0   3.640   745    3
   23.7     HEAVY      STABLE     HEAVY     91.2    12    9.99     0     0   3.640   745    3
   24.3     HEAVY      STABLE     HEAVY     85.7     9   10.00     0     0   3.640   745    3
   25.0     HEAVY      STABLE     HEAVY     84.8     9   10.02     0     0   3.640   745    3
   25.6     HEAVY      STABLE     HEAVY     82.6    12    9.91     0     0   3.640   745    3
   26.3     HEAVY      STABLE     HEAVY     83.5    11    9.74     0     0   3.640   745    3
   27.0     HEAVY      STABLE     HEAVY     90.8    14   10.24     0     0   3.640   745    3
   27.7     HEAVY      STABLE     HEAVY     92.5     9   10.11     0     0   3.640   745    3
   28.3     HEAVY      STABLE     HEAVY     82.7    10    9.88     0     0   3.270   670    4
   29.3     HEAVY      STABLE     HEAVY     95.2    12   10.07     0     0   3.270   670    4
   30.1     HEAVY      STABLE     HEAVY    110.8    10    9.91     0     0   3.270   670    4
   30.7     HEAVY      STABLE     HEAVY     98.4    13   10.08     0     0   3.270   670    4
   31.4     HEAVY      STABLE     HEAVY    105.5    10    9.91     0     0   3.270   670    4
   32.0     HEAVY      STABLE     HEAVY    106.6    13   10.07     0     0   3.270   670    4
   32.7     HEAVY      STABLE     HEAVY    100.8    13   10.06     0     0   3.270   670    4
   33.4     HEAVY      STABLE     HEAVY     95.7    14    9.93     0     0   3.270   670    4
   34.0     HEAVY      STABLE     HEAVY     93.0    10    9.74     0     0   3.270   670    4
   34.7     HEAVY      STABLE     HEAVY     94.5    12    9.95     0     0   3.270   670    4
   35.4     HEAVY      STABLE     HEAVY     91.6    13    9.96     0     0   2.940   603    5
   36.3     HEAVY      STABLE     HEAVY    103.2    11   10.05     0     0   2.940   603    5
   37.0     HEAVY      STABLE     HEAVY    109.3    13   10.00     0     0   2.940   603    5
   37.6     HEAVY      STABLE     HEAVY    121.4    14    9.97     0     0   2.940   603    5
   38.3     HEAVY      STABLE     HEAVY    115.0    10   10.03     0     0   2.940   603    5
   38.9     HEAVY      STABLE     HEAVY    109.4    13    9.99     0     0   2.940   603    5
   39.6     HEAVY      STABLE     HEAVY    116.5     6    9.98     0     0   2.940   603    5
   40.2     HEAVY      STABLE     HEAVY    107.4    15    9.97     0     0   2.940   603    5
   40.9     HEAVY      STABLE     HEAVY    117.9     5    9.93     0     0   2.940   603    5
   41.6     HEAVY      STABLE     HEAVY    107.6    13    9.93     0     0   2.940   603    5
   42.3     HEAVY      STABLE     HEAVY    117.3    13   10.07     0     0   2.640   542    6
   43.3     HEAVY      STABLE     HEAVY    117.8    12    9.91     0     0   2.640   542    6
   44.0     HEAVY      STABLE     HEAVY    139.7    10    9.94     0     0   2.640   542    6
   44.7     HEAVY      STABLE     HEAVY    129.6    12    9.97     0     0   2.640   542    6
   45.5     HEAVY      STABLE     HEAVY    125.9     8   10.00     0     0   2.640   542    6
   46.2     HEAVY      STABLE     HEAVY    122.0    13    9.98     0     0   2.640   542    6
   47.0     HEAVY      STABLE     HEAVY    123.8    11    9.97     0     0   2.640   542    6
   47.7     HEAVY      STABLE     HEAVY    130.8     9   10.29     0     0   2.640   542    6
   48.3     HEAVY      STABLE     HEAVY    137.0    11    9.92     0     0   2.640   542    6
   49.0     HEAVY      STABLE     HEAVY    125.1     9   10.01     0     0   2.640   542    6
   49.7     HEAVY      STABLE     HEAVY    124.0     9   10.07     0     0   2.380   487    7
   50.6     HEAVY      STABLE     HEAVY    130.2    14    9.89     0     0   2.380   487    7
   51.3     HEAVY      STABLE     HEAVY    138.6    10   10.00     0     0   2.380   487    7
   52.0     HEAVY      STABLE     HEAVY    128.7    10   10.08     0     0   2.380   487    7
   52.6     HEAVY      STABLE     HEAVY    130.5    15    9.98     0     0   2.380   487    7
   53.3     HEAVY      STABLE     HEAVY    136.9     7    9.96     0     0   2.380   487    7
   53.9     HEAVY      STABLE     HEAVY    125.0     8   10.01     0     0   2.380   487    7
   54.6     HEAVY      STABLE     HEAVY    139.1     9    9.93     0     0   2.380   487    7
   55.2     HEAVY      STABLE     HEAVY    132.1    13   10.13     0     0   2.380   487    7
   55.9     HEAVY      STABLE     HEAVY    147.6     9    9.97     0     0   2.380   487    7
   56.5     HEAVY      STABLE     HEAVY    146.6     8    9.99     0     0   2.140   438    8
   57.6     HEAVY      STABLE     HEAVY    146.9    12   10.02     0     0   2.140   438    8
   58.2     HEAVY      STABLE     HEAVY    143.7    10    9.94     0     0   2.140   438    8
   59.0     HEAVY      STABLE     HEAVY    144.9    12    9.78     0     0   2.140   438    8
   59.6  MODERATE      STABLE  MODERATE     13.6     0    0.92     0     0   2.140   438    8

Done — 85 ticks, 8 adjustments (0 predictive), mode=tc-only
