
==============================================================================
  ACAPE v6.0.0   mode=tc-only   qdisc=fq_codel handle=10:
  metrics -> results_sweep/rtt5/fq_codel_acape_steady_s1/acape_metrics_ctl.csv
==============================================================================
      t    regime        traj      pred     dr/s    bl    tput flows eleph  tgt_ms   lim  adj
---------------------------------------------------------------------------------------------
    0.8     HEAVY      STABLE     HEAVY     68.1    13   10.02     0     0   5.000  1024    0
    1.5     HEAVY      STABLE     HEAVY     64.9    12   10.03     0     0   5.000  1024    0
    2.1     HEAVY      STABLE     HEAVY     51.1    15    9.98     0     0   5.000  1024    0
    2.8     HEAVY      STABLE     HEAVY     54.7    15   10.05     0     0   5.000  1024    0
    3.5     HEAVY      STABLE     HEAVY     54.2    12    9.64     0     0   5.000  1024    0
    4.1     HEAVY      STABLE     HEAVY     65.5    14   10.39     0     0   5.000  1024    0
    4.8     HEAVY      STABLE     HEAVY     56.0    15    9.94     0     0   5.000  1024    0
    5.5     HEAVY      STABLE     HEAVY     53.6    14   10.01     0     0   5.000  1024    0
    6.1     HEAVY      STABLE     HEAVY     64.7    12   10.03     0     0   5.000  1024    0
    6.7     HEAVY      STABLE     HEAVY     61.7    17    9.99     0     0   4.500   921    1
    7.7     HEAVY      STABLE     HEAVY     62.2    12    9.95     0     0   4.500   921    1
    8.4     HEAVY      STABLE     HEAVY     62.3    15   10.04     0     0   4.500   921    1
    9.1     HEAVY      STABLE     HEAVY     67.7    14   10.02     0     0   4.500   921    1
    9.8     HEAVY      STABLE     HEAVY     68.4    13    9.97     0     0   4.500   921    1
   10.4     HEAVY      STABLE     HEAVY     63.2    13    9.98     0     0   4.500   921    1
   11.1     HEAVY      STABLE     HEAVY     63.7    10   10.05     0     0   4.500   921    1
   11.7     HEAVY      STABLE     HEAVY     65.0     8   10.00     0     0   4.500   921    1
   12.4     HEAVY      STABLE     HEAVY     61.6    15    9.61     0     0   4.500   921    1
   13.5     HEAVY      STABLE     HEAVY     39.7    17    6.42     0     0   4.500   921    1
   14.4     HEAVY      STABLE     HEAVY     90.6    14   11.86     0     0   4.050   828    2
   15.3     HEAVY      STABLE     HEAVY     72.8    11   10.11     0     0   4.050   828    2
   16.0     HEAVY      STABLE     HEAVY     72.8    13    9.95     0     0   4.050   828    2
   16.6     HEAVY      STABLE     HEAVY     72.5    11   10.06     0     0   4.050   828    2
   17.3     HEAVY      STABLE     HEAVY     78.3    11   10.01     0     0   4.050   828    2
   17.9     HEAVY      STABLE     HEAVY     72.4    12   10.01     0     0   4.050   828    2
   18.6     HEAVY      STABLE     HEAVY     77.0    12   10.00     0     0   4.050   828    2
   19.2     HEAVY      STABLE     HEAVY     78.3    17    9.90     0     0   4.050   828    2
   19.9     HEAVY      STABLE     HEAVY     81.8    14   10.11     0     0   4.050   828    2
   20.5     HEAVY      STABLE     HEAVY     80.8    12    9.94     0     0   4.050   828    2
   21.2     HEAVY      STABLE     HEAVY     75.4    15   10.05     0     0   3.640   745    3
   22.2     HEAVY      STABLE     HEAVY     81.1    11    9.91     0     0   3.640   745    3
   22.9     HEAVY      STABLE     HEAVY     82.7    10    9.93     0     0   3.640   745    3
   23.5     HEAVY      STABLE     HEAVY     92.0    10    9.99     0     0   3.640   745    3
   24.2     HEAVY      STABLE     HEAVY     85.1    15   10.18     0     0   3.640   745    3
   24.9     HEAVY      STABLE     HEAVY     84.9    12   10.01     0     0   3.640   745    3
   25.6     HEAVY      STABLE     HEAVY     87.7    12    9.82     0     0   3.640   745    3
   26.3     HEAVY      STABLE     HEAVY     86.9    11   10.03     0     0   3.640   745    3
   26.9     HEAVY      STABLE     HEAVY     84.8    12    9.93     0     0   3.640   745    3
   27.6     HEAVY      STABLE     HEAVY     80.5    14    9.95     0     0   3.640   745    3
   28.2     HEAVY      STABLE     HEAVY     87.4    15   10.07     0     0   3.270   670    4
   29.2     HEAVY      STABLE     HEAVY     92.7    13   10.05     0     0   3.270   670    4
   29.9     HEAVY      STABLE     HEAVY     98.0    12    9.91     0     0   3.270   670    4
   30.6     HEAVY      STABLE     HEAVY    103.6    14   10.02     0     0   3.270   670    4
   31.3     HEAVY      STABLE     HEAVY     99.1     8    9.96     0     0   3.270   670    4
   32.0     HEAVY      STABLE     HEAVY    102.5    11    9.96     0     0   3.270   670    4
   32.6     HEAVY      STABLE     HEAVY     98.0    12   10.10     0     0   3.270   670    4
   33.3     HEAVY      STABLE     HEAVY    101.2    12    9.92     0     0   3.270   670    4
   34.0     HEAVY      STABLE     HEAVY    111.5    10   10.01     0     0   3.270   670    4
   34.6     HEAVY      STABLE     HEAVY    106.4    14    9.87     0     0   3.270   670    4
   35.3     HEAVY      STABLE     HEAVY    103.2    14    9.96     0     0   2.940   603    5
   36.2     HEAVY      STABLE     HEAVY    113.1     9   10.12     0     0   2.940   603    5
   36.9     HEAVY      STABLE     HEAVY    112.3    11   10.02     0     0   2.940   603    5
   37.6     HEAVY      STABLE     HEAVY    108.2    14   10.01     0     0   2.940   603    5
   38.2     HEAVY      STABLE     HEAVY    109.9    11    9.94     0     0   2.940   603    5
   38.9     HEAVY      STABLE     HEAVY    117.4    12   10.06     0     0   2.940   603    5
   39.5     HEAVY      STABLE     HEAVY    109.8    11    9.99     0     0   2.940   603    5
   40.2     HEAVY      STABLE     HEAVY    112.2    10    9.94     0     0   2.940   603    5
   40.8     HEAVY      STABLE     HEAVY    112.0    14   10.04     0     0   2.940   603    5
   41.5     HEAVY      STABLE     HEAVY    104.1    13    9.99     0     0   2.940   603    5
   42.2     HEAVY      STABLE     HEAVY    108.1    14    9.43     0     0   2.640   542    6
   43.2     HEAVY      STABLE     HEAVY    118.3    15   10.21     0     0   2.640   542    6
   43.8     HEAVY      STABLE     HEAVY    126.3    11   10.05     0     0   2.640   542    6
   44.5     HEAVY      STABLE     HEAVY    131.0     9    9.95     0     0   2.640   542    6
   45.2     HEAVY      STABLE     HEAVY    124.9    10   10.00     0     0   2.640   542    6
   45.8     HEAVY      STABLE     HEAVY    132.4    15   10.05     0     0   2.640   542    6
   46.5     HEAVY      STABLE     HEAVY    127.1    11   10.00     0     0   2.640   542    6
   47.2     HEAVY      STABLE     HEAVY    130.0     9   10.03     0     0   2.640   542    6
   47.8     HEAVY      STABLE     HEAVY    145.5    13   10.01     0     0   2.640   542    6
   48.5     HEAVY      STABLE     HEAVY    118.1    10    9.99     0     0   2.640   542    6
   49.2     HEAVY      STABLE     HEAVY    125.6    10    9.97     0     0   2.380   487    7
   50.2     HEAVY      STABLE     HEAVY    146.5     8    9.90     0     0   2.380   487    7
   50.9     HEAVY      STABLE     HEAVY    133.3    12   10.15     0     0   2.380   487    7
   51.5     HEAVY      STABLE     HEAVY    163.4     9    9.98     0     0   2.380   487    7
   52.2     HEAVY      STABLE     HEAVY    144.9     9    9.99     0     0   2.380   487    7
   52.8     HEAVY      STABLE     HEAVY    129.8    13   10.04     0     0   2.380   487    7
   53.5     HEAVY      STABLE     HEAVY    127.7    12    9.99     0     0   2.380   487    7
   54.2     HEAVY      STABLE     HEAVY    143.5     7    9.92     0     0   2.380   487    7
   54.8     HEAVY      STABLE     HEAVY    141.7    11   10.08     0     0   2.380   487    7
   55.5     HEAVY      STABLE     HEAVY    142.8     9   10.00     0     0   2.380   487    7
   56.1     HEAVY      STABLE     HEAVY    144.4    14   10.01     0     0   2.140   438    8
   57.1     HEAVY      STABLE     HEAVY    130.0     9   10.03     0     0   2.140   438    8
   57.8     HEAVY      STABLE     HEAVY    156.6     8    9.99     0     0   2.140   438    8
   58.5     HEAVY      STABLE     HEAVY    138.5     9    9.91     0     0   2.140   438    8
   59.2     HEAVY      STABLE     HEAVY    102.6     0    8.07     0     0   2.140   438    8
   59.8    NORMAL      STABLE    NORMAL      0.0     0    0.02     0     0   2.140   438    8

Done — 86 ticks, 8 adjustments (0 predictive), mode=tc-only
