[eBPF] attached prog_id=32 jited=True
[eBPF] flow_map id=22 via bpf(2) (key=16B value=56B)
[acape] bounds for target 5.0ms interval 100.0ms: target 0.2-20ms interval 20-300ms (interval/target ratio 20.0)

==============================================================================
  ACAPE v6.0.0   mode=eBPF   qdisc=fq_codel handle=10:
  metrics -> results_gate/t5_r20/fq_codel_acape_gated_ebpf_t5_steady_s1/acape_metrics_ctl.csv
==============================================================================
      t    regime        traj      pred     dr/s    bl    tput flows eleph  tgt_ms   lim  adj
---------------------------------------------------------------------------------------------
    1.0     HEAVY      STABLE     HEAVY     36.5     5   10.14     9     0   5.000  1024    0
    1.7     HEAVY      STABLE     HEAVY     31.6     9    9.94     9     0   5.000  1024    0
    2.4     HEAVY      STABLE     HEAVY     30.0     9    9.79     9     0   5.000  1024    0
    3.1     HEAVY      STABLE     HEAVY     39.4     7   10.28     9     0   5.000  1024    0
    3.9     HEAVY      STABLE     HEAVY     34.9     5    9.98     9     0   5.000  1024    0
    4.6     HEAVY      STABLE     HEAVY     32.8     5   10.06     9     0   5.000  1024    0
    5.3     HEAVY      STABLE     HEAVY     34.7     7   10.01     9     0   5.000  1024    0
[acape] gate SHUT: target 5ms / est RTT 19.17ms = r 0.261 (threshold 0.4)
    6.0     HEAVY      STABLE     HEAVY     36.2     4    9.91     9     8   5.000  1024    0
    6.7     HEAVY      STABLE     HEAVY     34.0     8   10.01     9     8   5.000  1024    0
    7.4     HEAVY      STABLE     HEAVY     32.7    10    9.91     9     8   5.000  1024    0
    8.1     HEAVY      STABLE     HEAVY     32.7    12   10.00     9     8   5.000  1024    0
    8.8     HEAVY      STABLE     HEAVY     34.2     7    9.80     9     8   5.000  1024    0
    9.4     HEAVY      STABLE     HEAVY     38.8     7   10.11     9     8   5.000  1024    0
   10.2     HEAVY      STABLE     HEAVY     33.5     7    9.94     9     8   5.000  1024    0
   10.9     HEAVY      STABLE     HEAVY     33.3     4    9.85     9     8   5.000  1024    0
   11.6     HEAVY      STABLE     HEAVY     34.1     4   10.13     9     8   5.000  1024    0
   12.4     HEAVY      STABLE     HEAVY     32.4     5    9.96     9     8   5.000  1024    0
   13.2     HEAVY      STABLE     HEAVY     33.0     8    9.99     9     8   5.000  1024    0
   13.9     HEAVY      STABLE     HEAVY     33.7     8   10.00     9     8   5.000  1024    0
   14.6     HEAVY      STABLE     HEAVY     33.4     8   10.01     9     8   5.000  1024    0
   15.4     HEAVY      STABLE     HEAVY     38.2     6    9.82     9     8   5.000  1024    0
   16.0     HEAVY      STABLE     HEAVY     33.4     7   10.11     9     8   5.000  1024    0
   16.7     HEAVY      STABLE     HEAVY     31.6    10   10.04     9     8   5.000  1024    0
   17.4     HEAVY      STABLE     HEAVY     38.4     5   10.04     9     8   5.000  1024    0
   18.1     HEAVY      STABLE     HEAVY     32.6     6    9.91     9     8   5.000  1024    0
   18.8     HEAVY      STABLE     HEAVY     37.8     6    9.97     9     8   5.000  1024    0
   19.5  MODERATE      STABLE  MODERATE     29.8     9   10.13     9     8   5.000  1024    0
   20.2     HEAVY      STABLE     HEAVY     34.5     7    9.89     9     8   5.000  1024    0
   20.8     HEAVY      STABLE     HEAVY     35.2     7    9.97     9     8   5.000  1024    0
   21.5     HEAVY      STABLE     HEAVY     34.5     5   10.01     9     8   5.000  1024    0
   22.2     HEAVY      STABLE     HEAVY     35.4     6   10.02     9     8   5.000  1024    0
   22.9     HEAVY      STABLE     HEAVY     32.4     8    9.99     9     8   5.000  1024    0
   23.6     HEAVY      STABLE     HEAVY     31.2     8    9.96     9     8   5.000  1024    0
   24.3     HEAVY      STABLE     HEAVY     34.2     8    9.96     9     8   5.000  1024    0
   24.9     HEAVY      STABLE     HEAVY     35.5     9   10.09     9     8   5.000  1024    0
   25.6     HEAVY      STABLE     HEAVY     35.7     6   10.01     9     8   5.000  1024    0
   26.3     HEAVY      STABLE     HEAVY     34.9     6    9.97     9     8   5.000  1024    0
   27.0     HEAVY      STABLE     HEAVY     34.0     6   10.00     9     8   5.000  1024    0
   27.7     HEAVY      STABLE     HEAVY     30.5     9   10.00     9     8   5.000  1024    0
   28.4     HEAVY      STABLE     HEAVY     34.9     8    9.94     9     8   5.000  1024    0
   29.1     HEAVY      STABLE     HEAVY     35.7     6    9.85     9     8   5.000  1024    0
   29.7     HEAVY      STABLE     HEAVY     32.7     6   10.14     9     8   5.000  1024    0
   30.4     HEAVY      STABLE     HEAVY     36.7     7    9.95     9     8   5.000  1024    0
   31.1     HEAVY      STABLE     HEAVY     34.6     6   10.00     9     8   5.000  1024    0
   31.8  MODERATE      STABLE  MODERATE     27.6     7   10.07     9     8   5.000  1024    0
   32.4     HEAVY      STABLE     HEAVY     38.2     5    9.87     9     8   5.000  1024    0
   33.1     HEAVY      STABLE     HEAVY     34.4     6    9.90     9     8   5.000  1024    0
   33.8     HEAVY      STABLE     HEAVY     32.1     5   10.09     9     8   5.000  1024    0
   34.6     HEAVY      STABLE     HEAVY     33.1     6   10.02     9     8   5.000  1024    0
   35.3     HEAVY      STABLE     HEAVY     36.5     2   10.07     9     8   5.000  1024    0
   36.0     HEAVY      STABLE     HEAVY     34.7     4    9.79     9     8   5.000  1024    0
   36.6     HEAVY      STABLE     HEAVY     31.8     5   10.21     9     8   5.000  1024    0
   37.3     HEAVY      STABLE     HEAVY     31.0     9    9.99     9     8   5.000  1024    0
   38.0     HEAVY      STABLE     HEAVY     38.3     6    9.83     9     8   5.000  1024    0
   38.7     HEAVY      STABLE     HEAVY     34.9     7    9.90     9     8   5.000  1024    0
   39.4     HEAVY      STABLE     HEAVY     34.6     7   10.07     9     8   5.000  1024    0
   40.1     HEAVY      STABLE     HEAVY     34.7     4    9.95     9     8   5.000  1024    0
   40.8     HEAVY      STABLE     HEAVY     33.7     5    9.94     9     8   5.000  1024    0
   41.5     HEAVY      STABLE     HEAVY     36.1     3   10.10     9     8   5.000  1024    0
   42.4     HEAVY      STABLE     HEAVY     31.4     5    9.74     9     8   5.000  1024    0
   43.1     HEAVY      STABLE     HEAVY     34.1     7    9.83     9     8   5.000  1024    0
   43.8     HEAVY      STABLE     HEAVY     36.1     6    9.75     9     8   5.000  1024    0
   44.5  MODERATE      STABLE  MODERATE     28.6    11    8.48     9     8   5.000  1024    0
   45.2     HEAVY      STABLE     HEAVY     30.8    10   10.09     9     8   5.000  1024    0
   45.9     HEAVY      STABLE     HEAVY     35.3     8    9.86     9     8   5.000  1024    0
   46.6     HEAVY      STABLE     HEAVY     36.0     8   10.23     9     8   5.000  1024    0
   47.3     HEAVY      STABLE     HEAVY     31.3     9    9.91     9     8   5.000  1024    0
   48.0     HEAVY      STABLE     HEAVY     40.7     4   10.07     9     8   5.000  1024    0
   48.7     HEAVY      STABLE     HEAVY     32.5     8    9.97     9     8   5.000  1024    0
   49.4     HEAVY      STABLE     HEAVY     36.7     6   10.01     9     8   5.000  1024    0
   50.1  MODERATE      STABLE  MODERATE     29.3    10    9.94     9     8   5.000  1024    0
   50.8     HEAVY      STABLE     HEAVY     37.3     6    9.80     9     8   5.000  1024    0
   51.5     HEAVY      STABLE     HEAVY     33.3     5   10.30     9     8   5.000  1024    0
   52.2     HEAVY      STABLE     HEAVY     35.8     6    9.89     9     8   5.000  1024    0
   52.9     HEAVY      STABLE     HEAVY     34.3     5   10.09     9     8   5.000  1024    0
   53.6     HEAVY      STABLE     HEAVY     33.1     7    9.96     9     8   5.000  1024    0
   54.2     HEAVY      STABLE     HEAVY     34.6     7   10.04     9     8   5.000  1024    0
   54.9     HEAVY      STABLE     HEAVY     36.2     4    9.92     9     8   5.000  1024    0
   55.7     HEAVY      STABLE     HEAVY     34.5     7    9.91     8     8   5.000  1024    0
   56.4     HEAVY      STABLE     HEAVY     34.9     4    9.99     8     8   5.000  1024    0
   57.1     HEAVY      STABLE     HEAVY     31.8     6    9.89     8     8   5.000  1024    0
   57.8     HEAVY      STABLE     HEAVY     34.2     7   10.24     8     8   5.000  1024    0
   58.5  MODERATE      STABLE  MODERATE     21.2     0    5.35     9     8   5.000  1024    0
   59.1    NORMAL      STABLE    NORMAL      0.0     0    0.00     9     8   5.000  1024    0
   59.8    NORMAL      STABLE    NORMAL      0.0     0    0.00     9     8   5.000  1024    0

Done — 86 ticks, 0 adjustments (0 predictive), mode=eBPF
