[eBPF] attached prog_id=12 jited=True
[eBPF] flow_map id=7 via bpf(2) (key=16B value=56B)

==============================================================================
  ACAPE v6.0.0   mode=eBPF   qdisc=fq_codel handle=10:
  metrics -> results/fq_codel_acape_staged_s3/acape_metrics_ctl.csv
==============================================================================
      t    regime        traj      pred     dr/s    bl    tput flows eleph  tgt_ms   lim  adj
---------------------------------------------------------------------------------------------
    0.9     LIGHT      STABLE     LIGHT      6.0     2   10.56     3     0   5.000  1024    0
    1.6     LIGHT      STABLE     LIGHT      6.0     1   10.04     3     2   5.000  1024    0
    2.2     LIGHT      STABLE     LIGHT      6.0     1   10.06     3     2   5.000  1024    0
    3.0     LIGHT      STABLE     LIGHT      5.4     5    9.95     3     2   5.000  1024    0
    3.7     LIGHT      STABLE     LIGHT      6.0     3    9.72     3     2   5.000  1024    0
    4.3     LIGHT      STABLE     LIGHT      6.1     3   10.06     3     2   5.000  1024    0
    5.0     LIGHT      STABLE     LIGHT      6.1     3   10.11     3     2   5.000  1024    0
    5.6     LIGHT      STABLE     LIGHT      5.8     2    9.87     3     2   5.000  1024    0
    6.3     LIGHT      STABLE     LIGHT      4.6     4   10.03     3     2   5.000  1024    0
    7.0     LIGHT      STABLE     LIGHT      7.4     4   10.01     3     2   5.500  1088    1
    8.0     LIGHT      STABLE     LIGHT      5.7     3   10.03     3     2   5.500  1088    1
    8.7     LIGHT      STABLE     LIGHT      3.0     6    9.85     3     2   5.500  1088    1
    9.4     LIGHT      STABLE     LIGHT      6.0     6   10.06     3     2   5.500  1088    1
   10.0     LIGHT      STABLE     LIGHT      6.2     4   10.03     3     2   5.500  1088    1
   10.7     LIGHT      STABLE     LIGHT      6.0     4    9.91     3     2   5.500  1088    1
   11.4     LIGHT      STABLE     LIGHT      6.2     4   10.11     3     2   5.500  1088    1
   12.0     LIGHT      STABLE     LIGHT      4.7     5    9.95     3     2   5.500  1088    1
   12.7     LIGHT      STABLE     LIGHT      7.2     3    9.91     3     2   5.500  1088    1
   13.4     LIGHT      STABLE     LIGHT      5.8     4   10.00     3     2   5.500  1088    1
   14.0     LIGHT      STABLE     LIGHT      5.9     3   10.03     3     2   6.000  1152    2
   15.0     LIGHT      STABLE     LIGHT      5.2     6   10.00     3     2   6.000  1152    2
   15.7     LIGHT      STABLE     LIGHT      4.4     5    9.99     3     2   6.000  1152    2
   16.4     LIGHT      STABLE     LIGHT      6.0     3   10.01     3     2   6.000  1152    2
   17.0     LIGHT      STABLE     LIGHT      4.6     4   10.03     3     2   6.000  1152    2
   17.7     LIGHT      STABLE     LIGHT      5.8     3    9.97     3     2   6.000  1152    2
   18.4     LIGHT      STABLE     LIGHT      4.5     0    8.35     4     2   6.000  1152    2
   19.0    NORMAL      STABLE    NORMAL      0.0     0    0.08    27     2   6.000  1152    2
   19.7     HEAVY      STABLE     HEAVY    224.6    97    8.39    29     2   6.000  1152    2
   20.8     HEAVY   WORSENING     HEAVY    180.8    45    7.24    26     0   6.000  1152    2
   21.5     HEAVY   WORSENING     HEAVY    177.6    30   10.76    25     0   6.000  1152    2
   22.2     HEAVY   WORSENING     HEAVY    106.0    29   10.00    25     0   6.000  1152    2
   22.9     HEAVY   WORSENING     HEAVY    117.8    32   10.07    25     0   6.000  1152    2
   23.6     HEAVY      STABLE     HEAVY    106.3    29    9.78    25     0   6.000  1152    2
   24.3     HEAVY      STABLE     HEAVY    103.6    29   10.21    25     0   6.000  1152    2
   25.0     HEAVY      STABLE     HEAVY    104.9    26    9.97    25     0   6.000  1152    2
   25.7     HEAVY      STABLE     HEAVY    109.3    32   10.01    25     0   6.000  1152    2
   26.4     HEAVY      STABLE     HEAVY    106.4    36    9.65    25     0   6.000  1152    2
   27.1     HEAVY      STABLE     HEAVY    123.2    28   10.30    25     0   6.000  1152    2
   27.9     HEAVY      STABLE     HEAVY    100.4    27    9.82    25     0   6.000  1152    2
   28.5     HEAVY      STABLE     HEAVY    111.7    33   10.20    25     0   5.400  1036    3
   29.7     HEAVY      STABLE     HEAVY    140.1    25    9.94    25     0   5.400  1036    3
   30.3     HEAVY      STABLE     HEAVY    166.0    29   10.19    25     0   5.400  1036    3
   31.0     HEAVY      STABLE     HEAVY    157.6    26    9.90    25     0   5.400  1036    3
   31.7     HEAVY      STABLE     HEAVY    159.7    31    9.96    25     0   5.400  1036    3
   32.4     HEAVY      STABLE     HEAVY    158.2    30   10.09    25     0   5.400  1036    3
   33.1     HEAVY      STABLE     HEAVY    161.7    27    9.84    25     0   5.400  1036    3
   33.8     HEAVY      STABLE     HEAVY    158.3    20   10.18    25     0   5.400  1036    3
   34.5     HEAVY      STABLE     HEAVY    145.1    34    9.93    25     1   5.400  1036    3
   35.2     HEAVY      STABLE     HEAVY    163.9    27   10.06    25    11   5.400  1036    3
   35.9     HEAVY      STABLE     HEAVY    159.8    23    9.96    25    21   4.860   932    4
   36.8     HEAVY      STABLE     HEAVY    159.4    26    9.97    25    24   4.860   932    4
   37.5     HEAVY      STABLE     HEAVY    131.0    28   10.05    25    24   4.860   932    4
   38.3     HEAVY      STABLE     HEAVY    131.0     0    9.75    25    24   4.860   932    4
   39.0     HEAVY      STABLE     HEAVY    139.2    25   10.24    25    24   4.860   932    4
   39.6     HEAVY      STABLE     HEAVY     63.1     0    5.41    28    24   4.860   932    4
   40.3     HEAVY      STABLE     HEAVY     31.8     1    8.86    29    24   4.860   932    4
   41.0     LIGHT      STABLE     LIGHT      5.9     4   10.00    29    24   4.860   932    4
   41.6     LIGHT  RECOVERING    NORMAL      6.1     3   10.05     4     2   4.860   932    4
   42.3     LIGHT  RECOVERING    NORMAL      6.0     3    9.99     3     2   4.860   932    4
   43.0     LIGHT  RECOVERING    NORMAL      6.0     3   10.02     3     2   4.860   932    4
   43.7     LIGHT  RECOVERING    NORMAL      5.8     2    9.89     3     2   4.860   932    4
   44.3     LIGHT      STABLE     LIGHT      6.1     3   10.09     3     2   4.860   932    4
   45.0     LIGHT      STABLE     LIGHT      5.9     2   10.00     3     2   4.860   932    4
   45.6     LIGHT      STABLE     LIGHT      6.1     3   10.08     3     2   4.860   932    4
   46.3     LIGHT      STABLE     LIGHT      4.4     4    9.85     3     2   4.860   932    4
   47.0     LIGHT      STABLE     LIGHT      5.6     3    9.98     3     2   4.860   932    4
   47.7     LIGHT      STABLE     LIGHT      6.1     3   10.11     3     2   4.860   932    4
   48.4     LIGHT      STABLE     LIGHT      7.3     1    9.90     3     2   4.860   932    4
   49.0     LIGHT      STABLE     LIGHT      4.4     3   10.06     3     2   4.860   932    4
   49.7     LIGHT      STABLE     LIGHT      7.5     2    9.92     3     2   5.360   996    5
   50.8     LIGHT      STABLE     LIGHT      5.5     3    9.69     3     2   5.360   996    5
   51.5     LIGHT      STABLE     LIGHT      6.0     3    9.96     3     2   5.360   996    5
   52.1     LIGHT      STABLE     LIGHT      6.1     3   10.03     3     2   5.360   996    5
   52.8     LIGHT      STABLE     LIGHT      4.6     4    9.94     3     2   5.360   996    5
   53.5     LIGHT      STABLE     LIGHT      5.8     4    9.95     3     2   5.360   996    5
   54.2     LIGHT      STABLE     LIGHT      4.5     6   10.06     3     2   5.360   996    5
   54.8     LIGHT      STABLE     LIGHT      7.4     1    9.96     3     2   5.360   996    5
   55.5     LIGHT      STABLE     LIGHT      6.0     1   10.06     3     2   5.360   996    5
   56.1     LIGHT      STABLE     LIGHT      6.2     1   10.00     2     2   5.360   996    5
   56.8     LIGHT      STABLE     LIGHT      6.1     2   10.00     2     2   5.860  1060    6
   57.8     LIGHT      STABLE     LIGHT      4.0     4    9.91     2     2   5.860  1060    6
   58.5     LIGHT      STABLE     LIGHT      5.8     5    9.97     2     2   5.860  1060    6
   59.2     LIGHT      STABLE     LIGHT      6.0     4   10.12     2     2   5.860  1060    6
   59.8     LIGHT      STABLE     LIGHT      4.4     0    8.34     3     2   5.860  1060    6

Done — 85 ticks, 6 adjustments (0 predictive), mode=eBPF
