[acape] bounds for target 5.0ms: target 0.2-20ms interval 20-300ms

==============================================================================
  ACAPE v6.0.0   mode=tc-only   qdisc=codel handle=10:
  metrics -> results_cross/codel_rtt5/codel_acape_steady_s2/acape_metrics_ctl.csv
==============================================================================
      t    regime        traj      pred     dr/s    bl    tput flows eleph  tgt_ms   lim  adj
---------------------------------------------------------------------------------------------
    0.9     HEAVY      STABLE     HEAVY     97.3    10   10.35     0     0   5.000  1024    0
    1.6     HEAVY      STABLE     HEAVY    103.6    12    9.99     0     0   5.000  1024    0
    2.2     HEAVY      STABLE     HEAVY     94.9     8   10.03     0     0   5.000  1024    0
    2.9     HEAVY      STABLE     HEAVY     85.7    13    9.97     0     0   5.000  1024    0
    3.6     HEAVY      STABLE     HEAVY     75.6    10   10.00     0     0   5.000  1024    0
    4.2     HEAVY      STABLE     HEAVY     70.7     7   10.02     0     0   5.000  1024    0
    4.9     HEAVY      STABLE     HEAVY     59.5    11    9.99     0     0   5.000  1024    0
    5.6     HEAVY      STABLE     HEAVY     76.9    10    9.86     0     0   5.000  1024    0
    6.2     HEAVY      STABLE     HEAVY     61.8    13   10.14     0     0   5.000  1024    0
    6.9     HEAVY      STABLE     HEAVY     78.4    15    9.95     0     0   4.500   921    1
    8.0     HEAVY      STABLE     HEAVY     77.4    12   10.04     0     0   4.500   921    1
    8.7     HEAVY      STABLE     HEAVY     71.1    13    9.92     0     0   4.500   921    1
    9.4     HEAVY      STABLE     HEAVY     81.3    16   10.06     0     0   4.500   921    1
   10.1     HEAVY      STABLE     HEAVY     82.1    13    9.99     0     0   4.500   921    1
   10.8     HEAVY      STABLE     HEAVY     97.6    15   10.01     0     0   4.500   921    1
   11.5     HEAVY      STABLE     HEAVY     70.2    15    9.98     0     0   4.500   921    1
   12.2     HEAVY      STABLE     HEAVY     96.8     7   10.04     0     0   4.500   921    1
   12.9     HEAVY      STABLE     HEAVY     61.1    10    9.95     0     0   4.500   921    1
   13.6     HEAVY      STABLE     HEAVY     75.4    10    9.97     0     0   4.500   921    1
   14.4     HEAVY      STABLE     HEAVY     87.5    13    9.88     0     0   4.050   828    2
   15.4     HEAVY      STABLE     HEAVY     82.1    11   10.14     0     0   4.050   828    2
   16.1     HEAVY      STABLE     HEAVY     87.2     9    9.92     0     0   4.050   828    2
   16.7     HEAVY      STABLE     HEAVY     94.7     9    9.93     0     0   4.050   828    2
   17.4     HEAVY      STABLE     HEAVY     99.5    12   10.08     0     0   4.050   828    2
   18.1     HEAVY      STABLE     HEAVY     89.0    10    9.99     0     0   4.050   828    2
   18.7     HEAVY      STABLE     HEAVY     72.9     6   10.07     0     0   4.050   828    2
   19.4     HEAVY      STABLE     HEAVY     76.1     8    9.94     0     0   4.050   828    2
   20.2     HEAVY      STABLE     HEAVY     74.0    13    9.70     0     0   4.050   828    2
   20.9     HEAVY      STABLE     HEAVY     82.8    15   10.05     0     0   4.050   828    2
   21.6     HEAVY      STABLE     HEAVY     97.2     5   10.12     0     0   3.640   745    3
   22.6     HEAVY      STABLE     HEAVY     77.9     7    9.99     0     0   3.640   745    3
   23.3     HEAVY      STABLE     HEAVY    103.5     3    9.99     0     0   3.640   745    3
   24.1     HEAVY      STABLE     HEAVY     70.7    10    9.57     0     0   3.640   745    3
   24.8     HEAVY      STABLE     HEAVY     84.6     7   10.41     0     0   3.640   745    3
   25.5     HEAVY      STABLE     HEAVY     89.3     8   10.08     0     0   3.640   745    3
   26.2     HEAVY      STABLE     HEAVY     86.3     9    9.92     0     0   3.640   745    3
   26.9     HEAVY      STABLE     HEAVY     99.5     8    9.99     0     0   3.640   745    3
   27.6     HEAVY      STABLE     HEAVY    102.4     8    9.95     0     0   3.640   745    3
   28.4     HEAVY      STABLE     HEAVY     79.9     8    9.95     0     0   3.640   745    3
   29.1     HEAVY      STABLE     HEAVY     97.0    11   10.20     0     0   3.270   670    4
   30.1     HEAVY      STABLE     HEAVY     97.8     8    9.99     0     0   3.270   670    4
   30.7     HEAVY      STABLE     HEAVY    101.7     8    9.97     0     0   3.270   670    4
   31.4     HEAVY      STABLE     HEAVY     98.2    11   10.01     0     0   3.270   670    4
   32.1     HEAVY      STABLE     HEAVY    101.6    10    9.91     0     0   3.270   670    4
   32.8     HEAVY      STABLE     HEAVY     75.5    12    9.98     0     0   3.270   670    4
   33.5     HEAVY      STABLE     HEAVY     94.0    11   10.08     0     0   3.270   670    4
   34.1     HEAVY      STABLE     HEAVY     95.0    12   10.04     0     0   3.270   670    4
   34.8     HEAVY      STABLE     HEAVY     97.6     6    9.99     0     0   3.270   670    4
   35.5     HEAVY      STABLE     HEAVY     87.5    10    9.96     0     0   3.270   670    4
   36.1     HEAVY      STABLE     HEAVY     98.0     5   10.04     0     0   2.940   603    5
   37.1     HEAVY      STABLE     HEAVY     80.5     3    9.86     0     0   2.940   603    5
   37.8     HEAVY      STABLE     HEAVY     81.1    13   10.25     0     0   2.940   603    5
   38.5     HEAVY      STABLE     HEAVY     94.2    14    9.85     0     0   2.940   603    5
   39.2     HEAVY      STABLE     HEAVY    111.8     5   10.07     0     0   2.940   603    5
   39.9     HEAVY      STABLE     HEAVY     93.7    14   10.05     0     0   2.940   603    5
   40.6     HEAVY      STABLE     HEAVY    100.3     7    9.88     0     0   2.940   603    5
   41.4     HEAVY      STABLE     HEAVY     48.7    16    7.11     0     0   2.940   603    5
   42.1     HEAVY      STABLE     HEAVY     85.4    10    9.94     0     0   2.940   603    5
   42.8     HEAVY      STABLE     HEAVY     87.9     9   10.10     0     0   2.940   603    5
   43.4     HEAVY      STABLE     HEAVY    111.6     5    9.99     0     0   2.640   542    6
   44.4     HEAVY      STABLE     HEAVY     98.3    10    9.97     0     0   2.640   542    6
   45.1     HEAVY      STABLE     HEAVY     83.3     8    9.70     0     0   2.640   542    6
   45.8     HEAVY      STABLE     HEAVY    103.8    10   10.06     0     0   2.640   542    6
   46.5     HEAVY      STABLE     HEAVY    102.0     6   10.17     0     0   2.640   542    6
   47.2     HEAVY      STABLE     HEAVY    101.5    10    9.68     0     0   2.640   542    6
   47.8     HEAVY      STABLE     HEAVY    114.8    12   10.41     0     0   2.640   542    6
   48.6     HEAVY      STABLE     HEAVY    104.5    12    9.78     0     0   2.640   542    6
   49.2     HEAVY      STABLE     HEAVY    101.6    11   10.23     0     0   2.640   542    6
   49.9     HEAVY      STABLE     HEAVY    104.3     8    9.97     0     0   2.640   542    6
   50.6     HEAVY      STABLE     HEAVY     95.6    11    9.97     0     0   2.380   487    7
   51.6     HEAVY      STABLE     HEAVY     83.3    11   10.06     0     0   2.380   487    7
   52.2     HEAVY      STABLE     HEAVY     82.5     9    9.97     0     0   2.380   487    7
   52.9     HEAVY      STABLE     HEAVY     92.0     5    9.93     0     0   2.380   487    7
   53.5     HEAVY      STABLE     HEAVY    106.9    13   10.12     0     0   2.380   487    7
   54.2     HEAVY      STABLE     HEAVY    103.7     9    9.97     0     0   2.380   487    7
   54.9     HEAVY      STABLE     HEAVY     93.1    14    9.96     0     0   2.380   487    7
   55.6     HEAVY      STABLE     HEAVY     71.9    20   10.00     0     0   2.380   487    7
   56.3     HEAVY      STABLE     HEAVY    103.3     4   10.01     0     0   2.380   487    7
   56.9     HEAVY      STABLE     HEAVY     92.5    10    9.97     0     0   2.380   487    7
   57.6     HEAVY      STABLE     HEAVY     92.6    13    9.99     0     0   2.140   438    8
   58.6     HEAVY      STABLE     HEAVY    101.4    10    9.76     0     0   2.140   438    8
   59.3     HEAVY      STABLE     HEAVY     38.6     0    4.01     0     0   2.140   438    8
   60.0    NORMAL      STABLE    NORMAL      0.0     0    0.02     0     0   2.140   438    8

Done — 84 ticks, 8 adjustments (0 predictive), mode=tc-only
