-----------------------------------------------------------
Server listening on 5202 (test #1)
-----------------------------------------------------------
Accepted connection from 192.168.1.2, port 59708
[  5] local 192.168.2.2 port 5202 connected to 192.168.1.2 port 50362
[  6] local 192.168.2.2 port 5202 connected to 192.168.1.2 port 60649
[  9] local 192.168.2.2 port 5202 connected to 192.168.1.2 port 53452
[ ID] Interval           Transfer     Bitrate         Jitter    Lost/Total Datagrams
[  5]   0.00-1.00   sec  8.20 KBytes  67.0 Kbits/sec  2.167 ms  0/28 (0%)  
[  6]   0.00-1.00   sec  8.20 KBytes  67.0 Kbits/sec  2.525 ms  0/28 (0%)  
[  9]   0.00-1.00   sec  8.20 KBytes  67.0 Kbits/sec  2.684 ms  0/28 (0%)  
[SUM]   0.00-1.00   sec  24.6 KBytes   201 Kbits/sec  2.459 ms  0/84 (0%)  
- - - - - - - - - - - - - - - - - - - - - - - - -
[  5]   1.00-2.00   sec  19.6 KBytes   161 Kbits/sec  3.130 ms  0/67 (0%)  
[  6]   1.00-2.00   sec  19.9 KBytes   163 Kbits/sec  2.920 ms  0/68 (0%)  
[  9]   1.00-2.00   sec  19.6 KBytes   161 Kbits/sec  3.295 ms  0/67 (0%)  
[SUM]   1.00-2.00   sec  59.2 KBytes   485 Kbits/sec  3.115 ms  0/202 (0%)  
- - - - - - - - - - - - - - - - - - - - - - - - -
[  5]   2.00-3.00   sec  19.0 KBytes   156 Kbits/sec  3.658 ms  0/65 (0%)  
[  6]   2.00-3.00   sec  18.8 KBytes   154 Kbits/sec  3.690 ms  0/64 (0%)  
[  9]   2.00-3.00   sec  19.0 KBytes   156 Kbits/sec  3.868 ms  0/65 (0%)  
[SUM]   2.00-3.00   sec  56.8 KBytes   466 Kbits/sec  3.739 ms  0/194 (0%)  
- - - - - - - - - - - - - - - - - - - - - - - - -
[  5]   3.00-4.00   sec  18.2 KBytes   149 Kbits/sec  4.736 ms  0/62 (0%)  
[  6]   3.00-4.00   sec  18.2 KBytes   149 Kbits/sec  4.270 ms  0/62 (0%)  
[  9]   3.00-4.00   sec  18.2 KBytes   149 Kbits/sec  4.602 ms  0/62 (0%)  
[SUM]   3.00-4.00   sec  54.5 KBytes   447 Kbits/sec  4.536 ms  0/186 (0%)  
- - - - - - - - - - - - - - - - - - - - - - - - -
[  5]   4.00-5.00   sec  17.6 KBytes   144 Kbits/sec  4.857 ms  0/60 (0%)  
[  6]   4.00-5.00   sec  17.6 KBytes   144 Kbits/sec  4.779 ms  0/60 (0%)  
[  9]   4.00-5.00   sec  17.6 KBytes   144 Kbits/sec  4.967 ms  0/60 (0%)  
[SUM]   4.00-5.00   sec  52.7 KBytes   431 Kbits/sec  4.867 ms  0/180 (0%)  
- - - - - - - - - - - - - - - - - - - - - - - - -
[  5]   5.00-6.00   sec  12.6 KBytes   104 Kbits/sec  5.623 ms  25/68 (37%)  
[  6]   5.00-6.00   sec  13.5 KBytes   111 Kbits/sec  4.617 ms  22/68 (32%)  
[  9]   5.00-6.00   sec  11.7 KBytes  96.3 Kbits/sec  6.595 ms  28/68 (41%)  
[SUM]   5.00-6.00   sec  37.8 KBytes   311 Kbits/sec  5.611 ms  75/204 (37%)  
- - - - - - - - - - - - - - - - - - - - - - - - -
[  5]   6.00-7.00   sec  8.20 KBytes  67.2 Kbits/sec  5.451 ms  42/70 (60%)  
[  6]   6.00-7.00   sec  10.3 KBytes  84.0 Kbits/sec  4.656 ms  36/71 (51%)  
[  9]   6.00-7.00   sec  8.50 KBytes  69.6 Kbits/sec  5.787 ms  44/73 (60%)  
[SUM]   6.00-7.00   sec  27.0 KBytes   221 Kbits/sec  5.298 ms  122/214 (57%)  
- - - - - - - - - - - - - - - - - - - - - - - - -
[  5]   7.00-8.00   sec  16.4 KBytes   134 Kbits/sec  7.778 ms  53/109 (49%)  
[  6]   7.00-8.00   sec  19.6 KBytes   161 Kbits/sec  6.575 ms  41/108 (38%)  
[  9]   7.00-8.00   sec  17.0 KBytes   139 Kbits/sec  6.244 ms  48/106 (45%)  
[SUM]   7.00-8.00   sec  53.0 KBytes   434 Kbits/sec  6.866 ms  142/323 (44%)  
- - - - - - - - - - - - - - - - - - - - - - - - -
[  5]   8.00-9.00   sec  17.0 KBytes   139 Kbits/sec  2.944 ms  44/102 (43%)  
[  6]   8.00-9.00   sec  19.3 KBytes   158 Kbits/sec  3.038 ms  37/103 (36%)  
[  9]   8.00-9.00   sec  19.9 KBytes   163 Kbits/sec  2.727 ms  35/103 (34%)  
[SUM]   8.00-9.00   sec  56.2 KBytes   461 Kbits/sec  2.903 ms  116/308 (38%)  
- - - - - - - - - - - - - - - - - - - - - - - - -
[  5]   9.00-10.00  sec  18.5 KBytes   151 Kbits/sec  4.157 ms  23/86 (27%)  
[  6]   9.00-10.00  sec  22.0 KBytes   180 Kbits/sec  4.639 ms  11/86 (13%)  
[  9]   9.00-10.00  sec  20.2 KBytes   166 Kbits/sec  4.557 ms  17/86 (20%)  
[SUM]   9.00-10.00  sec  60.6 KBytes   497 Kbits/sec  4.451 ms  51/258 (20%)  
- - - - - - - - - - - - - - - - - - - - - - - - -
[  5]  10.00-11.00  sec  25.5 KBytes   209 Kbits/sec  2.980 ms  2/89 (2.2%)  
[  6]  10.00-11.00  sec  25.8 KBytes   211 Kbits/sec  4.125 ms  0/88 (0%)  
[  9]  10.00-11.00  sec  25.5 KBytes   209 Kbits/sec  3.351 ms  1/88 (1.1%)  
[SUM]  10.00-11.00  sec  76.8 KBytes   629 Kbits/sec  3.485 ms  3/265 (1.1%)  
- - - - - - - - - - - - - - - - - - - - - - - - -
[  5]  11.00-12.00  sec  26.4 KBytes   216 Kbits/sec  13.425 ms  3/93 (3.2%)  
[  6]  11.00-12.00  sec  26.4 KBytes   216 Kbits/sec  14.363 ms  3/93 (3.2%)  
[  9]  11.00-12.00  sec  27.0 KBytes   221 Kbits/sec  13.280 ms  1/93 (1.1%)  
[SUM]  11.00-12.00  sec  79.7 KBytes   653 Kbits/sec  13.689 ms  7/279 (2.5%)  
- - - - - - - - - - - - - - - - - - - - - - - - -
[  5]  12.00-13.00  sec  22.9 KBytes   187 Kbits/sec  2.685 ms  0/78 (0%)  
[  6]  12.00-13.00  sec  22.9 KBytes   187 Kbits/sec  2.679 ms  0/78 (0%)  
[  9]  12.00-13.00  sec  22.6 KBytes   185 Kbits/sec  3.004 ms  0/77 (0%)  
[SUM]  12.00-13.00  sec  68.3 KBytes   559 Kbits/sec  2.789 ms  0/233 (0%)  
- - - - - - - - - - - - - - - - - - - - - - - - -
[  5]  13.00-14.00  sec  24.0 KBytes   197 Kbits/sec  1.882 ms  0/82 (0%)  
[  6]  13.00-14.00  sec  24.0 KBytes   197 Kbits/sec  1.577 ms  0/82 (0%)  
[  9]  13.00-14.00  sec  24.3 KBytes   199 Kbits/sec  2.184 ms  0/83 (0%)  
[SUM]  13.00-14.00  sec  72.4 KBytes   592 Kbits/sec  1.881 ms  0/247 (0%)  
- - - - - - - - - - - - - - - - - - - - - - - - -
[  5]  14.00-15.01  sec  22.9 KBytes   186 Kbits/sec  1.827 ms  0/78 (0%)  
[  6]  14.00-15.01  sec  22.9 KBytes   186 Kbits/sec  2.156 ms  0/78 (0%)  
[  9]  14.00-15.01  sec  22.9 KBytes   186 Kbits/sec  1.701 ms  0/78 (0%)  
[SUM]  14.00-15.01  sec  68.6 KBytes   559 Kbits/sec  1.895 ms  0/234 (0%)  
- - - - - - - - - - - - - - - - - - - - - - - - -
[  5]  15.01-16.00  sec  23.1 KBytes   191 Kbits/sec  2.073 ms  0/79 (0%)  
[  6]  15.01-16.00  sec  23.1 KBytes   191 Kbits/sec  1.793 ms  0/79 (0%)  
[  9]  15.01-16.00  sec  23.1 KBytes   191 Kbits/sec  1.614 ms  0/79 (0%)  
[SUM]  15.01-16.00  sec  69.4 KBytes   572 Kbits/sec  1.827 ms  0/237 (0%)  
- - - - - - - - - - - - - - - - - - - - - - - - -
[  5]  16.00-17.00  sec  23.1 KBytes   190 Kbits/sec  1.491 ms  0/79 (0%)  
[  6]  16.00-17.00  sec  23.1 KBytes   190 Kbits/sec  2.437 ms  0/79 (0%)  
[  9]  16.00-17.00  sec  23.1 KBytes   190 Kbits/sec  1.919 ms  0/79 (0%)  
[SUM]  16.00-17.00  sec  69.4 KBytes   569 Kbits/sec  1.949 ms  0/237 (0%)  
- - - - - - - - - - - - - - - - - - - - - - - - -
[  5]  17.00-18.00  sec  24.0 KBytes   197 Kbits/sec  1.627 ms  0/82 (0%)  
[  6]  17.00-18.00  sec  24.0 KBytes   197 Kbits/sec  2.083 ms  0/82 (0%)  
[  9]  17.00-18.00  sec  24.0 KBytes   197 Kbits/sec  1.530 ms  0/82 (0%)  
[SUM]  17.00-18.00  sec  72.1 KBytes   590 Kbits/sec  1.747 ms  0/246 (0%)  
- - - - - - - - - - - - - - - - - - - - - - - - -
[  5]  18.00-19.00  sec  23.7 KBytes   195 Kbits/sec  1.616 ms  0/81 (0%)  
[  6]  18.00-19.00  sec  23.7 KBytes   195 Kbits/sec  1.725 ms  0/81 (0%)  
[  9]  18.00-19.00  sec  23.7 KBytes   195 Kbits/sec  1.812 ms  0/81 (0%)  
[SUM]  18.00-19.00  sec  71.2 KBytes   584 Kbits/sec  1.718 ms  0/243 (0%)  
- - - - - - - - - - - - - - - - - - - - - - - - -
[  5]  19.00-20.00  sec  23.7 KBytes   194 Kbits/sec  1.651 ms  0/81 (0%)  
[  6]  19.00-20.00  sec  23.7 KBytes   194 Kbits/sec  1.078 ms  0/81 (0%)  
[  9]  19.00-20.00  sec  23.7 KBytes   194 Kbits/sec  1.537 ms  0/81 (0%)  
[SUM]  19.00-20.00  sec  71.2 KBytes   583 Kbits/sec  1.422 ms  0/243 (0%)  
- - - - - - - - - - - - - - - - - - - - - - - - -
[  5]  20.00-21.00  sec  21.7 KBytes   178 Kbits/sec  1.598 ms  6/80 (7.5%)  
[  6]  20.00-21.00  sec  22.6 KBytes   185 Kbits/sec  1.644 ms  3/80 (3.8%)  
[  9]  20.00-21.00  sec  21.4 KBytes   175 Kbits/sec  1.739 ms  7/80 (8.8%)  
[SUM]  20.00-21.00  sec  65.6 KBytes   538 Kbits/sec  1.660 ms  16/240 (6.7%)  
- - - - - - - - - - - - - - - - - - - - - - - - -
[  5]  21.00-22.00  sec  23.7 KBytes   194 Kbits/sec  3.399 ms  6/87 (6.9%)  
[  6]  21.00-22.00  sec  22.3 KBytes   182 Kbits/sec  3.307 ms  10/86 (12%)  
[  9]  21.00-22.00  sec  21.7 KBytes   178 Kbits/sec  3.267 ms  13/87 (15%)  
[SUM]  21.00-22.00  sec  67.7 KBytes   554 Kbits/sec  3.324 ms  29/260 (11%)  
- - - - - - - - - - - - - - - - - - - - - - - - -
[  5]  22.00-23.00  sec  24.3 KBytes   199 Kbits/sec  4.045 ms  14/97 (14%)  
[  6]  22.00-23.00  sec  25.8 KBytes   211 Kbits/sec  3.627 ms  10/98 (10%)  
[  9]  22.00-23.00  sec  26.7 KBytes   218 Kbits/sec  3.594 ms  5/96 (5.2%)  
[SUM]  22.00-23.00  sec  76.8 KBytes   629 Kbits/sec  3.755 ms  29/291 (10%)  
- - - - - - - - - - - - - - - - - - - - - - - - -
[  5]  23.00-24.00  sec  26.4 KBytes   216 Kbits/sec  2.397 ms  4/94 (4.3%)  
[  6]  23.00-24.00  sec  26.7 KBytes   218 Kbits/sec  2.843 ms  3/94 (3.2%)  
[  9]  23.00-24.00  sec  26.1 KBytes   213 Kbits/sec  2.813 ms  6/95 (6.3%)  
[SUM]  23.00-24.00  sec  79.1 KBytes   647 Kbits/sec  2.684 ms  13/283 (4.6%)  
- - - - - - - - - - - - - - - - - - - - - - - - -
[  5]  24.00-25.00  sec  26.1 KBytes   214 Kbits/sec  1.989 ms  0/89 (0%)  
[  6]  24.00-25.00  sec  25.8 KBytes   212 Kbits/sec  1.911 ms  0/88 (0%)  
[  9]  24.00-25.00  sec  25.8 KBytes   212 Kbits/sec  1.862 ms  0/88 (0%)  
[SUM]  24.00-25.00  sec  77.6 KBytes   637 Kbits/sec  1.920 ms  0/265 (0%)  
- - - - - - - - - - - - - - - - - - - - - - - - -
[  5]  25.00-26.00  sec  30.8 KBytes   252 Kbits/sec  2.975 ms  0/105 (0%)  
[  6]  25.00-26.00  sec  31.3 KBytes   257 Kbits/sec  2.797 ms  0/107 (0%)  
[  9]  25.00-26.00  sec  31.1 KBytes   254 Kbits/sec  3.014 ms  0/106 (0%)  
[SUM]  25.00-26.00  sec  93.2 KBytes   763 Kbits/sec  2.929 ms  0/318 (0%)  
- - - - - - - - - - - - - - - - - - - - - - - - -
[  5]  26.00-27.00  sec  23.4 KBytes   192 Kbits/sec  1.382 ms  0/80 (0%)  
[  6]  26.00-27.00  sec  23.4 KBytes   192 Kbits/sec  1.964 ms  0/80 (0%)  
[  9]  26.00-27.00  sec  23.4 KBytes   192 Kbits/sec  1.466 ms  0/80 (0%)  
[SUM]  26.00-27.00  sec  70.3 KBytes   575 Kbits/sec  1.604 ms  0/240 (0%)  
- - - - - - - - - - - - - - - - - - - - - - - - -
[  5]  27.00-28.00  sec  23.1 KBytes   190 Kbits/sec  2.073 ms  0/79 (0%)  
[  6]  27.00-28.00  sec  22.9 KBytes   187 Kbits/sec  1.739 ms  0/78 (0%)  
[  9]  27.00-28.00  sec  22.9 KBytes   187 Kbits/sec  1.843 ms  0/78 (0%)  
[SUM]  27.00-28.00  sec  68.8 KBytes   565 Kbits/sec  1.885 ms  0/235 (0%)  
- - - - - - - - - - - - - - - - - - - - - - - - -
[  5]  28.00-29.00  sec  22.6 KBytes   185 Kbits/sec  4.343 ms  0/77 (0%)  
[  6]  28.00-29.00  sec  22.6 KBytes   185 Kbits/sec  4.923 ms  0/77 (0%)  
[  9]  28.00-29.00  sec  22.9 KBytes   187 Kbits/sec  3.940 ms  0/78 (0%)  
[SUM]  28.00-29.00  sec  68.0 KBytes   557 Kbits/sec  4.402 ms  0/232 (0%)  
- - - - - - - - - - - - - - - - - - - - - - - - -
[  5]  29.00-30.00  sec  24.9 KBytes   204 Kbits/sec  4.537 ms  0/85 (0%)  
[  6]  29.00-30.00  sec  24.9 KBytes   204 Kbits/sec  4.943 ms  0/85 (0%)  
[  9]  29.00-30.00  sec  24.9 KBytes   204 Kbits/sec  3.850 ms  0/85 (0%)  
[SUM]  29.00-30.00  sec  74.7 KBytes   612 Kbits/sec  4.443 ms  0/255 (0%)  
- - - - - - - - - - - - - - - - - - - - - - - - -
[  5]  30.00-31.00  sec  24.3 KBytes   199 Kbits/sec  1.221 ms  0/83 (0%)  
[  6]  30.00-31.00  sec  24.3 KBytes   199 Kbits/sec  1.271 ms  0/83 (0%)  
[  9]  30.00-31.00  sec  24.0 KBytes   197 Kbits/sec  1.841 ms  0/83 (0%)  
[SUM]  30.00-31.00  sec  72.7 KBytes   595 Kbits/sec  1.445 ms  0/249 (0%)  
- - - - - - - - - - - - - - - - - - - - - - - - -
[  5]  31.00-32.00  sec  23.7 KBytes   194 Kbits/sec  1.639 ms  0/81 (0%)  
[  6]  31.00-32.00  sec  23.7 KBytes   194 Kbits/sec  2.008 ms  0/81 (0%)  
[  9]  31.00-32.00  sec  23.7 KBytes   194 Kbits/sec  1.894 ms  0/81 (0%)  
[SUM]  31.00-32.00  sec  71.2 KBytes   583 Kbits/sec  1.847 ms  0/243 (0%)  
- - - - - - - - - - - - - - - - - - - - - - - - -
[  5]  32.00-33.00  sec  22.6 KBytes   185 Kbits/sec  2.237 ms  0/77 (0%)  
[  6]  32.00-33.00  sec  22.6 KBytes   185 Kbits/sec  2.438 ms  0/77 (0%)  
[  9]  32.00-33.00  sec  22.6 KBytes   185 Kbits/sec  2.285 ms  0/77 (0%)  
[SUM]  32.00-33.00  sec  67.7 KBytes   554 Kbits/sec  2.320 ms  0/231 (0%)  
- - - - - - - - - - - - - - - - - - - - - - - - -
[  5]  33.00-34.00  sec  22.3 KBytes   183 Kbits/sec  2.774 ms  0/76 (0%)  
[  6]  33.00-34.00  sec  22.3 KBytes   183 Kbits/sec  2.232 ms  0/76 (0%)  
[  9]  33.00-34.00  sec  22.3 KBytes   183 Kbits/sec  2.265 ms  0/76 (0%)  
[SUM]  33.00-34.00  sec  66.8 KBytes   548 Kbits/sec  2.424 ms  0/228 (0%)  
- - - - - - - - - - - - - - - - - - - - - - - - -
[  5]  34.00-35.00  sec  20.8 KBytes   170 Kbits/sec  2.854 ms  0/71 (0%)  
[  6]  34.00-35.00  sec  20.8 KBytes   170 Kbits/sec  2.614 ms  0/71 (0%)  
[  9]  34.00-35.00  sec  20.8 KBytes   170 Kbits/sec  2.928 ms  0/71 (0%)  
[SUM]  34.00-35.00  sec  62.4 KBytes   511 Kbits/sec  2.799 ms  0/213 (0%)  
- - - - - - - - - - - - - - - - - - - - - - - - -
[  5]  35.00-36.00  sec  19.3 KBytes   158 Kbits/sec  3.887 ms  0/66 (0%)  
[  6]  35.00-36.00  sec  19.3 KBytes   158 Kbits/sec  3.929 ms  0/66 (0%)  
[  9]  35.00-36.00  sec  19.3 KBytes   158 Kbits/sec  3.926 ms  0/66 (0%)  
[SUM]  35.00-36.00  sec  58.0 KBytes   474 Kbits/sec  3.914 ms  0/198 (0%)  
- - - - - - - - - - - - - - - - - - - - - - - - -
[  5]  36.00-37.00  sec  17.6 KBytes   144 Kbits/sec  2.735 ms  14/74 (19%)  
[  6]  36.00-37.00  sec  15.2 KBytes   125 Kbits/sec  4.009 ms  21/73 (29%)  
[  9]  36.00-37.00  sec  17.3 KBytes   142 Kbits/sec  2.888 ms  15/74 (20%)  
[SUM]  36.00-37.00  sec  50.1 KBytes   412 Kbits/sec  3.211 ms  50/221 (23%)  
- - - - - - - - - - - - - - - - - - - - - - - - -
[  5]  37.00-38.00  sec  14.9 KBytes   122 Kbits/sec  2.646 ms  22/73 (30%)  
[  6]  37.00-38.00  sec  13.5 KBytes   110 Kbits/sec  3.017 ms  31/77 (40%)  
[  9]  37.00-38.00  sec  15.5 KBytes   127 Kbits/sec  3.481 ms  24/77 (31%)  
[SUM]  37.00-38.00  sec  43.9 KBytes   359 Kbits/sec  3.048 ms  77/227 (34%)  
- - - - - - - - - - - - - - - - - - - - - - - - -
[  5]  38.00-39.00  sec  24.0 KBytes   197 Kbits/sec  4.861 ms  35/117 (30%)  
[  6]  38.00-39.00  sec  24.9 KBytes   204 Kbits/sec  5.214 ms  30/115 (26%)  
[  9]  38.00-39.00  sec  23.7 KBytes   195 Kbits/sec  5.363 ms  33/114 (29%)  
[SUM]  38.00-39.00  sec  72.7 KBytes   596 Kbits/sec  5.146 ms  98/346 (28%)  
- - - - - - - - - - - - - - - - - - - - - - - - -
[  5]  39.00-40.00  sec  19.6 KBytes   161 Kbits/sec  2.926 ms  22/89 (25%)  
[  6]  39.00-40.00  sec  19.6 KBytes   161 Kbits/sec  2.235 ms  20/87 (23%)  
[  9]  39.00-40.00  sec  21.1 KBytes   173 Kbits/sec  2.399 ms  16/88 (18%)  
[SUM]  39.00-40.00  sec  60.4 KBytes   494 Kbits/sec  2.520 ms  58/264 (22%)  
- - - - - - - - - - - - - - - - - - - - - - - - -
[  5]  40.00-41.01  sec  20.8 KBytes   169 Kbits/sec  2.396 ms  12/83 (14%)  
[  6]  40.00-41.01  sec  19.6 KBytes   160 Kbits/sec  2.796 ms  17/84 (20%)  
[  9]  40.00-41.01  sec  20.8 KBytes   169 Kbits/sec  2.565 ms  11/82 (13%)  
[SUM]  40.00-41.01  sec  61.2 KBytes   499 Kbits/sec  2.586 ms  40/249 (16%)  
- - - - - - - - - - - - - - - - - - - - - - - - -
[  5]  41.01-42.00  sec  23.7 KBytes   196 Kbits/sec  1.790 ms  7/88 (8%)  
[  6]  41.01-42.00  sec  24.0 KBytes   198 Kbits/sec  2.063 ms  6/88 (6.8%)  
[  9]  41.01-42.00  sec  23.1 KBytes   191 Kbits/sec  2.237 ms  11/90 (12%)  
[SUM]  41.01-42.00  sec  70.9 KBytes   585 Kbits/sec  2.030 ms  24/266 (9%)  
- - - - - - - - - - - - - - - - - - - - - - - - -
[  5]  42.00-43.00  sec  27.0 KBytes   221 Kbits/sec  1.744 ms  3/95 (3.2%)  
[  6]  42.00-43.00  sec  27.8 KBytes   228 Kbits/sec  1.852 ms  0/95 (0%)  
[  9]  42.00-43.00  sec  27.5 KBytes   226 Kbits/sec  2.078 ms  0/94 (0%)  
[SUM]  42.00-43.00  sec  82.3 KBytes   674 Kbits/sec  1.891 ms  3/284 (1.1%)  
- - - - - - - - - - - - - - - - - - - - - - - - -
[  5]  43.00-44.00  sec  25.5 KBytes   208 Kbits/sec  1.409 ms  0/87 (0%)  
[  6]  43.00-44.00  sec  25.5 KBytes   208 Kbits/sec  1.400 ms  0/87 (0%)  
[  9]  43.00-44.00  sec  25.5 KBytes   208 Kbits/sec  1.696 ms  0/87 (0%)  
[SUM]  43.00-44.00  sec  76.5 KBytes   625 Kbits/sec  1.502 ms  0/261 (0%)  
- - - - - - - - - - - - - - - - - - - - - - - - -
[  5]  44.00-45.00  sec  23.7 KBytes   195 Kbits/sec  2.162 ms  0/81 (0%)  
[  6]  44.00-45.00  sec  23.7 KBytes   195 Kbits/sec  1.831 ms  0/81 (0%)  
[  9]  44.00-45.00  sec  23.7 KBytes   195 Kbits/sec  1.903 ms  0/81 (0%)  
[SUM]  44.00-45.00  sec  71.2 KBytes   584 Kbits/sec  1.965 ms  0/243 (0%)  
- - - - - - - - - - - - - - - - - - - - - - - - -
[  5]  45.00-46.00  sec  23.4 KBytes   192 Kbits/sec  2.007 ms  0/80 (0%)  
[  6]  45.00-46.00  sec  23.4 KBytes   192 Kbits/sec  2.006 ms  0/80 (0%)  
[  9]  45.00-46.00  sec  23.4 KBytes   192 Kbits/sec  2.254 ms  0/80 (0%)  
[SUM]  45.00-46.00  sec  70.3 KBytes   577 Kbits/sec  2.089 ms  0/240 (0%)  
- - - - - - - - - - - - - - - - - - - - - - - - -
[  5]  46.00-47.00  sec  22.9 KBytes   187 Kbits/sec  1.756 ms  0/78 (0%)  
[  6]  46.00-47.00  sec  22.9 KBytes   187 Kbits/sec  1.368 ms  0/78 (0%)  
[  9]  46.00-47.00  sec  22.9 KBytes   187 Kbits/sec  1.480 ms  0/78 (0%)  
[SUM]  46.00-47.00  sec  68.6 KBytes   562 Kbits/sec  1.535 ms  0/234 (0%)  
- - - - - - - - - - - - - - - - - - - - - - - - -
[  5]  47.00-48.00  sec  24.0 KBytes   196 Kbits/sec  1.480 ms  0/82 (0%)  
[  6]  47.00-48.00  sec  24.0 KBytes   196 Kbits/sec  1.534 ms  0/82 (0%)  
[  9]  47.00-48.00  sec  24.0 KBytes   196 Kbits/sec  1.743 ms  0/82 (0%)  
[SUM]  47.00-48.00  sec  72.1 KBytes   589 Kbits/sec  1.586 ms  0/246 (0%)  
- - - - - - - - - - - - - - - - - - - - - - - - -
[  5]  48.00-49.00  sec  23.7 KBytes   195 Kbits/sec  1.597 ms  0/81 (0%)  
[  6]  48.00-49.00  sec  23.7 KBytes   195 Kbits/sec  1.568 ms  0/81 (0%)  
[  9]  48.00-49.00  sec  23.7 KBytes   195 Kbits/sec  1.673 ms  0/81 (0%)  
[SUM]  48.00-49.00  sec  71.2 KBytes   584 Kbits/sec  1.613 ms  0/243 (0%)  
- - - - - - - - - - - - - - - - - - - - - - - - -
[  5]  49.00-50.00  sec  24.0 KBytes   197 Kbits/sec  1.630 ms  0/82 (0%)  
[  6]  49.00-50.00  sec  24.0 KBytes   197 Kbits/sec  1.593 ms  0/82 (0%)  
[  9]  49.00-50.00  sec  24.0 KBytes   197 Kbits/sec  1.781 ms  0/82 (0%)  
[SUM]  49.00-50.00  sec  72.1 KBytes   591 Kbits/sec  1.668 ms  0/246 (0%)  
- - - - - - - - - - - - - - - - - - - - - - - - -
[  5]  50.00-51.00  sec  23.7 KBytes   194 Kbits/sec  1.526 ms  0/81 (0%)  
[  6]  50.00-51.00  sec  23.7 KBytes   194 Kbits/sec  1.505 ms  0/81 (0%)  
[  9]  50.00-51.00  sec  23.7 KBytes   194 Kbits/sec  1.799 ms  0/81 (0%)  
[SUM]  50.00-51.00  sec  71.2 KBytes   583 Kbits/sec  1.610 ms  0/243 (0%)  
- - - - - - - - - - - - - - - - - - - - - - - - -
[  5]  51.00-52.00  sec  22.9 KBytes   187 Kbits/sec  1.822 ms  0/78 (0%)  
[  6]  51.00-52.00  sec  22.9 KBytes   187 Kbits/sec  1.922 ms  0/78 (0%)  
[  9]  51.00-52.00  sec  22.9 KBytes   187 Kbits/sec  2.127 ms  0/78 (0%)  
[SUM]  51.00-52.00  sec  68.6 KBytes   561 Kbits/sec  1.957 ms  0/234 (0%)  
- - - - - - - - - - - - - - - - - - - - - - - - -
[  5]  52.00-53.00  sec  21.7 KBytes   178 Kbits/sec  2.544 ms  0/74 (0%)  
[  6]  52.00-53.00  sec  21.7 KBytes   178 Kbits/sec  2.816 ms  0/74 (0%)  
[  9]  52.00-53.00  sec  21.7 KBytes   178 Kbits/sec  2.719 ms  0/74 (0%)  
[SUM]  52.00-53.00  sec  65.0 KBytes   533 Kbits/sec  2.693 ms  0/222 (0%)  
- - - - - - - - - - - - - - - - - - - - - - - - -
[  5]  53.00-54.00  sec  19.9 KBytes   163 Kbits/sec  2.608 ms  7/75 (9.3%)  
[  6]  53.00-54.00  sec  20.5 KBytes   168 Kbits/sec  2.489 ms  5/75 (6.7%)  
[  9]  53.00-54.00  sec  19.9 KBytes   163 Kbits/sec  2.754 ms  6/74 (8.1%)  
[SUM]  53.00-54.00  sec  60.4 KBytes   493 Kbits/sec  2.617 ms  18/224 (8%)  
- - - - - - - - - - - - - - - - - - - - - - - - -
[  5]  54.00-55.00  sec  18.8 KBytes   154 Kbits/sec  2.466 ms  14/78 (18%)  
[  6]  54.00-55.00  sec  19.0 KBytes   156 Kbits/sec  2.448 ms  13/78 (17%)  
[  9]  54.00-55.00  sec  15.8 KBytes   130 Kbits/sec  2.081 ms  25/79 (32%)  
[SUM]  54.00-55.00  sec  53.6 KBytes   440 Kbits/sec  2.332 ms  52/235 (22%)  
- - - - - - - - - - - - - - - - - - - - - - - - -
[  5]  55.00-56.00  sec  22.3 KBytes   182 Kbits/sec  4.835 ms  22/98 (22%)  
[  6]  55.00-56.00  sec  21.4 KBytes   175 Kbits/sec  5.131 ms  25/98 (26%)  
[  9]  55.00-56.00  sec  20.5 KBytes   168 Kbits/sec  4.541 ms  29/99 (29%)  
[SUM]  55.00-56.00  sec  64.2 KBytes   526 Kbits/sec  4.835 ms  76/295 (26%)  
- - - - - - - - - - - - - - - - - - - - - - - - -
[  5]  56.00-57.00  sec  21.4 KBytes   175 Kbits/sec  2.843 ms  27/100 (27%)  
[  6]  56.00-57.00  sec  25.5 KBytes   209 Kbits/sec  3.043 ms  13/100 (13%)  
[  9]  56.00-57.00  sec  23.4 KBytes   192 Kbits/sec  2.615 ms  19/99 (19%)  
[SUM]  56.00-57.00  sec  70.3 KBytes   576 Kbits/sec  2.834 ms  59/299 (20%)  
- - - - - - - - - - - - - - - - - - - - - - - - -
[  5]  57.00-57.37  sec  7.62 KBytes   169 Kbits/sec  3.637 ms  1/27 (3.7%)  
[  6]  57.00-57.37  sec  7.32 KBytes   163 Kbits/sec  3.169 ms  2/27 (7.4%)  
[  9]  57.00-57.37  sec  7.32 KBytes   163 Kbits/sec  2.691 ms  2/27 (7.4%)  
[SUM]  57.00-57.37  sec  22.3 KBytes   495 Kbits/sec  3.165 ms  5/81 (6.2%)  
- - - - - - - - - - - - - - - - - - - - - - - - -
[ ID] Interval           Transfer     Bitrate         Jitter    Lost/Total Datagrams
[  5]   0.00-57.37  sec  1.22 MBytes   178 Kbits/sec  3.637 ms  408/4667 (8.7%)  receiver
[  6]   0.00-57.37  sec  1.23 MBytes   180 Kbits/sec  3.169 ms  359/4667 (7.7%)  receiver
[  9]   0.00-57.37  sec  1.22 MBytes   179 Kbits/sec  2.691 ms  396/4667 (8.5%)  receiver
[SUM]   0.00-57.37  sec  3.67 MBytes   537 Kbits/sec  3.165 ms  1163/14001 (8.3%)  receiver
