-----------------------------------------------------------
Server listening on 5202 (test #1)
-----------------------------------------------------------
Accepted connection from 192.168.1.2, port 46306
[  5] local 192.168.2.2 port 5202 connected to 192.168.1.2 port 52684
[  6] local 192.168.2.2 port 5202 connected to 192.168.1.2 port 39857
[  9] local 192.168.2.2 port 5202 connected to 192.168.1.2 port 33292
[ ID] Interval           Transfer     Bitrate         Jitter    Lost/Total Datagrams
[  5]   0.00-1.00   sec  24.0 KBytes   197 Kbits/sec  1.512 ms  0/82 (0%)  
[  6]   0.00-1.00   sec  24.0 KBytes   197 Kbits/sec  1.671 ms  0/82 (0%)  
[  9]   0.00-1.00   sec  24.0 KBytes   197 Kbits/sec  1.896 ms  0/82 (0%)  
[SUM]   0.00-1.00   sec  72.1 KBytes   590 Kbits/sec  1.693 ms  0/246 (0%)  
- - - - - - - - - - - - - - - - - - - - - - - - -
[  5]   1.00-2.00   sec  24.3 KBytes   199 Kbits/sec  1.566 ms  0/83 (0%)  
[  6]   1.00-2.00   sec  24.3 KBytes   199 Kbits/sec  1.345 ms  0/83 (0%)  
[  9]   1.00-2.00   sec  24.3 KBytes   199 Kbits/sec  1.310 ms  0/83 (0%)  
[SUM]   1.00-2.00   sec  72.9 KBytes   597 Kbits/sec  1.407 ms  0/249 (0%)  
- - - - - - - - - - - - - - - - - - - - - - - - -
[  5]   2.00-3.00   sec  24.3 KBytes   199 Kbits/sec  1.307 ms  0/83 (0%)  
[  6]   2.00-3.00   sec  24.3 KBytes   199 Kbits/sec  1.098 ms  0/83 (0%)  
[  9]   2.00-3.00   sec  24.6 KBytes   202 Kbits/sec  1.613 ms  0/84 (0%)  
[SUM]   2.00-3.00   sec  73.2 KBytes   600 Kbits/sec  1.339 ms  0/250 (0%)  
- - - - - - - - - - - - - - - - - - - - - - - - -
[  5]   3.00-4.00   sec  24.6 KBytes   201 Kbits/sec  1.065 ms  0/84 (0%)  
[  6]   3.00-4.00   sec  24.6 KBytes   201 Kbits/sec  1.261 ms  0/84 (0%)  
[  9]   3.00-4.00   sec  24.3 KBytes   199 Kbits/sec  1.351 ms  0/83 (0%)  
[SUM]   3.00-4.00   sec  73.5 KBytes   601 Kbits/sec  1.226 ms  0/251 (0%)  
- - - - - - - - - - - - - - - - - - - - - - - - -
[  5]   4.00-5.00   sec  24.3 KBytes   200 Kbits/sec  1.415 ms  0/83 (0%)  
[  6]   4.00-5.00   sec  24.3 KBytes   200 Kbits/sec  1.012 ms  0/83 (0%)  
[  9]   4.00-5.00   sec  24.6 KBytes   202 Kbits/sec  1.784 ms  0/84 (0%)  
[SUM]   4.00-5.00   sec  73.2 KBytes   602 Kbits/sec  1.404 ms  0/250 (0%)  
- - - - - - - - - - - - - - - - - - - - - - - - -
[  5]   5.00-6.00   sec  24.6 KBytes   202 Kbits/sec  1.579 ms  0/84 (0%)  
[  6]   5.00-6.00   sec  24.6 KBytes   202 Kbits/sec  1.119 ms  0/84 (0%)  
[  9]   5.00-6.00   sec  24.3 KBytes   199 Kbits/sec  1.724 ms  0/83 (0%)  
[SUM]   5.00-6.00   sec  73.5 KBytes   602 Kbits/sec  1.474 ms  0/251 (0%)  
- - - - - - - - - - - - - - - - - - - - - - - - -
[  5]   6.00-7.00   sec  24.3 KBytes   199 Kbits/sec  1.305 ms  0/83 (0%)  
[  6]   6.00-7.00   sec  24.3 KBytes   199 Kbits/sec  1.443 ms  0/83 (0%)  
[  9]   6.00-7.00   sec  24.3 KBytes   199 Kbits/sec  1.286 ms  0/83 (0%)  
[SUM]   6.00-7.00   sec  72.9 KBytes   598 Kbits/sec  1.345 ms  0/249 (0%)  
- - - - - - - - - - - - - - - - - - - - - - - - -
[  5]   7.00-8.00   sec  24.3 KBytes   199 Kbits/sec  1.460 ms  0/83 (0%)  
[  6]   7.00-8.00   sec  24.3 KBytes   199 Kbits/sec  1.403 ms  0/83 (0%)  
[  9]   7.00-8.00   sec  24.3 KBytes   199 Kbits/sec  1.467 ms  0/83 (0%)  
[SUM]   7.00-8.00   sec  72.9 KBytes   597 Kbits/sec  1.443 ms  0/249 (0%)  
- - - - - - - - - - - - - - - - - - - - - - - - -
[  5]   8.00-9.00   sec  24.6 KBytes   202 Kbits/sec  1.455 ms  0/84 (0%)  
[  6]   8.00-9.00   sec  24.6 KBytes   202 Kbits/sec  1.290 ms  0/84 (0%)  
[  9]   8.00-9.00   sec  24.3 KBytes   199 Kbits/sec  1.055 ms  0/83 (0%)  
[SUM]   8.00-9.00   sec  73.5 KBytes   603 Kbits/sec  1.267 ms  0/251 (0%)  
- - - - - - - - - - - - - - - - - - - - - - - - -
[  5]   9.00-10.00  sec  24.3 KBytes   199 Kbits/sec  1.548 ms  0/83 (0%)  
[  6]   9.00-10.00  sec  24.3 KBytes   199 Kbits/sec  1.598 ms  0/83 (0%)  
[  9]   9.00-10.00  sec  24.6 KBytes   201 Kbits/sec  1.430 ms  0/84 (0%)  
[SUM]   9.00-10.00  sec  73.2 KBytes   599 Kbits/sec  1.525 ms  0/250 (0%)  
- - - - - - - - - - - - - - - - - - - - - - - - -
[  5]  10.00-11.00  sec  24.3 KBytes   200 Kbits/sec  1.124 ms  0/83 (0%)  
[  6]  10.00-11.00  sec  24.3 KBytes   200 Kbits/sec  1.151 ms  0/83 (0%)  
[  9]  10.00-11.00  sec  24.3 KBytes   200 Kbits/sec  1.367 ms  0/83 (0%)  
[SUM]  10.00-11.00  sec  72.9 KBytes   599 Kbits/sec  1.214 ms  0/249 (0%)  
- - - - - - - - - - - - - - - - - - - - - - - - -
[  5]  11.00-12.00  sec  24.3 KBytes   199 Kbits/sec  2.311 ms  0/83 (0%)  
[  6]  11.00-12.00  sec  24.6 KBytes   202 Kbits/sec  1.566 ms  0/84 (0%)  
[  9]  11.00-12.00  sec  24.3 KBytes   199 Kbits/sec  1.251 ms  0/83 (0%)  
[SUM]  11.00-12.00  sec  73.2 KBytes   600 Kbits/sec  1.710 ms  0/250 (0%)  
- - - - - - - - - - - - - - - - - - - - - - - - -
[  5]  12.00-13.00  sec  24.6 KBytes   202 Kbits/sec  1.523 ms  0/84 (0%)  
[  6]  12.00-13.00  sec  24.3 KBytes   199 Kbits/sec  1.403 ms  0/83 (0%)  
[  9]  12.00-13.00  sec  24.6 KBytes   202 Kbits/sec  1.522 ms  0/84 (0%)  
[SUM]  12.00-13.00  sec  73.5 KBytes   603 Kbits/sec  1.482 ms  0/251 (0%)  
- - - - - - - - - - - - - - - - - - - - - - - - -
[  5]  13.00-14.00  sec  24.3 KBytes   199 Kbits/sec  1.066 ms  0/83 (0%)  
[  6]  13.00-14.00  sec  24.3 KBytes   199 Kbits/sec  1.097 ms  0/83 (0%)  
[  9]  13.00-14.00  sec  24.3 KBytes   199 Kbits/sec  0.997 ms  0/83 (0%)  
[SUM]  13.00-14.00  sec  72.9 KBytes   597 Kbits/sec  1.053 ms  0/249 (0%)  
- - - - - - - - - - - - - - - - - - - - - - - - -
[  5]  14.00-15.00  sec  24.6 KBytes   202 Kbits/sec  1.046 ms  0/84 (0%)  
[  6]  14.00-15.00  sec  24.6 KBytes   202 Kbits/sec  0.969 ms  0/84 (0%)  
[  9]  14.00-15.00  sec  24.6 KBytes   202 Kbits/sec  0.782 ms  0/84 (0%)  
[SUM]  14.00-15.00  sec  73.8 KBytes   605 Kbits/sec  0.932 ms  0/252 (0%)  
- - - - - - - - - - - - - - - - - - - - - - - - -
[  5]  15.00-16.00  sec  24.3 KBytes   199 Kbits/sec  1.381 ms  0/83 (0%)  
[  6]  15.00-16.00  sec  24.3 KBytes   199 Kbits/sec  1.630 ms  0/83 (0%)  
[  9]  15.00-16.00  sec  24.3 KBytes   199 Kbits/sec  0.876 ms  0/83 (0%)  
[SUM]  15.00-16.00  sec  72.9 KBytes   597 Kbits/sec  1.296 ms  0/249 (0%)  
- - - - - - - - - - - - - - - - - - - - - - - - -
[  5]  16.00-17.00  sec  24.3 KBytes   199 Kbits/sec  1.361 ms  0/83 (0%)  
[  6]  16.00-17.00  sec  24.3 KBytes   199 Kbits/sec  1.287 ms  0/83 (0%)  
[  9]  16.00-17.00  sec  24.3 KBytes   199 Kbits/sec  1.412 ms  0/83 (0%)  
[SUM]  16.00-17.00  sec  72.9 KBytes   598 Kbits/sec  1.353 ms  0/249 (0%)  
- - - - - - - - - - - - - - - - - - - - - - - - -
[  5]  17.00-18.00  sec  24.6 KBytes   202 Kbits/sec  1.193 ms  0/84 (0%)  
[  6]  17.00-18.00  sec  24.6 KBytes   202 Kbits/sec  1.292 ms  0/84 (0%)  
[  9]  17.00-18.00  sec  24.3 KBytes   199 Kbits/sec  1.089 ms  0/83 (0%)  
[SUM]  17.00-18.00  sec  73.5 KBytes   603 Kbits/sec  1.191 ms  0/251 (0%)  
- - - - - - - - - - - - - - - - - - - - - - - - -
[  5]  18.00-19.00  sec  24.3 KBytes   199 Kbits/sec  1.356 ms  0/83 (0%)  
[  6]  18.00-19.00  sec  24.3 KBytes   199 Kbits/sec  1.154 ms  0/83 (0%)  
[  9]  18.00-19.00  sec  24.6 KBytes   202 Kbits/sec  1.178 ms  0/84 (0%)  
[SUM]  18.00-19.00  sec  73.2 KBytes   600 Kbits/sec  1.230 ms  0/250 (0%)  
- - - - - - - - - - - - - - - - - - - - - - - - -
[  5]  19.00-20.00  sec  24.3 KBytes   199 Kbits/sec  1.223 ms  0/83 (0%)  
[  6]  19.00-20.00  sec  24.3 KBytes   199 Kbits/sec  1.121 ms  0/83 (0%)  
[  9]  19.00-20.00  sec  24.3 KBytes   199 Kbits/sec  0.982 ms  0/83 (0%)  
[SUM]  19.00-20.00  sec  72.9 KBytes   598 Kbits/sec  1.109 ms  0/249 (0%)  
- - - - - - - - - - - - - - - - - - - - - - - - -
[  5]  20.00-21.00  sec  24.3 KBytes   199 Kbits/sec  2.887 ms  0/83 (0%)  
[  6]  20.00-21.00  sec  24.6 KBytes   202 Kbits/sec  1.579 ms  0/84 (0%)  
[  9]  20.00-21.00  sec  24.3 KBytes   199 Kbits/sec  2.188 ms  0/83 (0%)  
[SUM]  20.00-21.00  sec  73.2 KBytes   600 Kbits/sec  2.218 ms  0/250 (0%)  
- - - - - - - - - - - - - - - - - - - - - - - - -
[  5]  21.00-22.00  sec  24.6 KBytes   202 Kbits/sec  1.206 ms  0/84 (0%)  
[  6]  21.00-22.00  sec  24.3 KBytes   199 Kbits/sec  1.373 ms  0/83 (0%)  
[  9]  21.00-22.00  sec  24.6 KBytes   202 Kbits/sec  1.162 ms  0/84 (0%)  
[SUM]  21.00-22.00  sec  73.5 KBytes   602 Kbits/sec  1.247 ms  0/251 (0%)  
- - - - - - - - - - - - - - - - - - - - - - - - -
[  5]  22.00-23.00  sec  24.3 KBytes   199 Kbits/sec  1.552 ms  0/83 (0%)  
[  6]  22.00-23.00  sec  24.3 KBytes   199 Kbits/sec  0.901 ms  0/83 (0%)  
[  9]  22.00-23.00  sec  24.3 KBytes   199 Kbits/sec  1.516 ms  0/83 (0%)  
[SUM]  22.00-23.00  sec  72.9 KBytes   598 Kbits/sec  1.323 ms  0/249 (0%)  
- - - - - - - - - - - - - - - - - - - - - - - - -
[  5]  23.00-24.00  sec  24.6 KBytes   201 Kbits/sec  1.997 ms  0/84 (0%)  
[  6]  23.00-24.00  sec  24.6 KBytes   201 Kbits/sec  1.734 ms  0/84 (0%)  
[  9]  23.00-24.00  sec  24.3 KBytes   199 Kbits/sec  1.897 ms  0/83 (0%)  
[SUM]  23.00-24.00  sec  73.5 KBytes   602 Kbits/sec  1.876 ms  0/251 (0%)  
- - - - - - - - - - - - - - - - - - - - - - - - -
[  5]  24.00-25.00  sec  24.3 KBytes   199 Kbits/sec  2.086 ms  0/83 (0%)  
[  6]  24.00-25.00  sec  24.3 KBytes   199 Kbits/sec  1.612 ms  0/83 (0%)  
[  9]  24.00-25.00  sec  24.6 KBytes   202 Kbits/sec  1.014 ms  0/84 (0%)  
[SUM]  24.00-25.00  sec  73.2 KBytes   600 Kbits/sec  1.571 ms  0/250 (0%)  
- - - - - - - - - - - - - - - - - - - - - - - - -
[  5]  25.00-26.00  sec  24.3 KBytes   199 Kbits/sec  1.025 ms  0/83 (0%)  
[  6]  25.00-26.00  sec  24.3 KBytes   199 Kbits/sec  1.376 ms  0/83 (0%)  
[  9]  25.00-26.00  sec  24.3 KBytes   199 Kbits/sec  1.568 ms  0/83 (0%)  
[SUM]  25.00-26.00  sec  72.9 KBytes   598 Kbits/sec  1.323 ms  0/249 (0%)  
- - - - - - - - - - - - - - - - - - - - - - - - -
[  5]  26.00-27.00  sec  24.6 KBytes   202 Kbits/sec  1.171 ms  0/84 (0%)  
[  6]  26.00-27.00  sec  24.6 KBytes   202 Kbits/sec  1.230 ms  0/84 (0%)  
[  9]  26.00-27.00  sec  24.6 KBytes   202 Kbits/sec  1.254 ms  0/84 (0%)  
[SUM]  26.00-27.00  sec  73.8 KBytes   605 Kbits/sec  1.218 ms  0/252 (0%)  
- - - - - - - - - - - - - - - - - - - - - - - - -
[  5]  27.00-28.00  sec  24.3 KBytes   199 Kbits/sec  0.912 ms  0/83 (0%)  
[  6]  27.00-28.00  sec  24.3 KBytes   199 Kbits/sec  1.004 ms  0/83 (0%)  
[  9]  27.00-28.00  sec  24.3 KBytes   199 Kbits/sec  1.086 ms  0/83 (0%)  
[SUM]  27.00-28.00  sec  72.9 KBytes   598 Kbits/sec  1.001 ms  0/249 (0%)  
- - - - - - - - - - - - - - - - - - - - - - - - -
[  5]  28.00-29.00  sec  24.3 KBytes   199 Kbits/sec  1.426 ms  0/83 (0%)  
[  6]  28.00-29.00  sec  24.3 KBytes   199 Kbits/sec  1.069 ms  0/83 (0%)  
[  9]  28.00-29.00  sec  24.3 KBytes   199 Kbits/sec  1.489 ms  0/83 (0%)  
[SUM]  28.00-29.00  sec  72.9 KBytes   598 Kbits/sec  1.328 ms  0/249 (0%)  
- - - - - - - - - - - - - - - - - - - - - - - - -
[  5]  29.00-30.00  sec  24.3 KBytes   199 Kbits/sec  1.256 ms  0/83 (0%)  
[  6]  29.00-30.00  sec  24.3 KBytes   199 Kbits/sec  1.396 ms  0/83 (0%)  
[  9]  29.00-30.00  sec  24.3 KBytes   199 Kbits/sec  1.174 ms  0/83 (0%)  
[SUM]  29.00-30.00  sec  72.9 KBytes   598 Kbits/sec  1.275 ms  0/249 (0%)  
- - - - - - - - - - - - - - - - - - - - - - - - -
[  5]  30.00-31.00  sec  24.6 KBytes   202 Kbits/sec  1.465 ms  0/84 (0%)  
[  6]  30.00-31.00  sec  24.6 KBytes   202 Kbits/sec  1.511 ms  0/84 (0%)  
[  9]  30.00-31.00  sec  24.6 KBytes   202 Kbits/sec  1.136 ms  0/84 (0%)  
[SUM]  30.00-31.00  sec  73.8 KBytes   605 Kbits/sec  1.371 ms  0/252 (0%)  
- - - - - - - - - - - - - - - - - - - - - - - - -
[  5]  31.00-32.00  sec  24.3 KBytes   199 Kbits/sec  1.069 ms  0/83 (0%)  
[  6]  31.00-32.00  sec  24.3 KBytes   199 Kbits/sec  1.213 ms  0/83 (0%)  
[  9]  31.00-32.00  sec  24.3 KBytes   199 Kbits/sec  1.144 ms  0/83 (0%)  
[SUM]  31.00-32.00  sec  72.9 KBytes   598 Kbits/sec  1.142 ms  0/249 (0%)  
- - - - - - - - - - - - - - - - - - - - - - - - -
[  5]  32.00-33.00  sec  24.6 KBytes   202 Kbits/sec  1.293 ms  0/84 (0%)  
[  6]  32.00-33.00  sec  24.6 KBytes   202 Kbits/sec  1.310 ms  0/84 (0%)  
[  9]  32.00-33.00  sec  24.3 KBytes   199 Kbits/sec  1.295 ms  0/83 (0%)  
[SUM]  32.00-33.00  sec  73.5 KBytes   603 Kbits/sec  1.299 ms  0/251 (0%)  
- - - - - - - - - - - - - - - - - - - - - - - - -
[  5]  33.00-34.00  sec  24.3 KBytes   199 Kbits/sec  1.054 ms  0/83 (0%)  
[  6]  33.00-34.00  sec  24.3 KBytes   199 Kbits/sec  1.199 ms  0/83 (0%)  
[  9]  33.00-34.00  sec  24.6 KBytes   202 Kbits/sec  1.212 ms  0/84 (0%)  
[SUM]  33.00-34.00  sec  73.2 KBytes   600 Kbits/sec  1.155 ms  0/250 (0%)  
- - - - - - - - - - - - - - - - - - - - - - - - -
[  5]  34.00-35.00  sec  24.3 KBytes   199 Kbits/sec  1.424 ms  0/83 (0%)  
[  6]  34.00-35.00  sec  24.3 KBytes   199 Kbits/sec  1.014 ms  0/83 (0%)  
[  9]  34.00-35.00  sec  24.3 KBytes   199 Kbits/sec  1.047 ms  0/83 (0%)  
[SUM]  34.00-35.00  sec  72.9 KBytes   597 Kbits/sec  1.161 ms  0/249 (0%)  
- - - - - - - - - - - - - - - - - - - - - - - - -
[  5]  35.00-36.00  sec  24.6 KBytes   202 Kbits/sec  0.975 ms  0/84 (0%)  
[  6]  35.00-36.00  sec  24.6 KBytes   202 Kbits/sec  1.433 ms  0/84 (0%)  
[  9]  35.00-36.00  sec  24.6 KBytes   202 Kbits/sec  1.250 ms  0/84 (0%)  
[SUM]  35.00-36.00  sec  73.8 KBytes   606 Kbits/sec  1.219 ms  0/252 (0%)  
- - - - - - - - - - - - - - - - - - - - - - - - -
[  5]  36.00-37.00  sec  24.3 KBytes   199 Kbits/sec  1.559 ms  0/83 (0%)  
[  6]  36.00-37.00  sec  24.3 KBytes   199 Kbits/sec  1.642 ms  0/83 (0%)  
[  9]  36.00-37.00  sec  24.3 KBytes   199 Kbits/sec  1.084 ms  0/83 (0%)  
[SUM]  36.00-37.00  sec  72.9 KBytes   597 Kbits/sec  1.428 ms  0/249 (0%)  
- - - - - - - - - - - - - - - - - - - - - - - - -
[  5]  37.00-38.00  sec  24.3 KBytes   199 Kbits/sec  1.187 ms  0/83 (0%)  
[  6]  37.00-38.00  sec  24.3 KBytes   199 Kbits/sec  1.835 ms  0/83 (0%)  
[  9]  37.00-38.00  sec  24.3 KBytes   199 Kbits/sec  1.504 ms  0/83 (0%)  
[SUM]  37.00-38.00  sec  72.9 KBytes   598 Kbits/sec  1.509 ms  0/249 (0%)  
- - - - - - - - - - - - - - - - - - - - - - - - -
[  5]  38.00-39.00  sec  24.6 KBytes   201 Kbits/sec  1.563 ms  0/84 (0%)  
[  6]  38.00-39.00  sec  24.6 KBytes   201 Kbits/sec  1.067 ms  0/84 (0%)  
[  9]  38.00-39.00  sec  24.6 KBytes   201 Kbits/sec  1.013 ms  0/84 (0%)  
[SUM]  38.00-39.00  sec  73.8 KBytes   604 Kbits/sec  1.214 ms  0/252 (0%)  
- - - - - - - - - - - - - - - - - - - - - - - - -
[  5]  39.00-40.00  sec  24.3 KBytes   199 Kbits/sec  1.434 ms  0/83 (0%)  
[  6]  39.00-40.00  sec  24.3 KBytes   199 Kbits/sec  1.549 ms  0/83 (0%)  
[  9]  39.00-40.00  sec  24.3 KBytes   199 Kbits/sec  1.557 ms  0/83 (0%)  
[SUM]  39.00-40.00  sec  72.9 KBytes   597 Kbits/sec  1.513 ms  0/249 (0%)  
- - - - - - - - - - - - - - - - - - - - - - - - -
[  5]  40.00-41.00  sec  24.3 KBytes   200 Kbits/sec  1.466 ms  0/83 (0%)  
[  6]  40.00-41.00  sec  24.3 KBytes   200 Kbits/sec  1.049 ms  0/83 (0%)  
[  9]  40.00-41.00  sec  24.3 KBytes   200 Kbits/sec  1.493 ms  0/83 (0%)  
[SUM]  40.00-41.00  sec  72.9 KBytes   599 Kbits/sec  1.336 ms  0/249 (0%)  
- - - - - - - - - - - - - - - - - - - - - - - - -
[  5]  41.00-42.00  sec  24.6 KBytes   201 Kbits/sec  0.854 ms  0/84 (0%)  
[  6]  41.00-42.00  sec  24.6 KBytes   201 Kbits/sec  1.735 ms  0/84 (0%)  
[  9]  41.00-42.00  sec  24.6 KBytes   201 Kbits/sec  1.977 ms  0/84 (0%)  
[SUM]  41.00-42.00  sec  73.8 KBytes   603 Kbits/sec  1.522 ms  0/252 (0%)  
- - - - - - - - - - - - - - - - - - - - - - - - -
[  5]  42.00-43.00  sec  24.3 KBytes   200 Kbits/sec  1.976 ms  0/83 (0%)  
[  6]  42.00-43.00  sec  24.3 KBytes   200 Kbits/sec  1.997 ms  0/83 (0%)  
[  9]  42.00-43.00  sec  24.3 KBytes   200 Kbits/sec  1.589 ms  0/83 (0%)  
[SUM]  42.00-43.00  sec  72.9 KBytes   599 Kbits/sec  1.854 ms  0/249 (0%)  
- - - - - - - - - - - - - - - - - - - - - - - - -
[  5]  43.00-44.00  sec  24.3 KBytes   199 Kbits/sec  1.588 ms  0/83 (0%)  
[  6]  43.00-44.00  sec  24.3 KBytes   199 Kbits/sec  1.501 ms  0/83 (0%)  
[  9]  43.00-44.00  sec  24.3 KBytes   199 Kbits/sec  1.646 ms  0/83 (0%)  
[SUM]  43.00-44.00  sec  72.9 KBytes   598 Kbits/sec  1.579 ms  0/249 (0%)  
- - - - - - - - - - - - - - - - - - - - - - - - -
[  5]  44.00-45.00  sec  24.6 KBytes   202 Kbits/sec  1.059 ms  0/84 (0%)  
[  6]  44.00-45.00  sec  24.6 KBytes   202 Kbits/sec  1.685 ms  0/84 (0%)  
[  9]  44.00-45.00  sec  24.6 KBytes   202 Kbits/sec  0.965 ms  0/84 (0%)  
[SUM]  44.00-45.00  sec  73.8 KBytes   605 Kbits/sec  1.236 ms  0/252 (0%)  
- - - - - - - - - - - - - - - - - - - - - - - - -
[  5]  45.00-46.01  sec  24.3 KBytes   198 Kbits/sec  1.593 ms  0/83 (0%)  
[  6]  45.00-46.01  sec  24.3 KBytes   198 Kbits/sec  1.133 ms  0/83 (0%)  
[  9]  45.00-46.01  sec  24.3 KBytes   198 Kbits/sec  1.000 ms  0/83 (0%)  
[SUM]  45.00-46.01  sec  72.9 KBytes   595 Kbits/sec  1.242 ms  0/249 (0%)  
- - - - - - - - - - - - - - - - - - - - - - - - -
[  5]  46.01-47.00  sec  24.3 KBytes   200 Kbits/sec  1.906 ms  0/83 (0%)  
[  6]  46.01-47.00  sec  24.3 KBytes   200 Kbits/sec  1.049 ms  0/83 (0%)  
[  9]  46.01-47.00  sec  24.3 KBytes   200 Kbits/sec  1.184 ms  0/83 (0%)  
[SUM]  46.01-47.00  sec  72.9 KBytes   600 Kbits/sec  1.379 ms  0/249 (0%)  
- - - - - - - - - - - - - - - - - - - - - - - - -
[  5]  47.00-48.00  sec  24.3 KBytes   199 Kbits/sec  1.285 ms  0/83 (0%)  
[  6]  47.00-48.00  sec  24.3 KBytes   199 Kbits/sec  1.731 ms  0/83 (0%)  
[  9]  47.00-48.00  sec  24.3 KBytes   199 Kbits/sec  1.218 ms  0/83 (0%)  
[SUM]  47.00-48.00  sec  72.9 KBytes   598 Kbits/sec  1.412 ms  0/249 (0%)  
- - - - - - - - - - - - - - - - - - - - - - - - -
[  5]  48.00-49.00  sec  24.6 KBytes   201 Kbits/sec  2.612 ms  0/84 (0%)  
[  6]  48.00-49.00  sec  24.6 KBytes   201 Kbits/sec  1.816 ms  0/84 (0%)  
[  9]  48.00-49.00  sec  24.6 KBytes   201 Kbits/sec  2.653 ms  0/84 (0%)  
[SUM]  48.00-49.00  sec  73.8 KBytes   604 Kbits/sec  2.360 ms  0/252 (0%)  
- - - - - - - - - - - - - - - - - - - - - - - - -
[  5]  49.00-50.00  sec  24.3 KBytes   199 Kbits/sec  0.897 ms  0/83 (0%)  
[  6]  49.00-50.00  sec  24.3 KBytes   199 Kbits/sec  0.765 ms  0/83 (0%)  
[  9]  49.00-50.00  sec  24.3 KBytes   199 Kbits/sec  1.540 ms  0/83 (0%)  
[SUM]  49.00-50.00  sec  72.9 KBytes   598 Kbits/sec  1.067 ms  0/249 (0%)  
- - - - - - - - - - - - - - - - - - - - - - - - -
[  5]  50.00-51.00  sec  24.6 KBytes   201 Kbits/sec  1.071 ms  0/84 (0%)  
[  6]  50.00-51.00  sec  24.6 KBytes   201 Kbits/sec  1.294 ms  0/84 (0%)  
[  9]  50.00-51.00  sec  24.6 KBytes   201 Kbits/sec  1.503 ms  0/84 (0%)  
[SUM]  50.00-51.00  sec  73.8 KBytes   604 Kbits/sec  1.290 ms  0/252 (0%)  
- - - - - - - - - - - - - - - - - - - - - - - - -
[  5]  51.00-52.00  sec  24.3 KBytes   199 Kbits/sec  1.455 ms  0/83 (0%)  
[  6]  51.00-52.00  sec  24.3 KBytes   199 Kbits/sec  1.295 ms  0/83 (0%)  
[  9]  51.00-52.00  sec  24.3 KBytes   199 Kbits/sec  1.688 ms  0/83 (0%)  
[SUM]  51.00-52.00  sec  72.9 KBytes   597 Kbits/sec  1.479 ms  0/249 (0%)  
- - - - - - - - - - - - - - - - - - - - - - - - -
[  5]  52.00-53.00  sec  24.3 KBytes   200 Kbits/sec  1.498 ms  0/83 (0%)  
[  6]  52.00-53.00  sec  24.3 KBytes   200 Kbits/sec  1.375 ms  0/83 (0%)  
[  9]  52.00-53.00  sec  24.3 KBytes   200 Kbits/sec  1.322 ms  0/83 (0%)  
[SUM]  52.00-53.00  sec  72.9 KBytes   599 Kbits/sec  1.398 ms  0/249 (0%)  
- - - - - - - - - - - - - - - - - - - - - - - - -
[  5]  53.00-54.00  sec  24.6 KBytes   202 Kbits/sec  1.523 ms  0/84 (0%)  
[  6]  53.00-54.00  sec  24.3 KBytes   199 Kbits/sec  1.694 ms  0/83 (0%)  
[  9]  53.00-54.00  sec  24.6 KBytes   202 Kbits/sec  1.158 ms  0/84 (0%)  
[SUM]  53.00-54.00  sec  73.5 KBytes   602 Kbits/sec  1.458 ms  0/251 (0%)  
- - - - - - - - - - - - - - - - - - - - - - - - -
[  5]  54.00-55.00  sec  24.3 KBytes   199 Kbits/sec  1.394 ms  0/83 (0%)  
[  6]  54.00-55.00  sec  24.6 KBytes   201 Kbits/sec  1.855 ms  0/84 (0%)  
[  9]  54.00-55.00  sec  24.3 KBytes   199 Kbits/sec  1.448 ms  0/83 (0%)  
[SUM]  54.00-55.00  sec  73.2 KBytes   599 Kbits/sec  1.566 ms  0/250 (0%)  
- - - - - - - - - - - - - - - - - - - - - - - - -
[  5]  55.00-56.00  sec  24.3 KBytes   200 Kbits/sec  1.216 ms  0/83 (0%)  
[  6]  55.00-56.00  sec  24.3 KBytes   200 Kbits/sec  1.221 ms  0/83 (0%)  
[  9]  55.00-56.00  sec  24.3 KBytes   200 Kbits/sec  1.569 ms  0/83 (0%)  
[SUM]  55.00-56.00  sec  72.9 KBytes   599 Kbits/sec  1.335 ms  0/249 (0%)  
- - - - - - - - - - - - - - - - - - - - - - - - -
[  5]  56.00-56.05  sec   600 Bytes   105 Kbits/sec  1.312 ms  0/2 (0%)  
[  6]  56.00-56.05  sec   600 Bytes   104 Kbits/sec  1.333 ms  0/2 (0%)  
[  9]  56.00-56.05  sec   600 Bytes   104 Kbits/sec  1.465 ms  0/2 (0%)  
[SUM]  56.00-56.05  sec  1.76 KBytes   314 Kbits/sec  1.370 ms  0/6 (0%)  
- - - - - - - - - - - - - - - - - - - - - - - - -
[ ID] Interval           Transfer     Bitrate         Jitter    Lost/Total Datagrams
[  5]   0.00-56.05  sec  1.34 MBytes   200 Kbits/sec  1.312 ms  0/4667 (0%)  receiver
[  6]   0.00-56.05  sec  1.34 MBytes   200 Kbits/sec  1.333 ms  0/4667 (0%)  receiver
[  9]   0.00-56.05  sec  1.34 MBytes   200 Kbits/sec  1.465 ms  0/4667 (0%)  receiver
[SUM]   0.00-56.05  sec  4.01 MBytes   600 Kbits/sec  1.370 ms  0/14001 (0%)  receiver
