
==============================================================================
  ACAPE v6.0.0   mode=tc-only   qdisc=fq_codel handle=10:
  metrics -> results_law/rtt2/fq_codel_acape_steady_s3/acape_metrics_ctl.csv
==============================================================================
      t    regime        traj      pred     dr/s    bl    tput flows eleph  tgt_ms   lim  adj
---------------------------------------------------------------------------------------------
    1.0     HEAVY      STABLE     HEAVY     67.7    13    9.97     0     0   5.000  1024    0
    1.7     HEAVY      STABLE     HEAVY     69.5     0   10.18     0     0   5.000  1024    0
    2.4     HEAVY      STABLE     HEAVY     70.2    16    9.85     0     0   5.000  1024    0
    3.0     HEAVY      STABLE     HEAVY     64.4    13   10.22     0     0   5.000  1024    0
    3.8     HEAVY      STABLE     HEAVY     72.7    14    9.67     0     0   5.000  1024    0
    4.6     HEAVY      STABLE     HEAVY     73.3    16   10.21     0     0   5.000  1024    0
    5.3     HEAVY      STABLE     HEAVY     69.9    14   10.12     0     0   5.000  1024    0
    6.0     HEAVY      STABLE     HEAVY     73.3    10   10.01     0     0   5.000  1024    0
    6.8     HEAVY      STABLE     HEAVY     68.7    10    9.98     0     0   5.000  1024    0
    7.5     HEAVY      STABLE     HEAVY     65.6    19    9.94     0     0   4.500   921    1
    8.7     HEAVY      STABLE     HEAVY     69.9    14    9.89     0     0   4.500   921    1
    9.4     HEAVY      STABLE     HEAVY     72.1    10    9.92     0     0   4.500   921    1
   10.2     HEAVY      STABLE     HEAVY     68.5    17    9.72     0     0   4.500   921    1
   11.0     HEAVY      STABLE     HEAVY     78.4    13   10.43     0     0   4.500   921    1
   11.7     HEAVY      STABLE     HEAVY     69.6    14    9.91     0     0   4.500   921    1
   12.4     HEAVY      STABLE     HEAVY     82.2    12   10.16     0     0   4.500   921    1
   13.0     HEAVY      STABLE     HEAVY     70.9    13   10.01     0     0   4.500   921    1
   13.8     HEAVY      STABLE     HEAVY     79.5    14   10.05     0     0   4.500   921    1
   14.4     HEAVY      STABLE     HEAVY     80.9    13   10.02     0     0   4.500   921    1
   15.1     HEAVY      STABLE     HEAVY     76.9    14    9.90     0     0   4.050   828    2
   16.2     HEAVY      STABLE     HEAVY     86.5    14    9.96     0     0   4.050   828    2
   16.9     HEAVY      STABLE     HEAVY     87.9    15    9.96     0     0   4.050   828    2
   17.6     HEAVY      STABLE     HEAVY     91.0    10    9.99     0     0   4.050   828    2
   18.4     HEAVY      STABLE     HEAVY     94.9    10    9.94     0     0   4.050   828    2
   19.1     HEAVY      STABLE     HEAVY     87.0     9    9.81     0     0   4.050   828    2
   19.8     HEAVY      STABLE     HEAVY     88.3    16   10.12     0     0   4.050   828    2
   20.5     HEAVY      STABLE     HEAVY     83.1    15   10.01     0     0   4.050   828    2
   21.2     HEAVY      STABLE     HEAVY     90.9    10   10.09     0     0   4.050   828    2
   21.9     HEAVY      STABLE     HEAVY     85.5     0    9.91     0     0   4.050   828    2
   22.6     HEAVY      STABLE     HEAVY     86.4    10    9.96     0     0   3.640   745    3
   23.7     HEAVY      STABLE     HEAVY     92.5    11    9.91     0     0   3.640   745    3
   24.3     HEAVY      STABLE     HEAVY    110.0    15   10.22     0     0   3.640   745    3
   25.0     HEAVY      STABLE     HEAVY    106.9    16    9.77     0     0   3.640   745    3
   25.7     HEAVY      STABLE     HEAVY     98.2    12   10.01     0     0   3.640   745    3
   26.4     HEAVY      STABLE     HEAVY     96.5    10    9.92     0     0   3.640   745    3
   27.1     HEAVY      STABLE     HEAVY     94.9    11   10.10     0     0   3.640   745    3
   27.8     HEAVY      STABLE     HEAVY     91.6    15    9.79     0     0   3.640   745    3
   28.4     HEAVY      STABLE     HEAVY     97.9     8   10.07     0     0   3.640   745    3
   29.0     HEAVY      STABLE     HEAVY    112.9    13    9.92     0     0   3.640   745    3
   29.7     HEAVY      STABLE     HEAVY    101.9    11   10.03     0     0   3.270   670    4
   30.8     HEAVY      STABLE     HEAVY    119.8     7    9.79     0     0   3.270   670    4
   31.4     HEAVY      STABLE     HEAVY    126.0    11   10.32     0     0   3.270   670    4
   32.1     HEAVY      STABLE     HEAVY    118.2    11    9.91     0     0   3.270   670    4
   33.0     HEAVY      STABLE     HEAVY     95.3    13    9.44     0     0   3.270   670    4
   33.7     HEAVY      STABLE     HEAVY    114.1    11   10.29     0     0   3.270   670    4
   34.5     HEAVY      STABLE     HEAVY    121.2    13   10.20     0     0   3.270   670    4
   35.2     HEAVY      STABLE     HEAVY    102.2    11   10.14     0     0   3.270   670    4
   36.0     HEAVY      STABLE     HEAVY    101.5    14    9.80     0     0   3.270   670    4
   36.8     HEAVY      STABLE     HEAVY    103.2    12    9.94     0     0   3.270   670    4
   37.6     HEAVY      STABLE     HEAVY    134.1    11   10.23     0     0   2.940   603    5
   38.8     HEAVY      STABLE     HEAVY    135.6    13    9.72     0     0   2.940   603    5
   39.6     HEAVY      STABLE     HEAVY    138.6    11   10.36     0     0   2.940   603    5
   40.4     HEAVY      STABLE     HEAVY    119.5    10    9.90     0     0   2.940   603    5
   41.0     HEAVY      STABLE     HEAVY    128.1    10   10.04     0     0   2.940   603    5
   41.8     HEAVY      STABLE     HEAVY    152.8    15    9.89     0     0   2.940   603    5
   42.5     HEAVY      STABLE     HEAVY    126.1    14   10.12     0     0   2.940   603    5
   43.2     HEAVY      STABLE     HEAVY    128.1    10   10.11     0     0   2.940   603    5
   43.9     HEAVY      STABLE     HEAVY    140.1    10    9.89     0     0   2.940   603    5
   44.5     HEAVY      STABLE     HEAVY    140.4    14   10.04     0     0   2.940   603    5
   45.2     HEAVY      STABLE     HEAVY    149.2     9   10.05     0     0   2.640   542    6
   46.2     HEAVY      STABLE     HEAVY    127.2     8   10.00     0     0   2.640   542    6
   47.0     HEAVY      STABLE     HEAVY    120.4    13    9.89     0     0   2.640   542    6
   47.7     HEAVY      STABLE     HEAVY    138.0     8    9.93     0     0   2.640   542    6
   48.5     HEAVY      STABLE     HEAVY    127.3    12    9.87     0     0   2.640   542    6
   49.3     HEAVY      STABLE     HEAVY    115.9    10    7.25     0     0   2.640   542    6
   50.0     HEAVY      STABLE     HEAVY    155.6     8    9.99     0     0   2.640   542    6
   50.7     HEAVY      STABLE     HEAVY    109.6    13    9.99     0     0   2.640   542    6
   51.4     HEAVY      STABLE     HEAVY    149.3     7   10.04     0     0   2.640   542    6
   52.1     HEAVY      STABLE     HEAVY    163.2     5   10.03     0     0   2.640   542    6
   52.8     HEAVY      STABLE     HEAVY    135.0    14    9.86     0     0   2.380   487    7
   53.8     HEAVY      STABLE     HEAVY    161.8     9    9.77     0     0   2.380   487    7
   54.6     HEAVY      STABLE     HEAVY    167.9     6   10.00     0     0   2.380   487    7
   55.2     HEAVY      STABLE     HEAVY    169.5     9   10.46     0     0   2.380   487    7
   55.9     HEAVY      STABLE     HEAVY    151.3    10    9.95     0     0   2.380   487    7
   56.6     HEAVY      STABLE     HEAVY    136.8     8   10.04     0     0   2.380   487    7
   57.3     HEAVY      STABLE     HEAVY    148.2     9   10.01     0     0   2.380   487    7
   57.9     HEAVY      STABLE     HEAVY    142.2    11    9.88     0     0   2.380   487    7
   58.6     HEAVY      STABLE     HEAVY    140.1    15   10.04     0     0   2.380   487    7
   59.3     HEAVY      STABLE     HEAVY    131.6     0    8.35     0     0   2.380   487    7

Done — 80 ticks, 7 adjustments (0 predictive), mode=tc-only
