
==============================================================================
  ACAPE v6.0.0   mode=tc-only   qdisc=fq_codel handle=10:
  metrics -> results_sweep/rtt80/fq_codel_acape_steady_s2/acape_metrics_ctl.csv
==============================================================================
      t    regime        traj      pred     dr/s    bl    tput flows eleph  tgt_ms   lim  adj
---------------------------------------------------------------------------------------------
    0.8     HEAVY      STABLE     HEAVY    100.9     0    9.72     0     0   5.000  1024    0
    1.5  MODERATE      STABLE  MODERATE     12.0     6    9.98     0     0   5.000  1024    0
    2.1  MODERATE  RECOVERING     LIGHT     12.1     8    9.91     0     0   5.000  1024    0
    2.8  MODERATE  RECOVERING     LIGHT     10.8     8    9.91     0     0   5.000  1024    0
    3.5  MODERATE  RECOVERING     LIGHT     13.1     5    9.72     0     0   5.000  1024    0
    4.1  MODERATE      STABLE  MODERATE     10.8     0   10.00     0     0   5.000  1024    0
    4.8     LIGHT      STABLE     LIGHT      7.8     3    9.98     0     0   5.000  1024    0
    5.4     LIGHT      STABLE     LIGHT      9.4     1    9.96     0     0   5.000  1024    0
    6.1     LIGHT      STABLE     LIGHT      7.8     6    9.93     0     0   5.000  1024    0
    6.7  MODERATE      STABLE  MODERATE     13.6     3    9.81     0     0   5.000  1024    0
    7.4     LIGHT      STABLE     LIGHT      7.4     2    9.87     0     0   5.000  1024    0
    8.5     LIGHT      STABLE     LIGHT      8.3     4    7.38     0     0   5.000  1024    0
    9.2  MODERATE      STABLE  MODERATE     11.4     3   10.56     0     0   5.000  1024    0
    9.8  MODERATE      STABLE  MODERATE     11.0     5   10.07     0     0   5.000  1024    0
   10.5  MODERATE      STABLE  MODERATE     11.7     1    9.68     0     0   5.000  1024    0
   11.2     LIGHT      STABLE     LIGHT      7.4     6   10.11     0     0   5.000  1024    0
   11.8  MODERATE      STABLE  MODERATE     13.5     3    9.99     0     0   5.000  1024    0
   12.5     LIGHT      STABLE     LIGHT      4.6     5    9.93     0     0   5.000  1024    0
   13.2  MODERATE      STABLE  MODERATE     11.9     4    9.67     0     0   5.000  1024    0
   13.8     LIGHT      STABLE     LIGHT      7.5     5   10.15     0     0   5.000  1024    0
   14.5  MODERATE      STABLE  MODERATE     14.8     1    9.83     0     0   5.000  1024    0
   15.2     LIGHT      STABLE     LIGHT      5.7     5    9.83     0     0   5.000  1024    0
   15.9  MODERATE      STABLE  MODERATE     12.0     5   10.18     0     0   5.000  1024    0
   16.5     LIGHT      STABLE     LIGHT      9.1     0    9.92     0     0   5.000  1024    0
   17.2  MODERATE      STABLE  MODERATE     10.5     4   10.03     0     0   5.000  1024    0
   17.9  MODERATE      STABLE  MODERATE     10.5     5    9.92     0     0   5.000  1024    0
   18.6  MODERATE      STABLE  MODERATE     14.0     3    9.87     0     0   5.000  1024    0
   19.3     LIGHT      STABLE     LIGHT      7.1     4    9.97     0     0   5.000  1024    0
   20.0  MODERATE      STABLE  MODERATE     10.4     5   10.14     0     0   5.000  1024    0
   20.6  MODERATE      STABLE  MODERATE     12.0     0    9.92     0     0   5.000  1024    0
   21.3     LIGHT      STABLE     LIGHT      7.4     3    9.99     0     0   5.000  1024    0
   22.0     LIGHT      STABLE     LIGHT      8.8     6    9.77     0     0   5.000  1024    0
   22.7  MODERATE      STABLE  MODERATE     16.2     8    9.93     0     0   5.000  1024    0
   23.3     LIGHT      STABLE     LIGHT      8.9     1    9.89     0     0   5.000  1024    0
   24.0     LIGHT      STABLE     LIGHT      7.4     4    9.86     0     0   5.000  1024    0
   24.7  MODERATE      STABLE  MODERATE     10.6     3    9.96     0     0   5.000  1024    0
   25.3  MODERATE      STABLE  MODERATE     10.7     4    9.97     0     0   5.000  1024    0
   26.0  MODERATE      STABLE  MODERATE     11.8     0    9.89     0     0   5.000  1024    0
   26.7     LIGHT      STABLE     LIGHT      5.8     4    9.92     0     0   5.000  1024    0
   27.4  MODERATE      STABLE  MODERATE     10.7     4    9.94     0     0   5.000  1024    0
   28.0  MODERATE      STABLE  MODERATE     10.3     6    9.93     0     0   5.000  1024    0
   28.7  MODERATE      STABLE  MODERATE     14.0     1    9.94     0     0   5.000  1024    0
   29.3     LIGHT      STABLE     LIGHT      7.7     5   10.03     0     0   5.000  1024    0
   30.0  MODERATE      STABLE  MODERATE     11.7     0   10.00     0     0   5.000  1024    0
   30.7  MODERATE      STABLE  MODERATE     13.1     4    9.91     0     0   5.000  1024    0
   31.4     LIGHT      STABLE     LIGHT      7.0     1    9.86     0     0   5.000  1024    0
   32.1     LIGHT      STABLE     LIGHT      7.4     5    9.95     0     0   5.000  1024    0
   32.7  MODERATE      STABLE  MODERATE     12.4     6   10.12     0     0   5.000  1024    0
   33.4  MODERATE      STABLE  MODERATE     11.3     2    9.86     0     0   5.000  1024    0
   34.1     LIGHT      STABLE     LIGHT      7.6     3    9.95     0     0   5.000  1024    0
   34.7  MODERATE      STABLE  MODERATE     10.8     4   10.05     0     0   5.000  1024    0
   35.4     LIGHT      STABLE     LIGHT      7.8     7   10.08     0     0   5.000  1024    0
   36.0  MODERATE      STABLE  MODERATE     13.8     4    9.75     0     0   5.000  1024    0
   36.7  MODERATE      STABLE  MODERATE     10.7     0    9.91     0     0   5.000  1024    0
   37.3     LIGHT      STABLE     LIGHT      9.2     4    9.90     0     0   5.000  1024    0
   38.0  MODERATE      STABLE  MODERATE     10.3     3    9.95     0     0   5.000  1024    0
   38.7     LIGHT      STABLE     LIGHT      9.1     7   10.00     0     0   5.000  1024    0
   39.4  MODERATE      STABLE  MODERATE     11.8     5    9.41     0     0   5.000  1024    0
   40.0  MODERATE      STABLE  MODERATE     12.0     6   10.07     0     0   5.000  1024    0
   40.7  MODERATE      STABLE  MODERATE     10.5     4   10.01     0     0   5.000  1024    0
   41.3  MODERATE      STABLE  MODERATE     12.0     4    9.97     0     0   5.000  1024    0
   42.0  MODERATE      STABLE  MODERATE     10.4     4    9.81     0     0   5.000  1024    0
   42.7     LIGHT      STABLE     LIGHT      9.1     1    9.97     0     0   5.000  1024    0
   43.3     LIGHT      STABLE     LIGHT      9.3     1    9.79     0     0   5.000  1024    0
   44.0  MODERATE      STABLE  MODERATE     10.3     5    9.84     0     0   5.000  1024    0
   44.7  MODERATE      STABLE  MODERATE     14.9     4    9.88     0     0   5.000  1024    0
   45.3     LIGHT      STABLE     LIGHT      6.2     1    9.98     0     0   5.000  1024    0
   46.0  MODERATE      STABLE  MODERATE     10.9     5    9.97     0     0   5.000  1024    0
   46.6  MODERATE      STABLE  MODERATE     13.8     3   10.02     0     0   5.000  1024    0
   47.2     LIGHT      STABLE     LIGHT      9.4     3    9.81     0     0   5.000  1024    0
   47.9     LIGHT      STABLE     LIGHT      7.3     4    9.92     0     0   5.000  1024    0
   48.6     LIGHT      STABLE     LIGHT      8.6     7    9.91     0     0   5.000  1024    0
   49.3  MODERATE      STABLE  MODERATE     16.5     0    9.94     0     0   5.000  1024    0
   50.0     LIGHT      STABLE     LIGHT      7.6     0    9.92     0     0   5.000  1024    0
   50.6     LIGHT      STABLE     LIGHT      6.0     5   10.02     0     0   5.000  1024    0
   51.3  MODERATE      STABLE  MODERATE     10.8     6   10.02     0     0   5.000  1024    0
   51.9  MODERATE      STABLE  MODERATE     13.5     4    9.88     0     0   5.000  1024    0
   52.6  MODERATE      STABLE  MODERATE     10.8     3    9.77     0     0   5.000  1024    0
   53.3     LIGHT      STABLE     LIGHT      9.9     4   10.05     0     0   5.000  1024    0
   53.9  MODERATE      STABLE  MODERATE     10.7     2    9.97     0     0   5.000  1024    0
   54.6     LIGHT      STABLE     LIGHT      5.7     5    9.92     0     0   5.000  1024    0
   55.3  MODERATE      STABLE  MODERATE     16.9     4   10.13     0     0   5.000  1024    0
   55.9     LIGHT      STABLE     LIGHT      6.2     1    9.92     0     0   5.000  1024    0
   56.6     LIGHT      STABLE     LIGHT      7.5     5    9.96     0     0   5.000  1024    0
   57.3  MODERATE      STABLE  MODERATE     14.8     3    9.90     0     0   5.000  1024    0
   58.0     LIGHT      STABLE     LIGHT      7.1     2    9.51     0     0   5.000  1024    0
   58.7  MODERATE      STABLE  MODERATE     10.4     3   10.27     0     0   5.000  1024    0
   59.3     LIGHT      STABLE     LIGHT      8.7     6    9.59     0     0   5.000  1024    0

Done — 89 ticks, 0 adjustments (0 predictive), mode=tc-only
