
==============================================================================
  ACAPE v6.0.0   mode=tc-only   qdisc=fq_codel handle=10:
  metrics -> results_law/rtt3/fq_codel_acape_steady_s2/acape_metrics_ctl.csv
==============================================================================
      t    regime        traj      pred     dr/s    bl    tput flows eleph  tgt_ms   lim  adj
---------------------------------------------------------------------------------------------
    0.9     HEAVY      STABLE     HEAVY     70.8    11   10.21     0     0   5.000  1024    0
    1.6     HEAVY      STABLE     HEAVY     63.7     0   10.07     0     0   5.000  1024    0
    2.3     HEAVY      STABLE     HEAVY     68.6    16   10.00     0     0   5.000  1024    0
    3.0     HEAVY      STABLE     HEAVY     75.2    14    9.93     0     0   5.000  1024    0
    3.7     HEAVY      STABLE     HEAVY     75.9    13    9.94     0     0   5.000  1024    0
    4.4     HEAVY      STABLE     HEAVY     65.4    11    9.76     0     0   5.000  1024    0
    5.1     HEAVY      STABLE     HEAVY     67.6    14   10.20     0     0   5.000  1024    0
    5.9     HEAVY      STABLE     HEAVY     67.4    14   10.01     0     0   5.000  1024    0
    6.6     HEAVY      STABLE     HEAVY     72.0    12    9.96     0     0   5.000  1024    0
    7.3     HEAVY      STABLE     HEAVY     68.0    15    9.98     0     0   4.500   921    1
    8.3     HEAVY      STABLE     HEAVY     76.7    12   10.08     0     0   4.500   921    1
    8.9     HEAVY      STABLE     HEAVY     81.6    14    9.94     0     0   4.500   921    1
    9.6     HEAVY      STABLE     HEAVY     68.4    14    9.92     0     0   4.500   921    1
   10.3     HEAVY      STABLE     HEAVY     70.1    12    9.94     0     0   4.500   921    1
   11.0     HEAVY      STABLE     HEAVY     77.4    13    9.80     0     0   4.500   921    1
   11.8     HEAVY      STABLE     HEAVY     85.9     9    9.88     0     0   4.500   921    1
   12.5     HEAVY      STABLE     HEAVY     81.2    12   10.38     0     0   4.500   921    1
   13.2     HEAVY      STABLE     HEAVY     83.0     8   10.01     0     0   4.500   921    1
   13.9     HEAVY      STABLE     HEAVY     77.5    15   10.05     0     0   4.500   921    1
   14.6     HEAVY      STABLE     HEAVY     77.0    19    9.59     0     0   4.050   828    2
   15.8     HEAVY      STABLE     HEAVY     92.2    11   10.11     0     0   4.050   828    2
   16.5     HEAVY      STABLE     HEAVY    106.2    11   10.09     0     0   4.050   828    2
   17.1     HEAVY      STABLE     HEAVY     84.6    12    9.98     0     0   4.050   828    2
   17.8     HEAVY      STABLE     HEAVY     85.1    13   10.03     0     0   4.050   828    2
   18.5     HEAVY      STABLE     HEAVY     80.1    12    9.97     0     0   4.050   828    2
   19.2     HEAVY      STABLE     HEAVY     82.5    11    9.90     0     0   4.050   828    2
   19.8     HEAVY      STABLE     HEAVY    105.7    10   10.09     0     0   4.050   828    2
   20.5     HEAVY      STABLE     HEAVY     77.3    14    9.94     0     0   4.050   828    2
   21.1     HEAVY      STABLE     HEAVY     90.9    13   10.07     0     0   4.050   828    2
   21.8     HEAVY      STABLE     HEAVY     80.7    13    9.95     0     0   3.640   745    3
   22.8     HEAVY      STABLE     HEAVY     93.8    10    9.94     0     0   3.640   745    3
   23.5     HEAVY      STABLE     HEAVY     87.7    13    9.77     0     0   3.640   745    3
   24.3     HEAVY      STABLE     HEAVY    109.1    12   10.10     0     0   3.640   745    3
   25.0     HEAVY      STABLE     HEAVY     94.9    12   10.21     0     0   3.640   745    3
   25.6     HEAVY      STABLE     HEAVY     98.3    13   10.06     0     0   3.640   745    3
   26.3     HEAVY      STABLE     HEAVY    107.5    13    9.84     0     0   3.640   745    3
   27.0     HEAVY      STABLE     HEAVY    101.8    16   10.01     0     0   3.640   745    3
   27.7     HEAVY      STABLE     HEAVY     96.4    10    9.97     0     0   3.640   745    3
   28.4     HEAVY      STABLE     HEAVY     90.7    15   10.08     0     0   3.640   745    3
   29.1     HEAVY      STABLE     HEAVY     97.7    17    9.90     0     0   3.270   670    4
   30.3     HEAVY      STABLE     HEAVY    126.6    12    9.96     0     0   3.270   670    4
   31.0     HEAVY      STABLE     HEAVY    125.0    12   10.19     0     0   3.270   670    4
   31.7     HEAVY      STABLE     HEAVY    120.4    13    9.80     0     0   3.270   670    4
   32.4     HEAVY      STABLE     HEAVY    123.8    15   10.11     0     0   3.270   670    4
   33.1     HEAVY      STABLE     HEAVY    128.0    15   10.00     0     0   3.270   670    4
   33.8     HEAVY      STABLE     HEAVY    128.0    11   10.16     0     0   3.270   670    4
   34.4     HEAVY      STABLE     HEAVY    139.1    11    9.91     0     0   3.270   670    4
   35.1     HEAVY      STABLE     HEAVY    134.9    10   10.06     0     0   3.270   670    4
   35.8     HEAVY      STABLE     HEAVY    110.0    15    9.88     0     0   3.270   670    4
   36.5     HEAVY      STABLE     HEAVY    125.0    13   10.11     0     0   2.940   603    5
   37.4     HEAVY      STABLE     HEAVY    131.9     9    9.82     0     0   2.940   603    5
   38.0     HEAVY      STABLE     HEAVY    128.8    10   10.20     0     0   2.940   603    5
   38.7     HEAVY      STABLE     HEAVY    123.5    14    9.98     0     0   2.940   603    5
   39.4     HEAVY      STABLE     HEAVY    127.8     9   10.11     0     0   2.940   603    5
   40.1     HEAVY      STABLE     HEAVY    142.5     7    9.78     0     0   2.940   603    5
   40.8     HEAVY      STABLE     HEAVY    121.9    11   10.09     0     0   2.940   603    5
   41.6     HEAVY      STABLE     HEAVY    113.4    13   10.00     0     0   2.940   603    5
   42.2     HEAVY      STABLE     HEAVY    136.2    12    9.65     0     0   2.940   603    5
   42.9     HEAVY      STABLE     HEAVY    127.9    15   10.14     0     0   2.940   603    5
   43.6     HEAVY      STABLE     HEAVY    113.0    13    9.88     0     0   2.640   542    6
   44.7     HEAVY      STABLE     HEAVY    140.4    14   10.08     0     0   2.640   542    6
   45.4     HEAVY      STABLE     HEAVY    138.4    10    9.98     0     0   2.640   542    6
   46.0     HEAVY      STABLE     HEAVY    142.7    12   10.04     0     0   2.640   542    6
   46.7     HEAVY      STABLE     HEAVY    153.7     9   10.00     0     0   2.640   542    6
   47.4     HEAVY      STABLE     HEAVY    129.8    11    9.94     0     0   2.640   542    6
   48.1     HEAVY      STABLE     HEAVY    145.4    12   10.03     0     0   2.640   542    6
   48.7     HEAVY      STABLE     HEAVY    126.7    14   10.07     0     0   2.640   542    6
   49.4     HEAVY      STABLE     HEAVY    146.9    11    9.88     0     0   2.640   542    6
   50.1     HEAVY      STABLE     HEAVY    140.2    10    9.91     0     0   2.640   542    6
   50.8     HEAVY      STABLE     HEAVY    151.2     7   10.13     0     0   2.380   487    7
   51.9     HEAVY      STABLE     HEAVY    143.1    11    9.76     0     0   2.380   487    7
   52.6     HEAVY      STABLE     HEAVY    145.7    11   10.30     0     0   2.380   487    7
   53.4     HEAVY      STABLE     HEAVY    150.5     8   10.05     0     0   2.380   487    7
   54.2     HEAVY      STABLE     HEAVY    135.3    12    9.86     0     0   2.380   487    7
   54.9     HEAVY      STABLE     HEAVY    143.0    16   10.00     0     0   2.380   487    7
   55.6     HEAVY      STABLE     HEAVY    156.7     8    9.94     0     0   2.380   487    7
   56.4     HEAVY      STABLE     HEAVY    158.0    11    9.88     0     0   2.380   487    7
   57.0     HEAVY      STABLE     HEAVY    156.2    11   10.21     0     0   2.380   487    7
   57.8     HEAVY      STABLE     HEAVY    152.0    15    9.45     0     0   2.380   487    7
   58.5     HEAVY      STABLE     HEAVY    169.3    12   10.56     0     0   2.140   438    8
   59.5     HEAVY      STABLE     HEAVY     54.8     0    4.32     0     0   2.140   438    8

Done — 82 ticks, 8 adjustments (0 predictive), mode=tc-only
