
==============================================================================
  ACAPE v6.0.0   mode=tc-only   qdisc=fq_codel handle=10:
  metrics -> results_sweep/fq_codel_sham_mixed_s3/acape_metrics_sham.csv
==============================================================================
      t    regime        traj      pred     dr/s    bl    tput flows eleph  tgt_ms   lim  adj
---------------------------------------------------------------------------------------------
    0.8     HEAVY      STABLE     HEAVY    125.2    37    9.55     0     0   5.000  1024    0
    1.5     HEAVY      STABLE     HEAVY     98.2     9   10.00     0     0   5.000  1024    0
    2.6     HEAVY  RECOVERING  MODERATE     36.2     5    9.68     0     0   5.000  1024    0
    3.5     HEAVY  RECOVERING  MODERATE     31.8     8    9.78     0     0   5.000  1024    0
    4.6     HEAVY  RECOVERING  MODERATE     33.4    10    9.90     0     0   5.000  1024    0
    5.7     HEAVY      STABLE     HEAVY     33.7     6   10.07     0     0   5.000  1024    0
    6.7     HEAVY      STABLE     HEAVY     33.2     5   10.11     0     0   5.000  1024    0
    7.7     HEAVY      STABLE     HEAVY     33.3     7   10.02     0     0   5.000  1024    0
    8.7     HEAVY      STABLE     HEAVY     34.7     6    9.97     0     0   5.000  1024    0
    9.6     HEAVY      STABLE     HEAVY     32.9     8   10.01     0     0   5.000  1024    0
   10.6     HEAVY      STABLE     HEAVY     32.6     8    9.55     0     0   5.000  1024    0
   11.6     HEAVY      STABLE     HEAVY     35.2     9   10.24     0     0   5.000  1024    0
   12.6     HEAVY      STABLE     HEAVY     34.5    10   10.12     0     0   5.000  1024    0
   13.6     HEAVY      STABLE     HEAVY     31.6     7   10.00     0     0   5.000  1024    0
   14.5     HEAVY      STABLE     HEAVY     32.5     7    9.92     0     0   5.000  1024    0
   15.5     HEAVY      STABLE     HEAVY     34.4     5    9.95     0     0   5.000  1024    0
   16.5     HEAVY      STABLE     HEAVY     32.7     6    9.82     0     0   5.000  1024    0
   17.4     HEAVY      STABLE     HEAVY     32.9     5    9.97     0     0   5.000  1024    0
   18.4     HEAVY      STABLE     HEAVY     31.9     5    9.82     0     0   5.000  1024    0
   19.4     HEAVY      STABLE     HEAVY     33.6     6   10.29     0     0   5.000  1024    0
   20.4     HEAVY      STABLE     HEAVY     32.3     9    9.98     0     0   5.000  1024    0
   21.5     HEAVY      STABLE     HEAVY     34.2     8    9.78     0     0   5.000  1024    0
   22.5     HEAVY      STABLE     HEAVY     34.4     8   10.30     0     0   5.000  1024    0
   23.5     HEAVY      STABLE     HEAVY     33.2     3    9.84     0     0   5.000  1024    0
   24.5     HEAVY      STABLE     HEAVY     33.5     6   10.10     0     0   5.000  1024    0
   25.5     HEAVY      STABLE     HEAVY     31.0    10   10.10     0     0   5.000  1024    0
   26.5     HEAVY      STABLE     HEAVY     33.2     8    9.87     0     0   5.000  1024    0
   27.4     HEAVY      STABLE     HEAVY     34.8    10    9.90     0     0   5.000  1024    0
   28.3     HEAVY      STABLE     HEAVY     31.9     9   10.26     0     0   5.000  1024    0
   29.3     HEAVY      STABLE     HEAVY     37.2     7   10.01     0     0   5.000  1024    0
   30.3     HEAVY      STABLE     HEAVY     34.4     7    9.97     0     0   5.000  1024    0
   31.3     HEAVY      STABLE     HEAVY     33.6     8   10.05     0     0   5.000  1024    0
   32.4     HEAVY      STABLE     HEAVY     32.3     9    9.76     0     0   5.000  1024    0
   33.5     HEAVY      STABLE     HEAVY     33.9     7   10.08     0     0   5.000  1024    0
   34.5     HEAVY      STABLE     HEAVY     35.0     7   10.18     0     0   5.000  1024    0
   35.4     HEAVY      STABLE     HEAVY     32.9     7    9.97     0     0   5.000  1024    0
   36.5     HEAVY      STABLE     HEAVY     33.1    11    9.69     0     0   5.000  1024    0
   37.4     HEAVY      STABLE     HEAVY     35.0     8   10.43     0     0   5.000  1024    0
   38.3     HEAVY      STABLE     HEAVY     31.9     7    9.93     0     0   5.000  1024    0
   39.3     HEAVY      STABLE     HEAVY     34.1     7    9.91     0     0   5.000  1024    0
   40.3     HEAVY      STABLE     HEAVY     32.8     8    9.95     0     0   5.000  1024    0
   41.1     HEAVY      STABLE     HEAVY     35.0     7   10.21     0     0   5.000  1024    0
   42.1     HEAVY      STABLE     HEAVY     33.5    11    9.82     0     0   5.000  1024    0
   42.9     HEAVY      STABLE     HEAVY     34.2     6   10.14     0     0   5.000  1024    0
   43.8     HEAVY      STABLE     HEAVY     34.2     5   10.15     0     0   5.000  1024    0
   44.8     HEAVY      STABLE     HEAVY     33.0     8    9.76     0     0   5.000  1024    0
   45.8     HEAVY      STABLE     HEAVY     34.6     8   10.07     0     0   5.000  1024    0
   46.8     HEAVY      STABLE     HEAVY     32.2     8    9.86     0     0   5.000  1024    0
   47.8     HEAVY      STABLE     HEAVY     33.5     5    9.87     0     0   5.000  1024    0
   48.9     HEAVY      STABLE     HEAVY     34.4     5   10.05     0     0   5.000  1024    0
   49.8     HEAVY      STABLE     HEAVY     33.2     9    9.77     0     0   5.000  1024    0
   50.9     HEAVY      STABLE     HEAVY     31.8    10    9.89     0     0   5.000  1024    0
   51.9     HEAVY      STABLE     HEAVY     32.5    10    9.66     0     0   5.000  1024    0
   52.8     HEAVY      STABLE     HEAVY     35.9     8   10.33     0     0   5.000  1024    0
   53.8     HEAVY      STABLE     HEAVY     33.7     5    9.86     0     0   5.000  1024    0
   54.8     HEAVY      STABLE     HEAVY     34.3     7   10.03     0     0   5.000  1024    0
   55.7     HEAVY      STABLE     HEAVY     34.0     7   10.03     0     0   5.000  1024    0
   56.7     HEAVY      STABLE     HEAVY     31.5     8    9.64     0     0   5.000  1024    0
   57.7     HEAVY      STABLE     HEAVY     34.3     7   10.24     0     0   5.000  1024    0
   58.4     HEAVY      STABLE     HEAVY     39.1     6   10.62     0     0   5.000  1024    0
   59.0     HEAVY      STABLE     HEAVY     32.1     7    9.95     0     0   5.000  1024    0
   59.7     HEAVY      STABLE     HEAVY     37.3     6   10.02     0     0   5.000  1024    0

Done — 63 ticks, 0 adjustments (0 predictive), mode=tc-only
