[acape] bounds for target 20.0ms: target 0.8-80ms interval 80-1.2e+03ms

==============================================================================
  ACAPE v6.0.0   mode=tc-only   qdisc=fq_codel handle=10:
  metrics -> results_law/ratio_t20_r80/fq_codel_acape_t20_steady_s2/acape_metrics_ctl.csv
==============================================================================
      t    regime        traj      pred     dr/s    bl    tput flows eleph  tgt_ms   lim  adj
---------------------------------------------------------------------------------------------
    2.5     HEAVY      STABLE     HEAVY     19.2    22   10.06     0     0  20.000  1024    0
    4.7     HEAVY      STABLE     HEAVY      9.1    11   10.01     0     0  20.000  1024    0
    6.9  MODERATE      STABLE  MODERATE      7.3    12   10.02     0     0  20.000  1024    0
    9.0  MODERATE      STABLE  MODERATE      7.0    11   10.02     0     0  20.000  1024    0
   11.2     HEAVY      STABLE     HEAVY      8.3    12    9.99     0     0  20.000  1024    0
   13.4  MODERATE      STABLE  MODERATE      7.3     7    9.97     0     0  20.000  1024    0
   16.0  MODERATE      STABLE  MODERATE      6.8    14    8.79     0     0  20.000  1024    0
   18.3     HEAVY      STABLE     HEAVY      8.8     0   10.17     0     0  20.000  1024    0
   20.5     HEAVY      STABLE     HEAVY      7.7     7    9.91     0     0  20.000  1024    0
   22.8  MODERATE      STABLE  MODERATE      7.1     4    9.90     0     0  20.000  1024    0
   25.0  MODERATE      STABLE  MODERATE      6.8     9   10.06     0     0  20.000  1024    0
   27.2  MODERATE      STABLE  MODERATE      7.2    10    9.94     0     0  20.000  1024    0
   29.4  MODERATE      STABLE  MODERATE      7.2    11   10.05     0     0  20.000  1024    0
   31.6  MODERATE      STABLE  MODERATE      7.4     0    9.95     0     0  20.000  1024    0
