
==============================================================================
  ACAPE v6.0.0   mode=tc-only   qdisc=fq_codel handle=10:
  metrics -> results/fq_codel_acape_steady_s2/acape_metrics_ctl.csv
==============================================================================
      t    regime        traj      pred     dr/s    bl    tput flows eleph  tgt_ms   lim  adj
---------------------------------------------------------------------------------------------
    0.9     HEAVY      STABLE     HEAVY     44.8     8   10.11     0     0   5.000  1024    0
    1.5     HEAVY      STABLE     HEAVY     34.0     9    9.95     0     0   5.000  1024    0
    2.2     HEAVY      STABLE     HEAVY     37.6     5   10.14     0     0   5.000  1024    0
    2.8     HEAVY      STABLE     HEAVY     30.8     6   10.00     0     0   5.000  1024    0
    3.5     HEAVY      STABLE     HEAVY     33.9     7    9.94     0     0   5.000  1024    0
    4.2     HEAVY      STABLE     HEAVY     35.6     9   10.03     0     0   5.000  1024    0
    4.8     HEAVY      STABLE     HEAVY     35.4     5   10.02     0     0   5.000  1024    0
    5.5     HEAVY      STABLE     HEAVY     30.4     7    9.91     0     0   5.000  1024    0
    6.2     HEAVY      STABLE     HEAVY     34.8     9    9.94     0     0   5.000  1024    0
    6.8     HEAVY      STABLE     HEAVY     36.3     5   10.03     0     0   4.500   921    1
    7.9     HEAVY      STABLE     HEAVY     35.2     7    9.97     0     0   4.500   921    1
    8.6     HEAVY      STABLE     HEAVY     35.3     4    9.92     0     0   4.500   921    1
    9.2     HEAVY      STABLE     HEAVY     33.5     8   10.20     0     0   4.500   921    1
    9.9     HEAVY      STABLE     HEAVY     34.8     7    9.99     0     0   4.500   921    1
   10.6     HEAVY      STABLE     HEAVY     34.8    10    9.98     0     0   4.500   921    1
   11.2     HEAVY      STABLE     HEAVY     35.9     8    9.95     0     0   4.500   921    1
   11.9     HEAVY      STABLE     HEAVY     34.4     6   10.06     0     0   4.500   921    1
   12.5     HEAVY      STABLE     HEAVY     36.8     5   10.04     0     0   4.500   921    1
   13.2     HEAVY      STABLE     HEAVY     33.5     7    9.97     0     0   4.500   921    1
   13.9     HEAVY      STABLE     HEAVY     40.4     5   10.01     0     0   4.050   828    2
   14.8     HEAVY      STABLE     HEAVY     33.9     9    9.93     0     0   4.050   828    2
   15.5     HEAVY      STABLE     HEAVY     35.0     8    9.96     0     0   4.050   828    2
   16.2     HEAVY      STABLE     HEAVY     32.7     9   10.07     0     0   4.050   828    2
   16.9     HEAVY      STABLE     HEAVY     40.5     7    9.97     0     0   4.050   828    2
   17.5     HEAVY      STABLE     HEAVY     32.9     8   10.04     0     0   4.050   828    2
   18.2     HEAVY      STABLE     HEAVY     36.0     8    9.92     0     0   4.050   828    2
   18.9     HEAVY      STABLE     HEAVY     36.1     8   10.02     0     0   4.050   828    2
   19.5     HEAVY      STABLE     HEAVY     40.8     6    9.98     0     0   4.050   828    2
   20.2     HEAVY      STABLE     HEAVY     32.7     7    9.87     0     0   4.050   828    2
   20.9     HEAVY      STABLE     HEAVY     42.0     3    9.97     0     0   3.640   745    3
   21.9     HEAVY      STABLE     HEAVY     33.9     6   10.06     0     0   3.640   745    3
   22.6     HEAVY      STABLE     HEAVY     39.7     5    9.82     0     0   3.640   745    3
   23.2     HEAVY      STABLE     HEAVY     34.3     7   10.22     0     0   3.640   745    3
   23.9     HEAVY      STABLE     HEAVY     36.5     8    9.90     0     0   3.640   745    3
   24.6     HEAVY      STABLE     HEAVY     38.4     6   10.09     0     0   3.640   745    3
   25.2     HEAVY      STABLE     HEAVY     35.8     6   10.04     0     0   3.640   745    3
   25.9     HEAVY      STABLE     HEAVY     35.9     7    9.92     0     0   3.640   745    3
   26.6     HEAVY      STABLE     HEAVY     37.6     7   10.00     0     0   3.640   745    3
   27.3     HEAVY      STABLE     HEAVY     38.7     3   10.00     0     0   3.640   745    3
   27.9     HEAVY      STABLE     HEAVY     36.9     6    9.98     0     0   3.270   670    4
   29.0     HEAVY      STABLE     HEAVY     34.3     8    9.98     0     0   3.270   670    4
   29.7     HEAVY      STABLE     HEAVY     40.9     4    9.73     0     0   3.270   670    4
   30.4     HEAVY      STABLE     HEAVY     39.1     8    9.77     0     0   3.270   670    4
   31.1     HEAVY      STABLE     HEAVY     37.0     8   10.17     0     0   3.270   670    4
   31.8     HEAVY      STABLE     HEAVY     39.1     8    9.93     0     0   3.270   670    4
   32.4     HEAVY      STABLE     HEAVY     35.8     9    9.99     0     0   3.270   670    4
   33.1     HEAVY      STABLE     HEAVY     44.0     5    9.83     0     0   3.270   670    4
   33.8     HEAVY      STABLE     HEAVY     36.8     6   10.18     0     0   3.270   670    4
   34.5     HEAVY      STABLE     HEAVY     36.9     8    9.94     0     0   3.270   670    4
   35.1     HEAVY      STABLE     HEAVY     39.0     6   10.07     0     0   2.940   603    5
   36.1     HEAVY      STABLE     HEAVY     36.1     7    9.98     0     0   2.940   603    5
   36.8     HEAVY      STABLE     HEAVY     42.6     7   10.00     0     0   2.940   603    5
   37.5     HEAVY      STABLE     HEAVY     38.7     7    9.88     0     0   2.940   603    5
   38.2     HEAVY      STABLE     HEAVY     37.6     5    9.91     0     0   2.940   603    5
   38.8     HEAVY      STABLE     HEAVY     35.4     8   10.24     0     0   2.940   603    5
   39.5     HEAVY      STABLE     HEAVY     45.0     5    9.84     0     0   2.940   603    5
   40.2     HEAVY      STABLE     HEAVY     36.9     7    9.98     0     0   2.940   603    5
   40.8     HEAVY      STABLE     HEAVY     37.6     7   10.14     0     0   2.940   603    5
   41.5     HEAVY      STABLE     HEAVY     43.5     3   10.01     0     0   2.940   603    5
   42.1     HEAVY      STABLE     HEAVY     33.3     7    9.94     0     0   2.640   542    6
   43.1     HEAVY      STABLE     HEAVY     41.9     5    9.97     0     0   2.640   542    6
   43.7     HEAVY      STABLE     HEAVY     44.1     5    9.95     0     0   2.640   542    6
   44.4     HEAVY      STABLE     HEAVY     41.9     4   10.09     0     0   2.640   542    6
   45.1     HEAVY      STABLE     HEAVY     39.5     5    9.91     0     0   2.640   542    6
   45.7     HEAVY      STABLE     HEAVY     45.6     6   10.12     0     0   2.640   542    6
   46.4     HEAVY      STABLE     HEAVY     40.4     9    9.86     0     0   2.640   542    6
   47.1     HEAVY      STABLE     HEAVY     42.7     6   10.05     0     0   2.640   542    6
   47.7     HEAVY      STABLE     HEAVY     42.2     5   10.10     0     0   2.640   542    6
   48.4     HEAVY      STABLE     HEAVY     37.6     4    9.86     0     0   2.640   542    6
   49.1     HEAVY      STABLE     HEAVY     46.7     6    9.93     0     0   2.380   487    7
   50.6     HEAVY      STABLE     HEAVY     36.0     6    8.27     0     0   2.380   487    7
   51.3     HEAVY      STABLE     HEAVY     47.2     5    9.87     0     0   2.380   487    7
   52.0     HEAVY      STABLE     HEAVY     45.0     7   10.03     0     0   2.380   487    7
   52.6     HEAVY      STABLE     HEAVY     42.6     9   10.00     0     0   2.380   487    7
   53.3     HEAVY      STABLE     HEAVY     40.6     8   10.02     0     0   2.380   487    7
   53.9     HEAVY      STABLE     HEAVY     44.3     4   10.00     0     0   2.380   487    7
   54.6     HEAVY      STABLE     HEAVY     47.9     4    9.99     0     0   2.380   487    7
   55.2     HEAVY      STABLE     HEAVY     42.5     6   10.01     0     0   2.380   487    7
   55.9     HEAVY      STABLE     HEAVY     41.9     6    9.95     0     0   2.380   487    7
   56.5     HEAVY      STABLE     HEAVY     43.7     7   10.02     0     0   2.140   438    8
   57.4     HEAVY      STABLE     HEAVY     44.9     7    9.88     0     0   2.140   438    8
   58.1     HEAVY      STABLE     HEAVY     51.4     6   10.02     0     0   2.140   438    8
   58.8     HEAVY      STABLE     HEAVY     43.1     1    9.85     0     0   2.140   438    8
   59.4     HEAVY      STABLE     HEAVY     31.7     0    6.73     0     0   2.140   438    8

Done — 85 ticks, 8 adjustments (0 predictive), mode=tc-only
