[acape] bounds for target 15.0ms: target 0.6-60ms interval 60-900ms

==============================================================================
  ACAPE v6.0.0   mode=tc-only   qdisc=pie handle=10:
  metrics -> results_cross/pie_rtt8/pie_acape_steady_s3/acape_metrics_ctl.csv
==============================================================================
      t    regime        traj      pred     dr/s    bl    tput flows eleph  tgt_ms   lim  adj
---------------------------------------------------------------------------------------------
    1.9     HEAVY      STABLE     HEAVY    106.3     6    9.89     0     0  15.000  1000    0
    3.6     HEAVY      STABLE     HEAVY    107.7    10   10.06     0     0  15.000  1000    0
    5.3     HEAVY  RECOVERING  MODERATE     71.4    10    9.94     0     0  15.000  1000    0
    7.0     HEAVY  RECOVERING  MODERATE     68.0    11   10.00     0     0  15.000  1000    0
    8.7     HEAVY      STABLE     HEAVY     55.4    11    9.94     0     0  15.000  1000    0
   10.5     HEAVY      STABLE     HEAVY     60.8    12   10.09     0     0  15.000  1000    0
   12.1     HEAVY      STABLE     HEAVY     60.2    12   10.04     0     0  15.000  1000    0
   13.8     HEAVY      STABLE     HEAVY     67.7    11    9.98     0     0  15.000  1000    0
   15.6     HEAVY      STABLE     HEAVY     62.0    10    9.81     0     0  15.000  1000    0
   17.2     HEAVY      STABLE     HEAVY     67.9    10   10.21     0     0  13.500   900    1
   19.2     HEAVY      STABLE     HEAVY     63.2    11    9.98     0     0  13.500   900    1
   20.9     HEAVY      STABLE     HEAVY     58.0     6   10.01     0     0  13.500   900    1
   22.6     HEAVY      STABLE     HEAVY     57.5     7    9.94     0     0  13.500   900    1
   24.2     HEAVY      STABLE     HEAVY     63.1    10   10.02     0     0  13.500   900    1
   26.0     HEAVY      STABLE     HEAVY     56.8     0    9.52     0     0  13.500   900    1
   27.6     HEAVY      STABLE     HEAVY     42.4    15   10.05     0     0  13.500   900    1
   29.4     HEAVY      STABLE     HEAVY     48.2    11    9.97     0     0  13.500   900    1
   31.0     HEAVY      STABLE     HEAVY     50.5    10   10.04     0     0  13.500   900    1
   32.7     HEAVY      STABLE     HEAVY     52.8    13    9.95     0     0  13.500   900    1
   34.4     HEAVY      STABLE     HEAVY     58.0     9   10.04     0     0  12.100   810    2
   36.4     HEAVY      STABLE     HEAVY     56.3     9    9.97     0     0  12.100   810    2
   38.0     HEAVY      STABLE     HEAVY     57.0     9   10.04     0     0  12.100   810    2
   39.8     HEAVY      STABLE     HEAVY     60.2     8    9.97     0     0  12.100   810    2
   41.5     HEAVY      STABLE     HEAVY     62.9    10   10.01     0     0  12.100   810    2
   43.2     HEAVY      STABLE     HEAVY     59.4    12    9.98     0     0  12.100   810    2
   44.9     HEAVY      STABLE     HEAVY     75.2     7    9.92     0     0  12.100   810    2
   46.6     HEAVY      STABLE     HEAVY     64.6     5   10.00     0     0  12.100   810    2
   48.3     HEAVY      STABLE     HEAVY     65.0     7    9.97     0     0  12.100   810    2
   50.0     HEAVY      STABLE     HEAVY     69.5    10   10.04     0     0  12.100   810    2
   51.7     HEAVY      STABLE     HEAVY     61.7     9    9.96     0     0  10.900   729    3
   53.7     HEAVY      STABLE     HEAVY     68.5     7   10.02     0     0  10.900   729    3
   55.4     HEAVY      STABLE     HEAVY     74.0     8    9.53     0     0  10.900   729    3
   57.1     HEAVY      STABLE     HEAVY     72.9     9   10.04     0     0  10.900   729    3
   58.8     HEAVY      STABLE     HEAVY     78.0     8   10.04     0     0  10.900   729    3

Done — 35 ticks, 3 adjustments (0 predictive), mode=tc-only
