[eBPF] attached prog_id=20 jited=True
[eBPF] flow_map id=13 via bpf(2) (key=16B value=56B)
[acape] bounds for target 20.0ms interval 400.0ms: target 0.8-80ms interval 80-1.2e+03ms (interval/target ratio 20.0)

==============================================================================
  ACAPE v6.0.0   mode=eBPF   qdisc=fq_codel handle=10:
  metrics -> results_gate/t20_r20/fq_codel_acape_ebpf_t20_steady_s3/acape_metrics_ctl.csv
==============================================================================
      t    regime        traj      pred     dr/s    bl    tput flows eleph  tgt_ms   lim  adj
---------------------------------------------------------------------------------------------
    2.5     HEAVY      STABLE     HEAVY     16.5    19   10.11     9     0  20.000  1024    0
    4.8     HEAVY      STABLE     HEAVY     15.9    15    9.93     9     0  20.000  1024    0
    6.9     HEAVY      STABLE     HEAVY     15.2    19   10.05     9     8  20.000  1024    0
    9.2     HEAVY      STABLE     HEAVY     16.6    18    9.96     9     8  20.000  1024    0
   11.3     HEAVY      STABLE     HEAVY     15.6    15   10.06     9     8  20.000  1024    0
   13.6     HEAVY      STABLE     HEAVY     15.0    18    9.97     9     8  20.000  1024    0
   15.8     HEAVY      STABLE     HEAVY     16.6    18    9.98     9     8  20.000  1024    0
   18.0     HEAVY      STABLE     HEAVY     15.3    18   10.03     9     8  20.000  1024    0
   20.2     HEAVY      STABLE     HEAVY     15.0    18    9.93     9     8  20.000  1024    0
   22.4     HEAVY      STABLE     HEAVY     16.2    18   10.03     9     8  18.000   921    1
   25.0     HEAVY      STABLE     HEAVY     16.5    18    9.95     9     8  18.000   921    1
   27.1     HEAVY      STABLE     HEAVY     15.7    16   10.01     9     8  18.000   921    1
   29.3     HEAVY      STABLE     HEAVY     15.3    19    9.96     9     8  18.000   921    1
   31.6     HEAVY      STABLE     HEAVY     16.4    17   10.03     9     8  18.000   921    1
   33.8     HEAVY      STABLE     HEAVY     15.4    17    9.96     9     8  18.000   921    1
   36.0     HEAVY      STABLE     HEAVY     15.9    16    9.95     9     8  18.000   921    1
   38.2     HEAVY      STABLE     HEAVY     15.3    17   10.02     9     8  18.000   921    1
   40.4     HEAVY      STABLE     HEAVY     15.7    16    9.93     9     8  18.000   921    1
   42.6     HEAVY      STABLE     HEAVY     15.2    18    9.94     9     8  18.000   921    1
   45.0     HEAVY      STABLE     HEAVY     16.4    17    9.89     9     8  16.200   828    2
   47.5     HEAVY      STABLE     HEAVY     15.8    18   10.15     9     8  16.200   828    2
   49.7     HEAVY      STABLE     HEAVY     15.6    18    9.05     9     8  16.200   828    2
   51.9     HEAVY      STABLE     HEAVY     16.5    14   10.00     9     8  16.200   828    2
   54.1     HEAVY      STABLE     HEAVY     15.0    20   10.00     9     8  16.200   828    2
   56.3     HEAVY      STABLE     HEAVY     16.8    17    9.94     8     8  16.200   828    2
   58.5     HEAVY      STABLE     HEAVY     15.7    15   10.04     8     8  16.200   828    2
   60.9     HEAVY      STABLE     HEAVY     15.0    14    8.99     8     8  16.200   828    2
   63.1     HEAVY      STABLE     HEAVY     16.8    15    9.98     8     8  16.200   828    2
   65.3     HEAVY      STABLE     HEAVY     14.9    15   10.02     8     8  16.200   828    2
   67.5     HEAVY      STABLE     HEAVY     15.6    16    9.81     8     8  14.600   745    3
   70.0     HEAVY      STABLE     HEAVY     17.6    16   10.03     8     8  14.600   745    3
   72.2     HEAVY      STABLE     HEAVY     19.1    13    9.97     8     8  14.600   745    3
   74.4     HEAVY      STABLE     HEAVY     19.3    12   10.00     8     8  14.600   745    3
   76.5     HEAVY      STABLE     HEAVY     17.6    13   10.04     8     8  14.600   745    3
   78.7     HEAVY      STABLE     HEAVY     16.9    17    9.96     8     8  14.600   745    3
   81.0     HEAVY      STABLE     HEAVY     18.0    16    9.86     8     8  14.600   745    3
   83.2     HEAVY      STABLE     HEAVY     19.0    12    9.86     8     8  14.600   745    3
   85.4     HEAVY      STABLE     HEAVY     16.8    12   10.07     8     8  14.600   745    3
   87.6     HEAVY      STABLE     HEAVY     17.7    16   10.03     8     8  14.600   745    3
   89.8     HEAVY      STABLE     HEAVY     16.6    15    9.66     8     8  13.100   670    4
   92.4     HEAVY      STABLE     HEAVY     20.9    15    9.99     8     8  13.100   670    4
   94.5     HEAVY      STABLE     HEAVY     22.2    18    9.99     8     8  13.100   670    4
   96.8     HEAVY      STABLE     HEAVY     23.4    10    9.89     8     8  13.100   670    4
   99.0     HEAVY      STABLE     HEAVY     20.8    18   10.03     8     8  13.100   670    4
  101.2     HEAVY      STABLE     HEAVY     23.1    15    9.93     8     8  13.100   670    4
  103.5     HEAVY      STABLE     HEAVY     22.7    15    9.95     8     8  13.100   670    4
  105.7     HEAVY      STABLE     HEAVY     21.9     0   10.06     8     8  13.100   670    4
  107.9     HEAVY      STABLE     HEAVY     21.9    15    9.98     8     8  13.100   670    4
  110.1     HEAVY      STABLE     HEAVY     21.3    11   10.00     8     8  13.100   670    4
  112.3     HEAVY      STABLE     HEAVY     21.1    16    9.93     8     8  11.800   603    5
  114.8     HEAVY      STABLE     HEAVY     26.6     8   10.00     8     8  11.800   603    5
  117.0     HEAVY      STABLE     HEAVY     26.9    11   10.02     8     8  11.800   603    5
  119.3     HEAVY      STABLE     HEAVY     26.6    13    9.98     8     8  11.800   603    5
  121.4     HEAVY      STABLE     HEAVY     25.5    12   10.03     8     8  11.800   603    5
  123.6     HEAVY      STABLE     HEAVY     29.6     8    9.98     8     8  11.800   603    5
  125.9     HEAVY      STABLE     HEAVY     25.8     8    9.98     8     8  11.800   603    5
  128.1     HEAVY      STABLE     HEAVY     27.0     8   10.02     8     8  11.800   603    5
  130.3     HEAVY      STABLE     HEAVY     24.0    13    9.93     8     8  11.800   603    5
  132.5     HEAVY      STABLE     HEAVY     27.2    11   10.03     8     8  11.800   603    5
  134.7     HEAVY      STABLE     HEAVY     27.7    11    9.96     8     8  10.600   542    6
  137.3     HEAVY      STABLE     HEAVY     27.5    12   10.03     8     8  10.600   542    6
  139.5     HEAVY      STABLE     HEAVY     26.7    11    9.94     8     8  10.600   542    6
  141.7     HEAVY      STABLE     HEAVY     27.5    11   10.04     8     8  10.600   542    6
  143.9     HEAVY      STABLE     HEAVY     28.8     6    9.91     8     8  10.600   542    6
  146.2     HEAVY      STABLE     HEAVY     26.8    11   10.03     8     8  10.600   542    6
  148.4     HEAVY      STABLE     HEAVY     28.0     8   10.02     8     8  10.600   542    6
  150.5     HEAVY      STABLE     HEAVY     27.6    12    9.99     8     8  10.600   542    6
  152.8     HEAVY      STABLE     HEAVY     27.6    10    9.97     8     8  10.600   542    6
  155.0     HEAVY      STABLE     HEAVY     27.4     8    9.94     8     8  10.600   542    6
  157.3     HEAVY      STABLE     HEAVY     26.9     9    9.87     8     8   9.540   487    7
  159.9     HEAVY      STABLE     HEAVY     28.8    10    9.93     8     8   9.540   487    7
  162.2     HEAVY      STABLE     HEAVY     28.3    14   10.03     8     8   9.540   487    7
  164.4     HEAVY      STABLE     HEAVY     29.3     9   10.08     8     8   9.540   487    7
  166.6     HEAVY      STABLE     HEAVY     27.7     9    9.99     8     8   9.540   487    7
  168.8     HEAVY      STABLE     HEAVY     28.5    11    9.96     8     8   9.540   487    7
  171.0     HEAVY      STABLE     HEAVY     30.2     8    9.99     8     8   9.540   487    7
  173.2     HEAVY      STABLE     HEAVY     27.1    12   10.06     8     8   9.540   487    7
  175.4     HEAVY      STABLE     HEAVY     29.3    12    9.93     8     8   9.540   487    7
  177.6     HEAVY      STABLE     HEAVY     29.0    11   10.04     8     8   9.540   487    7
  179.8     HEAVY      STABLE     HEAVY     30.1    11   10.03     8     8   8.590   438    8
  182.4     HEAVY      STABLE     HEAVY     29.2    13    9.94     8     8   8.590   438    8
  184.5     HEAVY      STABLE     HEAVY     31.7     8   10.06     8     8   8.590   438    8
  186.8     HEAVY      STABLE     HEAVY     28.5     8    9.94     8     8   8.590   438    8
  189.0     HEAVY      STABLE     HEAVY     30.2     9    9.99     8     8   8.590   438    8
  191.2     HEAVY      STABLE     HEAVY     31.5    11   10.01     8     8   8.590   438    8
  193.4     HEAVY      STABLE     HEAVY     26.4    11    8.70     8     8   8.590   438    8
  195.7     HEAVY      STABLE     HEAVY     31.1     9   10.00     8     8   8.590   438    8
  197.9     HEAVY      STABLE     HEAVY     30.5     7    9.96     8     8   8.590   438    8
  200.1     HEAVY      STABLE     HEAVY     28.5    12   10.04     8     8   8.590   438    8
  202.3     HEAVY      STABLE     HEAVY     31.9     8   10.00     8     8   7.730   394    9
  204.9     HEAVY      STABLE     HEAVY     31.9     9    9.96     8     8   7.730   394    9
  207.1     HEAVY      STABLE     HEAVY     32.5    11    9.99     8     8   7.730   394    9
  209.3     HEAVY      STABLE     HEAVY     31.0    11    9.90     8     8   7.730   394    9
  211.5     HEAVY      STABLE     HEAVY     34.3     7   10.00     8     8   7.730   394    9
  213.8     HEAVY      STABLE     HEAVY     32.2    10    9.89     8     8   7.730   394    9
  216.1     HEAVY      STABLE     HEAVY     33.4     7   10.04     8     8   7.730   394    9
  218.2     HEAVY      STABLE     HEAVY     31.5    10   10.00     8     8   7.730   394    9
  220.4     HEAVY      STABLE     HEAVY     32.8    13    9.95     8     8   7.730   394    9
  222.6     HEAVY      STABLE     HEAVY     32.8     9   10.03     8     8   7.730   394    9
  224.8     HEAVY      STABLE     HEAVY     30.4    11    9.99     8     8   6.960   354   10
  227.3     HEAVY      STABLE     HEAVY     34.7     9    9.95     8     8   6.960   354   10
  229.5     HEAVY      STABLE     HEAVY     33.9     8   10.02     8     8   6.960   354   10
  231.7     HEAVY      STABLE     HEAVY     34.0    10    9.99     8     8   6.960   354   10
  233.9     HEAVY      STABLE     HEAVY     34.6    10    9.93     8     8   6.960   354   10
  236.1     HEAVY      STABLE     HEAVY     33.0    10   10.01     8     8   6.960   354   10
  238.4     HEAVY      STABLE     HEAVY     34.3     0    9.84     9     8   6.960   354   10

Done — 107 ticks, 10 adjustments (0 predictive), mode=eBPF
