-----------------------------------------------------------
Server listening on 5201 (test #1)
-----------------------------------------------------------
Accepted connection from 192.168.1.2, port 60692
[  5] local 192.168.2.2 port 5201 connected to 192.168.1.2 port 60698
[  8] local 192.168.2.2 port 5201 connected to 192.168.1.2 port 60714
[ ID] Interval           Transfer     Bitrate
[  5]   0.00-1.00   sec   512 KBytes  4.19 Mbits/sec                  
[  8]   0.00-1.00   sec   512 KBytes  4.18 Mbits/sec                  
[SUM]   0.00-1.00   sec  1.00 MBytes  8.37 Mbits/sec                  
- - - - - - - - - - - - - - - - - - - - - - - - -
[  5]   1.00-2.00   sec   512 KBytes  4.20 Mbits/sec                  
[  8]   1.00-2.00   sec   512 KBytes  4.20 Mbits/sec                  
[SUM]   1.00-2.00   sec  1.00 MBytes  8.39 Mbits/sec                  
- - - - - - - - - - - - - - - - - - - - - - - - -
[  5]   2.00-3.00   sec   640 KBytes  5.24 Mbits/sec                  
[  8]   2.00-3.00   sec   640 KBytes  5.24 Mbits/sec                  
[SUM]   2.00-3.00   sec  1.25 MBytes  10.5 Mbits/sec                  
- - - - - - - - - - - - - - - - - - - - - - - - -
[  5]   3.00-4.00   sec   512 KBytes  4.19 Mbits/sec                  
[  8]   3.00-4.00   sec   512 KBytes  4.20 Mbits/sec                  
[SUM]   3.00-4.00   sec  1.00 MBytes  8.39 Mbits/sec                  
- - - - - - - - - - - - - - - - - - - - - - - - -
[  5]   4.00-5.00   sec   640 KBytes  5.24 Mbits/sec                  
[  8]   4.00-5.00   sec   640 KBytes  5.24 Mbits/sec                  
[SUM]   4.00-5.00   sec  1.25 MBytes  10.5 Mbits/sec                  
- - - - - - - - - - - - - - - - - - - - - - - - -
[  5]   5.00-6.00   sec   512 KBytes  4.20 Mbits/sec                  
[  8]   5.00-6.00   sec   512 KBytes  4.20 Mbits/sec                  
[SUM]   5.00-6.00   sec  1.00 MBytes  8.39 Mbits/sec                  
- - - - - - - - - - - - - - - - - - - - - - - - -
[  5]   6.00-7.00   sec   640 KBytes  5.24 Mbits/sec                  
[  8]   6.00-7.00   sec   640 KBytes  5.24 Mbits/sec                  
[SUM]   6.00-7.00   sec  1.25 MBytes  10.5 Mbits/sec                  
- - - - - - - - - - - - - - - - - - - - - - - - -
[  5]   7.00-8.00   sec   512 KBytes  4.20 Mbits/sec                  
[  8]   7.00-8.00   sec   512 KBytes  4.20 Mbits/sec                  
[SUM]   7.00-8.00   sec  1.00 MBytes  8.39 Mbits/sec                  
- - - - - - - - - - - - - - - - - - - - - - - - -
[  5]   8.00-9.00   sec   640 KBytes  5.24 Mbits/sec                  
[  8]   8.00-9.00   sec   640 KBytes  5.24 Mbits/sec                  
[SUM]   8.00-9.00   sec  1.25 MBytes  10.5 Mbits/sec                  
- - - - - - - - - - - - - - - - - - - - - - - - -
[  5]   9.00-10.00  sec   512 KBytes  4.20 Mbits/sec                  
[  8]   9.00-10.00  sec   512 KBytes  4.20 Mbits/sec                  
[SUM]   9.00-10.00  sec  1.00 MBytes  8.39 Mbits/sec                  
- - - - - - - - - - - - - - - - - - - - - - - - -
[  5]  10.00-11.00  sec   640 KBytes  5.25 Mbits/sec                  
[  8]  10.00-11.00  sec   640 KBytes  5.25 Mbits/sec                  
[SUM]  10.00-11.00  sec  1.25 MBytes  10.5 Mbits/sec                  
- - - - - - - - - - - - - - - - - - - - - - - - -
[  5]  11.00-12.00  sec   512 KBytes  4.20 Mbits/sec                  
[  8]  11.00-12.00  sec   512 KBytes  4.20 Mbits/sec                  
[SUM]  11.00-12.00  sec  1.00 MBytes  8.39 Mbits/sec                  
- - - - - - - - - - - - - - - - - - - - - - - - -
[  5]  12.00-13.00  sec   640 KBytes  5.24 Mbits/sec                  
[  8]  12.00-13.00  sec   640 KBytes  5.24 Mbits/sec                  
[SUM]  12.00-13.00  sec  1.25 MBytes  10.5 Mbits/sec                  
- - - - - - - - - - - - - - - - - - - - - - - - -
[  5]  13.00-14.00  sec   512 KBytes  4.19 Mbits/sec                  
[  8]  13.00-14.00  sec   512 KBytes  4.19 Mbits/sec                  
[SUM]  13.00-14.00  sec  1.00 MBytes  8.39 Mbits/sec                  
- - - - - - - - - - - - - - - - - - - - - - - - -
[  5]  14.00-15.00  sec   640 KBytes  5.24 Mbits/sec                  
[  8]  14.00-15.00  sec   640 KBytes  5.24 Mbits/sec                  
[SUM]  14.00-15.00  sec  1.25 MBytes  10.5 Mbits/sec                  
- - - - - - - - - - - - - - - - - - - - - - - - -
[  5]  15.00-16.00  sec   512 KBytes  4.19 Mbits/sec                  
[  8]  15.00-16.00  sec   512 KBytes  4.19 Mbits/sec                  
[SUM]  15.00-16.00  sec  1.00 MBytes  8.39 Mbits/sec                  
- - - - - - - - - - - - - - - - - - - - - - - - -
[  5]  16.00-17.00  sec   640 KBytes  5.24 Mbits/sec                  
[  8]  16.00-17.00  sec   640 KBytes  5.24 Mbits/sec                  
[SUM]  16.00-17.00  sec  1.25 MBytes  10.5 Mbits/sec                  
- - - - - - - - - - - - - - - - - - - - - - - - -
[  5]  17.00-18.00  sec   512 KBytes  4.20 Mbits/sec                  
[  8]  17.00-18.00  sec   512 KBytes  4.20 Mbits/sec                  
[SUM]  17.00-18.00  sec  1.00 MBytes  8.39 Mbits/sec                  
- - - - - - - - - - - - - - - - - - - - - - - - -
[  5]  18.00-19.00  sec   640 KBytes  5.24 Mbits/sec                  
[  8]  18.00-19.00  sec   640 KBytes  5.24 Mbits/sec                  
[SUM]  18.00-19.00  sec  1.25 MBytes  10.5 Mbits/sec                  
- - - - - - - - - - - - - - - - - - - - - - - - -
[  5]  19.00-20.00  sec   512 KBytes  4.20 Mbits/sec                  
[  8]  19.00-20.00  sec   512 KBytes  4.20 Mbits/sec                  
[SUM]  19.00-20.00  sec  1.00 MBytes  8.39 Mbits/sec                  
- - - - - - - - - - - - - - - - - - - - - - - - -
[ ID] Interval           Transfer     Bitrate
[  5]   0.00-20.05  sec  11.1 MBytes  4.65 Mbits/sec                  receiver
[  8]   0.00-20.05  sec  11.1 MBytes  4.65 Mbits/sec                  receiver
[SUM]   0.00-20.05  sec  22.2 MBytes  9.31 Mbits/sec                  receiver
-----------------------------------------------------------
Server listening on 5201 (test #2)
-----------------------------------------------------------
Accepted connection from 192.168.1.2, port 48482
[  5] local 192.168.2.2 port 5201 connected to 192.168.1.2 port 48496
[  8] local 192.168.2.2 port 5201 connected to 192.168.1.2 port 48506
[ 10] local 192.168.2.2 port 5201 connected to 192.168.1.2 port 48516
[ 12] local 192.168.2.2 port 5201 connected to 192.168.1.2 port 48528
[ 14] local 192.168.2.2 port 5201 connected to 192.168.1.2 port 48540
[ 16] local 192.168.2.2 port 5201 connected to 192.168.1.2 port 48546
[ 18] local 192.168.2.2 port 5201 connected to 192.168.1.2 port 48552
[ 20] local 192.168.2.2 port 5201 connected to 192.168.1.2 port 48566
[ 22] local 192.168.2.2 port 5201 connected to 192.168.1.2 port 48570
[ 24] local 192.168.2.2 port 5201 connected to 192.168.1.2 port 48580
[ 26] local 192.168.2.2 port 5201 connected to 192.168.1.2 port 48584
[ 28] local 192.168.2.2 port 5201 connected to 192.168.1.2 port 48598
[ 30] local 192.168.2.2 port 5201 connected to 192.168.1.2 port 48602
[ 32] local 192.168.2.2 port 5201 connected to 192.168.1.2 port 48614
[ 34] local 192.168.2.2 port 5201 connected to 192.168.1.2 port 48618
[ 36] local 192.168.2.2 port 5201 connected to 192.168.1.2 port 48628
[ 38] local 192.168.2.2 port 5201 connected to 192.168.1.2 port 48640
[ 40] local 192.168.2.2 port 5201 connected to 192.168.1.2 port 48650
[ 42] local 192.168.2.2 port 5201 connected to 192.168.1.2 port 48658
[ 44] local 192.168.2.2 port 5201 connected to 192.168.1.2 port 48672
[ 46] local 192.168.2.2 port 5201 connected to 192.168.1.2 port 48684
[ 48] local 192.168.2.2 port 5201 connected to 192.168.1.2 port 48694
[ 50] local 192.168.2.2 port 5201 connected to 192.168.1.2 port 48706
[ 52] local 192.168.2.2 port 5201 connected to 192.168.1.2 port 48714
[ ID] Interval           Transfer     Bitrate
[  5]   0.00-1.00   sec  0.00 Bytes  0.00 bits/sec                  
[  8]   0.00-1.00   sec  0.00 Bytes  0.00 bits/sec                  
[ 10]   0.00-1.00   sec  0.00 Bytes  0.00 bits/sec                  
[ 12]   0.00-1.00   sec  0.00 Bytes  0.00 bits/sec                  
[ 14]   0.00-1.00   sec  0.00 Bytes  0.00 bits/sec                  
[ 16]   0.00-1.00   sec  0.00 Bytes  0.00 bits/sec                  
[ 18]   0.00-1.00   sec  0.00 Bytes  0.00 bits/sec                  
[ 20]   0.00-1.00   sec  0.00 Bytes  0.00 bits/sec                  
[ 22]   0.00-1.00   sec  0.00 Bytes  0.00 bits/sec                  
[ 24]   0.00-1.00   sec  0.00 Bytes  0.00 bits/sec                  
[ 26]   0.00-1.00   sec  0.00 Bytes  0.00 bits/sec                  
[ 28]   0.00-1.00   sec  0.00 Bytes  0.00 bits/sec                  
[ 30]   0.00-1.00   sec  0.00 Bytes  0.00 bits/sec                  
[ 32]   0.00-1.00   sec  0.00 Bytes  0.00 bits/sec                  
[ 34]   0.00-1.00   sec  0.00 Bytes  0.00 bits/sec                  
[ 36]   0.00-1.00   sec  0.00 Bytes  0.00 bits/sec                  
[ 38]   0.00-1.00   sec  0.00 Bytes  0.00 bits/sec                  
[ 40]   0.00-1.00   sec  0.00 Bytes  0.00 bits/sec                  
[ 42]   0.00-1.00   sec  0.00 Bytes  0.00 bits/sec                  
[ 44]   0.00-1.00   sec  0.00 Bytes  0.00 bits/sec                  
[ 46]   0.00-1.00   sec  0.00 Bytes  0.00 bits/sec                  
[ 48]   0.00-1.00   sec  0.00 Bytes  0.00 bits/sec                  
[ 50]   0.00-1.00   sec  0.00 Bytes  0.00 bits/sec                  
[ 52]   0.00-1.00   sec  0.00 Bytes  0.00 bits/sec                  
[SUM]   0.00-1.00   sec  0.00 Bytes  0.00 bits/sec                  
- - - - - - - - - - - - - - - - - - - - - - - - -
[  5]   1.00-2.00   sec  0.00 Bytes  0.00 bits/sec                  
[  8]   1.00-2.00   sec  0.00 Bytes  0.00 bits/sec                  
[ 10]   1.00-2.00   sec  0.00 Bytes  0.00 bits/sec                  
[ 12]   1.00-2.00   sec  0.00 Bytes  0.00 bits/sec                  
[ 14]   1.00-2.00   sec  0.00 Bytes  0.00 bits/sec                  
[ 16]   1.00-2.00   sec  0.00 Bytes  0.00 bits/sec                  
[ 18]   1.00-2.00   sec  0.00 Bytes  0.00 bits/sec                  
[ 20]   1.00-2.00   sec  0.00 Bytes  0.00 bits/sec                  
[ 22]   1.00-2.00   sec  0.00 Bytes  0.00 bits/sec                  
[ 24]   1.00-2.00   sec  0.00 Bytes  0.00 bits/sec                  
[ 26]   1.00-2.00   sec  0.00 Bytes  0.00 bits/sec                  
[ 28]   1.00-2.00   sec  0.00 Bytes  0.00 bits/sec                  
[ 30]   1.00-2.00   sec  0.00 Bytes  0.00 bits/sec                  
[ 32]   1.00-2.00   sec  0.00 Bytes  0.00 bits/sec                  
[ 34]   1.00-2.00   sec  0.00 Bytes  0.00 bits/sec                  
[ 36]   1.00-2.00   sec  0.00 Bytes  0.00 bits/sec                  
[ 38]   1.00-2.00   sec  0.00 Bytes  0.00 bits/sec                  
[ 40]   1.00-2.00   sec  0.00 Bytes  0.00 bits/sec                  
[ 42]   1.00-2.00   sec  0.00 Bytes  0.00 bits/sec                  
[ 44]   1.00-2.00   sec  0.00 Bytes  0.00 bits/sec                  
[ 46]   1.00-2.00   sec  0.00 Bytes  0.00 bits/sec                  
[ 48]   1.00-2.00   sec  0.00 Bytes  0.00 bits/sec                  
[ 50]   1.00-2.00   sec  0.00 Bytes  0.00 bits/sec                  
[ 52]   1.00-2.00   sec  0.00 Bytes  0.00 bits/sec                  
[SUM]   1.00-2.00   sec  0.00 Bytes  0.00 bits/sec                  
- - - - - - - - - - - - - - - - - - - - - - - - -
[  5]   2.00-3.00   sec   128 KBytes  1.05 Mbits/sec                  
[  8]   2.00-3.00   sec   128 KBytes  1.05 Mbits/sec                  
[ 10]   2.00-3.00   sec   128 KBytes  1.05 Mbits/sec                  
[ 12]   2.00-3.00   sec   128 KBytes  1.05 Mbits/sec                  
[ 14]   2.00-3.00   sec   128 KBytes  1.05 Mbits/sec                  
[ 16]   2.00-3.00   sec  0.00 Bytes  0.00 bits/sec                  
[ 18]   2.00-3.00   sec  0.00 Bytes  0.00 bits/sec                  
[ 20]   2.00-3.00   sec   128 KBytes  1.05 Mbits/sec                  
[ 22]   2.00-3.00   sec  0.00 Bytes  0.00 bits/sec                  
[ 24]   2.00-3.00   sec  0.00 Bytes  0.00 bits/sec                  
[ 26]   2.00-3.00   sec   128 KBytes  1.05 Mbits/sec                  
[ 28]   2.00-3.00   sec   128 KBytes  1.05 Mbits/sec                  
[ 30]   2.00-3.00   sec   128 KBytes  1.05 Mbits/sec                  
[ 32]   2.00-3.00   sec   128 KBytes  1.05 Mbits/sec                  
[ 34]   2.00-3.00   sec   128 KBytes  1.05 Mbits/sec                  
[ 36]   2.00-3.00   sec   128 KBytes  1.05 Mbits/sec                  
[ 38]   2.00-3.00   sec   128 KBytes  1.05 Mbits/sec                  
[ 40]   2.00-3.00   sec   128 KBytes  1.05 Mbits/sec                  
[ 42]   2.00-3.00   sec   128 KBytes  1.05 Mbits/sec                  
[ 44]   2.00-3.00   sec   128 KBytes  1.05 Mbits/sec                  
[ 46]   2.00-3.00   sec   128 KBytes  1.05 Mbits/sec                  
[ 48]   2.00-3.00   sec   128 KBytes  1.05 Mbits/sec                  
[ 50]   2.00-3.00   sec   128 KBytes  1.05 Mbits/sec                  
[ 52]   2.00-3.00   sec   128 KBytes  1.05 Mbits/sec                  
[SUM]   2.00-3.00   sec  2.50 MBytes  21.0 Mbits/sec                  
- - - - - - - - - - - - - - - - - - - - - - - - -
[  5]   3.00-4.00   sec  0.00 Bytes  0.00 bits/sec                  
[  8]   3.00-4.00   sec  0.00 Bytes  0.00 bits/sec                  
[ 10]   3.00-4.00   sec  0.00 Bytes  0.00 bits/sec                  
[ 12]   3.00-4.00   sec  0.00 Bytes  0.00 bits/sec                  
[ 14]   3.00-4.00   sec  0.00 Bytes  0.00 bits/sec                  
[ 16]   3.00-4.00   sec   128 KBytes  1.05 Mbits/sec                  
[ 18]   3.00-4.00   sec   128 KBytes  1.05 Mbits/sec                  
[ 20]   3.00-4.00   sec  0.00 Bytes  0.00 bits/sec                  
[ 22]   3.00-4.00   sec   128 KBytes  1.05 Mbits/sec                  
[ 24]   3.00-4.00   sec   128 KBytes  1.05 Mbits/sec                  
[ 26]   3.00-4.00   sec  0.00 Bytes  0.00 bits/sec                  
[ 28]   3.00-4.00   sec  0.00 Bytes  0.00 bits/sec                  
[ 30]   3.00-4.00   sec  0.00 Bytes  0.00 bits/sec                  
[ 32]   3.00-4.00   sec  0.00 Bytes  0.00 bits/sec                  
[ 34]   3.00-4.00   sec  0.00 Bytes  0.00 bits/sec                  
[ 36]   3.00-4.00   sec  0.00 Bytes  0.00 bits/sec                  
[ 38]   3.00-4.00   sec  0.00 Bytes  0.00 bits/sec                  
[ 40]   3.00-4.00   sec  0.00 Bytes  0.00 bits/sec                  
[ 42]   3.00-4.00   sec  0.00 Bytes  0.00 bits/sec                  
[ 44]   3.00-4.00   sec  0.00 Bytes  0.00 bits/sec                  
[ 46]   3.00-4.00   sec  0.00 Bytes  0.00 bits/sec                  
[ 48]   3.00-4.00   sec  0.00 Bytes  0.00 bits/sec                  
[ 50]   3.00-4.00   sec  0.00 Bytes  0.00 bits/sec                  
[ 52]   3.00-4.00   sec  0.00 Bytes  0.00 bits/sec                  
[SUM]   3.00-4.00   sec   512 KBytes  4.20 Mbits/sec                  
- - - - - - - - - - - - - - - - - - - - - - - - -
[  5]   4.00-5.00   sec  0.00 Bytes  0.00 bits/sec                  
[  8]   4.00-5.00   sec  0.00 Bytes  0.00 bits/sec                  
[ 10]   4.00-5.00   sec   128 KBytes  1.05 Mbits/sec                  
[ 12]   4.00-5.00   sec   128 KBytes  1.05 Mbits/sec                  
[ 14]   4.00-5.00   sec  0.00 Bytes  0.00 bits/sec                  
[ 16]   4.00-5.00   sec  0.00 Bytes  0.00 bits/sec                  
[ 18]   4.00-5.00   sec  0.00 Bytes  0.00 bits/sec                  
[ 20]   4.00-5.00   sec  0.00 Bytes  0.00 bits/sec                  
[ 22]   4.00-5.00   sec  0.00 Bytes  0.00 bits/sec                  
[ 24]   4.00-5.00   sec  0.00 Bytes  0.00 bits/sec                  
[ 26]   4.00-5.00   sec   128 KBytes  1.05 Mbits/sec                  
[ 28]   4.00-5.00   sec  0.00 Bytes  0.00 bits/sec                  
[ 30]   4.00-5.00   sec  0.00 Bytes  0.00 bits/sec                  
[ 32]   4.00-5.00   sec  0.00 Bytes  0.00 bits/sec                  
[ 34]   4.00-5.00   sec   128 KBytes  1.05 Mbits/sec                  
[ 36]   4.00-5.00   sec   128 KBytes  1.05 Mbits/sec                  
[ 38]   4.00-5.00   sec  0.00 Bytes  0.00 bits/sec                  
[ 40]   4.00-5.00   sec  0.00 Bytes  0.00 bits/sec                  
[ 42]   4.00-5.00   sec  0.00 Bytes  0.00 bits/sec                  
[ 44]   4.00-5.00   sec  0.00 Bytes  0.00 bits/sec                  
[ 46]   4.00-5.00   sec  0.00 Bytes  0.00 bits/sec                  
[ 48]   4.00-5.00   sec  0.00 Bytes  0.00 bits/sec                  
[ 50]   4.00-5.00   sec  0.00 Bytes  0.00 bits/sec                  
[ 52]   4.00-5.00   sec   128 KBytes  1.05 Mbits/sec                  
[SUM]   4.00-5.00   sec   768 KBytes  6.28 Mbits/sec                  
- - - - - - - - - - - - - - - - - - - - - - - - -
[  5]   5.00-6.00   sec   128 KBytes  1.05 Mbits/sec                  
[  8]   5.00-6.00   sec   128 KBytes  1.05 Mbits/sec                  
[ 10]   5.00-6.00   sec  0.00 Bytes  0.00 bits/sec                  
[ 12]   5.00-6.00   sec  0.00 Bytes  0.00 bits/sec                  
[ 14]   5.00-6.00   sec   128 KBytes  1.05 Mbits/sec                  
[ 16]   5.00-6.00   sec  0.00 Bytes  0.00 bits/sec                  
[ 18]   5.00-6.00   sec  0.00 Bytes  0.00 bits/sec                  
[ 20]   5.00-6.00   sec   128 KBytes  1.05 Mbits/sec                  
[ 22]   5.00-6.00   sec  0.00 Bytes  0.00 bits/sec                  
[ 24]   5.00-6.00   sec  0.00 Bytes  0.00 bits/sec                  
[ 26]   5.00-6.00   sec  0.00 Bytes  0.00 bits/sec                  
[ 28]   5.00-6.00   sec   128 KBytes  1.05 Mbits/sec                  
[ 30]   5.00-6.00   sec   128 KBytes  1.05 Mbits/sec                  
[ 32]   5.00-6.00   sec   128 KBytes  1.05 Mbits/sec                  
[ 34]   5.00-6.00   sec  0.00 Bytes  0.00 bits/sec                  
[ 36]   5.00-6.00   sec  0.00 Bytes  0.00 bits/sec                  
[ 38]   5.00-6.00   sec   128 KBytes  1.05 Mbits/sec                  
[ 40]   5.00-6.00   sec   128 KBytes  1.05 Mbits/sec                  
[ 42]   5.00-6.00   sec   128 KBytes  1.05 Mbits/sec                  
[ 44]   5.00-6.00   sec   128 KBytes  1.05 Mbits/sec                  
[ 46]   5.00-6.00   sec   128 KBytes  1.05 Mbits/sec                  
[ 48]   5.00-6.00   sec   128 KBytes  1.05 Mbits/sec                  
[ 50]   5.00-6.00   sec   128 KBytes  1.05 Mbits/sec                  
[ 52]   5.00-6.00   sec  0.00 Bytes  0.00 bits/sec                  
[SUM]   5.00-6.00   sec  1.75 MBytes  14.7 Mbits/sec                  
- - - - - - - - - - - - - - - - - - - - - - - - -
[  5]   6.00-7.00   sec  0.00 Bytes  0.00 bits/sec                  
[  8]   6.00-7.00   sec  0.00 Bytes  0.00 bits/sec                  
[ 10]   6.00-7.00   sec  0.00 Bytes  0.00 bits/sec                  
[ 12]   6.00-7.00   sec  0.00 Bytes  0.00 bits/sec                  
[ 14]   6.00-7.00   sec  0.00 Bytes  0.00 bits/sec                  
[ 16]   6.00-7.00   sec   128 KBytes  1.05 Mbits/sec                  
[ 18]   6.00-7.00   sec   128 KBytes  1.05 Mbits/sec                  
[ 20]   6.00-7.00   sec  0.00 Bytes  0.00 bits/sec                  
[ 22]   6.00-7.00   sec   128 KBytes  1.05 Mbits/sec                  
[ 24]   6.00-7.00   sec   128 KBytes  1.05 Mbits/sec                  
[ 26]   6.00-7.00   sec  0.00 Bytes  0.00 bits/sec                  
[ 28]   6.00-7.00   sec  0.00 Bytes  0.00 bits/sec                  
[ 30]   6.00-7.00   sec  0.00 Bytes  0.00 bits/sec                  
[ 32]   6.00-7.00   sec  0.00 Bytes  0.00 bits/sec                  
[ 34]   6.00-7.00   sec  0.00 Bytes  0.00 bits/sec                  
[ 36]   6.00-7.00   sec  0.00 Bytes  0.00 bits/sec                  
[ 38]   6.00-7.00   sec  0.00 Bytes  0.00 bits/sec                  
[ 40]   6.00-7.00   sec  0.00 Bytes  0.00 bits/sec                  
[ 42]   6.00-7.00   sec  0.00 Bytes  0.00 bits/sec                  
[ 44]   6.00-7.00   sec  0.00 Bytes  0.00 bits/sec                  
[ 46]   6.00-7.00   sec  0.00 Bytes  0.00 bits/sec                  
[ 48]   6.00-7.00   sec  0.00 Bytes  0.00 bits/sec                  
[ 50]   6.00-7.00   sec  0.00 Bytes  0.00 bits/sec                  
[ 52]   6.00-7.00   sec  0.00 Bytes  0.00 bits/sec                  
[SUM]   6.00-7.00   sec   512 KBytes  4.19 Mbits/sec                  
- - - - - - - - - - - - - - - - - - - - - - - - -
[  5]   7.00-8.00   sec  0.00 Bytes  0.00 bits/sec                  
[  8]   7.00-8.00   sec  0.00 Bytes  0.00 bits/sec                  
[ 10]   7.00-8.00   sec   128 KBytes  1.05 Mbits/sec                  
[ 12]   7.00-8.00   sec   128 KBytes  1.05 Mbits/sec                  
[ 14]   7.00-8.00   sec   128 KBytes  1.05 Mbits/sec                  
[ 16]   7.00-8.00   sec  0.00 Bytes  0.00 bits/sec                  
[ 18]   7.00-8.00   sec  0.00 Bytes  0.00 bits/sec                  
[ 20]   7.00-8.00   sec   128 KBytes  1.05 Mbits/sec                  
[ 22]   7.00-8.00   sec  0.00 Bytes  0.00 bits/sec                  
[ 24]   7.00-8.00   sec  0.00 Bytes  0.00 bits/sec                  
[ 26]   7.00-8.00   sec   128 KBytes  1.05 Mbits/sec                  
[ 28]   7.00-8.00   sec   128 KBytes  1.05 Mbits/sec                  
[ 30]   7.00-8.00   sec   128 KBytes  1.05 Mbits/sec                  
[ 32]   7.00-8.00   sec  0.00 Bytes  0.00 bits/sec                  
[ 34]   7.00-8.00   sec   128 KBytes  1.05 Mbits/sec                  
[ 36]   7.00-8.00   sec   128 KBytes  1.05 Mbits/sec                  
[ 38]   7.00-8.00   sec  0.00 Bytes  0.00 bits/sec                  
[ 40]   7.00-8.00   sec  0.00 Bytes  0.00 bits/sec                  
[ 42]   7.00-8.00   sec  0.00 Bytes  0.00 bits/sec                  
[ 44]   7.00-8.00   sec  0.00 Bytes  0.00 bits/sec                  
[ 46]   7.00-8.00   sec  0.00 Bytes  0.00 bits/sec                  
[ 48]   7.00-8.00   sec   128 KBytes  1.05 Mbits/sec                  
[ 50]   7.00-8.00   sec  0.00 Bytes  0.00 bits/sec                  
[ 52]   7.00-8.00   sec   128 KBytes  1.05 Mbits/sec                  
[SUM]   7.00-8.00   sec  1.38 MBytes  11.5 Mbits/sec                  
- - - - - - - - - - - - - - - - - - - - - - - - -
[  5]   8.00-9.00   sec   128 KBytes  1.05 Mbits/sec                  
[  8]   8.00-9.00   sec   128 KBytes  1.05 Mbits/sec                  
[ 10]   8.00-9.00   sec  0.00 Bytes  0.00 bits/sec                  
[ 12]   8.00-9.00   sec  0.00 Bytes  0.00 bits/sec                  
[ 14]   8.00-9.00   sec  0.00 Bytes  0.00 bits/sec                  
[ 16]   8.00-9.00   sec   128 KBytes  1.05 Mbits/sec                  
[ 18]   8.00-9.00   sec   128 KBytes  1.05 Mbits/sec                  
[ 20]   8.00-9.00   sec  0.00 Bytes  0.00 bits/sec                  
[ 22]   8.00-9.00   sec   128 KBytes  1.05 Mbits/sec                  
[ 24]   8.00-9.00   sec   128 KBytes  1.05 Mbits/sec                  
[ 26]   8.00-9.00   sec  0.00 Bytes  0.00 bits/sec                  
[ 28]   8.00-9.00   sec  0.00 Bytes  0.00 bits/sec                  
[ 30]   8.00-9.00   sec  0.00 Bytes  0.00 bits/sec                  
[ 32]   8.00-9.00   sec   128 KBytes  1.05 Mbits/sec                  
[ 34]   8.00-9.00   sec  0.00 Bytes  0.00 bits/sec                  
[ 36]   8.00-9.00   sec  0.00 Bytes  0.00 bits/sec                  
[ 38]   8.00-9.00   sec   128 KBytes  1.05 Mbits/sec                  
[ 40]   8.00-9.00   sec   128 KBytes  1.05 Mbits/sec                  
[ 42]   8.00-9.00   sec   128 KBytes  1.05 Mbits/sec                  
[ 44]   8.00-9.00   sec   128 KBytes  1.05 Mbits/sec                  
[ 46]   8.00-9.00   sec   128 KBytes  1.05 Mbits/sec                  
[ 48]   8.00-9.00   sec  0.00 Bytes  0.00 bits/sec                  
[ 50]   8.00-9.00   sec   128 KBytes  1.05 Mbits/sec                  
[ 52]   8.00-9.00   sec  0.00 Bytes  0.00 bits/sec                  
[SUM]   8.00-9.00   sec  1.62 MBytes  13.6 Mbits/sec                  
- - - - - - - - - - - - - - - - - - - - - - - - -
[  5]   9.00-10.00  sec  0.00 Bytes  0.00 bits/sec                  
[  8]   9.00-10.00  sec  0.00 Bytes  0.00 bits/sec                  
[ 10]   9.00-10.00  sec  0.00 Bytes  0.00 bits/sec                  
[ 12]   9.00-10.00  sec  0.00 Bytes  0.00 bits/sec                  
[ 14]   9.00-10.00  sec  0.00 Bytes  0.00 bits/sec                  
[ 16]   9.00-10.00  sec  0.00 Bytes  0.00 bits/sec                  
[ 18]   9.00-10.00  sec  0.00 Bytes  0.00 bits/sec                  
[ 20]   9.00-10.00  sec  0.00 Bytes  0.00 bits/sec                  
[ 22]   9.00-10.00  sec  0.00 Bytes  0.00 bits/sec                  
[ 24]   9.00-10.00  sec  0.00 Bytes  0.00 bits/sec                  
[ 26]   9.00-10.00  sec   128 KBytes  1.05 Mbits/sec                  
[ 28]   9.00-10.00  sec  0.00 Bytes  0.00 bits/sec                  
[ 30]   9.00-10.00  sec  0.00 Bytes  0.00 bits/sec                  
[ 32]   9.00-10.00  sec  0.00 Bytes  0.00 bits/sec                  
[ 34]   9.00-10.00  sec  0.00 Bytes  0.00 bits/sec                  
[ 36]   9.00-10.00  sec  0.00 Bytes  0.00 bits/sec                  
[ 38]   9.00-10.00  sec  0.00 Bytes  0.00 bits/sec                  
[ 40]   9.00-10.00  sec  0.00 Bytes  0.00 bits/sec                  
[ 42]   9.00-10.00  sec  0.00 Bytes  0.00 bits/sec                  
[ 44]   9.00-10.00  sec  0.00 Bytes  0.00 bits/sec                  
[ 46]   9.00-10.00  sec  0.00 Bytes  0.00 bits/sec                  
[ 48]   9.00-10.00  sec  0.00 Bytes  0.00 bits/sec                  
[ 50]   9.00-10.00  sec  0.00 Bytes  0.00 bits/sec                  
[ 52]   9.00-10.00  sec  0.00 Bytes  0.00 bits/sec                  
[SUM]   9.00-10.00  sec   128 KBytes  1.05 Mbits/sec                  
- - - - - - - - - - - - - - - - - - - - - - - - -
[  5]  10.00-11.00  sec   128 KBytes  1.05 Mbits/sec                  
[  8]  10.00-11.00  sec   128 KBytes  1.05 Mbits/sec                  
[ 10]  10.00-11.00  sec   128 KBytes  1.05 Mbits/sec                  
[ 12]  10.00-11.00  sec   128 KBytes  1.05 Mbits/sec                  
[ 14]  10.00-11.00  sec   128 KBytes  1.05 Mbits/sec                  
[ 16]  10.00-11.00  sec  0.00 Bytes  0.00 bits/sec                  
[ 18]  10.00-11.00  sec  0.00 Bytes  0.00 bits/sec                  
[ 20]  10.00-11.00  sec   128 KBytes  1.05 Mbits/sec                  
[ 22]  10.00-11.00  sec  0.00 Bytes  0.00 bits/sec                  
[ 24]  10.00-11.00  sec  0.00 Bytes  0.00 bits/sec                  
[ 26]  10.00-11.00  sec  0.00 Bytes  0.00 bits/sec                  
[ 28]  10.00-11.00  sec   128 KBytes  1.05 Mbits/sec                  
[ 30]  10.00-11.00  sec   128 KBytes  1.05 Mbits/sec                  
[ 32]  10.00-11.00  sec   128 KBytes  1.05 Mbits/sec                  
[ 34]  10.00-11.00  sec   128 KBytes  1.05 Mbits/sec                  
[ 36]  10.00-11.00  sec   128 KBytes  1.05 Mbits/sec                  
[ 38]  10.00-11.00  sec   128 KBytes  1.05 Mbits/sec                  
[ 40]  10.00-11.00  sec   128 KBytes  1.05 Mbits/sec                  
[ 42]  10.00-11.00  sec   128 KBytes  1.05 Mbits/sec                  
[ 44]  10.00-11.00  sec   128 KBytes  1.05 Mbits/sec                  
[ 46]  10.00-11.00  sec   128 KBytes  1.05 Mbits/sec                  
[ 48]  10.00-11.00  sec   128 KBytes  1.05 Mbits/sec                  
[ 50]  10.00-11.00  sec   128 KBytes  1.05 Mbits/sec                  
[ 52]  10.00-11.00  sec   128 KBytes  1.05 Mbits/sec                  
[SUM]  10.00-11.00  sec  2.38 MBytes  19.9 Mbits/sec                  
- - - - - - - - - - - - - - - - - - - - - - - - -
[  5]  11.00-12.00  sec  0.00 Bytes  0.00 bits/sec                  
[  8]  11.00-12.00  sec  0.00 Bytes  0.00 bits/sec                  
[ 10]  11.00-12.00  sec  0.00 Bytes  0.00 bits/sec                  
[ 12]  11.00-12.00  sec  0.00 Bytes  0.00 bits/sec                  
[ 14]  11.00-12.00  sec  0.00 Bytes  0.00 bits/sec                  
[ 16]  11.00-12.00  sec   128 KBytes  1.05 Mbits/sec                  
[ 18]  11.00-12.00  sec   128 KBytes  1.05 Mbits/sec                  
[ 20]  11.00-12.00  sec  0.00 Bytes  0.00 bits/sec                  
[ 22]  11.00-12.00  sec   128 KBytes  1.05 Mbits/sec                  
[ 24]  11.00-12.00  sec   128 KBytes  1.05 Mbits/sec                  
[ 26]  11.00-12.00  sec  0.00 Bytes  0.00 bits/sec                  
[ 28]  11.00-12.00  sec  0.00 Bytes  0.00 bits/sec                  
[ 30]  11.00-12.00  sec  0.00 Bytes  0.00 bits/sec                  
[ 32]  11.00-12.00  sec  0.00 Bytes  0.00 bits/sec                  
[ 34]  11.00-12.00  sec  0.00 Bytes  0.00 bits/sec                  
[ 36]  11.00-12.00  sec  0.00 Bytes  0.00 bits/sec                  
[ 38]  11.00-12.00  sec  0.00 Bytes  0.00 bits/sec                  
[ 40]  11.00-12.00  sec  0.00 Bytes  0.00 bits/sec                  
[ 42]  11.00-12.00  sec  0.00 Bytes  0.00 bits/sec                  
[ 44]  11.00-12.00  sec  0.00 Bytes  0.00 bits/sec                  
[ 46]  11.00-12.00  sec  0.00 Bytes  0.00 bits/sec                  
[ 48]  11.00-12.00  sec  0.00 Bytes  0.00 bits/sec                  
[ 50]  11.00-12.00  sec  0.00 Bytes  0.00 bits/sec                  
[ 52]  11.00-12.00  sec  0.00 Bytes  0.00 bits/sec                  
[SUM]  11.00-12.00  sec   512 KBytes  4.20 Mbits/sec                  
- - - - - - - - - - - - - - - - - - - - - - - - -
[  5]  12.00-13.00  sec  0.00 Bytes  0.00 bits/sec                  
[  8]  12.00-13.00  sec   128 KBytes  1.05 Mbits/sec                  
[ 10]  12.00-13.00  sec   128 KBytes  1.05 Mbits/sec                  
[ 12]  12.00-13.00  sec   128 KBytes  1.05 Mbits/sec                  
[ 14]  12.00-13.00  sec  0.00 Bytes  0.00 bits/sec                  
[ 16]  12.00-13.00  sec  0.00 Bytes  0.00 bits/sec                  
[ 18]  12.00-13.00  sec  0.00 Bytes  0.00 bits/sec                  
[ 20]  12.00-13.00  sec   128 KBytes  1.05 Mbits/sec                  
[ 22]  12.00-13.00  sec  0.00 Bytes  0.00 bits/sec                  
[ 24]  12.00-13.00  sec  0.00 Bytes  0.00 bits/sec                  
[ 26]  12.00-13.00  sec   128 KBytes  1.05 Mbits/sec                  
[ 28]  12.00-13.00  sec   128 KBytes  1.05 Mbits/sec                  
[ 30]  12.00-13.00  sec  0.00 Bytes  0.00 bits/sec                  
[ 32]  12.00-13.00  sec  0.00 Bytes  0.00 bits/sec                  
[ 34]  12.00-13.00  sec   128 KBytes  1.05 Mbits/sec                  
[ 36]  12.00-13.00  sec   128 KBytes  1.05 Mbits/sec                  
[ 38]  12.00-13.00  sec  0.00 Bytes  0.00 bits/sec                  
[ 40]  12.00-13.00  sec  0.00 Bytes  0.00 bits/sec                  
[ 42]  12.00-13.00  sec  0.00 Bytes  0.00 bits/sec                  
[ 44]  12.00-13.00  sec  0.00 Bytes  0.00 bits/sec                  
[ 46]  12.00-13.00  sec  0.00 Bytes  0.00 bits/sec                  
[ 48]  12.00-13.00  sec  0.00 Bytes  0.00 bits/sec                  
[ 50]  12.00-13.00  sec  0.00 Bytes  0.00 bits/sec                  
[ 52]  12.00-13.00  sec   128 KBytes  1.05 Mbits/sec                  
[SUM]  12.00-13.00  sec  1.12 MBytes  9.44 Mbits/sec                  
- - - - - - - - - - - - - - - - - - - - - - - - -
[  5]  13.00-14.00  sec  0.00 Bytes  0.00 bits/sec                  
[  8]  13.00-14.00  sec  0.00 Bytes  0.00 bits/sec                  
[ 10]  13.00-14.00  sec  0.00 Bytes  0.00 bits/sec                  
[ 12]  13.00-14.00  sec  0.00 Bytes  0.00 bits/sec                  
[ 14]  13.00-14.00  sec   128 KBytes  1.05 Mbits/sec                  
[ 16]  13.00-14.00  sec   128 KBytes  1.05 Mbits/sec                  
[ 18]  13.00-14.00  sec  0.00 Bytes  0.00 bits/sec                  
[ 20]  13.00-14.00  sec  0.00 Bytes  0.00 bits/sec                  
[ 22]  13.00-14.00  sec  0.00 Bytes  0.00 bits/sec                  
[ 24]  13.00-14.00  sec  0.00 Bytes  0.00 bits/sec                  
[ 26]  13.00-14.00  sec  0.00 Bytes  0.00 bits/sec                  
[ 28]  13.00-14.00  sec  0.00 Bytes  0.00 bits/sec                  
[ 30]  13.00-14.00  sec   128 KBytes  1.05 Mbits/sec                  
[ 32]  13.00-14.00  sec   128 KBytes  1.05 Mbits/sec                  
[ 34]  13.00-14.00  sec  0.00 Bytes  0.00 bits/sec                  
[ 36]  13.00-14.00  sec  0.00 Bytes  0.00 bits/sec                  
[ 38]  13.00-14.00  sec   128 KBytes  1.05 Mbits/sec                  
[ 40]  13.00-14.00  sec   128 KBytes  1.05 Mbits/sec                  
[ 42]  13.00-14.00  sec   128 KBytes  1.05 Mbits/sec                  
[ 44]  13.00-14.00  sec   128 KBytes  1.05 Mbits/sec                  
[ 46]  13.00-14.00  sec   128 KBytes  1.05 Mbits/sec                  
[ 48]  13.00-14.00  sec   128 KBytes  1.05 Mbits/sec                  
[ 50]  13.00-14.00  sec   128 KBytes  1.05 Mbits/sec                  
[ 52]  13.00-14.00  sec  0.00 Bytes  0.00 bits/sec                  
[SUM]  13.00-14.00  sec  1.38 MBytes  11.5 Mbits/sec                  
- - - - - - - - - - - - - - - - - - - - - - - - -
[  5]  14.00-15.00  sec   128 KBytes  1.05 Mbits/sec                  
[  8]  14.00-15.00  sec  0.00 Bytes  0.00 bits/sec                  
[ 10]  14.00-15.00  sec  0.00 Bytes  0.00 bits/sec                  
[ 12]  14.00-15.00  sec  0.00 Bytes  0.00 bits/sec                  
[ 14]  14.00-15.00  sec  0.00 Bytes  0.00 bits/sec                  
[ 16]  14.00-15.00  sec  0.00 Bytes  0.00 bits/sec                  
[ 18]  14.00-15.00  sec   128 KBytes  1.05 Mbits/sec                  
[ 20]  14.00-15.00  sec  0.00 Bytes  0.00 bits/sec                  
[ 22]  14.00-15.00  sec   128 KBytes  1.05 Mbits/sec                  
[ 24]  14.00-15.00  sec   128 KBytes  1.05 Mbits/sec                  
[ 26]  14.00-15.00  sec  0.00 Bytes  0.00 bits/sec                  
[ 28]  14.00-15.00  sec  0.00 Bytes  0.00 bits/sec                  
[ 30]  14.00-15.00  sec  0.00 Bytes  0.00 bits/sec                  
[ 32]  14.00-15.00  sec  0.00 Bytes  0.00 bits/sec                  
[ 34]  14.00-15.00  sec  0.00 Bytes  0.00 bits/sec                  
[ 36]  14.00-15.00  sec  0.00 Bytes  0.00 bits/sec                  
[ 38]  14.00-15.00  sec  0.00 Bytes  0.00 bits/sec                  
[ 40]  14.00-15.00  sec  0.00 Bytes  0.00 bits/sec                  
[ 42]  14.00-15.00  sec  0.00 Bytes  0.00 bits/sec                  
[ 44]  14.00-15.00  sec  0.00 Bytes  0.00 bits/sec                  
[ 46]  14.00-15.00  sec  0.00 Bytes  0.00 bits/sec                  
[ 48]  14.00-15.00  sec  0.00 Bytes  0.00 bits/sec                  
[ 50]  14.00-15.00  sec  0.00 Bytes  0.00 bits/sec                  
[ 52]  14.00-15.00  sec  0.00 Bytes  0.00 bits/sec                  
[SUM]  14.00-15.00  sec   512 KBytes  4.19 Mbits/sec                  
- - - - - - - - - - - - - - - - - - - - - - - - -
[  5]  15.00-16.00  sec  0.00 Bytes  0.00 bits/sec                  
[  8]  15.00-16.00  sec   128 KBytes  1.05 Mbits/sec                  
[ 10]  15.00-16.00  sec  0.00 Bytes  0.00 bits/sec                  
[ 12]  15.00-16.00  sec   128 KBytes  1.05 Mbits/sec                  
[ 14]  15.00-16.00  sec  0.00 Bytes  0.00 bits/sec                  
[ 16]  15.00-16.00  sec  0.00 Bytes  0.00 bits/sec                  
[ 18]  15.00-16.00  sec  0.00 Bytes  0.00 bits/sec                  
[ 20]  15.00-16.00  sec   128 KBytes  1.05 Mbits/sec                  
[ 22]  15.00-16.00  sec  0.00 Bytes  0.00 bits/sec                  
[ 24]  15.00-16.00  sec  0.00 Bytes  0.00 bits/sec                  
[ 26]  15.00-16.00  sec   128 KBytes  1.05 Mbits/sec                  
[ 28]  15.00-16.00  sec   128 KBytes  1.05 Mbits/sec                  
[ 30]  15.00-16.00  sec  0.00 Bytes  0.00 bits/sec                  
[ 32]  15.00-16.00  sec   128 KBytes  1.05 Mbits/sec                  
[ 34]  15.00-16.00  sec   128 KBytes  1.05 Mbits/sec                  
[ 36]  15.00-16.00  sec   128 KBytes  1.05 Mbits/sec                  
[ 38]  15.00-16.00  sec  0.00 Bytes  0.00 bits/sec                  
[ 40]  15.00-16.00  sec   128 KBytes  1.05 Mbits/sec                  
[ 42]  15.00-16.00  sec  0.00 Bytes  0.00 bits/sec                  
[ 44]  15.00-16.00  sec  0.00 Bytes  0.00 bits/sec                  
[ 46]  15.00-16.00  sec   128 KBytes  1.05 Mbits/sec                  
[ 48]  15.00-16.00  sec  0.00 Bytes  0.00 bits/sec                  
[ 50]  15.00-16.00  sec  0.00 Bytes  0.00 bits/sec                  
[ 52]  15.00-16.00  sec   128 KBytes  1.05 Mbits/sec                  
[SUM]  15.00-16.00  sec  1.38 MBytes  11.5 Mbits/sec                  
- - - - - - - - - - - - - - - - - - - - - - - - -
[  5]  16.00-17.00  sec   128 KBytes  1.05 Mbits/sec                  
[  8]  16.00-17.00  sec  0.00 Bytes  0.00 bits/sec                  
[ 10]  16.00-17.00  sec   128 KBytes  1.05 Mbits/sec                  
[ 12]  16.00-17.00  sec  0.00 Bytes  0.00 bits/sec                  
[ 14]  16.00-17.00  sec   128 KBytes  1.05 Mbits/sec                  
[ 16]  16.00-17.00  sec   128 KBytes  1.05 Mbits/sec                  
[ 18]  16.00-17.00  sec  0.00 Bytes  0.00 bits/sec                  
[ 20]  16.00-17.00  sec  0.00 Bytes  0.00 bits/sec                  
[ 22]  16.00-17.00  sec   128 KBytes  1.05 Mbits/sec                  
[ 24]  16.00-17.00  sec   128 KBytes  1.05 Mbits/sec                  
[ 26]  16.00-17.00  sec  0.00 Bytes  0.00 bits/sec                  
[ 28]  16.00-17.00  sec  0.00 Bytes  0.00 bits/sec                  
[ 30]  16.00-17.00  sec   128 KBytes  1.05 Mbits/sec                  
[ 32]  16.00-17.00  sec  0.00 Bytes  0.00 bits/sec                  
[ 34]  16.00-17.00  sec  0.00 Bytes  0.00 bits/sec                  
[ 36]  16.00-17.00  sec  0.00 Bytes  0.00 bits/sec                  
[ 38]  16.00-17.00  sec   128 KBytes  1.05 Mbits/sec                  
[ 40]  16.00-17.00  sec  0.00 Bytes  0.00 bits/sec                  
[ 42]  16.00-17.00  sec   128 KBytes  1.05 Mbits/sec                  
[ 44]  16.00-17.00  sec  0.00 Bytes  0.00 bits/sec                  
[ 46]  16.00-17.00  sec  0.00 Bytes  0.00 bits/sec                  
[ 48]  16.00-17.00  sec   128 KBytes  1.05 Mbits/sec                  
[ 50]  16.00-17.00  sec   128 KBytes  1.05 Mbits/sec                  
[ 52]  16.00-17.00  sec  0.00 Bytes  0.00 bits/sec                  
[SUM]  16.00-17.00  sec  1.38 MBytes  11.5 Mbits/sec                  
- - - - - - - - - - - - - - - - - - - - - - - - -
[  5]  17.00-18.00  sec  0.00 Bytes  0.00 bits/sec                  
[  8]  17.00-18.00  sec  0.00 Bytes  0.00 bits/sec                  
[ 10]  17.00-18.00  sec  0.00 Bytes  0.00 bits/sec                  
[ 12]  17.00-18.00  sec  0.00 Bytes  0.00 bits/sec                  
[ 14]  17.00-18.00  sec  0.00 Bytes  0.00 bits/sec                  
[ 16]  17.00-18.00  sec  0.00 Bytes  0.00 bits/sec                  
[ 18]  17.00-18.00  sec   128 KBytes  1.05 Mbits/sec                  
[ 20]  17.00-18.00  sec  0.00 Bytes  0.00 bits/sec                  
[ 22]  17.00-18.00  sec  0.00 Bytes  0.00 bits/sec                  
[ 24]  17.00-18.00  sec  0.00 Bytes  0.00 bits/sec                  
[ 26]  17.00-18.00  sec   128 KBytes  1.05 Mbits/sec                  
[ 28]  17.00-18.00  sec   128 KBytes  1.05 Mbits/sec                  
[ 30]  17.00-18.00  sec  0.00 Bytes  0.00 bits/sec                  
[ 32]  17.00-18.00  sec  0.00 Bytes  0.00 bits/sec                  
[ 34]  17.00-18.00  sec   128 KBytes  1.05 Mbits/sec                  
[ 36]  17.00-18.00  sec   128 KBytes  1.05 Mbits/sec                  
[ 38]  17.00-18.00  sec  0.00 Bytes  0.00 bits/sec                  
[ 40]  17.00-18.00  sec  0.00 Bytes  0.00 bits/sec                  
[ 42]  17.00-18.00  sec  0.00 Bytes  0.00 bits/sec                  
[ 44]  17.00-18.00  sec  0.00 Bytes  0.00 bits/sec                  
[ 46]  17.00-18.00  sec  0.00 Bytes  0.00 bits/sec                  
[ 48]  17.00-18.00  sec  0.00 Bytes  0.00 bits/sec                  
[ 50]  17.00-18.00  sec  0.00 Bytes  0.00 bits/sec                  
[ 52]  17.00-18.00  sec  0.00 Bytes  0.00 bits/sec                  
[SUM]  17.00-18.00  sec   640 KBytes  5.24 Mbits/sec                  
- - - - - - - - - - - - - - - - - - - - - - - - -
[  5]  18.00-19.00  sec  0.00 Bytes  0.00 bits/sec                  
[  8]  18.00-19.00  sec   128 KBytes  1.05 Mbits/sec                  
[ 10]  18.00-19.00  sec   128 KBytes  1.05 Mbits/sec                  
[ 12]  18.00-19.00  sec   128 KBytes  1.05 Mbits/sec                  
[ 14]  18.00-19.00  sec   128 KBytes  1.05 Mbits/sec                  
[ 16]  18.00-19.00  sec   128 KBytes  1.05 Mbits/sec                  
[ 18]  18.00-19.00  sec  0.00 Bytes  0.00 bits/sec                  
[ 20]  18.00-19.00  sec   128 KBytes  1.05 Mbits/sec                  
[ 22]  18.00-19.00  sec  0.00 Bytes  0.00 bits/sec                  
[ 24]  18.00-19.00  sec  0.00 Bytes  0.00 bits/sec                  
[ 26]  18.00-19.00  sec  0.00 Bytes  0.00 bits/sec                  
[ 28]  18.00-19.00  sec  0.00 Bytes  0.00 bits/sec                  
[ 30]  18.00-19.00  sec  0.00 Bytes  0.00 bits/sec                  
[ 32]  18.00-19.00  sec   128 KBytes  1.05 Mbits/sec                  
[ 34]  18.00-19.00  sec  0.00 Bytes  0.00 bits/sec                  
[ 36]  18.00-19.00  sec  0.00 Bytes  0.00 bits/sec                  
[ 38]  18.00-19.00  sec  0.00 Bytes  0.00 bits/sec                  
[ 40]  18.00-19.00  sec   128 KBytes  1.05 Mbits/sec                  
[ 42]  18.00-19.00  sec   128 KBytes  1.05 Mbits/sec                  
[ 44]  18.00-19.00  sec   128 KBytes  1.05 Mbits/sec                  
[ 46]  18.00-19.00  sec   128 KBytes  1.05 Mbits/sec                  
[ 48]  18.00-19.00  sec  0.00 Bytes  0.00 bits/sec                  
[ 50]  18.00-19.00  sec   128 KBytes  1.05 Mbits/sec                  
[ 52]  18.00-19.00  sec   128 KBytes  1.05 Mbits/sec                  
[SUM]  18.00-19.00  sec  1.62 MBytes  13.6 Mbits/sec                  
- - - - - - - - - - - - - - - - - - - - - - - - -
[  5]  19.00-20.00  sec   128 KBytes  1.05 Mbits/sec                  
[  8]  19.00-20.00  sec  0.00 Bytes  0.00 bits/sec                  
[ 10]  19.00-20.00  sec  0.00 Bytes  0.00 bits/sec                  
[ 12]  19.00-20.00  sec  0.00 Bytes  0.00 bits/sec                  
[ 14]  19.00-20.00  sec  0.00 Bytes  0.00 bits/sec                  
[ 16]  19.00-20.00  sec  0.00 Bytes  0.00 bits/sec                  
[ 18]  19.00-20.00  sec  0.00 Bytes  0.00 bits/sec                  
[ 20]  19.00-20.00  sec  0.00 Bytes  0.00 bits/sec                  
[ 22]  19.00-20.00  sec   128 KBytes  1.05 Mbits/sec                  
[ 24]  19.00-20.00  sec   128 KBytes  1.05 Mbits/sec                  
[ 26]  19.00-20.00  sec  0.00 Bytes  0.00 bits/sec                  
[ 28]  19.00-20.00  sec  0.00 Bytes  0.00 bits/sec                  
[ 30]  19.00-20.00  sec   128 KBytes  1.05 Mbits/sec                  
[ 32]  19.00-20.00  sec  0.00 Bytes  0.00 bits/sec                  
[ 34]  19.00-20.00  sec  0.00 Bytes  0.00 bits/sec                  
[ 36]  19.00-20.00  sec  0.00 Bytes  0.00 bits/sec                  
[ 38]  19.00-20.00  sec   128 KBytes  1.05 Mbits/sec                  
[ 40]  19.00-20.00  sec  0.00 Bytes  0.00 bits/sec                  
[ 42]  19.00-20.00  sec  0.00 Bytes  0.00 bits/sec                  
[ 44]  19.00-20.00  sec  0.00 Bytes  0.00 bits/sec                  
[ 46]  19.00-20.00  sec  0.00 Bytes  0.00 bits/sec                  
[ 48]  19.00-20.00  sec   128 KBytes  1.05 Mbits/sec                  
[ 50]  19.00-20.00  sec  0.00 Bytes  0.00 bits/sec                  
[ 52]  19.00-20.00  sec  0.00 Bytes  0.00 bits/sec                  
[SUM]  19.00-20.00  sec   768 KBytes  6.29 Mbits/sec                  
- - - - - - - - - - - - - - - - - - - - - - - - -
[ ID] Interval           Transfer     Bitrate
[  5]   0.00-20.06  sec   896 KBytes   366 Kbits/sec                  receiver
[  8]   0.00-20.06  sec   896 KBytes   366 Kbits/sec                  receiver
[ 10]   0.00-20.06  sec   896 KBytes   366 Kbits/sec                  receiver
[ 12]   0.00-20.06  sec   896 KBytes   366 Kbits/sec                  receiver
[ 14]   0.00-20.06  sec   896 KBytes   366 Kbits/sec                  receiver
[ 16]   0.00-20.06  sec   896 KBytes   366 Kbits/sec                  receiver
[ 18]   0.00-20.06  sec   768 KBytes   314 Kbits/sec                  receiver
[ 20]   0.00-20.06  sec   896 KBytes   366 Kbits/sec                  receiver
[ 22]   0.00-20.06  sec   896 KBytes   366 Kbits/sec                  receiver
[ 24]   0.00-20.06  sec   896 KBytes   366 Kbits/sec                  receiver
[ 26]   0.00-20.06  sec   896 KBytes   366 Kbits/sec                  receiver
[ 28]   0.00-20.06  sec   896 KBytes   366 Kbits/sec                  receiver
[ 30]   0.00-20.06  sec   896 KBytes   366 Kbits/sec                  receiver
[ 32]   0.00-20.06  sec   896 KBytes   366 Kbits/sec                  receiver
[ 34]   0.00-20.06  sec   896 KBytes   366 Kbits/sec                  receiver
[ 36]   0.00-20.06  sec   896 KBytes   366 Kbits/sec                  receiver
[ 38]   0.00-20.06  sec   896 KBytes   366 Kbits/sec                  receiver
[ 40]   0.00-20.06  sec   896 KBytes   366 Kbits/sec                  receiver
[ 42]   0.00-20.06  sec   896 KBytes   366 Kbits/sec                  receiver
[ 44]   0.00-20.06  sec   896 KBytes   366 Kbits/sec                  receiver
[ 46]   0.00-20.06  sec   896 KBytes   366 Kbits/sec                  receiver
[ 48]   0.00-20.06  sec   896 KBytes   366 Kbits/sec                  receiver
[ 50]   0.00-20.06  sec   896 KBytes   366 Kbits/sec                  receiver
[ 52]   0.00-20.06  sec   896 KBytes   366 Kbits/sec                  receiver
[SUM]   0.00-20.06  sec  20.9 MBytes  8.73 Mbits/sec                  receiver
-----------------------------------------------------------
Server listening on 5201 (test #3)
-----------------------------------------------------------
Accepted connection from 192.168.1.2, port 47596
[  5] local 192.168.2.2 port 5201 connected to 192.168.1.2 port 47610
[  8] local 192.168.2.2 port 5201 connected to 192.168.1.2 port 47620
[ ID] Interval           Transfer     Bitrate
[  5]   0.00-1.00   sec   768 KBytes  6.28 Mbits/sec                  
[  8]   0.00-1.00   sec   256 KBytes  2.09 Mbits/sec                  
[SUM]   0.00-1.00   sec  1.00 MBytes  8.37 Mbits/sec                  
- - - - - - - - - - - - - - - - - - - - - - - - -
[  5]   1.00-2.00   sec   512 KBytes  4.20 Mbits/sec                  
[  8]   1.00-2.00   sec   640 KBytes  5.25 Mbits/sec                  
[SUM]   1.00-2.00   sec  1.12 MBytes  9.45 Mbits/sec                  
- - - - - - - - - - - - - - - - - - - - - - - - -
[  5]   2.00-3.00   sec   640 KBytes  5.25 Mbits/sec                  
[  8]   2.00-3.00   sec   512 KBytes  4.20 Mbits/sec                  
[SUM]   2.00-3.00   sec  1.12 MBytes  9.44 Mbits/sec                  
- - - - - - - - - - - - - - - - - - - - - - - - -
[  5]   3.00-4.00   sec   512 KBytes  4.19 Mbits/sec                  
[  8]   3.00-4.00   sec   640 KBytes  5.24 Mbits/sec                  
[SUM]   3.00-4.00   sec  1.12 MBytes  9.44 Mbits/sec                  
- - - - - - - - - - - - - - - - - - - - - - - - -
[  5]   4.00-5.00   sec   640 KBytes  5.24 Mbits/sec                  
[  8]   4.00-5.00   sec   512 KBytes  4.19 Mbits/sec                  
[SUM]   4.00-5.00   sec  1.12 MBytes  9.44 Mbits/sec                  
- - - - - - - - - - - - - - - - - - - - - - - - -
[  5]   5.00-6.00   sec   512 KBytes  4.19 Mbits/sec                  
[  8]   5.00-6.00   sec   640 KBytes  5.24 Mbits/sec                  
[SUM]   5.00-6.00   sec  1.12 MBytes  9.43 Mbits/sec                  
- - - - - - - - - - - - - - - - - - - - - - - - -
[  5]   6.00-7.00   sec   640 KBytes  5.24 Mbits/sec                  
[  8]   6.00-7.00   sec   512 KBytes  4.20 Mbits/sec                  
[SUM]   6.00-7.00   sec  1.12 MBytes  9.44 Mbits/sec                  
- - - - - - - - - - - - - - - - - - - - - - - - -
[  5]   7.00-8.00   sec   512 KBytes  4.19 Mbits/sec                  
[  8]   7.00-8.00   sec   640 KBytes  5.24 Mbits/sec                  
[SUM]   7.00-8.00   sec  1.12 MBytes  9.44 Mbits/sec                  
- - - - - - - - - - - - - - - - - - - - - - - - -
[  5]   8.00-9.00   sec   640 KBytes  5.24 Mbits/sec                  
[  8]   8.00-9.00   sec   512 KBytes  4.20 Mbits/sec                  
[SUM]   8.00-9.00   sec  1.12 MBytes  9.44 Mbits/sec                  
- - - - - - - - - - - - - - - - - - - - - - - - -
[  5]   9.00-10.00  sec   512 KBytes  4.20 Mbits/sec                  
[  8]   9.00-10.00  sec   640 KBytes  5.25 Mbits/sec                  
[SUM]   9.00-10.00  sec  1.12 MBytes  9.44 Mbits/sec                  
- - - - - - - - - - - - - - - - - - - - - - - - -
[  5]  10.00-11.00  sec   640 KBytes  5.24 Mbits/sec                  
[  8]  10.00-11.00  sec   512 KBytes  4.19 Mbits/sec                  
[SUM]  10.00-11.00  sec  1.12 MBytes  9.43 Mbits/sec                  
- - - - - - - - - - - - - - - - - - - - - - - - -
[  5]  11.00-12.00  sec   512 KBytes  4.20 Mbits/sec                  
[  8]  11.00-12.00  sec   640 KBytes  5.25 Mbits/sec                  
[SUM]  11.00-12.00  sec  1.12 MBytes  9.45 Mbits/sec                  
- - - - - - - - - - - - - - - - - - - - - - - - -
[  5]  12.00-13.00  sec   640 KBytes  5.24 Mbits/sec                  
[  8]  12.00-13.00  sec   512 KBytes  4.19 Mbits/sec                  
[SUM]  12.00-13.00  sec  1.12 MBytes  9.43 Mbits/sec                  
- - - - - - - - - - - - - - - - - - - - - - - - -
[  5]  13.00-14.00  sec   512 KBytes  4.20 Mbits/sec                  
[  8]  13.00-14.00  sec   640 KBytes  5.24 Mbits/sec                  
[SUM]  13.00-14.00  sec  1.12 MBytes  9.44 Mbits/sec                  
- - - - - - - - - - - - - - - - - - - - - - - - -
[  5]  14.00-15.00  sec   640 KBytes  5.24 Mbits/sec                  
[  8]  14.00-15.00  sec   512 KBytes  4.19 Mbits/sec                  
[SUM]  14.00-15.00  sec  1.12 MBytes  9.43 Mbits/sec                  
- - - - - - - - - - - - - - - - - - - - - - - - -
[  5]  15.00-16.00  sec   512 KBytes  4.20 Mbits/sec                  
[  8]  15.00-16.00  sec   640 KBytes  5.24 Mbits/sec                  
[SUM]  15.00-16.00  sec  1.12 MBytes  9.44 Mbits/sec                  
- - - - - - - - - - - - - - - - - - - - - - - - -
[  5]  16.00-17.00  sec   640 KBytes  5.24 Mbits/sec                  
[  8]  16.00-17.00  sec   512 KBytes  4.19 Mbits/sec                  
[SUM]  16.00-17.00  sec  1.12 MBytes  9.43 Mbits/sec                  
- - - - - - - - - - - - - - - - - - - - - - - - -
[  5]  17.00-18.00  sec   512 KBytes  4.19 Mbits/sec                  
[  8]  17.00-18.00  sec   640 KBytes  5.24 Mbits/sec                  
[SUM]  17.00-18.00  sec  1.12 MBytes  9.43 Mbits/sec                  
- - - - - - - - - - - - - - - - - - - - - - - - -
[  5]  18.00-19.00  sec   640 KBytes  5.25 Mbits/sec                  
[  8]  18.00-19.00  sec   640 KBytes  5.25 Mbits/sec                  
[SUM]  18.00-19.00  sec  1.25 MBytes  10.5 Mbits/sec                  
- - - - - - - - - - - - - - - - - - - - - - - - -
[  5]  19.00-20.00  sec   512 KBytes  4.19 Mbits/sec                  
[  8]  19.00-20.00  sec   512 KBytes  4.19 Mbits/sec                  
[SUM]  19.00-20.00  sec  1.00 MBytes  8.39 Mbits/sec                  
- - - - - - - - - - - - - - - - - - - - - - - - -
[ ID] Interval           Transfer     Bitrate
[  5]   0.00-20.04  sec  11.4 MBytes  4.76 Mbits/sec                  receiver
[  8]   0.00-20.04  sec  11.0 MBytes  4.60 Mbits/sec                  receiver
[SUM]   0.00-20.04  sec  22.4 MBytes  9.36 Mbits/sec                  receiver
