[acape] bounds for target 15.0ms interval 15.0ms: target 0.6-60ms interval 3-45ms (interval/target ratio 1.0)

==============================================================================
  ACAPE v6.0.0   mode=tc-only   qdisc=pie handle=10:
  metrics -> results_cross/pie_rtt20/pie_acape_steady_s2/acape_metrics_ctl.csv
==============================================================================
      t    regime        traj      pred     dr/s    bl    tput flows eleph  tgt_ms   lim  adj
---------------------------------------------------------------------------------------------
    2.0     HEAVY      STABLE     HEAVY     85.0     1   10.08     0     0  15.000  1000    0
    3.8     HEAVY      STABLE     HEAVY     50.2     3    9.96     0     0  15.000  1000    0
    5.5     HEAVY  RECOVERING  MODERATE     38.5    10   10.03     0     0  15.000  1000    0
    7.2     HEAVY  RECOVERING  MODERATE     39.7     7    9.97     0     0  15.000  1000    0
    8.9     HEAVY      STABLE     HEAVY     39.0     8    9.99     0     0  15.000  1000    0
   10.6     HEAVY      STABLE     HEAVY     39.1    11   10.04     0     0  15.000  1000    0
   12.3     HEAVY      STABLE     HEAVY     36.6     8    9.90     0     0  15.000  1000    0
   14.0     HEAVY      STABLE     HEAVY     35.8     6   10.00     0     0  15.000  1000    0
   15.7     HEAVY      STABLE     HEAVY     36.3    11   10.09     0     0  15.000  1000    0
   17.5     HEAVY      STABLE     HEAVY     40.3    10    9.81     0     0  13.500   900    1
   19.6     HEAVY      STABLE     HEAVY     38.1     7   10.09     0     0  13.500   900    1
   21.4     HEAVY      STABLE     HEAVY     40.0     7    9.90     0     0  13.500   900    1
   23.1     HEAVY      STABLE     HEAVY     40.8     7    9.96     0     0  13.500   900    1
   24.9     HEAVY      STABLE     HEAVY     39.8     9    9.91     0     0  13.500   900    1
   26.8     HEAVY      STABLE     HEAVY     38.8     7    9.92     0     0  13.500   900    1
   28.6     HEAVY      STABLE     HEAVY     35.6    10    9.75     0     0  13.500   900    1
   30.4     HEAVY      STABLE     HEAVY     40.9     8   10.02     0     0  13.500   900    1
   32.1     HEAVY      STABLE     HEAVY     33.9    11    9.95     0     0  13.500   900    1
   33.9     HEAVY      STABLE     HEAVY     38.9     8    9.91     0     0  13.500   900    1
   35.7     HEAVY      STABLE     HEAVY     37.5     5    9.96     0     0  12.100   810    2
   37.9     HEAVY      STABLE     HEAVY     38.3     7   10.00     0     0  12.100   810    2
   39.6     HEAVY      STABLE     HEAVY     40.0     9   10.02     0     0  12.100   810    2
   41.4     HEAVY      STABLE     HEAVY     37.6    13    9.88     0     0  12.100   810    2
   43.1     HEAVY      STABLE     HEAVY     45.3     8    9.98     0     0  12.100   810    2
   44.8     HEAVY      STABLE     HEAVY     40.8     6    9.99     0     0  12.100   810    2
   46.6     HEAVY      STABLE     HEAVY     45.4     2   10.00     0     0  12.100   810    2
   48.3     HEAVY      STABLE     HEAVY     39.4    10   10.00     0     0  12.100   810    2
   50.0     HEAVY      STABLE     HEAVY     43.2     6    9.93     0     0  12.100   810    2
   51.8     HEAVY      STABLE     HEAVY     39.0     7   10.08     0     0  12.100   810    2
   53.6     HEAVY      STABLE     HEAVY     44.1     6    9.98     0     0  10.900   729    3
   55.8     HEAVY      STABLE     HEAVY     42.3     9    9.97     0     0  10.900   729    3
   57.6     HEAVY      STABLE     HEAVY     36.2     6    9.86     0     0  10.900   729    3
   59.4     HEAVY      STABLE     HEAVY     46.2     3   10.01     0     0  10.900   729    3
   61.1     HEAVY      STABLE     HEAVY     39.6     6   10.05     0     0  10.900   729    3
   62.8     HEAVY      STABLE     HEAVY     41.4     5   10.05     0     0  10.900   729    3
   64.5     HEAVY      STABLE     HEAVY     38.0     7    9.97     0     0  10.900   729    3
   66.2     HEAVY      STABLE     HEAVY     41.7    10    9.73     0     0  10.900   729    3
   67.9     HEAVY      STABLE     HEAVY     41.1     6    9.99     0     0  10.900   729    3
   69.5     HEAVY      STABLE     HEAVY     44.2     5    9.98     0     0  10.900   729    3
   71.3     HEAVY      STABLE     HEAVY     40.9     4    9.84     0     0   9.810   656    4
   73.4     HEAVY      STABLE     HEAVY     44.0     8   10.00     0     0   9.810   656    4
   75.2     HEAVY      STABLE     HEAVY     45.9     7    9.81     0     0   9.810   656    4
   76.9     HEAVY      STABLE     HEAVY     48.3    11   10.17     0     0   9.810   656    4
   78.7     HEAVY      STABLE     HEAVY     43.8     7    9.92     0     0   9.810   656    4
   80.4     HEAVY      STABLE     HEAVY     43.6    11    9.97     0     0   9.810   656    4
   82.3     HEAVY      STABLE     HEAVY     48.7     7    9.96     0     0   9.810   656    4
   84.1     HEAVY      STABLE     HEAVY     39.7     6    9.87     0     0   9.810   656    4
   85.9     HEAVY      STABLE     HEAVY     43.2     6   10.10     0     0   9.810   656    4
   87.7     HEAVY      STABLE     HEAVY     42.1     4    9.86     0     0   9.810   656    4
   89.4     HEAVY      STABLE     HEAVY     39.8     5   10.00     0     0   8.830   590    5
   91.5     HEAVY      STABLE     HEAVY     42.3     5    9.86     0     0   8.830   590    5
   93.2     HEAVY      STABLE     HEAVY     44.4     7   10.06     0     0   8.830   590    5
   95.0     HEAVY      STABLE     HEAVY     45.9     7    9.97     0     0   8.830   590    5
   96.8     HEAVY      STABLE     HEAVY     40.8     5    9.86     0     0   8.830   590    5
   98.6     HEAVY      STABLE     HEAVY     39.0    10    9.96     0     0   8.830   590    5
  100.4     HEAVY      STABLE     HEAVY     47.5    11   10.00     0     0   8.830   590    5
  102.1     HEAVY      STABLE     HEAVY     44.6     3    9.96     0     0   8.830   590    5
  103.9     HEAVY      STABLE     HEAVY     17.5     0    8.38     0     0   8.830   590    5
  105.7     HEAVY      STABLE     HEAVY     48.9     8    9.94     0     0   8.830   590    5
  107.4     HEAVY      STABLE     HEAVY     45.5     6    9.94     0     0   7.950   531    6
  109.5     HEAVY      STABLE     HEAVY     44.6     4   10.02     0     0   7.950   531    6
  111.3     HEAVY      STABLE     HEAVY     44.6     6    9.93     0     0   7.950   531    6
  113.0     HEAVY      STABLE     HEAVY     44.8     6   10.01     0     0   7.950   531    6
  114.7     HEAVY      STABLE     HEAVY     45.9     5    9.94     0     0   7.950   531    6
  116.4     HEAVY      STABLE     HEAVY     44.9     4   10.04     0     0   7.950   531    6
  118.1     HEAVY      STABLE     HEAVY     49.1     5    9.92     0     0   7.950   531    6
  119.7     HEAVY      STABLE     HEAVY     50.3     7    9.99     0     0   7.950   531    6
  121.4     HEAVY      STABLE     HEAVY     41.8    10   10.01     0     0   7.950   531    6
  123.1     HEAVY      STABLE     HEAVY     43.9     7    9.86     0     0   7.950   531    6
  124.9     HEAVY      STABLE     HEAVY     48.1     2    9.95     0     0   7.150   477    7
  126.9     HEAVY      STABLE     HEAVY     44.4     5    9.97     0     0   7.150   477    7
  128.5     HEAVY      STABLE     HEAVY     45.0     7   10.08     0     0   7.150   477    7
  130.2     HEAVY      STABLE     HEAVY     50.5     3    9.91     0     0   7.150   477    7
  132.0     HEAVY      STABLE     HEAVY     47.4     6   10.00     0     0   7.150   477    7
  133.7     HEAVY      STABLE     HEAVY     49.4     6    9.96     0     0   7.150   477    7
  135.4     HEAVY      STABLE     HEAVY     49.4     6    9.95     0     0   7.150   477    7
  137.1     HEAVY      STABLE     HEAVY     45.0     6   10.00     0     0   7.150   477    7
  138.8     HEAVY      STABLE     HEAVY     42.4     3    9.96     0     0   7.150   477    7
  140.6     HEAVY      STABLE     HEAVY     49.7     6   10.00     0     0   7.150   477    7
  142.3     HEAVY      STABLE     HEAVY     43.8     7    9.92     0     0   6.430   429    8
  144.5     HEAVY      STABLE     HEAVY     49.2     5   10.00     0     0   6.430   429    8
  146.5     HEAVY      STABLE     HEAVY     48.0     5    9.55     0     0   6.430   429    8
  148.2     HEAVY      STABLE     HEAVY     46.0     6    9.85     0     0   6.430   429    8
  149.9     HEAVY      STABLE     HEAVY     48.0     4   10.00     0     0   6.430   429    8
  151.6     HEAVY      STABLE     HEAVY     50.7     2   10.02     0     0   6.430   429    8
  153.4     HEAVY      STABLE     HEAVY     44.7     6    9.80     0     0   6.430   429    8
  155.0     HEAVY      STABLE     HEAVY     50.4     6   10.15     0     0   6.430   429    8
  156.9     HEAVY      STABLE     HEAVY     45.0     7    9.83     0     0   6.430   429    8
  158.6     HEAVY      STABLE     HEAVY     52.5     5   10.19     0     0   6.430   429    8
  160.4     HEAVY      STABLE     HEAVY     51.8     5    9.93     0     0   5.790   386    9
  162.6     HEAVY      STABLE     HEAVY     51.8     6    9.78     0     0   5.790   386    9
  164.3     HEAVY      STABLE     HEAVY     45.5     6   10.12     0     0   5.790   386    9
  166.0     HEAVY      STABLE     HEAVY     52.1     4    9.99     0     0   5.790   386    9
  167.8     HEAVY      STABLE     HEAVY     48.3     2   10.00     0     0   5.790   386    9
  169.5     HEAVY      STABLE     HEAVY     50.1     5   10.01     0     0   5.790   386    9
  171.2     HEAVY      STABLE     HEAVY     51.2     4    9.97     0     0   5.790   386    9
  172.9     HEAVY      STABLE     HEAVY     56.2     4    9.95     0     0   5.790   386    9
  174.6     HEAVY      STABLE     HEAVY     51.4     2    9.93     0     0   5.790   386    9
  176.4     HEAVY      STABLE     HEAVY     51.0     3   10.06     0     0   5.790   386    9
  178.1     HEAVY      STABLE     HEAVY     47.9     3    9.98     0     0   5.210   347   10

Done — 101 ticks, 10 adjustments (0 predictive), mode=tc-only
