[acape] bounds for target 80.0ms: target 3.2-320ms interval 320-4.8e+03ms

==============================================================================
  ACAPE v6.0.0   mode=tc-only   qdisc=fq_codel handle=10:
  metrics -> results_law/ratio_t80_r80/fq_codel_acape_t80_steady_s2/acape_metrics_ctl.csv
==============================================================================
      t    regime        traj      pred     dr/s    bl    tput flows eleph  tgt_ms   lim  adj
---------------------------------------------------------------------------------------------
    8.5     HEAVY      STABLE     HEAVY      4.8    34    9.61     0     0  80.000  1024    0
   16.7     HEAVY      STABLE     HEAVY      3.0    45    9.98     0     0  80.000  1024    0
   24.9     HEAVY      STABLE     HEAVY      2.9    48   10.00     0     0  80.000  1024    0
   33.0     HEAVY      STABLE     HEAVY      3.9    32   10.00     0     0  80.000  1024    0
   41.2     HEAVY      STABLE     HEAVY      2.9    40    9.99     0     0  80.000  1024    0
   49.5     HEAVY      STABLE     HEAVY      3.0    54    9.98     0     0  80.000  1024    0
   57.6     HEAVY      STABLE     HEAVY      3.1    51   10.00     0     0  80.000  1024    0
   65.8     HEAVY      STABLE     HEAVY      3.7    36    9.98     0     0  80.000  1024    0
   74.0     HEAVY      STABLE     HEAVY      3.0    43   10.00     0     0  80.000  1024    0
   82.2     HEAVY      STABLE     HEAVY      2.9    49    9.98     0     0  72.000   921    1
   90.9     HEAVY      STABLE     HEAVY      3.7    47    9.96     0     0  72.000   921    1
   99.1     HEAVY      STABLE     HEAVY      3.8    35   10.00     0     0  72.000   921    1
  107.3     HEAVY      STABLE     HEAVY      3.2    44    9.97     0     0  72.000   921    1
  115.5     HEAVY      STABLE     HEAVY      3.8    39    9.97     0     0  72.000   921    1
  123.8     HEAVY      STABLE     HEAVY      3.1    47    9.81     0     0  72.000   921    1
  132.0     HEAVY      STABLE     HEAVY      3.8    36    9.99     0     0  72.000   921    1
  140.1     HEAVY      STABLE     HEAVY      3.2    49    9.98     0     0  72.000   921    1
  148.3     HEAVY      STABLE     HEAVY      3.8    35    9.99     0     0  72.000   921    1
  156.5     HEAVY      STABLE     HEAVY      3.1    48    9.98     0     0  72.000   921    1
  164.7     HEAVY      STABLE     HEAVY      3.9    41    9.99     0     0  64.800   828    2
  173.6     HEAVY      STABLE     HEAVY      3.8    49    9.71     0     0  64.800   828    2
  181.8     HEAVY      STABLE     HEAVY      4.8    34   10.00     0     0  64.800   828    2
  190.0     HEAVY      STABLE     HEAVY      3.9    40    9.99     0     0  64.800   828    2
  198.1     HEAVY      STABLE     HEAVY      4.0    46    9.99     0     0  64.800   828    2
  206.3     HEAVY      STABLE     HEAVY      4.7    39    9.98     0     0  64.800   828    2
  214.5     HEAVY      STABLE     HEAVY      4.2    38   10.00     0     0  64.800   828    2
  222.7     HEAVY      STABLE     HEAVY      3.9    53    9.98     0     0  64.800   828    2
  230.9     HEAVY      STABLE     HEAVY      4.6    42    9.96     0     0  64.800   828    2
  239.1     HEAVY      STABLE     HEAVY      4.1    33   10.02     0     0  64.800   828    2
  247.4     HEAVY      STABLE     HEAVY      4.0    45    9.99     0     0  58.300   745    3
  255.9     HEAVY      STABLE     HEAVY      4.7    37    9.99     0     0  58.300   745    3
  264.2     HEAVY      STABLE     HEAVY      4.8    34   10.00     0     0  58.300   745    3
  272.4     HEAVY      STABLE     HEAVY      4.0    45    9.99     0     0  58.300   745    3
  280.6     HEAVY      STABLE     HEAVY      4.9    38    9.99     0     0  58.300   745    3
  288.8     HEAVY      STABLE     HEAVY      4.9    30    9.92     0     0  58.300   745    3
  297.0     HEAVY      STABLE     HEAVY      4.0    43   10.00     0     0  58.300   745    3
  305.2     HEAVY      STABLE     HEAVY      4.9    36    9.98     0     0  58.300   745    3
  313.3     HEAVY      STABLE     HEAVY      4.8    32   10.01     0     0  58.300   745    3
  321.5     HEAVY      STABLE     HEAVY      4.8    39    9.99     0     0  58.300   745    3
  329.7     HEAVY      STABLE     HEAVY      4.2    38    9.67     0     0  52.500   670    4
  338.2     HEAVY      STABLE     HEAVY      4.7    44   10.00     0     0  52.500   670    4
  346.4     HEAVY      STABLE     HEAVY      5.0    46    9.99     0     0  52.500   670    4
  354.6     HEAVY      STABLE     HEAVY      5.0    43   10.00     0     0  52.500   670    4
  362.8     HEAVY      STABLE     HEAVY      4.9    45    9.99     0     0  52.500   670    4
  371.0     HEAVY      STABLE     HEAVY      5.1    42    9.99     0     0  52.500   670    4
  379.1     HEAVY      STABLE     HEAVY      5.1    41    9.99     0     0  52.500   670    4
  387.4     HEAVY      STABLE     HEAVY      4.8    41    9.94     0     0  52.500   670    4
  395.6     HEAVY      STABLE     HEAVY      4.9    39    9.79     0     0  52.500   670    4
  403.7     HEAVY      STABLE     HEAVY      4.9    31    9.99     0     0  52.500   670    4
  411.9     HEAVY      STABLE     HEAVY      4.6    35    9.98     0     0  47.200   603    5
  420.5     HEAVY      STABLE     HEAVY      5.6    24    9.99     0     0  47.200   603    5
  428.7     HEAVY      STABLE     HEAVY      5.1    30    9.99     0     0  47.200   603    5
  436.9     HEAVY      STABLE     HEAVY      5.6    21   10.01     0     0  47.200   603    5
  445.1     HEAVY      STABLE     HEAVY      5.1    33    9.85     0     0  47.200   603    5
  453.4     HEAVY      STABLE     HEAVY      5.3    24    9.99     0     0  47.200   603    5
  461.5     HEAVY      STABLE     HEAVY      5.3    29   10.01     0     0  47.200   603    5
  469.7     HEAVY      STABLE     HEAVY      5.3    30   10.00     0     0  47.200   603    5
  477.9     HEAVY      STABLE     HEAVY      5.5    29   10.00     0     0  47.200   603    5
  486.1     HEAVY      STABLE     HEAVY      5.1    27    9.66     0     0  47.200   603    5
  494.3     HEAVY      STABLE     HEAVY      5.5    26    9.99     0     0  42.500   542    6
  502.9     HEAVY      STABLE     HEAVY      5.6    18    9.98     0     0  42.500   542    6
  511.0     HEAVY      STABLE     HEAVY      5.6    22    9.99     0     0  42.500   542    6
  519.2     HEAVY      STABLE     HEAVY      5.8    23   10.00     0     0  42.500   542    6
  527.4     HEAVY      STABLE     HEAVY      5.6     0    9.98     0     0  42.500   542    6
  535.6     HEAVY      STABLE     HEAVY      5.3    27    9.94     0     0  42.500   542    6
  543.8     HEAVY      STABLE     HEAVY      5.9    28    9.96     0     0  42.500   542    6
  552.0     HEAVY      STABLE     HEAVY      5.4    32   10.00     0     0  42.500   542    6
  560.2     HEAVY      STABLE     HEAVY      5.7    25    9.99     0     0  42.500   542    6
  568.4     HEAVY      STABLE     HEAVY      5.6    28   10.00     0     0  42.500   542    6
  576.5     HEAVY      STABLE     HEAVY      5.8    26    9.99     0     0  38.200   487    7
  585.0     HEAVY      STABLE     HEAVY      6.0    24    9.98     0     0  38.200   487    7
  593.2     HEAVY      STABLE     HEAVY      5.9    24    9.95     0     0  38.200   487    7
  601.4     HEAVY      STABLE     HEAVY      5.9    20    9.98     0     0  38.200   487    7
  609.6     HEAVY      STABLE     HEAVY      5.9     0    9.99     0     0  38.200   487    7
  617.7     HEAVY      STABLE     HEAVY      5.7    20   10.00     0     0  38.200   487    7
  625.9     HEAVY      STABLE     HEAVY      5.9    23   10.01     0     0  38.200   487    7
  634.1     HEAVY      STABLE     HEAVY      5.5     0   10.00     0     0  38.200   487    7
  642.3     HEAVY      STABLE     HEAVY      5.5    27    9.65     0     0  38.200   487    7
  650.4     HEAVY      STABLE     HEAVY      5.9     0   10.00     0     0  38.200   487    7
  658.6     HEAVY      STABLE     HEAVY      5.7    25   10.00     0     0  34.400   438    8
  667.1     HEAVY      STABLE     HEAVY      6.1    19    9.99     0     0  34.400   438    8
  675.3     HEAVY      STABLE     HEAVY      6.1    22    9.99     0     0  34.400   438    8
  683.6     HEAVY      STABLE     HEAVY      6.0    21    9.91     0     0  34.400   438    8
  691.8     HEAVY      STABLE     HEAVY      6.2    21   10.00     0     0  34.400   438    8
  700.0     HEAVY      STABLE     HEAVY      6.0    20    9.99     0     0  34.400   438    8
  708.1     HEAVY      STABLE     HEAVY      5.9    26   10.00     0     0  34.400   438    8
  716.3     HEAVY      STABLE     HEAVY      6.1     0    9.98     0     0  34.400   438    8
  724.5     HEAVY      STABLE     HEAVY      6.2    21    9.99     0     0  34.400   438    8
  732.7     HEAVY      STABLE     HEAVY      6.0    23   10.00     0     0  34.400   438    8
  740.9     HEAVY      STABLE     HEAVY      6.1    21    9.98     0     0  31.000   394    9
  749.6     HEAVY      STABLE     HEAVY      6.3    19    9.99     0     0  31.000   394    9
  757.9     HEAVY      STABLE     HEAVY      6.2    13    9.97     0     0  31.000   394    9
  766.1     HEAVY      STABLE     HEAVY      6.5    17    9.99     0     0  31.000   394    9
  774.3     HEAVY      STABLE     HEAVY      6.3    17    9.99     0     0  31.000   394    9
  782.5     HEAVY      STABLE     HEAVY      6.4    16   10.00     0     0  31.000   394    9
  790.6     HEAVY      STABLE     HEAVY      6.4    16    9.64     0     0  31.000   394    9
  798.8     HEAVY      STABLE     HEAVY      6.9    18   10.00     0     0  31.000   394    9
  807.0     HEAVY      STABLE     HEAVY      6.2    18    9.96     0     0  31.000   394    9
  815.2     HEAVY      STABLE     HEAVY      6.1    27    9.98     0     0  31.000   394    9
  823.4     HEAVY      STABLE     HEAVY      6.4    18   10.00     0     0  27.900   354   10
  831.9     HEAVY      STABLE     HEAVY      6.2    15    9.97     0     0  27.900   354   10
  840.0     HEAVY      STABLE     HEAVY      6.6    15   10.01     0     0  27.900   354   10
  848.2     HEAVY      STABLE     HEAVY      6.4    13    9.99     0     0  27.900   354   10
  856.4     HEAVY      STABLE     HEAVY      6.2    15    9.99     0     0  27.900   354   10
  864.6     HEAVY      STABLE     HEAVY      6.3    17    9.64     0     0  27.900   354   10
  872.8     HEAVY      STABLE     HEAVY      6.9    12    9.99     0     0  27.900   354   10
  880.9     HEAVY      STABLE     HEAVY      5.9    18   10.00     0     0  27.900   354   10
  889.1     HEAVY      STABLE     HEAVY      6.6    16    9.98     0     0  27.900   354   10
  897.3     HEAVY      STABLE     HEAVY      6.2    17    9.97     0     0  27.900   354   10
  905.6     HEAVY      STABLE     HEAVY      6.4    25    9.87     0     0  25.100   318   11
  914.1     HEAVY      STABLE     HEAVY      7.1    11   10.01     0     0  25.100   318   11
  922.3     HEAVY      STABLE     HEAVY      7.0    14   10.00     0     0  25.100   318   11
  930.4     HEAVY      STABLE     HEAVY      7.1    13   10.00     0     0  25.100   318   11
  938.6     HEAVY      STABLE     HEAVY      7.0    17    9.98     0     0  25.100   318   11
  946.8     HEAVY      STABLE     HEAVY      6.8    13    9.66     0     0  25.100   318   11
  955.0     HEAVY      STABLE     HEAVY      7.0    14    9.97     0     0  25.100   318   11

Done — 117 ticks, 11 adjustments (0 predictive), mode=tc-only
