
==============================================================================
  ACAPE v6.0.0   mode=tc-only   qdisc=fq_codel handle=10:
  metrics -> results_sweep/fq_codel_acape_mixed_s2/acape_metrics_ctl.csv
==============================================================================
      t    regime        traj      pred     dr/s    bl    tput flows eleph  tgt_ms   lim  adj
---------------------------------------------------------------------------------------------
    0.9     HEAVY      STABLE     HEAVY    168.9    17   10.05     0     0   5.000  1024    0
    1.5     HEAVY      STABLE     HEAVY     64.2     6   10.14     0     0   5.000  1024    0
    2.6     HEAVY  RECOVERING  MODERATE     31.4     8    9.55     0     0   5.000  1024    0
    3.7     HEAVY  RECOVERING  MODERATE     32.6     9    9.91     0     0   5.000  1024    0
    4.8     HEAVY  RECOVERING  MODERATE     33.5     8    9.97     0     0   5.000  1024    0
    5.8     HEAVY      STABLE     HEAVY     31.7    10    9.98     0     0   5.000  1024    0
    6.7     HEAVY      STABLE     HEAVY     35.5     7   10.29     0     0   5.000  1024    0
    7.6     HEAVY      STABLE     HEAVY     34.0     6    9.81     0     0   5.000  1024    0
    8.5     HEAVY      STABLE     HEAVY     35.0     6   10.29     0     0   5.000  1024    0
    9.5     HEAVY      STABLE     HEAVY     32.9     9    9.97     0     0   4.500   921    1
   11.2     HEAVY      STABLE     HEAVY     33.6     7    9.94     0     0   4.500   921    1
   12.3     HEAVY      STABLE     HEAVY     34.5     7    9.93     0     0   4.500   921    1
   13.3     HEAVY      STABLE     HEAVY     35.3    10   10.11     0     0   4.500   921    1
   14.2     HEAVY      STABLE     HEAVY     34.2     7   10.14     0     0   4.500   921    1
   15.4     HEAVY      STABLE     HEAVY     33.9     8    9.68     0     0   4.500   921    1
   16.3     HEAVY      STABLE     HEAVY     35.9     5   10.26     0     0   4.500   921    1
   17.2     HEAVY      STABLE     HEAVY     36.5    12   10.04     0     0   4.500   921    1
   18.2     HEAVY      STABLE     HEAVY     35.9     4    9.71     0     0   4.500   921    1
   19.1     HEAVY      STABLE     HEAVY     38.2     8   10.23     0     0   4.500   921    1
   20.1     HEAVY      STABLE     HEAVY     33.8     8    9.97     0     0   4.050   828    2
   21.9     HEAVY      STABLE     HEAVY     36.1     6   10.10     0     0   4.050   828    2
   23.0     HEAVY      STABLE     HEAVY     32.1     7    9.45     0     0   4.050   828    2
   24.1     HEAVY      STABLE     HEAVY     34.9     7   10.04     0     0   4.050   828    2
   25.0     HEAVY      STABLE     HEAVY     36.0     6   10.07     0     0   4.050   828    2
   26.0     HEAVY      STABLE     HEAVY     36.5     9   10.10     0     0   4.050   828    2
   27.0     HEAVY      STABLE     HEAVY     36.1     4    9.79     0     0   4.050   828    2
   28.0     HEAVY      STABLE     HEAVY     34.4     5   10.07     0     0   4.050   828    2
   29.0     HEAVY      STABLE     HEAVY     36.6     7    9.77     0     0   4.050   828    2
   30.1     HEAVY      STABLE     HEAVY     36.0     7   10.01     0     0   4.050   828    2
   31.0     HEAVY      STABLE     HEAVY     36.2     4   10.07     0     0   3.640   745    3
   32.8     HEAVY      STABLE     HEAVY     37.7     6   10.17     0     0   3.640   745    3
   33.7     HEAVY      STABLE     HEAVY     33.4     8    9.71     0     0   3.640   745    3
   34.7     HEAVY      STABLE     HEAVY     38.5     5    9.91     0     0   3.640   745    3
   35.6     HEAVY      STABLE     HEAVY     39.1     6   10.24     0     0   3.640   745    3
   36.5     HEAVY      STABLE     HEAVY     39.0     6   10.12     0     0   3.640   745    3
   37.5     HEAVY      STABLE     HEAVY     37.8     7    9.85     0     0   3.640   745    3
   38.4     HEAVY      STABLE     HEAVY     39.9     8   10.24     0     0   3.640   745    3
   39.4     HEAVY      STABLE     HEAVY     37.9     7    9.73     0     0   3.640   745    3
   40.3     HEAVY      STABLE     HEAVY     37.9     3   10.01     0     0   3.640   745    3
   41.3     HEAVY      STABLE     HEAVY     34.3     8    9.96     0     0   3.270   670    4
   42.9     HEAVY      STABLE     HEAVY     42.4     4   10.20     0     0   3.270   670    4
   43.7     HEAVY      STABLE     HEAVY     39.5     8    9.91     0     0   3.270   670    4
   44.7     HEAVY      STABLE     HEAVY     35.5     8    9.76     0     0   3.270   670    4
   45.8     HEAVY      STABLE     HEAVY     34.2     8    9.70     0     0   3.270   670    4
   46.7     HEAVY      STABLE     HEAVY     39.3     4   10.24     0     0   3.270   670    4
   47.7     HEAVY      STABLE     HEAVY     36.0    11   10.30     0     0   3.270   670    4
   48.6     HEAVY      STABLE     HEAVY     41.1     8    9.63     0     0   3.270   670    4
   49.5     HEAVY      STABLE     HEAVY     37.5     4   10.39     0     0   3.270   670    4
   50.4     HEAVY      STABLE     HEAVY     36.3     4    9.83     0     0   3.270   670    4
   51.3     HEAVY      STABLE     HEAVY     39.0     2    9.93     0     0   2.940   603    5
   53.2     HEAVY      STABLE     HEAVY     37.3     9   10.09     0     0   2.940   603    5
   54.1     HEAVY      STABLE     HEAVY     40.2     7    9.83     0     0   2.940   603    5
   55.1     HEAVY      STABLE     HEAVY     40.1     6    9.85     0     0   2.940   603    5
   56.0     HEAVY      STABLE     HEAVY     40.5     5   10.30     0     0   2.940   603    5
   57.0     HEAVY      STABLE     HEAVY     42.7     7    9.90     0     0   2.940   603    5
   57.9     HEAVY      STABLE     HEAVY     39.3     7   10.36     0     0   2.940   603    5
   58.5     HEAVY      STABLE     HEAVY     39.3     7   10.04     0     0   2.940   603    5
   59.2     HEAVY      STABLE     HEAVY     41.1     4    9.95     0     0   2.940   603    5
   59.8     HEAVY      STABLE     HEAVY     38.8     3    9.99     0     0   2.940   603    5

Done — 60 ticks, 5 adjustments (0 predictive), mode=tc-only
