-----------------------------------------------------------
Server listening on 5202 (test #1)
-----------------------------------------------------------
Accepted connection from 192.168.1.2, port 34426
[  5] local 192.168.2.2 port 5202 connected to 192.168.1.2 port 49130
[  6] local 192.168.2.2 port 5202 connected to 192.168.1.2 port 41781
[  9] local 192.168.2.2 port 5202 connected to 192.168.1.2 port 55219
[ ID] Interval           Transfer     Bitrate         Jitter    Lost/Total Datagrams
[  5]   0.00-1.00   sec  24.0 KBytes   197 Kbits/sec  1.132 ms  0/82 (0%)  
[  6]   0.00-1.00   sec  24.0 KBytes   196 Kbits/sec  1.572 ms  0/82 (0%)  
[  9]   0.00-1.00   sec  24.0 KBytes   196 Kbits/sec  2.336 ms  0/82 (0%)  
[SUM]   0.00-1.00   sec  72.1 KBytes   590 Kbits/sec  1.680 ms  0/246 (0%)  
- - - - - - - - - - - - - - - - - - - - - - - - -
[  5]   1.00-2.00   sec  24.3 KBytes   199 Kbits/sec  2.231 ms  0/83 (0%)  
[  6]   1.00-2.00   sec  24.3 KBytes   199 Kbits/sec  2.871 ms  0/83 (0%)  
[  9]   1.00-2.00   sec  24.3 KBytes   199 Kbits/sec  1.713 ms  0/83 (0%)  
[SUM]   1.00-2.00   sec  72.9 KBytes   598 Kbits/sec  2.272 ms  0/249 (0%)  
- - - - - - - - - - - - - - - - - - - - - - - - -
[  5]   2.00-3.00   sec  24.6 KBytes   202 Kbits/sec  3.119 ms  0/84 (0%)  
[  6]   2.00-3.00   sec  24.3 KBytes   199 Kbits/sec  2.334 ms  0/83 (0%)  
[  9]   2.00-3.00   sec  24.6 KBytes   202 Kbits/sec  2.118 ms  0/84 (0%)  
[SUM]   2.00-3.00   sec  73.5 KBytes   603 Kbits/sec  2.523 ms  0/251 (0%)  
- - - - - - - - - - - - - - - - - - - - - - - - -
[  5]   3.00-4.00   sec  24.3 KBytes   199 Kbits/sec  1.868 ms  0/83 (0%)  
[  6]   3.00-4.00   sec  24.6 KBytes   202 Kbits/sec  1.509 ms  0/84 (0%)  
[  9]   3.00-4.00   sec  24.3 KBytes   199 Kbits/sec  2.160 ms  0/83 (0%)  
[SUM]   3.00-4.00   sec  73.2 KBytes   600 Kbits/sec  1.846 ms  0/250 (0%)  
- - - - - - - - - - - - - - - - - - - - - - - - -
[  5]   4.00-5.00   sec  24.3 KBytes   199 Kbits/sec  1.779 ms  0/83 (0%)  
[  6]   4.00-5.00   sec  24.3 KBytes   199 Kbits/sec  1.736 ms  0/83 (0%)  
[  9]   4.00-5.00   sec  24.3 KBytes   199 Kbits/sec  1.410 ms  0/83 (0%)  
[SUM]   4.00-5.00   sec  72.9 KBytes   598 Kbits/sec  1.642 ms  0/249 (0%)  
- - - - - - - - - - - - - - - - - - - - - - - - -
[  5]   5.00-6.00   sec  24.6 KBytes   202 Kbits/sec  2.706 ms  0/84 (0%)  
[  6]   5.00-6.00   sec  24.3 KBytes   199 Kbits/sec  2.694 ms  0/83 (0%)  
[  9]   5.00-6.00   sec  24.6 KBytes   202 Kbits/sec  2.638 ms  0/84 (0%)  
[SUM]   5.00-6.00   sec  73.5 KBytes   602 Kbits/sec  2.679 ms  0/251 (0%)  
- - - - - - - - - - - - - - - - - - - - - - - - -
[  5]   6.00-7.00   sec  24.3 KBytes   199 Kbits/sec  2.020 ms  0/83 (0%)  
[  6]   6.00-7.00   sec  24.6 KBytes   201 Kbits/sec  2.064 ms  0/84 (0%)  
[  9]   6.00-7.00   sec  24.3 KBytes   199 Kbits/sec  2.632 ms  0/83 (0%)  
[SUM]   6.00-7.00   sec  73.2 KBytes   599 Kbits/sec  2.239 ms  0/250 (0%)  
- - - - - - - - - - - - - - - - - - - - - - - - -
[  5]   7.00-8.00   sec  24.3 KBytes   199 Kbits/sec  2.585 ms  0/83 (0%)  
[  6]   7.00-8.00   sec  24.3 KBytes   199 Kbits/sec  2.015 ms  0/83 (0%)  
[  9]   7.00-8.00   sec  24.3 KBytes   199 Kbits/sec  2.375 ms  0/83 (0%)  
[SUM]   7.00-8.00   sec  72.9 KBytes   598 Kbits/sec  2.325 ms  0/249 (0%)  
- - - - - - - - - - - - - - - - - - - - - - - - -
[  5]   8.00-9.00   sec  24.3 KBytes   200 Kbits/sec  1.693 ms  0/83 (0%)  
[  6]   8.00-9.00   sec  24.3 KBytes   200 Kbits/sec  2.411 ms  0/83 (0%)  
[  9]   8.00-9.00   sec  24.3 KBytes   200 Kbits/sec  1.613 ms  0/83 (0%)  
[SUM]   8.00-9.00   sec  72.9 KBytes   599 Kbits/sec  1.906 ms  0/249 (0%)  
- - - - - - - - - - - - - - - - - - - - - - - - -
[  5]   9.00-10.00  sec  24.6 KBytes   201 Kbits/sec  2.052 ms  0/84 (0%)  
[  6]   9.00-10.00  sec  24.6 KBytes   201 Kbits/sec  2.686 ms  0/84 (0%)  
[  9]   9.00-10.00  sec  24.3 KBytes   199 Kbits/sec  2.360 ms  0/83 (0%)  
[SUM]   9.00-10.00  sec  73.5 KBytes   601 Kbits/sec  2.366 ms  0/251 (0%)  
- - - - - - - - - - - - - - - - - - - - - - - - -
[  5]  10.00-11.00  sec  24.3 KBytes   199 Kbits/sec  1.637 ms  0/83 (0%)  
[  6]  10.00-11.00  sec  24.3 KBytes   199 Kbits/sec  1.889 ms  0/83 (0%)  
[  9]  10.00-11.00  sec  24.6 KBytes   202 Kbits/sec  1.862 ms  0/84 (0%)  
[SUM]  10.00-11.00  sec  73.2 KBytes   601 Kbits/sec  1.796 ms  0/250 (0%)  
- - - - - - - - - - - - - - - - - - - - - - - - -
[  5]  11.00-12.00  sec  24.6 KBytes   202 Kbits/sec  2.221 ms  0/84 (0%)  
[  6]  11.00-12.00  sec  24.6 KBytes   202 Kbits/sec  1.655 ms  0/84 (0%)  
[  9]  11.00-12.00  sec  24.3 KBytes   199 Kbits/sec  1.820 ms  0/83 (0%)  
[SUM]  11.00-12.00  sec  73.5 KBytes   603 Kbits/sec  1.899 ms  0/251 (0%)  
- - - - - - - - - - - - - - - - - - - - - - - - -
[  5]  12.00-13.00  sec  24.3 KBytes   199 Kbits/sec  1.642 ms  0/83 (0%)  
[  6]  12.00-13.00  sec  24.3 KBytes   199 Kbits/sec  1.908 ms  0/83 (0%)  
[  9]  12.00-13.00  sec  24.6 KBytes   201 Kbits/sec  1.652 ms  0/84 (0%)  
[SUM]  12.00-13.00  sec  73.2 KBytes   600 Kbits/sec  1.734 ms  0/250 (0%)  
- - - - - - - - - - - - - - - - - - - - - - - - -
[  5]  13.00-14.00  sec  24.3 KBytes   199 Kbits/sec  1.402 ms  0/83 (0%)  
[  6]  13.00-14.00  sec  24.3 KBytes   199 Kbits/sec  1.364 ms  0/83 (0%)  
[  9]  13.00-14.00  sec  24.3 KBytes   199 Kbits/sec  1.342 ms  0/83 (0%)  
[SUM]  13.00-14.00  sec  72.9 KBytes   598 Kbits/sec  1.369 ms  0/249 (0%)  
- - - - - - - - - - - - - - - - - - - - - - - - -
[  5]  14.00-15.00  sec  24.6 KBytes   202 Kbits/sec  1.875 ms  0/84 (0%)  
[  6]  14.00-15.00  sec  24.6 KBytes   202 Kbits/sec  2.595 ms  0/84 (0%)  
[  9]  14.00-15.00  sec  24.3 KBytes   199 Kbits/sec  1.795 ms  0/83 (0%)  
[SUM]  14.00-15.00  sec  73.5 KBytes   603 Kbits/sec  2.088 ms  0/251 (0%)  
- - - - - - - - - - - - - - - - - - - - - - - - -
[  5]  15.00-16.00  sec  24.3 KBytes   199 Kbits/sec  2.123 ms  0/83 (0%)  
[  6]  15.00-16.00  sec  24.3 KBytes   199 Kbits/sec  1.256 ms  0/83 (0%)  
[  9]  15.00-16.00  sec  24.6 KBytes   202 Kbits/sec  1.350 ms  0/84 (0%)  
[SUM]  15.00-16.00  sec  73.2 KBytes   600 Kbits/sec  1.577 ms  0/250 (0%)  
- - - - - - - - - - - - - - - - - - - - - - - - -
[  5]  16.00-17.00  sec  24.3 KBytes   199 Kbits/sec  2.275 ms  0/83 (0%)  
[  6]  16.00-17.00  sec  24.3 KBytes   199 Kbits/sec  1.589 ms  0/83 (0%)  
[  9]  16.00-17.00  sec  24.3 KBytes   199 Kbits/sec  1.971 ms  0/83 (0%)  
[SUM]  16.00-17.00  sec  72.9 KBytes   597 Kbits/sec  1.945 ms  0/249 (0%)  
- - - - - - - - - - - - - - - - - - - - - - - - -
[  5]  17.00-18.00  sec  24.3 KBytes   199 Kbits/sec  1.855 ms  0/83 (0%)  
[  6]  17.00-18.00  sec  24.3 KBytes   199 Kbits/sec  1.239 ms  0/83 (0%)  
[  9]  17.00-18.00  sec  24.3 KBytes   199 Kbits/sec  1.864 ms  0/83 (0%)  
[SUM]  17.00-18.00  sec  72.9 KBytes   598 Kbits/sec  1.653 ms  0/249 (0%)  
- - - - - - - - - - - - - - - - - - - - - - - - -
[  5]  18.00-19.00  sec  24.6 KBytes   202 Kbits/sec  1.867 ms  0/84 (0%)  
[  6]  18.00-19.00  sec  24.6 KBytes   202 Kbits/sec  2.313 ms  0/84 (0%)  
[  9]  18.00-19.00  sec  24.6 KBytes   202 Kbits/sec  1.967 ms  0/84 (0%)  
[SUM]  18.00-19.00  sec  73.8 KBytes   605 Kbits/sec  2.049 ms  0/252 (0%)  
- - - - - - - - - - - - - - - - - - - - - - - - -
[  5]  19.00-20.00  sec  24.3 KBytes   199 Kbits/sec  1.617 ms  0/83 (0%)  
[  6]  19.00-20.00  sec  24.3 KBytes   199 Kbits/sec  1.744 ms  0/83 (0%)  
[  9]  19.00-20.00  sec  24.3 KBytes   199 Kbits/sec  1.859 ms  0/83 (0%)  
[SUM]  19.00-20.00  sec  72.9 KBytes   598 Kbits/sec  1.740 ms  0/249 (0%)  
- - - - - - - - - - - - - - - - - - - - - - - - -
[  5]  20.00-21.00  sec  24.6 KBytes   201 Kbits/sec  3.180 ms  0/84 (0%)  
[  6]  20.00-21.00  sec  24.6 KBytes   201 Kbits/sec  2.244 ms  0/84 (0%)  
[  9]  20.00-21.00  sec  24.6 KBytes   201 Kbits/sec  2.515 ms  0/84 (0%)  
[SUM]  20.00-21.00  sec  73.8 KBytes   602 Kbits/sec  2.646 ms  0/252 (0%)  
- - - - - - - - - - - - - - - - - - - - - - - - -
[  5]  21.00-22.00  sec  24.0 KBytes   198 Kbits/sec  1.639 ms  0/82 (0%)  
[  6]  21.00-22.00  sec  24.3 KBytes   200 Kbits/sec  2.344 ms  0/83 (0%)  
[  9]  21.00-22.00  sec  24.3 KBytes   200 Kbits/sec  1.837 ms  0/83 (0%)  
[SUM]  21.00-22.00  sec  72.7 KBytes   598 Kbits/sec  1.940 ms  0/248 (0%)  
- - - - - - - - - - - - - - - - - - - - - - - - -
[  5]  22.00-23.00  sec  24.6 KBytes   201 Kbits/sec  1.861 ms  0/84 (0%)  
[  6]  22.00-23.00  sec  24.3 KBytes   199 Kbits/sec  1.711 ms  0/83 (0%)  
[  9]  22.00-23.00  sec  24.3 KBytes   199 Kbits/sec  1.851 ms  0/83 (0%)  
[SUM]  22.00-23.00  sec  73.2 KBytes   599 Kbits/sec  1.808 ms  0/250 (0%)  
- - - - - - - - - - - - - - - - - - - - - - - - -
[  5]  23.00-24.00  sec  24.6 KBytes   202 Kbits/sec  1.392 ms  0/84 (0%)  
[  6]  23.00-24.00  sec  24.6 KBytes   202 Kbits/sec  2.089 ms  0/84 (0%)  
[  9]  23.00-24.00  sec  24.3 KBytes   200 Kbits/sec  2.308 ms  0/83 (0%)  
[SUM]  23.00-24.00  sec  73.5 KBytes   603 Kbits/sec  1.930 ms  0/251 (0%)  
- - - - - - - - - - - - - - - - - - - - - - - - -
[  5]  24.00-25.00  sec  24.3 KBytes   199 Kbits/sec  1.836 ms  0/83 (0%)  
[  6]  24.00-25.00  sec  24.0 KBytes   197 Kbits/sec  1.664 ms  0/82 (0%)  
[  9]  24.00-25.00  sec  24.6 KBytes   202 Kbits/sec  1.865 ms  0/84 (0%)  
[SUM]  24.00-25.00  sec  72.9 KBytes   597 Kbits/sec  1.788 ms  0/249 (0%)  
- - - - - - - - - - - - - - - - - - - - - - - - -
[  5]  25.00-26.00  sec  24.3 KBytes   199 Kbits/sec  2.287 ms  0/83 (0%)  
[  6]  25.00-26.00  sec  24.6 KBytes   202 Kbits/sec  1.900 ms  0/84 (0%)  
[  9]  25.00-26.00  sec  24.3 KBytes   199 Kbits/sec  2.210 ms  0/83 (0%)  
[SUM]  25.00-26.00  sec  73.2 KBytes   600 Kbits/sec  2.132 ms  0/250 (0%)  
- - - - - - - - - - - - - - - - - - - - - - - - -
[  5]  26.00-27.00  sec  24.6 KBytes   201 Kbits/sec  1.276 ms  0/84 (0%)  
[  6]  26.00-27.00  sec  24.6 KBytes   201 Kbits/sec  1.905 ms  0/84 (0%)  
[  9]  26.00-27.00  sec  24.6 KBytes   201 Kbits/sec  1.264 ms  0/84 (0%)  
[SUM]  26.00-27.00  sec  73.8 KBytes   604 Kbits/sec  1.482 ms  0/252 (0%)  
- - - - - - - - - - - - - - - - - - - - - - - - -
[  5]  27.00-28.00  sec  24.3 KBytes   199 Kbits/sec  1.558 ms  0/83 (0%)  
[  6]  27.00-28.00  sec  24.3 KBytes   199 Kbits/sec  2.223 ms  0/83 (0%)  
[  9]  27.00-28.00  sec  24.3 KBytes   199 Kbits/sec  2.299 ms  0/83 (0%)  
[SUM]  27.00-28.00  sec  72.9 KBytes   598 Kbits/sec  2.027 ms  0/249 (0%)  
- - - - - - - - - - - - - - - - - - - - - - - - -
[  5]  28.00-29.00  sec  24.3 KBytes   199 Kbits/sec  2.243 ms  0/83 (0%)  
[  6]  28.00-29.00  sec  24.3 KBytes   199 Kbits/sec  1.964 ms  0/83 (0%)  
[  9]  28.00-29.00  sec  24.3 KBytes   199 Kbits/sec  2.237 ms  0/83 (0%)  
[SUM]  28.00-29.00  sec  72.9 KBytes   598 Kbits/sec  2.148 ms  0/249 (0%)  
- - - - - - - - - - - - - - - - - - - - - - - - -
[  5]  29.00-30.00  sec  24.3 KBytes   199 Kbits/sec  2.079 ms  0/83 (0%)  
[  6]  29.00-30.00  sec  24.6 KBytes   202 Kbits/sec  1.964 ms  0/84 (0%)  
[  9]  29.00-30.00  sec  24.6 KBytes   202 Kbits/sec  2.091 ms  0/84 (0%)  
[SUM]  29.00-30.00  sec  73.5 KBytes   602 Kbits/sec  2.045 ms  0/251 (0%)  
- - - - - - - - - - - - - - - - - - - - - - - - -
[  5]  30.00-31.00  sec  24.6 KBytes   202 Kbits/sec  2.275 ms  0/84 (0%)  
[  6]  30.00-31.00  sec  24.3 KBytes   199 Kbits/sec  1.922 ms  0/83 (0%)  
[  9]  30.00-31.00  sec  24.3 KBytes   199 Kbits/sec  1.866 ms  0/83 (0%)  
[SUM]  30.00-31.00  sec  73.2 KBytes   600 Kbits/sec  2.021 ms  0/250 (0%)  
- - - - - - - - - - - - - - - - - - - - - - - - -
[  5]  31.00-32.00  sec  24.3 KBytes   199 Kbits/sec  1.280 ms  0/83 (0%)  
[  6]  31.00-32.00  sec  24.3 KBytes   199 Kbits/sec  1.834 ms  0/83 (0%)  
[  9]  31.00-32.00  sec  24.3 KBytes   199 Kbits/sec  1.783 ms  0/83 (0%)  
[SUM]  31.00-32.00  sec  72.9 KBytes   597 Kbits/sec  1.632 ms  0/249 (0%)  
- - - - - - - - - - - - - - - - - - - - - - - - -
[  5]  32.00-33.00  sec  24.6 KBytes   202 Kbits/sec  1.707 ms  0/84 (0%)  
[  6]  32.00-33.00  sec  24.6 KBytes   202 Kbits/sec  1.908 ms  0/84 (0%)  
[  9]  32.00-33.00  sec  24.6 KBytes   202 Kbits/sec  2.065 ms  0/84 (0%)  
[SUM]  32.00-33.00  sec  73.8 KBytes   605 Kbits/sec  1.893 ms  0/252 (0%)  
- - - - - - - - - - - - - - - - - - - - - - - - -
[  5]  33.00-34.00  sec  24.3 KBytes   199 Kbits/sec  1.353 ms  0/83 (0%)  
[  6]  33.00-34.00  sec  24.3 KBytes   199 Kbits/sec  1.469 ms  0/83 (0%)  
[  9]  33.00-34.00  sec  24.3 KBytes   199 Kbits/sec  1.858 ms  0/83 (0%)  
[SUM]  33.00-34.00  sec  72.9 KBytes   598 Kbits/sec  1.560 ms  0/249 (0%)  
- - - - - - - - - - - - - - - - - - - - - - - - -
[  5]  34.00-35.00  sec  24.3 KBytes   199 Kbits/sec  1.204 ms  0/83 (0%)  
[  6]  34.00-35.00  sec  24.3 KBytes   199 Kbits/sec  1.546 ms  0/83 (0%)  
[  9]  34.00-35.00  sec  24.3 KBytes   199 Kbits/sec  2.374 ms  0/83 (0%)  
[SUM]  34.00-35.00  sec  72.9 KBytes   598 Kbits/sec  1.708 ms  0/249 (0%)  
- - - - - - - - - - - - - - - - - - - - - - - - -
[  5]  35.00-36.00  sec  24.6 KBytes   202 Kbits/sec  1.614 ms  0/84 (0%)  
[  6]  35.00-36.00  sec  24.6 KBytes   202 Kbits/sec  2.275 ms  0/84 (0%)  
[  9]  35.00-36.00  sec  24.6 KBytes   201 Kbits/sec  1.293 ms  0/84 (0%)  
[SUM]  35.00-36.00  sec  73.8 KBytes   605 Kbits/sec  1.727 ms  0/252 (0%)  
- - - - - - - - - - - - - - - - - - - - - - - - -
[  5]  36.00-37.00  sec  24.3 KBytes   199 Kbits/sec  1.466 ms  0/83 (0%)  
[  6]  36.00-37.00  sec  24.3 KBytes   199 Kbits/sec  1.544 ms  0/83 (0%)  
[  9]  36.00-37.00  sec  24.3 KBytes   199 Kbits/sec  1.667 ms  0/83 (0%)  
[SUM]  36.00-37.00  sec  72.9 KBytes   597 Kbits/sec  1.559 ms  0/249 (0%)  
- - - - - - - - - - - - - - - - - - - - - - - - -
[  5]  37.00-38.00  sec  24.3 KBytes   200 Kbits/sec  1.897 ms  0/83 (0%)  
[  6]  37.00-38.00  sec  24.3 KBytes   200 Kbits/sec  1.485 ms  0/83 (0%)  
[  9]  37.00-38.00  sec  24.3 KBytes   200 Kbits/sec  1.867 ms  0/83 (0%)  
[SUM]  37.00-38.00  sec  72.9 KBytes   599 Kbits/sec  1.750 ms  0/249 (0%)  
- - - - - - - - - - - - - - - - - - - - - - - - -
[  5]  38.00-39.00  sec  24.3 KBytes   199 Kbits/sec  1.913 ms  0/83 (0%)  
[  6]  38.00-39.00  sec  24.3 KBytes   199 Kbits/sec  1.789 ms  0/83 (0%)  
[  9]  38.00-39.00  sec  24.3 KBytes   199 Kbits/sec  1.731 ms  0/83 (0%)  
[SUM]  38.00-39.00  sec  72.9 KBytes   598 Kbits/sec  1.811 ms  0/249 (0%)  
- - - - - - - - - - - - - - - - - - - - - - - - -
[  5]  39.00-40.00  sec  24.6 KBytes   201 Kbits/sec  1.942 ms  0/84 (0%)  
[  6]  39.00-40.00  sec  24.6 KBytes   201 Kbits/sec  1.591 ms  0/84 (0%)  
[  9]  39.00-40.00  sec  24.6 KBytes   201 Kbits/sec  1.620 ms  0/84 (0%)  
[SUM]  39.00-40.00  sec  73.8 KBytes   604 Kbits/sec  1.718 ms  0/252 (0%)  
- - - - - - - - - - - - - - - - - - - - - - - - -
[  5]  40.00-41.00  sec  24.3 KBytes   199 Kbits/sec  1.454 ms  0/83 (0%)  
[  6]  40.00-41.00  sec  24.3 KBytes   199 Kbits/sec  1.726 ms  0/83 (0%)  
[  9]  40.00-41.00  sec  24.3 KBytes   199 Kbits/sec  1.577 ms  0/83 (0%)  
[SUM]  40.00-41.00  sec  72.9 KBytes   598 Kbits/sec  1.586 ms  0/249 (0%)  
- - - - - - - - - - - - - - - - - - - - - - - - -
[  5]  41.00-42.00  sec  24.6 KBytes   202 Kbits/sec  1.208 ms  0/84 (0%)  
[  6]  41.00-42.00  sec  24.6 KBytes   202 Kbits/sec  1.760 ms  0/84 (0%)  
[  9]  41.00-42.00  sec  24.6 KBytes   202 Kbits/sec  1.554 ms  0/84 (0%)  
[SUM]  41.00-42.00  sec  73.8 KBytes   605 Kbits/sec  1.507 ms  0/252 (0%)  
- - - - - - - - - - - - - - - - - - - - - - - - -
[  5]  42.00-43.00  sec  24.3 KBytes   199 Kbits/sec  1.261 ms  0/83 (0%)  
[  6]  42.00-43.00  sec  24.3 KBytes   199 Kbits/sec  1.555 ms  0/83 (0%)  
[  9]  42.00-43.00  sec  24.3 KBytes   199 Kbits/sec  1.627 ms  0/83 (0%)  
[SUM]  42.00-43.00  sec  72.9 KBytes   596 Kbits/sec  1.481 ms  0/249 (0%)  
- - - - - - - - - - - - - - - - - - - - - - - - -
[  5]  43.00-44.00  sec  24.6 KBytes   202 Kbits/sec  2.042 ms  0/84 (0%)  
[  6]  43.00-44.00  sec  24.3 KBytes   199 Kbits/sec  1.982 ms  0/83 (0%)  
[  9]  43.00-44.00  sec  24.6 KBytes   201 Kbits/sec  1.894 ms  0/84 (0%)  
[SUM]  43.00-44.00  sec  73.5 KBytes   602 Kbits/sec  1.973 ms  0/251 (0%)  
- - - - - - - - - - - - - - - - - - - - - - - - -
[  5]  44.00-45.00  sec  24.0 KBytes   197 Kbits/sec  1.617 ms  0/82 (0%)  
[  6]  44.00-45.00  sec  24.3 KBytes   200 Kbits/sec  1.970 ms  0/83 (0%)  
[  9]  44.00-45.00  sec  24.0 KBytes   197 Kbits/sec  1.727 ms  0/82 (0%)  
[SUM]  44.00-45.00  sec  72.4 KBytes   595 Kbits/sec  1.771 ms  0/247 (0%)  
- - - - - - - - - - - - - - - - - - - - - - - - -
[  5]  45.00-46.00  sec  24.6 KBytes   201 Kbits/sec  1.484 ms  0/84 (0%)  
[  6]  45.00-46.00  sec  24.6 KBytes   201 Kbits/sec  1.648 ms  0/84 (0%)  
[  9]  45.00-46.00  sec  24.6 KBytes   201 Kbits/sec  1.354 ms  0/84 (0%)  
[SUM]  45.00-46.00  sec  73.8 KBytes   603 Kbits/sec  1.495 ms  0/252 (0%)  
- - - - - - - - - - - - - - - - - - - - - - - - -
[  5]  46.00-47.00  sec  24.3 KBytes   200 Kbits/sec  1.398 ms  0/83 (0%)  
[  6]  46.00-47.00  sec  24.3 KBytes   200 Kbits/sec  1.967 ms  0/83 (0%)  
[  9]  46.00-47.00  sec  24.3 KBytes   200 Kbits/sec  1.993 ms  0/83 (0%)  
[SUM]  46.00-47.00  sec  72.9 KBytes   599 Kbits/sec  1.786 ms  0/249 (0%)  
- - - - - - - - - - - - - - - - - - - - - - - - -
[  5]  47.00-48.00  sec  24.6 KBytes   202 Kbits/sec  1.548 ms  0/84 (0%)  
[  6]  47.00-48.00  sec  24.6 KBytes   202 Kbits/sec  1.768 ms  0/84 (0%)  
[  9]  47.00-48.00  sec  24.6 KBytes   202 Kbits/sec  1.540 ms  0/84 (0%)  
[SUM]  47.00-48.00  sec  73.8 KBytes   605 Kbits/sec  1.618 ms  0/252 (0%)  
- - - - - - - - - - - - - - - - - - - - - - - - -
[  5]  48.00-49.00  sec  24.3 KBytes   199 Kbits/sec  2.164 ms  0/83 (0%)  
[  6]  48.00-49.00  sec  24.3 KBytes   199 Kbits/sec  2.167 ms  0/83 (0%)  
[  9]  48.00-49.00  sec  24.3 KBytes   199 Kbits/sec  2.166 ms  0/83 (0%)  
[SUM]  48.00-49.00  sec  72.9 KBytes   597 Kbits/sec  2.166 ms  0/249 (0%)  
- - - - - - - - - - - - - - - - - - - - - - - - -
[  5]  49.00-50.00  sec  24.3 KBytes   199 Kbits/sec  1.450 ms  0/83 (0%)  
[  6]  49.00-50.00  sec  24.3 KBytes   199 Kbits/sec  1.474 ms  0/83 (0%)  
[  9]  49.00-50.00  sec  24.3 KBytes   199 Kbits/sec  1.906 ms  0/83 (0%)  
[SUM]  49.00-50.00  sec  72.9 KBytes   598 Kbits/sec  1.610 ms  0/249 (0%)  
- - - - - - - - - - - - - - - - - - - - - - - - -
[  5]  50.00-51.00  sec  24.3 KBytes   199 Kbits/sec  1.979 ms  0/83 (0%)  
[  6]  50.00-51.00  sec  24.3 KBytes   199 Kbits/sec  1.523 ms  0/83 (0%)  
[  9]  50.00-51.00  sec  24.3 KBytes   199 Kbits/sec  1.667 ms  0/83 (0%)  
[SUM]  50.00-51.00  sec  72.9 KBytes   598 Kbits/sec  1.723 ms  0/249 (0%)  
- - - - - - - - - - - - - - - - - - - - - - - - -
[  5]  51.00-52.00  sec  24.6 KBytes   202 Kbits/sec  1.632 ms  0/84 (0%)  
[  6]  51.00-52.00  sec  24.6 KBytes   202 Kbits/sec  2.821 ms  0/84 (0%)  
[  9]  51.00-52.00  sec  24.6 KBytes   202 Kbits/sec  1.972 ms  0/84 (0%)  
[SUM]  51.00-52.00  sec  73.8 KBytes   605 Kbits/sec  2.141 ms  0/252 (0%)  
- - - - - - - - - - - - - - - - - - - - - - - - -
[  5]  52.00-53.00  sec  24.3 KBytes   199 Kbits/sec  2.451 ms  0/83 (0%)  
[  6]  52.00-53.00  sec  24.3 KBytes   199 Kbits/sec  2.782 ms  0/83 (0%)  
[  9]  52.00-53.00  sec  24.3 KBytes   199 Kbits/sec  2.536 ms  0/83 (0%)  
[SUM]  52.00-53.00  sec  72.9 KBytes   598 Kbits/sec  2.590 ms  0/249 (0%)  
- - - - - - - - - - - - - - - - - - - - - - - - -
[  5]  53.00-54.00  sec  24.3 KBytes   199 Kbits/sec  1.969 ms  0/83 (0%)  
[  6]  53.00-54.00  sec  24.3 KBytes   199 Kbits/sec  2.307 ms  0/83 (0%)  
[  9]  53.00-54.00  sec  24.3 KBytes   199 Kbits/sec  1.573 ms  0/83 (0%)  
[SUM]  53.00-54.00  sec  72.9 KBytes   598 Kbits/sec  1.949 ms  0/249 (0%)  
- - - - - - - - - - - - - - - - - - - - - - - - -
[  5]  54.00-55.00  sec  24.6 KBytes   202 Kbits/sec  1.602 ms  0/84 (0%)  
[  6]  54.00-55.00  sec  24.6 KBytes   202 Kbits/sec  1.492 ms  0/84 (0%)  
[  9]  54.00-55.00  sec  24.6 KBytes   202 Kbits/sec  1.670 ms  0/84 (0%)  
[SUM]  54.00-55.00  sec  73.8 KBytes   605 Kbits/sec  1.588 ms  0/252 (0%)  
- - - - - - - - - - - - - - - - - - - - - - - - -
[  5]  55.00-56.00  sec  24.3 KBytes   199 Kbits/sec  1.395 ms  0/83 (0%)  
[  6]  55.00-56.00  sec  24.3 KBytes   199 Kbits/sec  2.161 ms  0/83 (0%)  
[  9]  55.00-56.00  sec  24.3 KBytes   199 Kbits/sec  1.907 ms  0/83 (0%)  
[SUM]  55.00-56.00  sec  72.9 KBytes   597 Kbits/sec  1.821 ms  0/249 (0%)  
- - - - - - - - - - - - - - - - - - - - - - - - -
[  5]  56.00-56.04  sec   600 Bytes   118 Kbits/sec  1.467 ms  0/2 (0%)  
[  6]  56.00-56.04  sec   600 Bytes   118 Kbits/sec  2.060 ms  0/2 (0%)  
[  9]  56.00-56.04  sec   600 Bytes   118 Kbits/sec  1.913 ms  0/2 (0%)  
[SUM]  56.00-56.04  sec  1.76 KBytes   353 Kbits/sec  1.814 ms  0/6 (0%)  
- - - - - - - - - - - - - - - - - - - - - - - - -
[ ID] Interval           Transfer     Bitrate         Jitter    Lost/Total Datagrams
[  5]   0.00-56.04  sec  1.34 MBytes   200 Kbits/sec  1.467 ms  0/4667 (0%)  receiver
[  6]   0.00-56.04  sec  1.34 MBytes   200 Kbits/sec  2.060 ms  0/4667 (0%)  receiver
[  9]   0.00-56.04  sec  1.34 MBytes   200 Kbits/sec  1.913 ms  0/4667 (0%)  receiver
[SUM]   0.00-56.04  sec  4.01 MBytes   600 Kbits/sec  1.814 ms  0/14001 (0%)  receiver
