[eBPF] attached prog_id=44 jited=True
[eBPF] flow_map id=31 via bpf(2) (key=16B value=56B)
[acape] bounds for target 5.0ms interval 100.0ms: target 0.2-20ms interval 20-300ms (interval/target ratio 20.0)

==============================================================================
  ACAPE v6.0.0   mode=eBPF   qdisc=fq_codel handle=10:
  metrics -> results_gate/t5_r20/fq_codel_acape_ebpf_t5_steady_s3/acape_metrics_ctl.csv
==============================================================================
      t    regime        traj      pred     dr/s    bl    tput flows eleph  tgt_ms   lim  adj
---------------------------------------------------------------------------------------------
    0.9     HEAVY      STABLE     HEAVY     37.9     7   10.24     9     0   5.000  1024    0
    1.6  MODERATE      STABLE  MODERATE     29.8     9    9.81     9     0   5.000  1024    0
    2.3     HEAVY      STABLE     HEAVY     35.9     7    9.92     9     0   5.000  1024    0
    3.0     HEAVY      STABLE     HEAVY     36.0    10    9.98     9     0   5.000  1024    0
    3.7     HEAVY      STABLE     HEAVY     30.3    10    9.85     9     0   5.000  1024    0
    4.4     HEAVY      STABLE     HEAVY     34.4     8   10.13     9     0   5.000  1024    0
    5.1     HEAVY      STABLE     HEAVY     34.5     7    9.87     9     0   5.000  1024    0
    5.8     HEAVY      STABLE     HEAVY     36.9     7   10.13     9     3   5.000  1024    0
    6.4     HEAVY      STABLE     HEAVY     33.1     8    9.84     9     8   5.000  1024    0
    7.1     HEAVY      STABLE     HEAVY     35.0     6   10.20     9     8   5.000  1024    0
    7.8     HEAVY      STABLE     HEAVY     36.4     6    9.86     9     8   5.000  1024    0
    8.5     HEAVY      STABLE     HEAVY     32.2     6    9.89     9     8   5.000  1024    0
    9.2     HEAVY      STABLE     HEAVY     35.2     4   10.03     9     8   5.000  1024    0
   10.0     HEAVY      STABLE     HEAVY     34.5     5    9.92     9     8   5.000  1024    0
   10.7     HEAVY      STABLE     HEAVY     34.2     3   10.02     9     8   5.000  1024    0
   11.3  MODERATE      STABLE  MODERATE     30.0     6   10.06     9     8   5.000  1024    0
   12.1     HEAVY      STABLE     HEAVY     35.3     8   10.06     9     8   5.000  1024    0
   12.7     HEAVY      STABLE     HEAVY     36.2     7   10.06     9     8   5.000  1024    0
   13.4     HEAVY      STABLE     HEAVY     31.8     8    9.72     9     8   5.000  1024    0
   14.1     HEAVY      STABLE     HEAVY     33.8     8   10.13     9     8   5.000  1024    0
   14.8     HEAVY      STABLE     HEAVY     37.6     7   10.01     9     8   5.000  1024    0
   15.5     HEAVY      STABLE     HEAVY     34.2     4    9.78     9     8   5.000  1024    0
   16.2     HEAVY      STABLE     HEAVY     35.7     5   10.22     9     8   5.000  1024    0
   16.9     HEAVY      STABLE     HEAVY     34.4     5    9.97     9     8   5.000  1024    0
   17.6     HEAVY      STABLE     HEAVY     33.4     4    9.96     9     8   5.000  1024    0
   18.3  MODERATE      STABLE  MODERATE     27.6     8    9.85     9     8   5.000  1024    0
   19.0     HEAVY      STABLE     HEAVY     31.0    10   10.00     9     8   5.000  1024    0
   19.7     HEAVY      STABLE     HEAVY     39.7     7   10.18     9     8   5.000  1024    0
   20.4     HEAVY      STABLE     HEAVY     33.4     7    9.84     9     8   5.000  1024    0
   21.1     HEAVY      STABLE     HEAVY     34.9     8   10.08     9     8   5.000  1024    0
   21.8     HEAVY      STABLE     HEAVY     34.8     6   10.00     9     8   5.000  1024    0
   22.5     HEAVY      STABLE     HEAVY     36.6     5   10.00     9     8   5.000  1024    0
   23.1  MODERATE      STABLE  MODERATE     28.4     8   10.03     9     8   5.000  1024    0
   23.8     HEAVY      STABLE     HEAVY     33.7     7   10.05     9     8   5.000  1024    0
   24.4     HEAVY      STABLE     HEAVY     37.6     4    9.91     9     8   5.000  1024    0
   25.1     HEAVY      STABLE     HEAVY     34.3     3    9.99     9     8   5.000  1024    0
   25.8     HEAVY      STABLE     HEAVY     35.9     6    9.96     9     8   5.000  1024    0
   26.6     HEAVY      STABLE     HEAVY     31.0     7    9.67     9     8   5.000  1024    0
   27.3     HEAVY      STABLE     HEAVY     30.4     8   10.17     9     8   5.000  1024    0
   28.1     HEAVY      STABLE     HEAVY     36.3     6   10.14     9     8   5.000  1024    0
   28.7     HEAVY      STABLE     HEAVY     32.2     9    9.97     9     8   5.000  1024    0
   29.5     HEAVY      STABLE     HEAVY     36.1     6    9.87     9     8   5.000  1024    0
   30.1     HEAVY      STABLE     HEAVY     36.6     4   10.28     9     8   5.000  1024    0
   30.8     HEAVY      STABLE     HEAVY     31.7     6    9.88     9     8   5.000  1024    0
   31.6     HEAVY      STABLE     HEAVY     34.8     6   10.04     9     8   5.000  1024    0
   32.2     HEAVY      STABLE     HEAVY     33.7     7   10.02     9     8   5.000  1024    0
   33.0     HEAVY      STABLE     HEAVY     33.4     8    9.68     9     8   5.000  1024    0
   33.6     HEAVY      STABLE     HEAVY     37.0     7   10.28     9     8   5.000  1024    0
   34.3     HEAVY      STABLE     HEAVY     34.8     6   10.07     9     8   5.000  1024    0
   35.0  MODERATE      STABLE  MODERATE     29.5     7   10.00     9     8   5.000  1024    0
   35.7     HEAVY      STABLE     HEAVY     35.2     6    9.92     9     8   5.000  1024    0
   36.4     HEAVY      STABLE     HEAVY     32.4     9    9.97     9     8   5.000  1024    0
   37.1     HEAVY      STABLE     HEAVY     33.4     9   10.02     9     8   5.000  1024    0
   37.8     HEAVY      STABLE     HEAVY     35.9     5    9.93     9     8   5.000  1024    0
   38.4     HEAVY      STABLE     HEAVY     34.9     9   10.04     9     8   5.000  1024    0
   39.1     HEAVY      STABLE     HEAVY     34.5     6    9.85     9     8   5.000  1024    0
   39.9     HEAVY      STABLE     HEAVY     32.5     7    9.98     9     8   5.000  1024    0
   40.6     HEAVY      STABLE     HEAVY     32.0     8   10.08     9     8   5.000  1024    0
   41.3     HEAVY      STABLE     HEAVY     35.9     7    9.79     9     8   5.000  1024    0
   42.1     HEAVY      STABLE     HEAVY     30.7     6    8.60     9     8   4.500   921    1
   43.1     HEAVY      STABLE     HEAVY     39.3     3   10.13     9     8   4.500   921    1
   43.8     HEAVY      STABLE     HEAVY     35.4     5   10.02     9     8   4.500   921    1
   44.5     HEAVY      STABLE     HEAVY     36.8     5   10.00     9     8   4.500   921    1
   45.2     HEAVY      STABLE     HEAVY     33.4     5    9.79     9     8   4.500   921    1
   45.9     HEAVY      STABLE     HEAVY     36.3     7   10.14     9     8   4.500   921    1
   46.6     HEAVY      STABLE     HEAVY     34.6     6    9.91     9     8   4.500   921    1
   47.2     HEAVY      STABLE     HEAVY     32.9     9   10.14     9     8   4.500   921    1
   47.9     HEAVY      STABLE     HEAVY     39.0    10    9.97     9     8   4.500   921    1
   48.6     HEAVY      STABLE     HEAVY     41.2     4   10.04     9     8   4.500   921    1
   49.3     HEAVY      STABLE     HEAVY     34.4     9    9.98     9     8   4.050   828    2
   50.3     HEAVY      STABLE     HEAVY     36.8     5    9.84     9     8   4.050   828    2
   51.1     HEAVY      STABLE     HEAVY     36.2     5   10.17     9     8   4.050   828    2
   51.8     HEAVY      STABLE     HEAVY     37.8     4   10.07     9     8   4.050   828    2
   52.6  MODERATE      STABLE  MODERATE     29.6     5    8.99     9     8   4.050   828    2
   53.3     HEAVY      STABLE     HEAVY     42.6     4    9.86     9     8   4.050   828    2
   54.0     HEAVY      STABLE     HEAVY     37.2     7   10.05     9     8   4.050   828    2
   54.7     HEAVY      STABLE     HEAVY     37.8     6   10.06     9     8   4.050   828    2
   55.4     HEAVY      STABLE     HEAVY     34.0     9   10.00     8     8   4.050   828    2
   56.1     HEAVY      STABLE     HEAVY     38.5     6    9.90     8     8   4.050   828    2
   56.8     HEAVY      STABLE     HEAVY     37.5     5    9.84     8     8   4.050   828    2
   57.5     HEAVY      STABLE     HEAVY     41.0     2   10.23     8     8   4.050   828    2
   58.2     HEAVY      STABLE     HEAVY     30.9     0    9.60     9     8   4.050   828    2
   58.9    NORMAL      STABLE    NORMAL      0.0     0    0.00     9     8   4.050   828    2
   59.5    NORMAL      STABLE    NORMAL      0.0     0    0.00     9     8   4.050   828    2

Done — 85 ticks, 2 adjustments (0 predictive), mode=eBPF
