[eBPF] attached prog_id=28 jited=True
[eBPF] flow_map id=19 via bpf(2) (key=16B value=56B)
[acape] bounds for target 5.0ms interval 100.0ms: target 0.2-20ms interval 20-300ms (interval/target ratio 20.0)

==============================================================================
  ACAPE v6.0.0   mode=eBPF   qdisc=fq_codel handle=10:
  metrics -> results_gate/t5_r20/fq_codel_acape_ebpf_t5_steady_s1/acape_metrics_ctl.csv
==============================================================================
      t    regime        traj      pred     dr/s    bl    tput flows eleph  tgt_ms   lim  adj
---------------------------------------------------------------------------------------------
    0.8     HEAVY      STABLE     HEAVY     32.5     7   10.22     9     0   5.000  1024    0
    1.5  MODERATE      STABLE  MODERATE     29.6    10    9.65     9     0   5.000  1024    0
    2.2     HEAVY      STABLE     HEAVY     33.7    11   10.25     9     0   5.000  1024    0
    2.9     HEAVY      STABLE     HEAVY     35.9     6    9.98     9     0   5.000  1024    0
    3.6     HEAVY      STABLE     HEAVY     33.7     9   10.03     9     0   5.000  1024    0
    4.3     HEAVY      STABLE     HEAVY     35.0     6    9.81     9     0   5.000  1024    0
    5.1     HEAVY      STABLE     HEAVY     35.1     9   10.05     9     0   5.000  1024    0
    5.8     HEAVY      STABLE     HEAVY     34.9     8   10.15     9     6   5.000  1024    0
    6.5     HEAVY      STABLE     HEAVY     32.2     8   10.00     9     8   5.000  1024    0
    7.3     HEAVY      STABLE     HEAVY     33.8     7   10.03     9     8   5.000  1024    0
    8.0     HEAVY      STABLE     HEAVY     37.9     5   10.01     9     8   5.000  1024    0
    8.7     HEAVY      STABLE     HEAVY     32.8    10    9.96     9     8   5.000  1024    0
    9.4     HEAVY      STABLE     HEAVY     34.9     9   10.06     9     8   5.000  1024    0
   10.1     HEAVY      STABLE     HEAVY     35.2     7    9.96     9     8   5.000  1024    0
   10.8     HEAVY      STABLE     HEAVY     34.1     8   10.05     9     8   5.000  1024    0
   11.5     HEAVY      STABLE     HEAVY     34.6     5    9.92     9     8   5.000  1024    0
   12.2     HEAVY      STABLE     HEAVY     30.2     8   10.00     9     8   5.000  1024    0
   12.9     HEAVY      STABLE     HEAVY     32.0     9   10.04     9     8   5.000  1024    0
   13.6     HEAVY      STABLE     HEAVY     39.0     4    9.92     9     8   5.000  1024    0
   14.3     HEAVY      STABLE     HEAVY     31.7     6    9.96     9     8   4.500   921    1
   15.3     HEAVY      STABLE     HEAVY     37.4     5   10.04     9     8   4.500   921    1
   16.0     HEAVY      STABLE     HEAVY     33.3     6    9.66     9     8   4.500   921    1
   16.7     HEAVY      STABLE     HEAVY     35.7     5   10.38     9     8   4.500   921    1
   17.4     HEAVY      STABLE     HEAVY     32.8     8    9.97     9     8   4.500   921    1
   18.1     HEAVY      STABLE     HEAVY     36.0     7    9.95     9     8   4.500   921    1
   18.8     HEAVY      STABLE     HEAVY     32.2    11    9.96     9     8   4.500   921    1
   19.5     HEAVY      STABLE     HEAVY     35.5     9    9.89     9     8   4.500   921    1
   20.2     HEAVY      STABLE     HEAVY     41.5     3   10.17     9     8   4.500   921    1
   20.8     HEAVY      STABLE     HEAVY     35.2     6    9.96     9     8   4.500   921    1
   21.5     HEAVY      STABLE     HEAVY     34.7     7    9.75     9     8   4.050   828    2
   22.6     HEAVY      STABLE     HEAVY     35.9     9   10.18     9     8   4.050   828    2
   23.3     HEAVY      STABLE     HEAVY     39.8     4   10.04     9     8   4.050   828    2
   23.9     HEAVY      STABLE     HEAVY     34.6     5    9.97     9     8   4.050   828    2
   24.6     HEAVY      STABLE     HEAVY     35.8     4   10.01     9     8   4.050   828    2
   25.3     HEAVY      STABLE     HEAVY     34.0     8   10.02     9     8   4.050   828    2
   26.0     HEAVY      STABLE     HEAVY     34.0    10    9.87     9     8   4.050   828    2
   26.7     HEAVY      STABLE     HEAVY     37.8     7   10.12     9     8   4.050   828    2
   27.4     HEAVY      STABLE     HEAVY     33.2     9    9.92     9     8   4.050   828    2
   28.1     HEAVY      STABLE     HEAVY     40.7     6    9.97     9     8   4.050   828    2
   28.8     HEAVY      STABLE     HEAVY     37.0     6    9.97     9     8   3.640   745    3
   29.9     HEAVY      STABLE     HEAVY     39.1     4    9.96     9     8   3.640   745    3
   30.6     HEAVY      STABLE     HEAVY     40.4     5   10.00     9     8   3.640   745    3
   31.3     HEAVY      STABLE     HEAVY     37.5     6   10.09     9     8   3.640   745    3
   32.0     HEAVY      STABLE     HEAVY     37.1     6    9.94     9     8   3.640   745    3
   32.7     HEAVY      STABLE     HEAVY     34.8     6    9.86     9     8   3.640   745    3
   33.4     HEAVY      STABLE     HEAVY     42.0     7   10.15     9     8   3.640   745    3
   34.2     HEAVY      STABLE     HEAVY     34.3     7    9.83     9     8   3.640   745    3
   34.9     HEAVY      STABLE     HEAVY     43.6     6    9.95     9     8   3.640   745    3
   35.6     HEAVY      STABLE     HEAVY     36.6     4    9.98     9     8   3.640   745    3
   36.3     HEAVY      STABLE     HEAVY     41.7     2   10.11     9     8   3.270   670    4
   37.4     HEAVY      STABLE     HEAVY     40.0     3   10.03     9     8   3.270   670    4
   38.1     HEAVY      STABLE     HEAVY     37.9     7    9.95     9     8   3.270   670    4
   38.8     HEAVY      STABLE     HEAVY     38.3     8   10.06     9     8   3.270   670    4
   39.5     HEAVY      STABLE     HEAVY     38.7     8    9.83     9     8   3.270   670    4
   40.2     HEAVY      STABLE     HEAVY     40.6     4   10.00     9     8   3.270   670    4
   40.8     HEAVY      STABLE     HEAVY     38.7     5   10.00     9     8   3.270   670    4
   41.5     HEAVY      STABLE     HEAVY     34.9     8    9.85     9     8   3.270   670    4
   42.2     HEAVY      STABLE     HEAVY     43.7     7   10.02     9     8   3.270   670    4
   42.9     HEAVY      STABLE     HEAVY     39.4     6    9.90     9     8   3.270   670    4
   43.5     HEAVY      STABLE     HEAVY     38.6     4   10.01     9     8   2.940   603    5
   44.6     HEAVY      STABLE     HEAVY     38.6     7   10.00     9     8   2.940   603    5
   45.3     HEAVY      STABLE     HEAVY     36.4     7    9.93     9     8   2.940   603    5
   46.0     HEAVY      STABLE     HEAVY     39.2     4    9.86     9     8   2.940   603    5
   46.7     HEAVY      STABLE     HEAVY     45.4     4   10.22     9     8   2.940   603    5
   47.4     HEAVY      STABLE     HEAVY     39.0     5    9.84     9     8   2.940   603    5
   48.2     HEAVY      STABLE     HEAVY     41.7     7   10.07     9     8   2.940   603    5
   48.9     HEAVY      STABLE     HEAVY     37.8     5    9.65     9     8   2.940   603    5
   49.7     HEAVY      STABLE     HEAVY     41.2     6   10.22     9     8   2.940   603    5
   50.4     HEAVY      STABLE     HEAVY     39.1     9   10.19     9     8   2.940   603    5
   51.1     HEAVY      STABLE     HEAVY     35.8     8    9.89     9     8   2.640   542    6
   52.1     HEAVY      STABLE     HEAVY     46.3     5   10.04     9     8   2.640   542    6
   52.8     HEAVY      STABLE     HEAVY     36.2     8    9.97     9     8   2.640   542    6
   53.4     HEAVY      STABLE     HEAVY     47.8     7   10.02     9     8   2.640   542    6
   54.1     HEAVY      STABLE     HEAVY     40.3     6    9.90     9     8   2.640   542    6
   54.8     HEAVY      STABLE     HEAVY     43.6     5   10.01     9     8   2.640   542    6
   55.5     HEAVY      STABLE     HEAVY     42.6     7   10.02     9     8   2.640   542    6
   56.2     HEAVY      STABLE     HEAVY     42.2     4    9.89     8     8   2.640   542    6
   56.9     HEAVY      STABLE     HEAVY     38.3     3    9.59     8     8   2.640   542    6
   58.1     HEAVY      STABLE     HEAVY     31.8     1    7.27     8     8   2.640   542    6
   58.8     HEAVY      STABLE     HEAVY     37.1     0    9.25     9     8   2.380   487    7
   59.8    NORMAL      STABLE    NORMAL      0.0     0    0.00     9     8   2.380   487    7

Done — 82 ticks, 7 adjustments (0 predictive), mode=eBPF
