[acape] bounds for target 5.0ms interval 100.0ms: target 0.2-20ms interval 20-300ms (interval/target ratio 20.0)

==============================================================================
  ACAPE v6.0.0   mode=tc-only   qdisc=codel handle=10:
  metrics -> results_cross/codel_rtt20/codel_acape_steady_s2/acape_metrics_ctl.csv
==============================================================================
      t    regime        traj      pred     dr/s    bl    tput flows eleph  tgt_ms   lim  adj
---------------------------------------------------------------------------------------------
    0.9     HEAVY      STABLE     HEAVY     68.8    15   10.16     0     0   5.000  1024    0
    1.5     HEAVY      STABLE     HEAVY     56.9     4   10.18     0     0   5.000  1024    0
    2.2  MODERATE  RECOVERING     LIGHT     27.9    12    9.97     0     0   5.000  1024    0
    2.8     HEAVY      STABLE     HEAVY     38.9    11   10.05     0     0   5.000  1024    0
    3.5     HEAVY      STABLE     HEAVY     36.6     7    9.97     0     0   5.000  1024    0
    4.2     HEAVY      STABLE     HEAVY     38.9    11    9.81     0     0   5.000  1024    0
    4.9     HEAVY      STABLE     HEAVY     40.4     9   10.11     0     0   5.000  1024    0
    5.6     HEAVY      STABLE     HEAVY     44.1     7    9.97     0     0   5.000  1024    0
    6.3     HEAVY      STABLE     HEAVY     43.8     8   10.12     0     0   5.000  1024    0
    6.9     HEAVY      STABLE     HEAVY     31.0     6    9.95     0     0   5.000  1024    0
    7.6     HEAVY      STABLE     HEAVY     32.5     7   10.06     0     0   5.000  1024    0
    8.3     HEAVY      STABLE     HEAVY     34.9    11    9.86     0     0   5.000  1024    0
    8.9     HEAVY      STABLE     HEAVY     50.4     6   10.07     0     0   5.000  1024    0
    9.6     HEAVY      STABLE     HEAVY     37.8     9   10.06     0     0   5.000  1024    0
   10.2     HEAVY      STABLE     HEAVY     32.0     9    9.97     0     0   5.000  1024    0
   10.9     HEAVY      STABLE     HEAVY     39.1    13    9.90     0     0   5.000  1024    0
   11.6     HEAVY      STABLE     HEAVY     52.1     7   10.06     0     0   5.000  1024    0
   12.3     HEAVY      STABLE     HEAVY     35.8    13    9.99     0     0   5.000  1024    0
   12.9     HEAVY      STABLE     HEAVY     39.9    11    9.96     0     0   5.000  1024    0
   13.6     HEAVY      STABLE     HEAVY     41.7     7    9.87     0     0   4.500   921    1
   14.6     HEAVY      STABLE     HEAVY     45.1     7   10.11     0     0   4.500   921    1
   15.2     HEAVY      STABLE     HEAVY     34.3    11    9.85     0     0   4.500   921    1
   15.9     HEAVY      STABLE     HEAVY     51.4     7   10.11     0     0   4.500   921    1
   16.6     HEAVY      STABLE     HEAVY     36.8     9    9.97     0     0   4.500   921    1
   17.2     HEAVY      STABLE     HEAVY     42.7     6   10.09     0     0   4.500   921    1
   17.9     HEAVY      STABLE     HEAVY     46.9     7    9.95     0     0   4.500   921    1
   18.6     HEAVY      STABLE     HEAVY     37.9     6    9.94     0     0   4.500   921    1
   19.2     HEAVY      STABLE     HEAVY     38.0     9   10.04     0     0   4.500   921    1
   19.9     HEAVY      STABLE     HEAVY     33.3     7   10.04     0     0   4.500   921    1
   20.6     HEAVY      STABLE     HEAVY     41.2     8    9.92     0     0   4.050   828    2
   21.6     HEAVY      STABLE     HEAVY     48.0     9    9.93     0     0   4.050   828    2
   22.3     HEAVY      STABLE     HEAVY     36.9     8    9.98     0     0   4.050   828    2
   23.0     HEAVY      STABLE     HEAVY     42.3     6   10.07     0     0   4.050   828    2
   23.7     HEAVY      STABLE     HEAVY     47.7     7   10.09     0     0   4.050   828    2
   24.4     HEAVY      STABLE     HEAVY     49.7     7    9.78     0     0   4.050   828    2
   25.1     HEAVY      STABLE     HEAVY     39.6     9   10.27     0     0   4.050   828    2
   25.8     HEAVY      STABLE     HEAVY     42.9     5    9.79     0     0   4.050   828    2
   26.4     HEAVY      STABLE     HEAVY     56.1     6   10.14     0     0   4.050   828    2
   27.1     HEAVY      STABLE     HEAVY     42.2     7    9.90     0     0   4.050   828    2
   27.7     HEAVY      STABLE     HEAVY     48.6     8   10.01     0     0   3.640   745    3
   28.7     HEAVY      STABLE     HEAVY     38.5     9    9.87     0     0   3.640   745    3
   29.4     HEAVY      STABLE     HEAVY     45.5     9   10.12     0     0   3.640   745    3
   30.1     HEAVY      STABLE     HEAVY     46.1    10    9.90     0     0   3.640   745    3
   30.8     HEAVY      STABLE     HEAVY     42.6     9   10.08     0     0   3.640   745    3
   31.5     HEAVY      STABLE     HEAVY     43.8    10    9.92     0     0   3.640   745    3
   32.1     HEAVY      STABLE     HEAVY     47.5     5   10.07     0     0   3.640   745    3
   32.8     HEAVY      STABLE     HEAVY     40.1     4    9.91     0     0   3.640   745    3
   33.5     HEAVY      STABLE     HEAVY     32.5     6    9.97     0     0   3.640   745    3
   34.2     HEAVY      STABLE     HEAVY     47.7     7   10.08     0     0   3.640   745    3
   34.8     HEAVY      STABLE     HEAVY     40.4    10    9.92     0     0   3.270   670    4
   35.8     HEAVY      STABLE     HEAVY     36.4    11   10.06     0     0   3.270   670    4
   36.5     HEAVY      STABLE     HEAVY     37.8     9    9.95     0     0   3.270   670    4
   37.1     HEAVY      STABLE     HEAVY     47.5     8   10.09     0     0   3.270   670    4
   37.8     HEAVY      STABLE     HEAVY     51.2     4    9.86     0     0   3.270   670    4
   38.5     HEAVY      STABLE     HEAVY     44.3     8   10.12     0     0   3.270   670    4
   39.2     HEAVY      STABLE     HEAVY     50.3     5    9.88     0     0   3.270   670    4
   39.8     HEAVY      STABLE     HEAVY     42.1     9   10.00     0     0   3.270   670    4
   40.5     HEAVY      STABLE     HEAVY     50.8     7    9.97     0     0   3.270   670    4
   41.2     HEAVY      STABLE     HEAVY     43.4     9   10.11     0     0   3.270   670    4
   41.9     HEAVY      STABLE     HEAVY     44.8     9    9.87     0     0   2.940   603    5
   43.1     HEAVY      STABLE     HEAVY     53.1     4    8.79     0     0   2.940   603    5
   43.7     HEAVY      STABLE     HEAVY     47.4     9   10.02     0     0   2.940   603    5
   44.9     HEAVY      STABLE     HEAVY     30.6    13    7.19     0     0   2.940   603    5
   45.6     HEAVY      STABLE     HEAVY     48.4     7   11.32     0     0   2.940   603    5
   46.2     HEAVY      STABLE     HEAVY     50.1     4   10.04     0     0   2.940   603    5
   46.9     HEAVY      STABLE     HEAVY     49.6     7   10.00     0     0   2.940   603    5
   47.5     HEAVY      STABLE     HEAVY     41.8     8    9.95     0     0   2.940   603    5
   48.2     HEAVY      STABLE     HEAVY     45.3     7    9.84     0     0   2.940   603    5
   48.9     HEAVY      STABLE     HEAVY     43.2     7   10.16     0     0   2.940   603    5
   49.5     HEAVY      STABLE     HEAVY     49.9     3    9.99     0     0   2.640   542    6
   50.5     HEAVY      STABLE     HEAVY     43.5     4    9.93     0     0   2.640   542    6
   51.2     HEAVY      STABLE     HEAVY     41.7    10    9.98     0     0   2.640   542    6
   51.8     HEAVY      STABLE     HEAVY     43.4     8   10.03     0     0   2.640   542    6
   52.5     HEAVY      STABLE     HEAVY     41.4     9   10.03     0     0   2.640   542    6
   53.1     HEAVY      STABLE     HEAVY     60.2     0    9.94     0     0   2.640   542    6
   53.7     HEAVY      STABLE     HEAVY     39.8     6   10.08     0     0   2.640   542    6
   54.4     HEAVY      STABLE     HEAVY     41.9     8    9.97     0     0   2.640   542    6
   55.0     HEAVY      STABLE     HEAVY     42.7     6   10.01     0     0   2.640   542    6
   55.7     HEAVY      STABLE     HEAVY     44.2     8    9.91     0     0   2.640   542    6
   56.4     HEAVY      STABLE     HEAVY     51.7     6   10.07     0     0   2.380   487    7
   57.3     HEAVY      STABLE     HEAVY     37.4     9    9.94     0     0   2.380   487    7
   58.0     HEAVY      STABLE     HEAVY     49.3     1    9.76     0     0   2.380   487    7
   58.7     HEAVY      STABLE     HEAVY     43.2     5   10.06     0     0   2.380   487    7
   59.4     HEAVY      STABLE     HEAVY     38.9     0    8.70     0     0   2.380   487    7

Done — 85 ticks, 7 adjustments (0 predictive), mode=tc-only
