
==============================================================================
  ACAPE v6.0.0   mode=tc-only   qdisc=fq_codel handle=10:
  metrics -> results/fq_codel_sham_staged_s2/acape_metrics_sham.csv
==============================================================================
      t    regime        traj      pred     dr/s    bl    tput flows eleph  tgt_ms   lim  adj
---------------------------------------------------------------------------------------------
    0.8     LIGHT      STABLE     LIGHT      6.0     5   10.02     0     0   5.000  1024    0
    1.5     LIGHT      STABLE     LIGHT      4.5     3   10.15     0     0   5.000  1024    0
    2.1     LIGHT      STABLE     LIGHT      6.2     3    9.97     0     0   5.000  1024    0
    2.8     LIGHT      STABLE     LIGHT      6.1     3   10.06     0     0   5.000  1024    0
    3.4     LIGHT      STABLE     LIGHT      6.1     2   10.00     0     0   5.000  1024    0
    4.1     LIGHT      STABLE     LIGHT      5.9     3    9.88     0     0   5.000  1024    0
    4.8     LIGHT      STABLE     LIGHT      6.2     3   10.13     0     0   5.000  1024    0
    5.4     LIGHT      STABLE     LIGHT      4.6     4    9.98     0     0   5.000  1024    0
    6.1     LIGHT      STABLE     LIGHT      6.1     4    9.99     0     0   5.000  1024    0
    6.7     LIGHT      STABLE     LIGHT      7.5     4    9.96     0     0   5.000  1024    0
    7.4     LIGHT      STABLE     LIGHT      4.7     4   10.05     0     0   5.000  1024    0
    8.0     LIGHT      STABLE     LIGHT      4.6     3    9.94     0     0   5.000  1024    0
    8.7     LIGHT      STABLE     LIGHT      5.9     2    9.80     0     0   5.000  1024    0
    9.4     LIGHT      STABLE     LIGHT      5.6     5   10.05     0     0   5.000  1024    0
   10.1     LIGHT      STABLE     LIGHT      7.3     3   10.03     0     0   5.000  1024    0
   10.8     LIGHT      STABLE     LIGHT      7.0     2    9.92     0     0   5.000  1024    0
   11.5     LIGHT      STABLE     LIGHT      6.1     0   10.12     0     0   5.000  1024    0
   12.1     LIGHT      STABLE     LIGHT      6.2     1   10.06     0     0   5.000  1024    0
   12.8     LIGHT      STABLE     LIGHT      6.1     2   10.00     0     0   5.000  1024    0
   13.4     LIGHT      STABLE     LIGHT      3.0     6    9.96     0     0   5.000  1024    0
   14.1     LIGHT      STABLE     LIGHT      8.9     3    9.98     0     0   5.000  1024    0
   14.9     LIGHT      STABLE     LIGHT      4.0     5    8.80     0     0   5.000  1024    0
   15.5     LIGHT      STABLE     LIGHT      6.2     5   10.19     0     0   5.000  1024    0
   16.2     LIGHT      STABLE     LIGHT      8.6     4    9.65     0     0   5.000  1024    0
   16.9     LIGHT      STABLE     LIGHT      5.8     2   10.09     0     0   5.000  1024    0
   17.6     LIGHT      STABLE     LIGHT      6.1     3   10.21     0     0   5.000  1024    0
   18.3     LIGHT      STABLE     LIGHT      4.3     4    9.76     0     0   5.000  1024    0
   18.9     LIGHT      STABLE     LIGHT      4.4     0    9.18     0     0   5.000  1024    0
   19.6    NORMAL      STABLE    NORMAL      0.0     0    0.08     0     0   5.000  1024    0
   20.3     HEAVY      STABLE     HEAVY    199.7   107    7.29     0     0   5.000  1024    0
   21.4     HEAVY   WORSENING     HEAVY    217.1    42    7.49     0     0   5.000  1024    0
   22.1     HEAVY   WORSENING     HEAVY    186.2    30   10.37     0     0   5.000  1024    0
   22.9     HEAVY   WORSENING     HEAVY    156.0    22   10.03     0     0   5.000  1024    0
   23.6     HEAVY   WORSENING     HEAVY    146.9    27    9.86     0     0   5.000  1024    0
   24.3     HEAVY   WORSENING     HEAVY    166.6    26    9.88     0     0   5.000  1024    0
   25.1     HEAVY      STABLE     HEAVY    158.4    32   10.02     0     0   5.000  1024    0
   25.8     HEAVY      STABLE     HEAVY    175.8    31   10.20     0     0   5.000  1024    0
   26.5     HEAVY      STABLE     HEAVY    166.9    22    9.74     0     0   5.000  1024    0
   27.3     HEAVY      STABLE     HEAVY    150.9    29   10.33     0     0   5.000  1024    0
   27.9     HEAVY      STABLE     HEAVY    154.0    30    9.75     0     0   5.000  1024    0
   28.7     HEAVY      STABLE     HEAVY    163.2    20    9.99     0     0   5.000  1024    0
   29.4     HEAVY      STABLE     HEAVY    154.9    21   10.06     0     0   5.000  1024    0
   30.1     HEAVY      STABLE     HEAVY    153.6    23    9.93     0     0   5.000  1024    0
   30.8     HEAVY      STABLE     HEAVY    153.7    34    9.96     0     0   5.000  1024    0
   31.4     HEAVY      STABLE     HEAVY    161.4    20   10.16     0     0   5.000  1024    0
   32.2     HEAVY      STABLE     HEAVY    150.6    27    9.68     0     0   5.000  1024    0
   32.9     HEAVY      STABLE     HEAVY    160.0    21   10.32     0     0   5.000  1024    0
   33.5     HEAVY      STABLE     HEAVY    160.9    28    9.88     0     0   5.000  1024    0
   34.3     HEAVY      STABLE     HEAVY    159.9    25    9.90     0     0   5.000  1024    0
   35.0     HEAVY      STABLE     HEAVY    151.8    28    9.84     0     0   5.000  1024    0
   35.7     HEAVY      STABLE     HEAVY    164.2    28   10.30     0     0   5.000  1024    0
   36.5     HEAVY      STABLE     HEAVY    159.8    22    9.82     0     0   5.000  1024    0
   37.2     HEAVY      STABLE     HEAVY    163.0    26   10.20     0     0   5.000  1024    0
   37.9     HEAVY      STABLE     HEAVY    160.5    25    9.82     0     0   5.000  1024    0
   38.6     HEAVY      STABLE     HEAVY    145.9    27   10.11     0     0   5.000  1024    0
   39.3     HEAVY      STABLE     HEAVY    155.2    25    9.77     0     0   5.000  1024    0
   40.1     HEAVY      STABLE     HEAVY    126.1     0    8.19     0     0   5.000  1024    0
   40.8  MODERATE      STABLE  MODERATE     11.8    36    5.33     0     0   5.000  1024    0
   41.6  MODERATE      STABLE  MODERATE     19.3     3    9.87     0     0   5.000  1024    0
   42.2     LIGHT  RECOVERING    NORMAL      6.0     3   10.18     0     0   5.000  1024    0
   42.9     LIGHT  RECOVERING    NORMAL      5.9     3    9.87     0     0   5.000  1024    0
   43.6     LIGHT  RECOVERING    NORMAL      5.6     4   10.00     0     0   5.000  1024    0
   44.3     LIGHT  RECOVERING    NORMAL      5.5     5   10.01     0     0   5.000  1024    0
   45.1     LIGHT  RECOVERING    NORMAL      5.6     5   10.09     0     0   5.000  1024    0
   45.7     LIGHT      STABLE     LIGHT      6.1     4   10.06     0     0   5.000  1024    0
   46.4     LIGHT      STABLE     LIGHT      5.8     4    9.84     0     0   5.000  1024    0
   47.1     LIGHT      STABLE     LIGHT      7.2     4   10.00     0     0   5.000  1024    0
   47.8     LIGHT      STABLE     LIGHT      6.1     5   10.08     0     0   5.000  1024    0
   48.5     LIGHT      STABLE     LIGHT      7.0     4    9.90     0     0   5.000  1024    0
   49.1     LIGHT      STABLE     LIGHT      6.2     3   10.15     0     0   5.000  1024    0
   49.8     LIGHT      STABLE     LIGHT      6.1     0    9.84     0     0   5.000  1024    0
   50.4     LIGHT      STABLE     LIGHT      6.3     2   10.10     0     0   5.000  1024    0
   51.1     LIGHT      STABLE     LIGHT      3.0     6    9.92     0     0   5.000  1024    0
   51.8     LIGHT      STABLE     LIGHT      5.8     5    9.96     0     0   5.000  1024    0
   52.5     LIGHT      STABLE     LIGHT      8.9     0   10.02     0     0   5.000  1024    0
   53.1     LIGHT      STABLE     LIGHT      5.8     0    9.88     0     0   5.000  1024    0
   53.8     LIGHT      STABLE     LIGHT      5.7     1   10.00     0     0   5.000  1024    0
   54.5     LIGHT      STABLE     LIGHT      4.5     4   10.03     0     0   5.000  1024    0
   55.2     LIGHT      STABLE     LIGHT      6.0     3   10.04     0     0   5.000  1024    0
   55.8     LIGHT      STABLE     LIGHT      4.6     4    9.98     0     0   5.000  1024    0
   56.5     LIGHT      STABLE     LIGHT      5.9     4    9.98     0     0   5.000  1024    0
   57.2     LIGHT      STABLE     LIGHT      6.1     3   10.08     0     0   5.000  1024    0
   57.8     LIGHT      STABLE     LIGHT      6.1     4    9.96     0     0   5.000  1024    0
   58.5     LIGHT      STABLE     LIGHT      4.4     4    9.93     0     0   5.000  1024    0
   59.2     LIGHT      STABLE     LIGHT      6.1     4   10.05     0     0   5.000  1024    0
   59.8     LIGHT      STABLE     LIGHT      4.6     6   10.02     0     0   5.000  1024    0

Done — 87 ticks, 0 adjustments (0 predictive), mode=tc-only
