
==============================================================================
  ACAPE v6.0.0   mode=tc-only   qdisc=fq_codel handle=10:
  metrics -> results_sweep/rtt200/fq_codel_acape_steady_s2/acape_metrics_ctl.csv
==============================================================================
      t    regime        traj      pred     dr/s    bl    tput flows eleph  tgt_ms   lim  adj
---------------------------------------------------------------------------------------------
    0.9    NORMAL      STABLE    NORMAL      0.0     0    0.03     0     0   5.000  1024    0
    1.6    NORMAL      STABLE    NORMAL      0.0     0    1.47     0     0   5.000  1024    0
    2.2     HEAVY   WORSENING     HEAVY     49.4     0    8.58     0     0   5.000  1024    0
    2.9     LIGHT      STABLE     LIGHT     10.0     0    8.49     0     0   5.000  1024    0
    3.6    NORMAL      STABLE    NORMAL      0.0     1    9.09     0     0   5.000  1024    0
    4.3    NORMAL      STABLE    NORMAL      0.0     0    8.89     0     0   5.000  1024    0
    5.0    NORMAL      STABLE    NORMAL      0.0     1    9.73     0     0   5.000  1024    0
    5.6     LIGHT      STABLE     LIGHT      7.6     0    9.99     0     0   5.000  1024    0
    6.3    NORMAL      STABLE    NORMAL      0.0     0    9.19     0     0   5.000  1024    0
    7.0  MODERATE      STABLE  MODERATE     10.4     3   10.04     0     0   5.000  1024    0
    7.7    NORMAL      STABLE    NORMAL      0.0     1    8.74     0     0   5.000  1024    0
    8.4     LIGHT      STABLE     LIGHT      1.5     2    9.81     0     0   5.000  1024    0
    9.1     LIGHT      STABLE     LIGHT      1.4     1   10.00     0     0   5.000  1024    0
    9.7     LIGHT      STABLE     LIGHT      3.0     1   10.01     0     0   5.000  1024    0
   10.4     LIGHT      STABLE     LIGHT      7.2     0    9.88     0     0   5.000  1024    0
   11.1    NORMAL      STABLE    NORMAL      0.0     4    9.71     0     0   5.000  1024    0
   11.8     LIGHT      STABLE     LIGHT      7.3     0    9.66     0     0   5.000  1024    0
   12.5    NORMAL      STABLE    NORMAL      0.0     5    9.82     0     0   5.000  1024    0
   13.1     LIGHT      STABLE     LIGHT      6.1     0    9.77     0     0   5.000  1024    0
   13.8    NORMAL      STABLE    NORMAL      0.0     4    9.68     0     0   5.000  1024    0
   14.5     LIGHT      STABLE     LIGHT      3.0     0    9.96     0     0   5.000  1024    0
   15.1     LIGHT      STABLE     LIGHT      6.2     4   10.05     0     0   5.000  1024    0
   15.8     LIGHT      STABLE     LIGHT      1.5     4    9.79     0     0   5.000  1024    0
   16.5     LIGHT      STABLE     LIGHT      7.3     0    9.82     0     0   5.000  1024    0
   17.1  MODERATE      STABLE  MODERATE     10.3     1   10.07     0     0   5.000  1024    0
   17.8    NORMAL      STABLE    NORMAL      0.0     2    8.99     0     0   5.000  1024    0
   18.4    NORMAL      STABLE    NORMAL      0.0     3    9.94     0     0   5.000  1024    0
   19.1     LIGHT      STABLE     LIGHT      7.7     0    9.80     0     0   5.000  1024    0
   20.0     LIGHT      STABLE     LIGHT      7.0     5    6.32     0     0   5.000  1024    0
   20.7     LIGHT      STABLE     LIGHT      2.8     0    8.74     0     0   5.000  1024    0
   21.4    NORMAL      STABLE    NORMAL      0.0     1    9.79     0     0   5.000  1024    0
   22.0     LIGHT      STABLE     LIGHT      9.0     2    9.95     0     0   5.000  1024    0
   22.8    NORMAL      STABLE    NORMAL      0.0     3    9.68     0     0   5.000  1024    0
   23.4     LIGHT      STABLE     LIGHT      5.9     0    9.87     0     0   5.000  1024    0
   24.1     LIGHT      STABLE     LIGHT      5.9     2   10.09     0     0   5.000  1024    0
   24.9    NORMAL      STABLE    NORMAL      0.0     5    9.38     0     0   5.000  1024    0
   25.6     LIGHT      STABLE     LIGHT      7.1     0   10.24     0     0   5.000  1024    0
   26.3     LIGHT      STABLE     LIGHT      6.8     0    9.69     0     0   5.000  1024    0
   27.1     LIGHT      STABLE     LIGHT      6.4    11    9.73     0     0   5.000  1024    0
   27.8     LIGHT      STABLE     LIGHT      6.9     1    8.73     0     0   5.000  1024    0
   28.5    NORMAL      STABLE    NORMAL      0.0     5    9.37     0     0   5.000  1024    0
   29.2     LIGHT      STABLE     LIGHT      3.0     3   10.10     0     0   5.000  1024    0
   29.8    NORMAL      STABLE    NORMAL      0.0     1    9.77     0     0   5.000  1024    0
   30.5     LIGHT      STABLE     LIGHT      4.3     4    9.95     0     0   5.000  1024    0
   31.2     LIGHT      STABLE     LIGHT      1.5     2    9.88     0     0   5.000  1024    0
   31.9  MODERATE      STABLE  MODERATE     10.4     0    9.58     0     0   5.000  1024    0
   32.5    NORMAL      STABLE    NORMAL      0.0     2    9.47     0     0   5.000  1024    0
   33.2     LIGHT      STABLE     LIGHT      7.1     2    9.92     0     0   5.000  1024    0
   33.9    NORMAL      STABLE    NORMAL      0.0     1    9.42     0     0   5.000  1024    0
   34.6  MODERATE      STABLE  MODERATE     11.4     5    9.70     0     0   5.000  1024    0
   35.3    NORMAL      STABLE    NORMAL      0.0     2    8.36     0     0   5.000  1024    0
   36.0    NORMAL      STABLE    NORMAL      0.0     0    9.52     0     0   5.000  1024    0
   36.7    NORMAL      STABLE    NORMAL      0.0     4    9.93     0     0   5.000  1024    0
   37.3     LIGHT      STABLE     LIGHT      6.1     4    9.97     0     0   5.000  1024    0
   38.0    NORMAL      STABLE    NORMAL      0.0     1    9.52     0     0   5.000  1024    0
   38.7     LIGHT      STABLE     LIGHT      8.7     1    9.99     0     0   5.000  1024    0
   39.4    NORMAL      STABLE    NORMAL      0.0     2    9.18     0     0   5.000  1024    0
   40.1     LIGHT      STABLE     LIGHT      7.2     0    9.95     0     0   5.000  1024    0
   40.8    NORMAL      STABLE    NORMAL      0.0     1    9.64     0     0   5.000  1024    0
   41.6     LIGHT      STABLE     LIGHT      4.1     2   10.04     0     0   5.000  1024    0
   42.3    NORMAL      STABLE    NORMAL      0.0     4    9.64     0     0   5.000  1024    0
   43.0     LIGHT      STABLE     LIGHT      8.3     0    9.76     0     0   5.000  1024    0
   43.7    NORMAL      STABLE    NORMAL      0.0     2    9.40     0     0   5.000  1024    0
   44.3     LIGHT      STABLE     LIGHT      8.7     1    9.98     0     0   5.000  1024    0
   45.0    NORMAL      STABLE    NORMAL      0.0     0    9.46     0     0   5.000  1024    0
   45.7  MODERATE      STABLE  MODERATE     10.2     0    9.97     0     0   5.000  1024    0
   46.4    NORMAL      STABLE    NORMAL      0.0     0    9.16     0     0   5.000  1024    0
   47.1    NORMAL      STABLE    NORMAL      0.0     4   10.13     0     0   5.000  1024    0
   47.8     LIGHT      STABLE     LIGHT      6.9     1    9.91     0     0   5.000  1024    0
   48.5     LIGHT      STABLE     LIGHT      4.2     3   10.01     0     0   5.000  1024    0
   49.2     LIGHT      STABLE     LIGHT      7.3     5    9.90     0     0   5.000  1024    0
   49.9     LIGHT      STABLE     LIGHT      1.5     2    9.61     0     0   5.000  1024    0
   50.5     LIGHT      STABLE     LIGHT      9.2     1   10.11     0     0   5.000  1024    0
   51.3    NORMAL      STABLE    NORMAL      0.0     3    8.53     0     0   5.000  1024    0
   52.0     LIGHT      STABLE     LIGHT      5.8     2   10.79     0     0   5.000  1024    0
   52.6    NORMAL      STABLE    NORMAL      0.0     3    9.84     0     0   5.000  1024    0
   53.3     LIGHT      STABLE     LIGHT      4.6     1   10.03     0     0   5.000  1024    0
   54.0    NORMAL      STABLE    NORMAL      0.0     2    9.71     0     0   5.000  1024    0
   54.7     LIGHT      STABLE     LIGHT     10.0     0    9.22     0     0   5.000  1024    0
   55.4    NORMAL      STABLE    NORMAL      0.0     1    9.51     0     0   5.000  1024    0
   56.2     LIGHT      STABLE     LIGHT      3.8     0    9.86     0     0   5.000  1024    0
   56.9    NORMAL      STABLE    NORMAL      0.0     1    9.84     0     0   5.000  1024    0
   57.6     LIGHT      STABLE     LIGHT      8.3     0    8.85     0     0   5.000  1024    0
   58.3    NORMAL      STABLE    NORMAL      0.0     2    9.50     0     0   5.000  1024    0
   59.0     LIGHT      STABLE     LIGHT      4.5     2   10.27     0     0   5.000  1024    0
   59.6    NORMAL      STABLE    NORMAL      0.0     6    9.77     0     0   5.000  1024    0

Done — 87 ticks, 0 adjustments (0 predictive), mode=tc-only
