[acape] bounds for target 5.0ms interval 100.0ms: target 0.2-20ms interval 20-300ms (interval/target ratio 20.0)

==============================================================================
  ACAPE v6.0.0   mode=tc-only   qdisc=fq_codel handle=10:
  metrics -> results_serial/rate10/fq_codel_acape_t5_steady_s1/acape_metrics_ctl.csv
==============================================================================
      t    regime        traj      pred     dr/s    bl    tput flows eleph  tgt_ms   lim  adj
---------------------------------------------------------------------------------------------
    0.9     HEAVY      STABLE     HEAVY     58.7    14   10.14     0     0   5.000  1024    0
    1.6     HEAVY      STABLE     HEAVY     58.4    11    9.67     0     0   5.000  1024    0
    2.3     HEAVY      STABLE     HEAVY     54.5    12   10.14     0     0   5.000  1024    0
    2.9     HEAVY      STABLE     HEAVY     55.5    16   10.03     0     0   5.000  1024    0
    3.6     HEAVY      STABLE     HEAVY     59.4    11    9.97     0     0   5.000  1024    0
    4.3     HEAVY      STABLE     HEAVY     54.4    10    9.85     0     0   5.000  1024    0
    5.0     HEAVY      STABLE     HEAVY     60.3    11    9.98     0     0   5.000  1024    0
    5.6     HEAVY      STABLE     HEAVY     56.4    13    9.94     0     0   5.000  1024    0
    6.3     HEAVY      STABLE     HEAVY     63.4    12    9.97     0     0   5.000  1024    0
    7.0     HEAVY      STABLE     HEAVY     67.9    13    9.97     0     0   4.500   921    1
    8.1     HEAVY      STABLE     HEAVY     59.6    11   10.01     0     0   4.500   921    1
    8.8     HEAVY      STABLE     HEAVY     63.6    13    9.74     0     0   4.500   921    1
    9.5     HEAVY      STABLE     HEAVY     60.7    14   10.20     0     0   4.500   921    1
   10.2     HEAVY      STABLE     HEAVY     68.8    11    9.86     0     0   4.500   921    1
   10.9     HEAVY      STABLE     HEAVY     65.2    14    9.93     0     0   4.500   921    1
   11.7     HEAVY      STABLE     HEAVY     65.6    12   10.19     0     0   4.500   921    1
   12.4     HEAVY      STABLE     HEAVY     66.4    14    9.97     0     0   4.500   921    1
   13.1     HEAVY      STABLE     HEAVY     68.8    12    9.89     0     0   4.500   921    1
   13.8     HEAVY      STABLE     HEAVY     65.0    11   10.09     0     0   4.500   921    1
   14.4     HEAVY      STABLE     HEAVY     58.9    13    9.90     0     0   4.050   828    2
   15.4     HEAVY      STABLE     HEAVY     71.2    11   10.03     0     0   4.050   828    2
   16.1     HEAVY      STABLE     HEAVY     71.5    14   10.00     0     0   4.050   828    2
   16.8     HEAVY      STABLE     HEAVY     65.3    16    9.89     0     0   4.050   828    2
   17.5     HEAVY      STABLE     HEAVY     76.1    14   10.06     0     0   4.050   828    2
   18.3     HEAVY      STABLE     HEAVY     76.0    12    9.95     0     0   4.050   828    2
   18.9     HEAVY      STABLE     HEAVY     72.9    12    9.98     0     0   4.050   828    2
   19.6     HEAVY      STABLE     HEAVY     73.1    12    9.94     0     0   4.050   828    2
   20.3     HEAVY      STABLE     HEAVY     79.5    12   10.02     0     0   4.050   828    2
   21.0     HEAVY      STABLE     HEAVY     77.9    11   10.01     0     0   4.050   828    2
   21.7     HEAVY      STABLE     HEAVY     68.0    14    9.99     0     0   3.640   745    3
   22.6     HEAVY      STABLE     HEAVY     75.2    16   10.05     0     0   3.640   745    3
   23.3     HEAVY      STABLE     HEAVY     81.2    11   10.00     0     0   3.640   745    3
   24.0     HEAVY      STABLE     HEAVY     77.5    13    9.89     0     0   3.640   745    3
   24.6     HEAVY      STABLE     HEAVY     87.6    13   10.12     0     0   3.640   745    3
   25.3     HEAVY      STABLE     HEAVY     79.4    13   10.06     0     0   3.640   745    3
   26.0     HEAVY      STABLE     HEAVY     87.0    10    9.83     0     0   3.640   745    3
   26.7     HEAVY      STABLE     HEAVY     83.6    10    9.97     0     0   3.640   745    3
   27.4     HEAVY      STABLE     HEAVY     82.0     9   10.02     0     0   3.640   745    3
   28.1     HEAVY      STABLE     HEAVY     81.6    16    9.90     0     0   3.640   745    3
   28.8     HEAVY      STABLE     HEAVY     81.0    12    9.98     0     0   3.270   670    4
   29.8     HEAVY      STABLE     HEAVY     90.4    12   10.07     0     0   3.270   670    4
   30.4     HEAVY      STABLE     HEAVY     94.1    14    9.98     0     0   3.270   670    4
   31.1     HEAVY      STABLE     HEAVY     98.5    10   10.08     0     0   3.270   670    4
   31.7     HEAVY      STABLE     HEAVY     97.5    14   10.01     0     0   3.270   670    4
   32.4     HEAVY      STABLE     HEAVY     90.1    10    9.91     0     0   3.270   670    4
   33.1     HEAVY      STABLE     HEAVY     89.5    10   10.05     0     0   3.270   670    4
   33.8     HEAVY      STABLE     HEAVY    103.0     9    9.80     0     0   3.270   670    4
   34.4     HEAVY      STABLE     HEAVY     98.8    12   10.03     0     0   3.270   670    4
   35.1     HEAVY      STABLE     HEAVY    103.3    15    9.99     0     0   3.270   670    4
   35.8     HEAVY      STABLE     HEAVY    101.6    10   10.01     0     0   2.940   603    5
   36.9     HEAVY      STABLE     HEAVY    117.6    11    9.90     0     0   2.940   603    5
   37.5     HEAVY      STABLE     HEAVY    116.2    10    9.98     0     0   2.940   603    5
   38.2     HEAVY      STABLE     HEAVY    101.4    12    9.83     0     0   2.940   603    5
   38.9     HEAVY      STABLE     HEAVY    101.9     9   10.25     0     0   2.940   603    5
   39.6     HEAVY      STABLE     HEAVY    116.5    12    9.91     0     0   2.940   603    5
   40.3     HEAVY      STABLE     HEAVY    106.4    12   10.06     0     0   2.940   603    5
   41.0     HEAVY      STABLE     HEAVY    109.3    14    9.92     0     0   2.940   603    5
   41.6     HEAVY      STABLE     HEAVY    116.0    10   10.06     0     0   2.940   603    5
   42.3     HEAVY      STABLE     HEAVY    110.1    10    9.96     0     0   2.940   603    5
   43.0     HEAVY      STABLE     HEAVY    104.4    11    9.83     0     0   2.640   542    6
   44.1     HEAVY      STABLE     HEAVY    121.0    12   10.12     0     0   2.640   542    6
   44.8     HEAVY      STABLE     HEAVY    128.6    10    9.97     0     0   2.640   542    6
   45.5     HEAVY      STABLE     HEAVY    122.0    14   10.03     0     0   2.640   542    6
   46.2     HEAVY      STABLE     HEAVY    134.1    14    9.96     0     0   2.640   542    6
   46.8     HEAVY      STABLE     HEAVY    128.4    10   10.06     0     0   2.640   542    6
   47.5     HEAVY      STABLE     HEAVY    129.1    12    9.90     0     0   2.640   542    6
   48.2     HEAVY      STABLE     HEAVY    125.2     7   10.05     0     0   2.640   542    6
   48.8     HEAVY      STABLE     HEAVY    120.7    11    9.90     0     0   2.640   542    6
   49.5     HEAVY      STABLE     HEAVY    108.9    12   10.01     0     0   2.640   542    6
   50.1     HEAVY      STABLE     HEAVY    133.9    12   10.02     0     0   2.380   487    7
   51.1     HEAVY      STABLE     HEAVY    144.7    11    9.94     0     0   2.380   487    7
   51.9     HEAVY      STABLE     HEAVY    143.3     6   10.01     0     0   2.380   487    7
   52.5     HEAVY      STABLE     HEAVY    150.6    13   10.01     0     0   2.380   487    7
   53.2     HEAVY      STABLE     HEAVY    140.7    11   10.01     0     0   2.380   487    7
   54.0     HEAVY      STABLE     HEAVY    133.8    10    9.99     0     0   2.380   487    7
   54.7     HEAVY      STABLE     HEAVY    134.8    11    9.57     0     0   2.380   487    7
   55.4     HEAVY      STABLE     HEAVY    142.6     9   10.21     0     0   2.380   487    7
   56.1     HEAVY      STABLE     HEAVY    139.7     9   10.06     0     0   2.380   487    7
   56.9     HEAVY      STABLE     HEAVY     90.0    10    7.27     0     0   2.380   487    7
   57.7     HEAVY      STABLE     HEAVY    131.1    11   10.14     0     0   2.140   438    8
   59.0     HEAVY      STABLE     HEAVY    131.1     0    8.45     0     0   2.140   438    8
   59.7    NORMAL      STABLE    NORMAL      0.0     0    0.00     0     0   2.140   438    8

Done — 83 ticks, 8 adjustments (0 predictive), mode=tc-only
