
==============================================================================
  ACAPE v6.0.0   mode=tc-only   qdisc=fq_codel handle=10:
  metrics -> results_sweep/rtt200/fq_codel_acape_steady_s3/acape_metrics_ctl.csv
==============================================================================
      t    regime        traj      pred     dr/s    bl    tput flows eleph  tgt_ms   lim  adj
---------------------------------------------------------------------------------------------
    0.9    NORMAL      STABLE    NORMAL      0.0     0    0.02     0     0   5.000  1024    0
    1.6    NORMAL      STABLE    NORMAL      0.0     0    1.29     0     0   5.000  1024    0
    2.3  MODERATE      STABLE  MODERATE     26.4     3    9.37     0     0   5.000  1024    0
    3.0  MODERATE      STABLE  MODERATE     11.3     5    9.88     0     0   5.000  1024    0
    3.7     LIGHT      STABLE     LIGHT      1.5     0    9.37     0     0   5.000  1024    0
    4.4    NORMAL      STABLE    NORMAL      0.0     1    9.91     0     0   5.000  1024    0
    5.0    NORMAL      STABLE    NORMAL      0.0     0    9.92     0     0   5.000  1024    0
    5.7     LIGHT      STABLE     LIGHT      3.1     5   10.00     0     0   5.000  1024    0
    6.3     LIGHT      STABLE     LIGHT      4.5     5    9.31     0     0   5.000  1024    0
    7.1     LIGHT      STABLE     LIGHT      7.0     5   10.04     0     0   5.000  1024    0
    7.7     LIGHT      STABLE     LIGHT      1.4     0    9.69     0     0   5.000  1024    0
    8.5     LIGHT      STABLE     LIGHT      5.5     0    9.61     0     0   5.000  1024    0
    9.2    NORMAL      STABLE    NORMAL      0.0     1    9.60     0     0   5.000  1024    0
    9.8     LIGHT      STABLE     LIGHT      3.1     4   10.03     0     0   5.000  1024    0
   10.5     LIGHT      STABLE     LIGHT      1.5     4    9.86     0     0   5.000  1024    0
   11.1     LIGHT      STABLE     LIGHT      7.7     1    9.67     0     0   5.000  1024    0
   11.8    NORMAL      STABLE    NORMAL      0.0     3    9.68     0     0   5.000  1024    0
   12.6     LIGHT      STABLE     LIGHT      5.4     1    9.77     0     0   5.000  1024    0
   13.2     LIGHT      STABLE     LIGHT      1.5     6    9.94     0     0   5.000  1024    0
   13.9     LIGHT      STABLE     LIGHT      4.3     1    9.63     0     0   5.000  1024    0
   14.7     LIGHT      STABLE     LIGHT      6.5     3    9.90     0     0   5.000  1024    0
   15.4    NORMAL      STABLE    NORMAL      0.0     2    9.75     0     0   5.000  1024    0
   16.1     LIGHT      STABLE     LIGHT      8.5     1    9.79     0     0   5.000  1024    0
   16.8    NORMAL      STABLE    NORMAL      0.0     3    9.32     0     0   5.000  1024    0
   17.5     LIGHT      STABLE     LIGHT      5.6     2   10.14     0     0   5.000  1024    0
   18.2    NORMAL      STABLE    NORMAL      0.0     6    9.80     0     0   5.000  1024    0
   18.9     LIGHT      STABLE     LIGHT      7.3     2    9.67     0     0   5.000  1024    0
   19.6     LIGHT      STABLE     LIGHT      4.3     1   10.02     0     0   5.000  1024    0
   20.2     LIGHT      STABLE     LIGHT      3.0     7   10.06     0     0   5.000  1024    0
   20.9     LIGHT      STABLE     LIGHT      7.6     0    9.45     0     0   5.000  1024    0
   21.6     LIGHT      STABLE     LIGHT      7.2     5    9.88     0     0   5.000  1024    0
   22.3     LIGHT      STABLE     LIGHT      4.3     2    9.76     0     0   5.000  1024    0
   22.9     LIGHT      STABLE     LIGHT      7.6     0    9.85     0     0   5.000  1024    0
   23.9     LIGHT      STABLE     LIGHT      6.4     0    6.59     0     0   5.000  1024    0
   24.6    NORMAL      STABLE    NORMAL      0.0     0    9.22     0     0   5.000  1024    0
   25.3    NORMAL      STABLE    NORMAL      0.0     1    9.68     0     0   5.000  1024    0
   26.0     LIGHT      STABLE     LIGHT      4.4     1    9.96     0     0   5.000  1024    0
   26.6     LIGHT      STABLE     LIGHT      4.4     5   10.05     0     0   5.000  1024    0
   27.3     LIGHT      STABLE     LIGHT      5.8     2    9.42     0     0   5.000  1024    0
   28.0    NORMAL      STABLE    NORMAL      0.0     5    9.91     0     0   5.000  1024    0
   28.7     LIGHT      STABLE     LIGHT      5.6     1    9.71     0     0   5.000  1024    0
   29.4     LIGHT      STABLE     LIGHT      2.7     7    9.84     0     0   5.000  1024    0
   30.2     LIGHT      STABLE     LIGHT      6.9     3    9.89     0     0   5.000  1024    0
   30.9     LIGHT      STABLE     LIGHT      7.2     2    9.79     0     0   5.000  1024    0
   31.5    NORMAL      STABLE    NORMAL      0.0     1    9.70     0     0   5.000  1024    0
   32.2     LIGHT      STABLE     LIGHT      8.5     1   10.03     0     0   5.000  1024    0
   32.9    NORMAL      STABLE    NORMAL      0.0     1    9.34     0     0   5.000  1024    0
   33.6     LIGHT      STABLE     LIGHT      3.0     6    9.93     0     0   5.000  1024    0
   34.3     LIGHT      STABLE     LIGHT      2.8     1    9.55     0     0   5.000  1024    0
   35.0     LIGHT      STABLE     LIGHT      1.4     6    9.78     0     0   5.000  1024    0
   35.8     LIGHT      STABLE     LIGHT      5.4     1    9.47     0     0   5.000  1024    0
   36.5     LIGHT      STABLE     LIGHT      1.4     7   10.01     0     0   5.000  1024    0
   37.1  MODERATE      STABLE  MODERATE     11.6     0    9.66     0     0   5.000  1024    0
   37.8     LIGHT      STABLE     LIGHT      4.4     2   10.00     0     0   5.000  1024    0
   38.5     LIGHT      STABLE     LIGHT      1.5     2    9.70     0     0   5.000  1024    0
   39.1     LIGHT      STABLE     LIGHT      3.1     5    9.88     0     0   5.000  1024    0
   39.8     LIGHT      STABLE     LIGHT      4.6     3    9.50     0     0   5.000  1024    0
   40.5     LIGHT      STABLE     LIGHT      5.8     1    9.90     0     0   5.000  1024    0
   41.1    NORMAL      STABLE    NORMAL      0.0     5    9.86     0     0   5.000  1024    0
   41.8     LIGHT      STABLE     LIGHT      7.4     0    9.75     0     0   5.000  1024    0
   42.5    NORMAL      STABLE    NORMAL      0.0     0    9.45     0     0   5.000  1024    0
   43.2     LIGHT      STABLE     LIGHT      5.7     1    9.96     0     0   5.000  1024    0
   43.9    NORMAL      STABLE    NORMAL      0.0     5    9.90     0     0   5.000  1024    0
   44.6     LIGHT      STABLE     LIGHT      8.8     0    9.72     0     0   5.000  1024    0
   45.3    NORMAL      STABLE    NORMAL      0.0     3    9.63     0     0   5.000  1024    0
   46.0     LIGHT      STABLE     LIGHT      8.5     5    9.74     0     0   5.000  1024    0
   46.7    NORMAL      STABLE    NORMAL      0.0     4    9.63     0     0   5.000  1024    0
   47.4     LIGHT      STABLE     LIGHT      9.0     2    9.99     0     0   5.000  1024    0
   48.0     LIGHT      STABLE     LIGHT      7.8     2    9.99     0     0   5.000  1024    0
   48.7     LIGHT      STABLE     LIGHT      1.5     1    9.48     0     0   5.000  1024    0
   49.4     LIGHT      STABLE     LIGHT      7.5     3    9.96     0     0   5.000  1024    0
   50.0     LIGHT      STABLE     LIGHT      3.0     1    9.37     0     0   5.000  1024    0
   50.7     LIGHT      STABLE     LIGHT      5.8     4    9.81     0     0   5.000  1024    0
   51.3     LIGHT      STABLE     LIGHT      3.1     0    9.30     0     0   5.000  1024    0
   52.0    NORMAL      STABLE    NORMAL      0.0     3    9.45     0     0   5.000  1024    0
   52.7     LIGHT      STABLE     LIGHT      7.8     1   10.22     0     0   5.000  1024    0
   53.3    NORMAL      STABLE    NORMAL      0.0     1    9.50     0     0   5.000  1024    0
   54.0     LIGHT      STABLE     LIGHT      4.6     1    9.94     0     0   5.000  1024    0
   54.7     LIGHT      STABLE     LIGHT      1.3     5    9.70     0     0   5.000  1024    0
   55.5     LIGHT      STABLE     LIGHT      6.8     2    9.92     0     0   5.000  1024    0
   56.1     LIGHT      STABLE     LIGHT      6.0     1    9.79     0     0   5.000  1024    0
   56.8     LIGHT      STABLE     LIGHT      1.5     4    9.74     0     0   5.000  1024    0
   57.5     LIGHT      STABLE     LIGHT      4.5     0    9.85     0     0   5.000  1024    0
   58.1     LIGHT      STABLE     LIGHT      9.1     0    9.93     0     0   5.000  1024    0
   58.8    NORMAL      STABLE    NORMAL      0.0     5    9.41     0     0   5.000  1024    0
   59.4     LIGHT      STABLE     LIGHT      4.7     4   10.01     0     0   5.000  1024    0

Done — 87 ticks, 0 adjustments (0 predictive), mode=tc-only
