-----------------------------------------------------------
Server listening on 5202 (test #1)
-----------------------------------------------------------
Accepted connection from 192.168.1.2, port 60114
[  5] local 192.168.2.2 port 5202 connected to 192.168.1.2 port 41443
[  6] local 192.168.2.2 port 5202 connected to 192.168.1.2 port 48288
[  9] local 192.168.2.2 port 5202 connected to 192.168.1.2 port 52110
[ ID] Interval           Transfer     Bitrate         Jitter    Lost/Total Datagrams
[  5]   0.00-1.00   sec  8.20 KBytes  67.1 Kbits/sec  2.636 ms  0/28 (0%)  
[  6]   0.00-1.00   sec  8.20 KBytes  67.0 Kbits/sec  2.479 ms  0/28 (0%)  
[  9]   0.00-1.00   sec  8.20 KBytes  67.0 Kbits/sec  2.532 ms  0/28 (0%)  
[SUM]   0.00-1.00   sec  24.6 KBytes   201 Kbits/sec  2.549 ms  0/84 (0%)  
- - - - - - - - - - - - - - - - - - - - - - - - -
[  5]   1.00-2.00   sec  19.6 KBytes   161 Kbits/sec  3.203 ms  0/67 (0%)  
[  6]   1.00-2.00   sec  19.6 KBytes   161 Kbits/sec  3.302 ms  0/67 (0%)  
[  9]   1.00-2.00   sec  19.6 KBytes   161 Kbits/sec  3.569 ms  0/67 (0%)  
[SUM]   1.00-2.00   sec  58.9 KBytes   483 Kbits/sec  3.358 ms  0/201 (0%)  
- - - - - - - - - - - - - - - - - - - - - - - - -
[  5]   2.00-3.00   sec  19.0 KBytes   156 Kbits/sec  4.083 ms  0/65 (0%)  
[  6]   2.00-3.00   sec  18.8 KBytes   154 Kbits/sec  4.105 ms  0/64 (0%)  
[  9]   2.00-3.00   sec  19.0 KBytes   156 Kbits/sec  4.451 ms  0/65 (0%)  
[SUM]   2.00-3.00   sec  56.8 KBytes   465 Kbits/sec  4.213 ms  0/194 (0%)  
- - - - - - - - - - - - - - - - - - - - - - - - -
[  5]   3.00-4.00   sec  17.9 KBytes   146 Kbits/sec  4.510 ms  0/61 (0%)  
[  6]   3.00-4.00   sec  18.5 KBytes   151 Kbits/sec  4.519 ms  0/63 (0%)  
[  9]   3.00-4.00   sec  18.2 KBytes   149 Kbits/sec  4.593 ms  0/62 (0%)  
[SUM]   3.00-4.00   sec  54.5 KBytes   447 Kbits/sec  4.541 ms  0/186 (0%)  
- - - - - - - - - - - - - - - - - - - - - - - - -
[  5]   4.00-5.00   sec  17.6 KBytes   144 Kbits/sec  4.976 ms  0/60 (0%)  
[  6]   4.00-5.00   sec  17.6 KBytes   144 Kbits/sec  4.978 ms  0/60 (0%)  
[  9]   4.00-5.00   sec  17.6 KBytes   144 Kbits/sec  5.114 ms  0/60 (0%)  
[SUM]   4.00-5.00   sec  52.7 KBytes   432 Kbits/sec  5.023 ms  0/180 (0%)  
- - - - - - - - - - - - - - - - - - - - - - - - -
[  5]   5.00-6.00   sec  12.0 KBytes  98.4 Kbits/sec  4.149 ms  28/70 (40%)  
[  6]   5.00-6.00   sec  12.6 KBytes   103 Kbits/sec  4.868 ms  26/69 (38%)  
[  9]   5.00-6.00   sec  13.8 KBytes   113 Kbits/sec  4.440 ms  21/68 (31%)  
[SUM]   5.00-6.00   sec  38.4 KBytes   314 Kbits/sec  4.485 ms  75/207 (36%)  
- - - - - - - - - - - - - - - - - - - - - - - - -
[  5]   6.00-7.00   sec  13.8 KBytes   113 Kbits/sec  3.399 ms  26/73 (36%)  
[  6]   6.00-7.00   sec  9.67 KBytes  79.2 Kbits/sec  3.778 ms  39/72 (54%)  
[  9]   6.00-7.00   sec  9.96 KBytes  81.6 Kbits/sec  4.064 ms  41/75 (55%)  
[SUM]   6.00-7.00   sec  33.4 KBytes   274 Kbits/sec  3.747 ms  106/220 (48%)  
- - - - - - - - - - - - - - - - - - - - - - - - -
[  5]   7.00-8.00   sec  17.3 KBytes   142 Kbits/sec  6.245 ms  51/110 (46%)  
[  6]   7.00-8.00   sec  18.5 KBytes   151 Kbits/sec  5.820 ms  47/110 (43%)  
[  9]   7.00-8.00   sec  13.8 KBytes   113 Kbits/sec  7.696 ms  62/109 (57%)  
[SUM]   7.00-8.00   sec  49.5 KBytes   406 Kbits/sec  6.587 ms  160/329 (49%)  
- - - - - - - - - - - - - - - - - - - - - - - - -
[  5]   8.00-9.00   sec  18.5 KBytes   151 Kbits/sec  3.341 ms  33/96 (34%)  
[  6]   8.00-9.00   sec  19.6 KBytes   161 Kbits/sec  3.420 ms  31/98 (32%)  
[  9]   8.00-9.00   sec  18.8 KBytes   154 Kbits/sec  3.427 ms  32/96 (33%)  
[SUM]   8.00-9.00   sec  56.8 KBytes   466 Kbits/sec  3.396 ms  96/290 (33%)  
- - - - - - - - - - - - - - - - - - - - - - - - -
[  5]   9.00-10.00  sec  18.8 KBytes   154 Kbits/sec  3.130 ms  20/84 (24%)  
[  6]   9.00-10.00  sec  20.5 KBytes   168 Kbits/sec  2.497 ms  14/84 (17%)  
[  9]   9.00-10.00  sec  19.6 KBytes   161 Kbits/sec  2.168 ms  18/85 (21%)  
[SUM]   9.00-10.00  sec  58.9 KBytes   482 Kbits/sec  2.598 ms  52/253 (21%)  
- - - - - - - - - - - - - - - - - - - - - - - - -
[  5]  10.00-11.00  sec  23.4 KBytes   192 Kbits/sec  2.295 ms  10/90 (11%)  
[  6]  10.00-11.00  sec  23.7 KBytes   194 Kbits/sec  2.602 ms  8/89 (9%)  
[  9]  10.00-11.00  sec  23.4 KBytes   192 Kbits/sec  2.574 ms  9/89 (10%)  
[SUM]  10.00-11.00  sec  70.6 KBytes   578 Kbits/sec  2.491 ms  27/268 (10%)  
- - - - - - - - - - - - - - - - - - - - - - - - -
[  5]  11.00-12.00  sec  31.1 KBytes   254 Kbits/sec  4.495 ms  0/106 (0%)  
[  6]  11.00-12.00  sec  31.1 KBytes   255 Kbits/sec  4.351 ms  0/106 (0%)  
[  9]  11.00-12.00  sec  31.1 KBytes   255 Kbits/sec  4.743 ms  0/106 (0%)  
[SUM]  11.00-12.00  sec  93.2 KBytes   763 Kbits/sec  4.530 ms  0/318 (0%)  
- - - - - - - - - - - - - - - - - - - - - - - - -
[  5]  12.00-13.00  sec  18.2 KBytes   149 Kbits/sec  3.533 ms  0/62 (0%)  
[  6]  12.00-13.00  sec  18.2 KBytes   149 Kbits/sec  4.108 ms  0/62 (0%)  
[  9]  12.00-13.00  sec  18.2 KBytes   149 Kbits/sec  4.691 ms  0/62 (0%)  
[SUM]  12.00-13.00  sec  54.5 KBytes   446 Kbits/sec  4.111 ms  0/186 (0%)  
- - - - - - - - - - - - - - - - - - - - - - - - -
[  5]  13.00-14.00  sec  23.1 KBytes   190 Kbits/sec  1.585 ms  0/79 (0%)  
[  6]  13.00-14.00  sec  23.1 KBytes   190 Kbits/sec  1.825 ms  0/79 (0%)  
[  9]  13.00-14.00  sec  23.1 KBytes   189 Kbits/sec  1.767 ms  0/79 (0%)  
[SUM]  13.00-14.00  sec  69.4 KBytes   569 Kbits/sec  1.726 ms  0/237 (0%)  
- - - - - - - - - - - - - - - - - - - - - - - - -
[  5]  14.00-15.00  sec  22.9 KBytes   187 Kbits/sec  1.829 ms  0/78 (0%)  
[  6]  14.00-15.00  sec  22.9 KBytes   187 Kbits/sec  2.157 ms  0/78 (0%)  
[  9]  14.00-15.00  sec  23.1 KBytes   190 Kbits/sec  1.675 ms  0/79 (0%)  
[SUM]  14.00-15.00  sec  68.8 KBytes   564 Kbits/sec  1.887 ms  0/235 (0%)  
- - - - - - - - - - - - - - - - - - - - - - - - -
[  5]  15.00-16.00  sec  22.0 KBytes   180 Kbits/sec  1.573 ms  4/79 (5.1%)  
[  6]  15.00-16.00  sec  22.9 KBytes   187 Kbits/sec  1.969 ms  1/79 (1.3%)  
[  9]  15.00-16.00  sec  22.9 KBytes   187 Kbits/sec  1.405 ms  0/78 (0%)  
[SUM]  15.00-16.00  sec  67.7 KBytes   554 Kbits/sec  1.649 ms  5/236 (2.1%)  
- - - - - - - - - - - - - - - - - - - - - - - - -
[  5]  16.00-17.00  sec  23.7 KBytes   194 Kbits/sec  2.785 ms  5/86 (5.8%)  
[  6]  16.00-17.00  sec  23.4 KBytes   192 Kbits/sec  2.633 ms  6/86 (7%)  
[  9]  16.00-17.00  sec  23.7 KBytes   194 Kbits/sec  2.485 ms  4/85 (4.7%)  
[SUM]  16.00-17.00  sec  70.9 KBytes   581 Kbits/sec  2.634 ms  15/257 (5.8%)  
- - - - - - - - - - - - - - - - - - - - - - - - -
[  5]  17.00-18.00  sec  26.7 KBytes   218 Kbits/sec  3.456 ms  3/94 (3.2%)  
[  6]  17.00-18.00  sec  27.0 KBytes   221 Kbits/sec  3.167 ms  2/94 (2.1%)  
[  9]  17.00-18.00  sec  26.7 KBytes   218 Kbits/sec  3.258 ms  4/95 (4.2%)  
[SUM]  17.00-18.00  sec  80.3 KBytes   657 Kbits/sec  3.294 ms  9/283 (3.2%)  
- - - - - - - - - - - - - - - - - - - - - - - - -
[  5]  18.00-19.00  sec  27.2 KBytes   223 Kbits/sec  1.978 ms  0/93 (0%)  
[  6]  18.00-19.00  sec  27.5 KBytes   226 Kbits/sec  2.244 ms  0/94 (0%)  
[  9]  18.00-19.00  sec  27.2 KBytes   223 Kbits/sec  1.896 ms  0/93 (0%)  
[SUM]  18.00-19.00  sec  82.0 KBytes   673 Kbits/sec  2.039 ms  0/280 (0%)  
- - - - - - - - - - - - - - - - - - - - - - - - -
[  5]  19.00-20.00  sec  26.7 KBytes   218 Kbits/sec  2.367 ms  0/91 (0%)  
[  6]  19.00-20.00  sec  26.4 KBytes   216 Kbits/sec  2.256 ms  0/90 (0%)  
[  9]  19.00-20.00  sec  26.4 KBytes   216 Kbits/sec  2.178 ms  0/90 (0%)  
[SUM]  19.00-20.00  sec  79.4 KBytes   650 Kbits/sec  2.267 ms  0/271 (0%)  
- - - - - - - - - - - - - - - - - - - - - - - - -
[  5]  20.00-21.00  sec  27.0 KBytes   220 Kbits/sec  2.118 ms  0/92 (0%)  
[  6]  20.00-21.00  sec  27.0 KBytes   220 Kbits/sec  2.354 ms  0/92 (0%)  
[  9]  20.00-21.00  sec  27.2 KBytes   222 Kbits/sec  2.100 ms  0/93 (0%)  
[SUM]  20.00-21.00  sec  81.2 KBytes   663 Kbits/sec  2.191 ms  0/277 (0%)  
- - - - - - - - - - - - - - - - - - - - - - - - -
[  5]  21.00-22.00  sec  23.4 KBytes   192 Kbits/sec  2.008 ms  0/80 (0%)  
[  6]  21.00-22.00  sec  23.4 KBytes   192 Kbits/sec  1.952 ms  0/80 (0%)  
[  9]  21.00-22.00  sec  23.4 KBytes   192 Kbits/sec  2.044 ms  0/80 (0%)  
[SUM]  21.00-22.00  sec  70.3 KBytes   577 Kbits/sec  2.001 ms  0/240 (0%)  
- - - - - - - - - - - - - - - - - - - - - - - - -
[  5]  22.00-23.00  sec  22.6 KBytes   185 Kbits/sec  1.605 ms  0/77 (0%)  
[  6]  22.00-23.00  sec  22.6 KBytes   185 Kbits/sec  1.412 ms  0/77 (0%)  
[  9]  22.00-23.00  sec  22.6 KBytes   185 Kbits/sec  1.574 ms  0/77 (0%)  
[SUM]  22.00-23.00  sec  67.7 KBytes   555 Kbits/sec  1.530 ms  0/231 (0%)  
- - - - - - - - - - - - - - - - - - - - - - - - -
[  5]  23.00-24.00  sec  22.6 KBytes   185 Kbits/sec  2.091 ms  0/77 (0%)  
[  6]  23.00-24.00  sec  22.6 KBytes   185 Kbits/sec  1.759 ms  0/77 (0%)  
[  9]  23.00-24.00  sec  22.6 KBytes   185 Kbits/sec  1.419 ms  0/77 (0%)  
[SUM]  23.00-24.00  sec  67.7 KBytes   554 Kbits/sec  1.756 ms  0/231 (0%)  
- - - - - - - - - - - - - - - - - - - - - - - - -
[  5]  24.00-25.00  sec  22.6 KBytes   185 Kbits/sec  1.685 ms  0/77 (0%)  
[  6]  24.00-25.00  sec  22.6 KBytes   185 Kbits/sec  1.687 ms  0/77 (0%)  
[  9]  24.00-25.00  sec  22.6 KBytes   185 Kbits/sec  1.646 ms  0/77 (0%)  
[SUM]  24.00-25.00  sec  67.7 KBytes   554 Kbits/sec  1.673 ms  0/231 (0%)  
- - - - - - - - - - - - - - - - - - - - - - - - -
[  5]  25.00-26.00  sec  22.3 KBytes   182 Kbits/sec  2.762 ms  0/76 (0%)  
[  6]  25.00-26.00  sec  22.3 KBytes   182 Kbits/sec  3.332 ms  0/76 (0%)  
[  9]  25.00-26.00  sec  22.3 KBytes   182 Kbits/sec  2.434 ms  0/76 (0%)  
[SUM]  25.00-26.00  sec  66.8 KBytes   547 Kbits/sec  2.843 ms  0/228 (0%)  
- - - - - - - - - - - - - - - - - - - - - - - - -
[  5]  26.00-27.00  sec  22.6 KBytes   185 Kbits/sec  2.094 ms  0/77 (0%)  
[  6]  26.00-27.00  sec  22.6 KBytes   185 Kbits/sec  2.192 ms  0/77 (0%)  
[  9]  26.00-27.00  sec  22.6 KBytes   185 Kbits/sec  1.976 ms  0/77 (0%)  
[SUM]  26.00-27.00  sec  67.7 KBytes   555 Kbits/sec  2.087 ms  0/231 (0%)  
- - - - - - - - - - - - - - - - - - - - - - - - -
[  5]  27.00-28.00  sec  21.4 KBytes   175 Kbits/sec  1.771 ms  1/74 (1.4%)  
[  6]  27.00-28.00  sec  21.7 KBytes   177 Kbits/sec  1.833 ms  0/74 (0%)  
[  9]  27.00-28.00  sec  21.7 KBytes   177 Kbits/sec  2.062 ms  0/74 (0%)  
[SUM]  27.00-28.00  sec  64.7 KBytes   530 Kbits/sec  1.888 ms  1/222 (0.45%)  
- - - - - - - - - - - - - - - - - - - - - - - - -
[  5]  28.00-29.00  sec  18.2 KBytes   149 Kbits/sec  3.523 ms  14/76 (18%)  
[  6]  28.00-29.00  sec  14.4 KBytes   118 Kbits/sec  3.090 ms  27/76 (36%)  
[  9]  28.00-29.00  sec  15.5 KBytes   127 Kbits/sec  3.389 ms  21/74 (28%)  
[SUM]  28.00-29.00  sec  48.0 KBytes   394 Kbits/sec  3.334 ms  62/226 (27%)  
- - - - - - - - - - - - - - - - - - - - - - - - -
[  5]  29.00-30.00  sec  22.3 KBytes   182 Kbits/sec  4.329 ms  12/88 (14%)  
[  6]  29.00-30.00  sec  22.6 KBytes   185 Kbits/sec  3.988 ms  12/89 (13%)  
[  9]  29.00-30.00  sec  19.6 KBytes   161 Kbits/sec  4.339 ms  24/91 (26%)  
[SUM]  29.00-30.00  sec  64.5 KBytes   527 Kbits/sec  4.219 ms  48/268 (18%)  
- - - - - - - - - - - - - - - - - - - - - - - - -
[  5]  30.00-31.00  sec  26.4 KBytes   216 Kbits/sec  4.292 ms  21/111 (19%)  
[  6]  30.00-31.00  sec  26.7 KBytes   219 Kbits/sec  3.762 ms  20/111 (18%)  
[  9]  30.00-31.00  sec  26.4 KBytes   216 Kbits/sec  3.924 ms  20/110 (18%)  
[SUM]  30.00-31.00  sec  79.4 KBytes   651 Kbits/sec  3.993 ms  61/332 (18%)  
- - - - - - - - - - - - - - - - - - - - - - - - -
[  5]  31.00-32.00  sec  21.7 KBytes   178 Kbits/sec  2.693 ms  6/80 (7.5%)  
[  6]  31.00-32.00  sec  20.5 KBytes   168 Kbits/sec  2.569 ms  8/78 (10%)  
[  9]  31.00-32.00  sec  20.8 KBytes   171 Kbits/sec  2.379 ms  9/80 (11%)  
[SUM]  31.00-32.00  sec  63.0 KBytes   516 Kbits/sec  2.547 ms  23/238 (9.7%)  
- - - - - - - - - - - - - - - - - - - - - - - - -
[  5]  32.00-33.00  sec  25.8 KBytes   211 Kbits/sec  2.343 ms  1/89 (1.1%)  
[  6]  32.00-33.00  sec  26.4 KBytes   216 Kbits/sec  1.907 ms  1/91 (1.1%)  
[  9]  32.00-33.00  sec  26.4 KBytes   216 Kbits/sec  2.084 ms  0/90 (0%)  
[SUM]  32.00-33.00  sec  78.5 KBytes   643 Kbits/sec  2.111 ms  2/270 (0.74%)  
- - - - - - - - - - - - - - - - - - - - - - - - -
[  5]  33.00-34.00  sec  29.3 KBytes   239 Kbits/sec  3.313 ms  0/100 (0%)  
[  6]  33.00-34.00  sec  29.0 KBytes   237 Kbits/sec  3.060 ms  0/99 (0%)  
[  9]  33.00-34.00  sec  29.0 KBytes   237 Kbits/sec  3.641 ms  0/99 (0%)  
[SUM]  33.00-34.00  sec  87.3 KBytes   713 Kbits/sec  3.338 ms  0/298 (0%)  
- - - - - - - - - - - - - - - - - - - - - - - - -
[  5]  34.00-35.00  sec  25.2 KBytes   207 Kbits/sec  1.735 ms  0/86 (0%)  
[  6]  34.00-35.00  sec  25.2 KBytes   207 Kbits/sec  2.253 ms  0/86 (0%)  
[  9]  34.00-35.00  sec  25.2 KBytes   207 Kbits/sec  2.005 ms  0/86 (0%)  
[SUM]  34.00-35.00  sec  75.6 KBytes   621 Kbits/sec  1.998 ms  0/258 (0%)  
- - - - - - - - - - - - - - - - - - - - - - - - -
[  5]  35.00-36.00  sec  23.1 KBytes   189 Kbits/sec  1.717 ms  0/79 (0%)  
[  6]  35.00-36.00  sec  23.1 KBytes   189 Kbits/sec  1.450 ms  0/79 (0%)  
[  9]  35.00-36.00  sec  23.1 KBytes   189 Kbits/sec  1.480 ms  0/79 (0%)  
[SUM]  35.00-36.00  sec  69.4 KBytes   567 Kbits/sec  1.549 ms  0/237 (0%)  
- - - - - - - - - - - - - - - - - - - - - - - - -
[  5]  36.00-37.00  sec  23.1 KBytes   190 Kbits/sec  1.730 ms  0/79 (0%)  
[  6]  36.00-37.00  sec  23.1 KBytes   190 Kbits/sec  2.117 ms  0/79 (0%)  
[  9]  36.00-37.00  sec  23.1 KBytes   190 Kbits/sec  1.716 ms  0/79 (0%)  
[SUM]  36.00-37.00  sec  69.4 KBytes   570 Kbits/sec  1.854 ms  0/237 (0%)  
- - - - - - - - - - - - - - - - - - - - - - - - -
[  5]  37.00-38.00  sec  24.0 KBytes   197 Kbits/sec  1.667 ms  0/82 (0%)  
[  6]  37.00-38.00  sec  24.0 KBytes   197 Kbits/sec  1.908 ms  0/82 (0%)  
[  9]  37.00-38.00  sec  24.0 KBytes   197 Kbits/sec  1.764 ms  0/82 (0%)  
[SUM]  37.00-38.00  sec  72.1 KBytes   590 Kbits/sec  1.779 ms  0/246 (0%)  
- - - - - - - - - - - - - - - - - - - - - - - - -
[  5]  38.00-39.00  sec  23.7 KBytes   194 Kbits/sec  1.626 ms  0/81 (0%)  
[  6]  38.00-39.00  sec  23.7 KBytes   194 Kbits/sec  0.951 ms  0/81 (0%)  
[  9]  38.00-39.00  sec  23.7 KBytes   194 Kbits/sec  2.728 ms  0/81 (0%)  
[SUM]  38.00-39.00  sec  71.2 KBytes   583 Kbits/sec  1.768 ms  0/243 (0%)  
- - - - - - - - - - - - - - - - - - - - - - - - -
[  5]  39.00-40.00  sec  23.7 KBytes   194 Kbits/sec  1.845 ms  0/81 (0%)  
[  6]  39.00-40.00  sec  23.7 KBytes   194 Kbits/sec  1.297 ms  0/81 (0%)  
[  9]  39.00-40.00  sec  23.7 KBytes   194 Kbits/sec  1.512 ms  0/81 (0%)  
[SUM]  39.00-40.00  sec  71.2 KBytes   583 Kbits/sec  1.551 ms  0/243 (0%)  
- - - - - - - - - - - - - - - - - - - - - - - - -
[  5]  40.00-41.00  sec  23.1 KBytes   190 Kbits/sec  1.921 ms  0/79 (0%)  
[  6]  40.00-41.00  sec  23.1 KBytes   190 Kbits/sec  1.695 ms  0/79 (0%)  
[  9]  40.00-41.00  sec  23.1 KBytes   190 Kbits/sec  1.790 ms  0/79 (0%)  
[SUM]  40.00-41.00  sec  69.4 KBytes   569 Kbits/sec  1.802 ms  0/237 (0%)  
- - - - - - - - - - - - - - - - - - - - - - - - -
[  5]  41.00-42.00  sec  22.0 KBytes   180 Kbits/sec  2.189 ms  0/75 (0%)  
[  6]  41.00-42.00  sec  22.0 KBytes   180 Kbits/sec  2.461 ms  0/75 (0%)  
[  9]  41.00-42.00  sec  22.0 KBytes   180 Kbits/sec  3.171 ms  0/75 (0%)  
[SUM]  41.00-42.00  sec  65.9 KBytes   540 Kbits/sec  2.607 ms  0/225 (0%)  
- - - - - - - - - - - - - - - - - - - - - - - - -
[  5]  42.00-43.00  sec  21.1 KBytes   173 Kbits/sec  2.910 ms  0/72 (0%)  
[  6]  42.00-43.00  sec  21.1 KBytes   173 Kbits/sec  2.682 ms  0/72 (0%)  
[  9]  42.00-43.00  sec  21.1 KBytes   173 Kbits/sec  2.960 ms  0/72 (0%)  
[SUM]  42.00-43.00  sec  63.3 KBytes   518 Kbits/sec  2.851 ms  0/216 (0%)  
- - - - - - - - - - - - - - - - - - - - - - - - -
[  5]  43.00-44.00  sec  20.2 KBytes   166 Kbits/sec  2.560 ms  0/69 (0%)  
[  6]  43.00-44.00  sec  20.8 KBytes   170 Kbits/sec  2.527 ms  0/71 (0%)  
[  9]  43.00-44.00  sec  20.5 KBytes   168 Kbits/sec  2.683 ms  1/71 (1.4%)  
[SUM]  43.00-44.00  sec  61.5 KBytes   504 Kbits/sec  2.590 ms  1/211 (0.47%)  
- - - - - - - - - - - - - - - - - - - - - - - - -
[  5]  44.00-45.00  sec  14.9 KBytes   122 Kbits/sec  2.736 ms  27/78 (35%)  
[  6]  44.00-45.00  sec  14.9 KBytes   122 Kbits/sec  2.862 ms  25/76 (33%)  
[  9]  44.00-45.00  sec  14.1 KBytes   115 Kbits/sec  2.874 ms  28/76 (37%)  
[SUM]  44.00-45.00  sec  43.9 KBytes   359 Kbits/sec  2.824 ms  80/230 (35%)  
- - - - - - - - - - - - - - - - - - - - - - - - -
[  5]  45.00-46.00  sec  20.5 KBytes   168 Kbits/sec  4.516 ms  19/89 (21%)  
[  6]  45.00-46.00  sec  18.5 KBytes   151 Kbits/sec  4.946 ms  26/89 (29%)  
[  9]  45.00-46.00  sec  18.8 KBytes   154 Kbits/sec  5.053 ms  25/89 (28%)  
[SUM]  45.00-46.00  sec  57.7 KBytes   474 Kbits/sec  4.838 ms  70/267 (26%)  
- - - - - - - - - - - - - - - - - - - - - - - - -
[  5]  46.00-47.00  sec  22.3 KBytes   182 Kbits/sec  4.486 ms  37/113 (33%)  
[  6]  46.00-47.00  sec  27.8 KBytes   228 Kbits/sec  2.689 ms  16/111 (14%)  
[  9]  46.00-47.00  sec  22.9 KBytes   187 Kbits/sec  3.540 ms  35/113 (31%)  
[SUM]  46.00-47.00  sec  72.9 KBytes   598 Kbits/sec  3.571 ms  88/337 (26%)  
- - - - - - - - - - - - - - - - - - - - - - - - -
[  5]  47.00-48.00  sec  19.6 KBytes   161 Kbits/sec  3.055 ms  9/76 (12%)  
[  6]  47.00-48.00  sec  21.1 KBytes   173 Kbits/sec  2.724 ms  6/78 (7.7%)  
[  9]  47.00-48.00  sec  18.5 KBytes   151 Kbits/sec  2.859 ms  13/76 (17%)  
[SUM]  47.00-48.00  sec  59.2 KBytes   485 Kbits/sec  2.879 ms  28/230 (12%)  
- - - - - - - - - - - - - - - - - - - - - - - - -
[  5]  48.00-49.00  sec  23.1 KBytes   190 Kbits/sec  2.442 ms  7/86 (8.1%)  
[  6]  48.00-49.00  sec  22.6 KBytes   185 Kbits/sec  2.505 ms  9/86 (10%)  
[  9]  48.00-49.00  sec  23.1 KBytes   190 Kbits/sec  2.311 ms  7/86 (8.1%)  
[SUM]  48.00-49.00  sec  68.8 KBytes   564 Kbits/sec  2.419 ms  23/258 (8.9%)  
- - - - - - - - - - - - - - - - - - - - - - - - -
[  5]  49.00-50.00  sec  27.2 KBytes   223 Kbits/sec  2.910 ms  5/98 (5.1%)  
[  6]  49.00-50.00  sec  27.5 KBytes   225 Kbits/sec  3.007 ms  4/98 (4.1%)  
[  9]  49.00-50.00  sec  27.2 KBytes   223 Kbits/sec  2.554 ms  5/98 (5.1%)  
[SUM]  49.00-50.00  sec  82.0 KBytes   672 Kbits/sec  2.824 ms  14/294 (4.8%)  
- - - - - - - - - - - - - - - - - - - - - - - - -
[  5]  50.00-51.00  sec  28.1 KBytes   231 Kbits/sec  1.732 ms  0/96 (0%)  
[  6]  50.00-51.00  sec  28.1 KBytes   231 Kbits/sec  2.355 ms  0/96 (0%)  
[  9]  50.00-51.00  sec  28.1 KBytes   231 Kbits/sec  1.972 ms  0/96 (0%)  
[SUM]  50.00-51.00  sec  84.4 KBytes   692 Kbits/sec  2.020 ms  0/288 (0%)  
- - - - - - - - - - - - - - - - - - - - - - - - -
[  5]  51.00-52.00  sec  24.9 KBytes   204 Kbits/sec  2.628 ms  0/85 (0%)  
[  6]  51.00-52.00  sec  24.9 KBytes   204 Kbits/sec  2.703 ms  0/85 (0%)  
[  9]  51.00-52.00  sec  24.9 KBytes   204 Kbits/sec  3.093 ms  0/85 (0%)  
[SUM]  51.00-52.00  sec  74.7 KBytes   612 Kbits/sec  2.808 ms  0/255 (0%)  
- - - - - - - - - - - - - - - - - - - - - - - - -
[  5]  52.00-53.01  sec  24.0 KBytes   196 Kbits/sec  1.881 ms  0/82 (0%)  
[  6]  52.00-53.01  sec  24.0 KBytes   196 Kbits/sec  2.126 ms  0/82 (0%)  
[  9]  52.00-53.01  sec  24.0 KBytes   196 Kbits/sec  1.878 ms  0/82 (0%)  
[SUM]  52.00-53.01  sec  72.1 KBytes   587 Kbits/sec  1.962 ms  0/246 (0%)  
- - - - - - - - - - - - - - - - - - - - - - - - -
[  5]  53.01-54.00  sec  22.9 KBytes   188 Kbits/sec  1.337 ms  0/78 (0%)  
[  6]  53.01-54.00  sec  23.1 KBytes   190 Kbits/sec  1.519 ms  0/79 (0%)  
[  9]  53.01-54.00  sec  23.1 KBytes   190 Kbits/sec  1.504 ms  0/79 (0%)  
[SUM]  53.01-54.00  sec  69.1 KBytes   568 Kbits/sec  1.453 ms  0/236 (0%)  
- - - - - - - - - - - - - - - - - - - - - - - - -
[  5]  54.00-55.00  sec  23.7 KBytes   195 Kbits/sec  1.826 ms  0/81 (0%)  
[  6]  54.00-55.00  sec  23.4 KBytes   192 Kbits/sec  1.647 ms  0/80 (0%)  
[  9]  54.00-55.00  sec  23.4 KBytes   192 Kbits/sec  1.617 ms  0/80 (0%)  
[SUM]  54.00-55.00  sec  70.6 KBytes   579 Kbits/sec  1.697 ms  0/241 (0%)  
- - - - - - - - - - - - - - - - - - - - - - - - -
[  5]  55.00-56.00  sec  24.0 KBytes   197 Kbits/sec  2.220 ms  0/82 (0%)  
[  6]  55.00-56.00  sec  24.0 KBytes   197 Kbits/sec  1.880 ms  0/82 (0%)  
[  9]  55.00-56.00  sec  24.0 KBytes   197 Kbits/sec  1.452 ms  0/82 (0%)  
[SUM]  55.00-56.00  sec  72.1 KBytes   590 Kbits/sec  1.851 ms  0/246 (0%)  
- - - - - - - - - - - - - - - - - - - - - - - - -
[  5]  56.00-57.00  sec  24.0 KBytes   197 Kbits/sec  1.442 ms  0/82 (0%)  
[  6]  56.00-57.00  sec  24.0 KBytes   197 Kbits/sec  1.528 ms  0/82 (0%)  
[  9]  56.00-57.00  sec  24.0 KBytes   197 Kbits/sec  1.643 ms  0/82 (0%)  
[SUM]  56.00-57.00  sec  72.1 KBytes   591 Kbits/sec  1.538 ms  0/246 (0%)  
- - - - - - - - - - - - - - - - - - - - - - - - -
[  5]  57.00-57.15  sec  3.52 KBytes   187 Kbits/sec  1.280 ms  0/12 (0%)  
[  6]  57.00-57.15  sec  3.52 KBytes   187 Kbits/sec  1.421 ms  0/12 (0%)  
[  9]  57.00-57.15  sec  3.52 KBytes   187 Kbits/sec  1.623 ms  0/12 (0%)  
[SUM]  57.00-57.15  sec  10.5 KBytes   560 Kbits/sec  1.441 ms  0/36 (0%)  
- - - - - - - - - - - - - - - - - - - - - - - - -
[ ID] Interval           Transfer     Bitrate         Jitter    Lost/Total Datagrams
[  5]   0.00-57.15  sec  1.24 MBytes   182 Kbits/sec  1.280 ms  339/4667 (7.3%)  receiver
[  6]   0.00-57.15  sec  1.24 MBytes   182 Kbits/sec  1.421 ms  328/4667 (7%)  receiver
[  9]   0.00-57.15  sec  1.23 MBytes   180 Kbits/sec  1.623 ms  379/4667 (8.1%)  receiver
[SUM]   0.00-57.15  sec  3.71 MBytes   544 Kbits/sec  1.441 ms  1046/14001 (7.5%)  receiver
