
==============================================================================
  ACAPE v6.0.0   mode=tc-only   qdisc=fq_codel handle=10:
  metrics -> results_law/rtt12/fq_codel_acape_steady_s3/acape_metrics_ctl.csv
==============================================================================
      t    regime        traj      pred     dr/s    bl    tput flows eleph  tgt_ms   lim  adj
---------------------------------------------------------------------------------------------
    1.0     HEAVY      STABLE     HEAVY     48.1    11   10.37     0     0   5.000  1024    0
    1.8     HEAVY      STABLE     HEAVY     38.2     9   10.28     0     0   5.000  1024    0
    2.5     HEAVY      STABLE     HEAVY     37.9    11    9.89     0     0   5.000  1024    0
    3.2     HEAVY      STABLE     HEAVY     39.3    12    9.97     0     0   5.000  1024    0
    3.9     HEAVY      STABLE     HEAVY     37.4     9    9.95     0     0   5.000  1024    0
    4.7     HEAVY      STABLE     HEAVY     36.9     9   10.06     0     0   5.000  1024    0
    5.5     HEAVY      STABLE     HEAVY     37.4    11    9.79     0     0   5.000  1024    0
    6.2     HEAVY      STABLE     HEAVY     41.7    10    9.77     0     0   5.000  1024    0
    7.0     HEAVY      STABLE     HEAVY     37.3     9   10.26     0     0   5.000  1024    0
    7.7     HEAVY      STABLE     HEAVY     38.9    11   10.05     0     0   4.500   921    1
    8.8     HEAVY      STABLE     HEAVY     39.5     8   10.07     0     0   4.500   921    1
    9.5     HEAVY      STABLE     HEAVY     37.0    10   10.02     0     0   4.500   921    1
   10.2     HEAVY      STABLE     HEAVY     40.8    11    9.91     0     0   4.500   921    1
   10.8     HEAVY      STABLE     HEAVY     40.5    11    9.96     0     0   4.500   921    1
   11.6     HEAVY      STABLE     HEAVY     42.8    10   10.08     0     0   4.500   921    1
   12.3     HEAVY      STABLE     HEAVY     39.7     9    9.91     0     0   4.500   921    1
   13.1     HEAVY      STABLE     HEAVY     41.9     9    9.71     0     0   4.500   921    1
   13.9     HEAVY      STABLE     HEAVY     37.3    10   10.13     0     0   4.500   921    1
   14.7     HEAVY      STABLE     HEAVY     40.2    11    9.82     0     0   4.500   921    1
   15.5     HEAVY      STABLE     HEAVY     40.5    11    9.86     0     0   4.050   828    2
   16.7     HEAVY      STABLE     HEAVY     40.3    12   10.22     0     0   4.050   828    2
   17.5     HEAVY      STABLE     HEAVY     44.9    10    9.94     0     0   4.050   828    2
   18.3     HEAVY      STABLE     HEAVY     46.2     7   10.05     0     0   4.050   828    2
   18.9     HEAVY      STABLE     HEAVY     41.8    10    9.95     0     0   4.050   828    2
   19.7     HEAVY      STABLE     HEAVY     42.4    11    9.95     0     0   4.050   828    2
   20.3     HEAVY      STABLE     HEAVY     44.2     7   10.11     0     0   4.050   828    2
   21.0     HEAVY      STABLE     HEAVY     46.5    10    9.87     0     0   4.050   828    2
   21.7     HEAVY      STABLE     HEAVY     44.5    10   10.07     0     0   4.050   828    2
   22.4     HEAVY      STABLE     HEAVY     42.7     8    9.92     0     0   4.050   828    2
   23.1     HEAVY      STABLE     HEAVY     46.9     9    9.65     0     0   3.640   745    3
   24.2     HEAVY      STABLE     HEAVY     46.4     7   10.01     0     0   3.640   745    3
   24.9     HEAVY      STABLE     HEAVY     48.5    14    9.88     0     0   3.640   745    3
   25.7     HEAVY      STABLE     HEAVY     50.0     9   10.13     0     0   3.640   745    3
   26.4     HEAVY      STABLE     HEAVY     50.9     7    9.94     0     0   3.640   745    3
   27.1     HEAVY      STABLE     HEAVY     48.4     8    9.88     0     0   3.640   745    3
   27.8     HEAVY      STABLE     HEAVY     50.3     9   10.01     0     0   3.640   745    3
   28.5     HEAVY      STABLE     HEAVY     45.5    12   10.16     0     0   3.640   745    3
   29.2     HEAVY      STABLE     HEAVY     49.0     6    9.91     0     0   3.640   745    3
   30.0     HEAVY      STABLE     HEAVY     47.6     7    9.94     0     0   3.640   745    3
   30.7     HEAVY      STABLE     HEAVY     51.2     8   10.01     0     0   3.270   670    4
   31.9     HEAVY      STABLE     HEAVY     50.2     9    9.92     0     0   3.270   670    4
   32.7     HEAVY      STABLE     HEAVY     49.5    10   10.06     0     0   3.270   670    4
   33.4     HEAVY      STABLE     HEAVY     52.2     9    9.95     0     0   3.270   670    4
   34.1     HEAVY      STABLE     HEAVY     48.7    11   10.08     0     0   3.270   670    4
   34.8     HEAVY      STABLE     HEAVY     52.3     7    9.97     0     0   3.270   670    4
   35.5     HEAVY      STABLE     HEAVY     53.1     9   10.11     0     0   3.270   670    4
   36.1     HEAVY      STABLE     HEAVY     44.1    10   10.02     0     0   3.270   670    4
   36.8     HEAVY      STABLE     HEAVY     48.3     9    9.76     0     0   3.270   670    4
   37.5     HEAVY      STABLE     HEAVY     55.2     8   10.21     0     0   3.270   670    4
   38.2     HEAVY      STABLE     HEAVY     51.1     8    9.88     0     0   2.940   603    5
   39.3     HEAVY      STABLE     HEAVY     58.4     7   10.09     0     0   2.940   603    5
   39.9     HEAVY      STABLE     HEAVY     55.4     7    9.87     0     0   2.940   603    5
   40.6     HEAVY      STABLE     HEAVY     55.9     8   10.09     0     0   2.940   603    5
   41.3     HEAVY      STABLE     HEAVY     55.6     4    9.91     0     0   2.940   603    5
   42.0     HEAVY      STABLE     HEAVY     55.6     8   10.09     0     0   2.940   603    5
   42.8     HEAVY      STABLE     HEAVY     51.9     8    9.81     0     0   2.940   603    5
   43.6     HEAVY      STABLE     HEAVY     58.3     8    9.82     0     0   2.940   603    5
   44.3     HEAVY      STABLE     HEAVY     58.9     6    9.89     0     0   2.940   603    5
   45.1     HEAVY      STABLE     HEAVY     55.7     9   10.08     0     0   2.940   603    5
   45.8     HEAVY      STABLE     HEAVY     52.9     7    9.84     0     0   2.640   542    6
   46.9     HEAVY      STABLE     HEAVY     60.9     7   10.09     0     0   2.640   542    6
   47.6     HEAVY      STABLE     HEAVY     58.2     6    9.96     0     0   2.640   542    6
   48.3     HEAVY      STABLE     HEAVY     62.6     6    9.90     0     0   2.640   542    6
   48.9     HEAVY      STABLE     HEAVY     62.5     7   10.17     0     0   2.640   542    6
   49.6     HEAVY      STABLE     HEAVY     61.1     8   10.08     0     0   2.640   542    6
   50.3     HEAVY      STABLE     HEAVY     65.7     6    9.91     0     0   2.640   542    6
   51.0     HEAVY      STABLE     HEAVY     63.8     4   10.05     0     0   2.640   542    6
   51.7     HEAVY      STABLE     HEAVY     56.9     6    9.95     0     0   2.640   542    6
   52.3     HEAVY      STABLE     HEAVY     64.1     6   10.04     0     0   2.640   542    6
   53.0     HEAVY      STABLE     HEAVY     58.5     7   10.01     0     0   2.380   487    7
   54.0     HEAVY      STABLE     HEAVY     61.1     9    9.98     0     0   2.380   487    7
   54.7     HEAVY      STABLE     HEAVY     57.3     7    8.91     0     0   2.380   487    7
   55.4     HEAVY      STABLE     HEAVY     79.9     5   10.94     0     0   2.380   487    7
   56.3     HEAVY      STABLE     HEAVY     60.1     8    9.59     0     0   2.380   487    7
   57.1     HEAVY      STABLE     HEAVY     60.8    11   10.23     0     0   2.380   487    7
   57.9     HEAVY      STABLE     HEAVY     66.1     3   10.22     0     0   2.380   487    7
   58.7     HEAVY      STABLE     HEAVY     62.6     6    9.78     0     0   2.380   487    7
   59.4     HEAVY      STABLE     HEAVY     45.0     0    7.06     0     0   2.380   487    7

Done — 79 ticks, 7 adjustments (0 predictive), mode=tc-only
