
==============================================================================
  ACAPE v6.0.0   mode=tc-only   qdisc=fq_codel handle=10:
  metrics -> results_law/rtt8/fq_codel_acape_steady_s3/acape_metrics_ctl.csv
==============================================================================
      t    regime        traj      pred     dr/s    bl    tput flows eleph  tgt_ms   lim  adj
---------------------------------------------------------------------------------------------
    1.1     HEAVY      STABLE     HEAVY     57.1    11   10.52     0     0   5.000  1024    0
    1.8     HEAVY      STABLE     HEAVY     50.9    11   10.21     0     0   5.000  1024    0
    2.5     HEAVY      STABLE     HEAVY     48.0     7    9.87     0     0   5.000  1024    0
    3.3     HEAVY      STABLE     HEAVY     47.9     9   10.10     0     0   5.000  1024    0
    4.0     HEAVY      STABLE     HEAVY     52.8    14   10.02     0     0   5.000  1024    0
    4.7     HEAVY      STABLE     HEAVY     56.0    10    9.98     0     0   5.000  1024    0
    5.4     HEAVY      STABLE     HEAVY     54.9     8    9.98     0     0   5.000  1024    0
    6.1     HEAVY      STABLE     HEAVY     52.3    10    9.92     0     0   5.000  1024    0
    6.9     HEAVY      STABLE     HEAVY     51.4    13   10.08     0     0   5.000  1024    0
    7.7     HEAVY      STABLE     HEAVY     52.8    11    9.97     0     0   4.500   921    1
    8.7     HEAVY      STABLE     HEAVY     54.1    11   10.02     0     0   4.500   921    1
    9.3     HEAVY      STABLE     HEAVY     56.5     9    9.97     0     0   4.500   921    1
   10.0     HEAVY      STABLE     HEAVY     59.9     9   10.05     0     0   4.500   921    1
   10.7     HEAVY      STABLE     HEAVY     48.5    14    9.96     0     0   4.500   921    1
   11.4     HEAVY      STABLE     HEAVY     54.8    10    9.80     0     0   4.500   921    1
   12.1     HEAVY      STABLE     HEAVY     58.7    10   10.07     0     0   4.500   921    1
   12.8     HEAVY      STABLE     HEAVY     61.0     8   10.13     0     0   4.500   921    1
   13.5     HEAVY      STABLE     HEAVY     57.2     6    9.73     0     0   4.500   921    1
   14.3     HEAVY      STABLE     HEAVY     39.0    11    6.81     0     0   4.500   921    1
   15.0     HEAVY      STABLE     HEAVY     57.3     9   10.18     0     0   4.050   828    2
   16.2     HEAVY      STABLE     HEAVY     56.5    11    9.93     0     0   4.050   828    2
   16.9     HEAVY      STABLE     HEAVY     59.7     8    9.92     0     0   4.050   828    2
   17.6     HEAVY      STABLE     HEAVY     55.2    10    9.87     0     0   4.050   828    2
   18.4     HEAVY      STABLE     HEAVY     60.5     7   10.02     0     0   4.050   828    2
   19.2     HEAVY      STABLE     HEAVY     55.4    10    9.88     0     0   4.050   828    2
   20.2     HEAVY      STABLE     HEAVY     62.5     8    9.56     0     0   4.050   828    2
   21.0     HEAVY      STABLE     HEAVY     55.2    13   10.13     0     0   4.050   828    2
   21.8     HEAVY      STABLE     HEAVY     58.1     9    9.75     0     0   4.050   828    2
   22.6     HEAVY      STABLE     HEAVY     57.6     9   10.30     0     0   4.050   828    2
   23.3     HEAVY      STABLE     HEAVY     59.9    10   10.03     0     0   3.640   745    3
   24.3     HEAVY      STABLE     HEAVY     64.0    12   10.03     0     0   3.640   745    3
   24.9     HEAVY      STABLE     HEAVY     65.2    10    9.92     0     0   3.640   745    3
   25.6     HEAVY      STABLE     HEAVY     66.9    12   10.04     0     0   3.640   745    3
   26.3     HEAVY      STABLE     HEAVY     61.6    11   10.02     0     0   3.640   745    3
   26.9     HEAVY      STABLE     HEAVY     67.9     7   10.03     0     0   3.640   745    3
   27.6     HEAVY      STABLE     HEAVY     66.7    13    9.89     0     0   3.640   745    3
   28.3     HEAVY      STABLE     HEAVY     60.3     7    9.71     0     0   3.640   745    3
   29.1     HEAVY      STABLE     HEAVY     67.1    11   10.06     0     0   3.640   745    3
   29.9     HEAVY      STABLE     HEAVY     65.0    10   10.05     0     0   3.640   745    3
   30.5     HEAVY      STABLE     HEAVY     68.2     7   10.11     0     0   3.270   670    4
   31.5     HEAVY      STABLE     HEAVY     66.6    12   10.08     0     0   3.270   670    4
   32.3     HEAVY      STABLE     HEAVY     74.7    10   10.02     0     0   3.270   670    4
   33.0     HEAVY      STABLE     HEAVY     71.6     9   10.01     0     0   3.270   670    4
   33.7     HEAVY      STABLE     HEAVY     74.6    13    9.87     0     0   3.270   670    4
   34.5     HEAVY      STABLE     HEAVY     78.4     8   10.02     0     0   3.270   670    4
   35.2     HEAVY      STABLE     HEAVY     63.3     9   10.06     0     0   3.270   670    4
   36.0     HEAVY      STABLE     HEAVY     70.7    10    9.90     0     0   3.270   670    4
   36.7     HEAVY      STABLE     HEAVY     77.1    11    9.97     0     0   3.270   670    4
   37.4     HEAVY      STABLE     HEAVY     79.2     8   10.10     0     0   3.270   670    4
   38.1     HEAVY      STABLE     HEAVY     69.8    11    9.97     0     0   2.940   603    5
   39.1     HEAVY      STABLE     HEAVY     76.2    10   10.01     0     0   2.940   603    5
   39.9     HEAVY      STABLE     HEAVY     73.8    10    9.68     0     0   2.940   603    5
   40.6     HEAVY      STABLE     HEAVY     80.5     8   10.26     0     0   2.940   603    5
   41.3     HEAVY      STABLE     HEAVY     79.8     8    9.87     0     0   2.940   603    5
   41.9     HEAVY      STABLE     HEAVY     72.3    11   10.15     0     0   2.940   603    5
   42.6     HEAVY      STABLE     HEAVY     76.3    10   10.06     0     0   2.940   603    5
   43.3     HEAVY      STABLE     HEAVY     72.6    11    9.90     0     0   2.940   603    5
   44.0     HEAVY      STABLE     HEAVY     69.4     7   10.03     0     0   2.940   603    5
   44.8     HEAVY      STABLE     HEAVY     78.5     8    9.66     0     0   2.940   603    5
   45.6     HEAVY      STABLE     HEAVY     83.8     7   10.09     0     0   2.640   542    6
   46.6     HEAVY      STABLE     HEAVY     97.8     9   10.01     0     0   2.640   542    6
   47.2     HEAVY      STABLE     HEAVY    102.8    11   10.10     0     0   2.640   542    6
   47.9     HEAVY      STABLE     HEAVY    112.6    10   10.03     0     0   2.640   542    6
   48.6     HEAVY      STABLE     HEAVY    113.6     7    9.99     0     0   2.640   542    6
   49.2     HEAVY      STABLE     HEAVY    103.4     9    9.96     0     0   2.640   542    6
   50.0     HEAVY      STABLE     HEAVY     89.0    10    9.75     0     0   2.640   542    6
   50.7     HEAVY      STABLE     HEAVY    101.0    10   10.19     0     0   2.640   542    6
   51.4     HEAVY      STABLE     HEAVY     93.1    12    9.97     0     0   2.640   542    6
   52.1     HEAVY      STABLE     HEAVY    109.0     8    9.80     0     0   2.640   542    6
   52.8     HEAVY      STABLE     HEAVY    106.7     9    9.88     0     0   2.380   487    7
   53.8     HEAVY      STABLE     HEAVY    109.4     9   10.17     0     0   2.380   487    7
   54.4     HEAVY      STABLE     HEAVY     99.8    10    9.99     0     0   2.380   487    7
   55.1     HEAVY      STABLE     HEAVY     95.4     7    9.96     0     0   2.380   487    7
   55.8     HEAVY      STABLE     HEAVY     97.1    10    9.99     0     0   2.380   487    7
   56.5     HEAVY      STABLE     HEAVY     96.1    14   10.05     0     0   2.380   487    7
   57.2     HEAVY      STABLE     HEAVY     94.2     7   10.02     0     0   2.380   487    7
   57.9     HEAVY      STABLE     HEAVY     92.6    10    9.81     0     0   2.380   487    7
   58.6     HEAVY      STABLE     HEAVY     67.3     0    7.41     0     0   2.380   487    7
   59.3    NORMAL      STABLE    NORMAL      0.0     0    0.00     0     0   2.380   487    7

Done — 80 ticks, 7 adjustments (0 predictive), mode=tc-only
