[eBPF] attached prog_id=40 jited=True
[eBPF] flow_map id=28 via bpf(2) (key=16B value=56B)
[acape] bounds for target 5.0ms interval 100.0ms: target 0.2-20ms interval 20-300ms (interval/target ratio 20.0)

==============================================================================
  ACAPE v6.0.0   mode=eBPF   qdisc=fq_codel handle=10:
  metrics -> results_gate/t5_r20/fq_codel_acape_gated_ebpf_t5_steady_s2/acape_metrics_ctl.csv
==============================================================================
      t    regime        traj      pred     dr/s    bl    tput flows eleph  tgt_ms   lim  adj
---------------------------------------------------------------------------------------------
    0.9     HEAVY      STABLE     HEAVY     34.1     9   10.18     9     0   5.000  1024    0
    1.6     HEAVY      STABLE     HEAVY     32.8     6   10.04     9     0   5.000  1024    0
    2.3     HEAVY      STABLE     HEAVY     32.0     6   10.01     9     0   5.000  1024    0
    3.0     HEAVY      STABLE     HEAVY     36.4     6    9.93     9     0   5.000  1024    0
    3.8     HEAVY      STABLE     HEAVY     36.3     6    9.97     9     0   5.000  1024    0
    4.5     HEAVY      STABLE     HEAVY     33.9     6   10.06     9     0   5.000  1024    0
    5.2     HEAVY      STABLE     HEAVY     35.0     5    9.88     9     0   5.000  1024    0
[acape] gate SHUT: target 5ms / est RTT 18.91ms = r 0.264 (threshold 0.4)
    5.9     HEAVY      STABLE     HEAVY     32.5     7    9.99     9     8   5.000  1024    0
    6.6  MODERATE      STABLE  MODERATE     28.1     8   10.01     9     8   5.000  1024    0
    7.3     HEAVY      STABLE     HEAVY     40.0     6    9.85     9     8   5.000  1024    0
    8.0     HEAVY      STABLE     HEAVY     31.1     9   10.01     9     8   5.000  1024    0
    8.7     HEAVY      STABLE     HEAVY     36.3     8   10.00     9     8   5.000  1024    0
    9.4     HEAVY      STABLE     HEAVY     32.6     7    9.93     9     8   5.000  1024    0
   10.2     HEAVY      STABLE     HEAVY     33.7     8    9.69     9     8   5.000  1024    0
   10.9     HEAVY      STABLE     HEAVY     35.2     8   10.33     9     8   5.000  1024    0
   11.6     HEAVY      STABLE     HEAVY     30.7     6    9.80     9     8   5.000  1024    0
   12.3     HEAVY      STABLE     HEAVY     35.8     7   10.24     9     8   5.000  1024    0
   13.0     HEAVY      STABLE     HEAVY     35.4     8    9.98     9     8   5.000  1024    0
   13.8     HEAVY      STABLE     HEAVY     32.7     8    9.99     9     8   5.000  1024    0
   14.5     HEAVY      STABLE     HEAVY     34.6     8    9.98     9     8   5.000  1024    0
   15.2     HEAVY      STABLE     HEAVY     36.1     6   10.03     9     8   5.000  1024    0
   15.9     HEAVY      STABLE     HEAVY     33.6     7   10.00     9     8   5.000  1024    0
   16.6     HEAVY      STABLE     HEAVY     34.6     7   10.00     9     8   5.000  1024    0
   17.3     HEAVY      STABLE     HEAVY     34.6     8   10.04     9     8   5.000  1024    0
   18.0     HEAVY      STABLE     HEAVY     34.5     5    9.86     9     8   5.000  1024    0
   18.6     HEAVY      STABLE     HEAVY     30.9     8   10.16     9     8   5.000  1024    0
   19.3     HEAVY      STABLE     HEAVY     39.3     6    9.98     9     8   5.000  1024    0
   20.0  MODERATE      STABLE  MODERATE     28.4    11    9.92     9     8   5.000  1024    0
   20.7     HEAVY      STABLE     HEAVY     36.4     6   10.02     9     8   5.000  1024    0
   21.5     HEAVY      STABLE     HEAVY     33.5     7    9.86     9     8   5.000  1024    0
   22.3     HEAVY      STABLE     HEAVY     36.4     6    9.96     9     8   5.000  1024    0
   23.0     HEAVY      STABLE     HEAVY     31.5     7   10.00     9     8   5.000  1024    0
   23.7     HEAVY      STABLE     HEAVY     37.3     3   10.12     9     8   5.000  1024    0
   24.4     HEAVY      STABLE     HEAVY     33.0     6   10.14     9     8   5.000  1024    0
   25.1     HEAVY      STABLE     HEAVY     31.7     7    9.83     9     8   5.000  1024    0
   25.8     HEAVY      STABLE     HEAVY     34.6     7   10.08     9     8   5.000  1024    0
   26.5     HEAVY      STABLE     HEAVY     34.6     9   10.06     9     8   5.000  1024    0
   27.2     HEAVY      STABLE     HEAVY     34.5     8   10.03     9     8   5.000  1024    0
   28.4  MODERATE      STABLE  MODERATE     27.2     4    7.02     9     8   5.000  1024    0
   29.2     HEAVY      STABLE     HEAVY     36.7    10   10.90     9     8   5.000  1024    0
   29.9     HEAVY      STABLE     HEAVY     30.2     8    9.88     9     8   5.000  1024    0
   30.6     HEAVY      STABLE     HEAVY     36.4     6   10.07     9     8   5.000  1024    0
   31.3     HEAVY      STABLE     HEAVY     37.4     5    9.92     9     8   5.000  1024    0
   32.0     HEAVY      STABLE     HEAVY     35.4     7   10.10     9     8   5.000  1024    0
   32.7     HEAVY      STABLE     HEAVY     34.4     5   10.04     9     8   5.000  1024    0
   33.4     HEAVY      STABLE     HEAVY     36.0     9    9.95     9     8   5.000  1024    0
   34.1     HEAVY      STABLE     HEAVY     35.4     7    9.94     9     8   5.000  1024    0
   34.8  MODERATE      STABLE  MODERATE     27.9    10    9.97     9     8   5.000  1024    0
   35.5     HEAVY      STABLE     HEAVY     36.3     7    9.83     9     8   5.000  1024    0
   36.3     HEAVY      STABLE     HEAVY     34.0     8   10.03     9     8   5.000  1024    0
   37.0     HEAVY      STABLE     HEAVY     33.5    10   10.04     9     8   5.000  1024    0
   37.7     HEAVY      STABLE     HEAVY     33.5     5   10.02     9     8   5.000  1024    0
   38.4     HEAVY      STABLE     HEAVY     34.4     9   10.00     9     8   5.000  1024    0
   39.1     HEAVY      STABLE     HEAVY     33.2     8   10.00     9     8   5.000  1024    0
   39.8     HEAVY      STABLE     HEAVY     33.2    10    9.97     9     8   5.000  1024    0
   40.6     HEAVY      STABLE     HEAVY     37.2     8   10.05     9     8   5.000  1024    0
   41.3     HEAVY      STABLE     HEAVY     30.5     8    9.81     9     8   5.000  1024    0
   42.0     HEAVY      STABLE     HEAVY     36.1     8   10.14     9     8   5.000  1024    0
   42.7     HEAVY      STABLE     HEAVY     36.0     5   10.03     9     8   5.000  1024    0
   43.3     HEAVY      STABLE     HEAVY     33.5     8    9.68     9     8   5.000  1024    0
   44.0     HEAVY      STABLE     HEAVY     34.5     6    9.98     9     8   5.000  1024    0
   44.7     HEAVY      STABLE     HEAVY     30.3     6   10.03     9     8   5.000  1024    0
   45.4     HEAVY      STABLE     HEAVY     34.5     7   10.03     9     8   5.000  1024    0
   46.1     HEAVY      STABLE     HEAVY     34.3     6    9.73     9     8   5.000  1024    0
   46.8     HEAVY      STABLE     HEAVY     36.2     4   10.11     9     8   5.000  1024    0
   47.5     HEAVY      STABLE     HEAVY     33.9     8   10.04     9     8   5.000  1024    0
   48.2     HEAVY      STABLE     HEAVY     33.7     7   10.10     9     8   5.000  1024    0
   48.8     HEAVY      STABLE     HEAVY     31.2     9    9.91     9     8   5.000  1024    0
   49.5     HEAVY      STABLE     HEAVY     38.5     6   10.10     9     8   5.000  1024    0
   50.2     HEAVY      STABLE     HEAVY     34.9     3    9.93     9     8   5.000  1024    0
   51.0     HEAVY      STABLE     HEAVY     33.0     5   10.03     9     8   5.000  1024    0
   51.6  MODERATE      STABLE  MODERATE     29.9     8   10.02     9     8   5.000  1024    0
   52.3     HEAVY      STABLE     HEAVY     39.1     6   10.01     9     8   5.000  1024    0
   53.0     HEAVY      STABLE     HEAVY     30.3    10    9.97     9     8   5.000  1024    0
   53.7     HEAVY      STABLE     HEAVY     34.5     7   10.01     9     8   5.000  1024    0
   54.4     HEAVY      STABLE     HEAVY     33.6     8    9.82     9     8   5.000  1024    0
   55.1     HEAVY      STABLE     HEAVY     34.7     6   10.01     9     8   5.000  1024    0
   55.8     HEAVY      STABLE     HEAVY     33.2     7    9.74     8     8   5.000  1024    0
   56.5     HEAVY      STABLE     HEAVY     37.3     4   10.22     8     8   5.000  1024    0
   57.2  MODERATE      STABLE  MODERATE     29.9     8   10.06     8     8   5.000  1024    0
   57.9     HEAVY      STABLE     HEAVY     34.8     7    9.98     8     8   5.000  1024    0
   58.6     HEAVY      STABLE     HEAVY     32.0     8    9.95     9     8   5.000  1024    0
   59.3    NORMAL      STABLE    NORMAL      0.0     0    0.40     9     8   5.000  1024    0
   59.9    NORMAL      STABLE    NORMAL      0.0     0    0.00     9     8   5.000  1024    0

Done — 85 ticks, 0 adjustments (0 predictive), mode=eBPF
