
==============================================================================
  ACAPE v6.0.0   mode=tc-only   qdisc=fq_codel handle=10:
  metrics -> results_sweep/rtt200/fq_codel_acape_steady_s1/acape_metrics_ctl.csv
==============================================================================
      t    regime        traj      pred     dr/s    bl    tput flows eleph  tgt_ms   lim  adj
---------------------------------------------------------------------------------------------
    0.8    NORMAL      STABLE    NORMAL      0.0     0    0.02     0     0   5.000  1024    0
    1.5    NORMAL      STABLE    NORMAL      0.0     0    0.02     0     0   5.000  1024    0
    2.2  MODERATE      STABLE  MODERATE     24.1    47    6.88     0     0   5.000  1024    0
    2.8     HEAVY      STABLE     HEAVY     36.4     0    9.20     0     0   5.000  1024    0
    3.6    NORMAL      STABLE    NORMAL      0.0     7    8.29     0     0   5.000  1024    0
    4.2    NORMAL      STABLE    NORMAL      0.0     0    9.23     0     0   5.000  1024    0
    5.0    NORMAL      STABLE    NORMAL      0.0     3    9.65     0     0   5.000  1024    0
    5.6     LIGHT      STABLE     LIGHT      6.1     2   10.01     0     0   5.000  1024    0
    6.3    NORMAL      STABLE    NORMAL      0.0     2    9.39     0     0   5.000  1024    0
    7.1     LIGHT      STABLE     LIGHT      8.1     0   10.01     0     0   5.000  1024    0
    7.8    NORMAL      STABLE    NORMAL      0.0     2    9.58     0     0   5.000  1024    0
    8.5     LIGHT      STABLE     LIGHT      6.7     2    9.92     0     0   5.000  1024    0
    9.2     LIGHT      STABLE     LIGHT      4.4     1   10.08     0     0   5.000  1024    0
    9.9     LIGHT      STABLE     LIGHT      1.5     4    9.82     0     0   5.000  1024    0
   10.6     LIGHT      STABLE     LIGHT      4.2     4    9.49     0     0   5.000  1024    0
   11.3     LIGHT      STABLE     LIGHT      6.1     5   10.22     0     0   5.000  1024    0
   12.0     LIGHT      STABLE     LIGHT      4.4     2    9.48     0     0   5.000  1024    0
   12.7     LIGHT      STABLE     LIGHT      8.5     2   10.05     0     0   5.000  1024    0
   13.4    NORMAL      STABLE    NORMAL      0.0     1    9.11     0     0   5.000  1024    0
   14.1     LIGHT      STABLE     LIGHT      1.4     4    9.95     0     0   5.000  1024    0
   14.8     LIGHT      STABLE     LIGHT      4.2     0    9.58     0     0   5.000  1024    0
   15.5     LIGHT      STABLE     LIGHT      2.8     4   10.08     0     0   5.000  1024    0
   16.2     LIGHT      STABLE     LIGHT      2.8     2    9.70     0     0   5.000  1024    0
   16.9     LIGHT      STABLE     LIGHT      4.5     3   10.15     0     0   5.000  1024    0
   17.6     LIGHT      STABLE     LIGHT      1.5     0    9.46     0     0   5.000  1024    0
   18.2     LIGHT      STABLE     LIGHT      7.7     3   10.04     0     0   5.000  1024    0
   19.4     LIGHT      STABLE     LIGHT      3.5     8    6.91     0     0   5.000  1024    0
   20.0    NORMAL      STABLE    NORMAL      0.0     1    9.84     0     0   5.000  1024    0
   20.7     LIGHT      STABLE     LIGHT      3.0     3    9.98     0     0   5.000  1024    0
   21.4     LIGHT      STABLE     LIGHT      8.9     2    9.89     0     0   5.000  1024    0
   22.1     LIGHT      STABLE     LIGHT      1.4     6    9.81     0     0   5.000  1024    0
   22.7     LIGHT      STABLE     LIGHT      6.1     3    9.83     0     0   5.000  1024    0
   23.4     LIGHT      STABLE     LIGHT      8.8     1   10.05     0     0   5.000  1024    0
   24.1    NORMAL      STABLE    NORMAL      0.0     2    9.27     0     0   5.000  1024    0
   24.7     LIGHT      STABLE     LIGHT      7.6     3   10.07     0     0   5.000  1024    0
   25.4     LIGHT      STABLE     LIGHT      1.4     3    9.30     0     0   5.000  1024    0
   26.1     LIGHT      STABLE     LIGHT      7.1     2   10.15     0     0   5.000  1024    0
   26.8    NORMAL      STABLE    NORMAL      0.0     6    9.55     0     0   5.000  1024    0
   27.5     LIGHT      STABLE     LIGHT      8.7     2    9.73     0     0   5.000  1024    0
   28.1    NORMAL      STABLE    NORMAL      0.0     3   10.21     0     0   5.000  1024    0
   28.8     LIGHT      STABLE     LIGHT      4.3     0    9.91     0     0   5.000  1024    0
   29.5     LIGHT      STABLE     LIGHT      3.0     5    9.75     0     0   5.000  1024    0
   30.1     LIGHT      STABLE     LIGHT      6.1     2    9.08     0     0   5.000  1024    0
   30.8     LIGHT      STABLE     LIGHT      1.4     4    9.64     0     0   5.000  1024    0
   31.5     LIGHT      STABLE     LIGHT      2.9     1    9.69     0     0   5.000  1024    0
   32.2     LIGHT      STABLE     LIGHT      5.7     1   10.05     0     0   5.000  1024    0
   33.0    NORMAL      STABLE    NORMAL      0.0     1    9.85     0     0   5.000  1024    0
   33.7     LIGHT      STABLE     LIGHT      4.1     1    9.91     0     0   5.000  1024    0
   34.4     LIGHT      STABLE     LIGHT      6.9     4    9.97     0     0   5.000  1024    0
   35.1     LIGHT      STABLE     LIGHT      1.5     3    9.50     0     0   5.000  1024    0
   35.8     LIGHT      STABLE     LIGHT      8.7     0    9.77     0     0   5.000  1024    0
   36.5    NORMAL      STABLE    NORMAL      0.0     2    9.01     0     0   5.000  1024    0
   37.2    NORMAL      STABLE    NORMAL      0.0     3    9.91     0     0   5.000  1024    0
   37.9     LIGHT      STABLE     LIGHT      6.9     0    9.20     0     0   5.000  1024    0
   38.6     LIGHT      STABLE     LIGHT      1.5     1    9.50     0     0   5.000  1024    0
   39.3     LIGHT      STABLE     LIGHT      4.3     5    9.81     0     0   5.000  1024    0
   40.0     LIGHT      STABLE     LIGHT      4.1     3    9.53     0     0   5.000  1024    0
   40.8     LIGHT      STABLE     LIGHT      6.6     3    9.76     0     0   5.000  1024    0
   41.5     LIGHT      STABLE     LIGHT      1.4     5    9.91     0     0   5.000  1024    0
   42.2     LIGHT      STABLE     LIGHT      6.9     2    9.89     0     0   5.000  1024    0
   42.9  MODERATE      STABLE  MODERATE     10.6     2   10.00     0     0   5.000  1024    0
   43.6    NORMAL      STABLE    NORMAL      0.0     0    9.07     0     0   5.000  1024    0
   44.3     LIGHT      STABLE     LIGHT      3.0     3    9.85     0     0   5.000  1024    0
   44.9     LIGHT      STABLE     LIGHT      4.5     0    9.30     0     0   5.000  1024    0
   45.6    NORMAL      STABLE    NORMAL      0.0     3    9.61     0     0   5.000  1024    0
   46.3     LIGHT      STABLE     LIGHT      5.7     4    9.90     0     0   5.000  1024    0
   47.0     LIGHT      STABLE     LIGHT      1.4     0    9.61     0     0   5.000  1024    0
   47.7     LIGHT      STABLE     LIGHT      8.4     0    9.93     0     0   5.000  1024    0
   48.4    NORMAL      STABLE    NORMAL      0.0     3    9.62     0     0   5.000  1024    0
   49.1     LIGHT      STABLE     LIGHT      9.2     0    9.73     0     0   5.000  1024    0
   49.8    NORMAL      STABLE    NORMAL      0.0     0    9.12     0     0   5.000  1024    0
   50.6     LIGHT      STABLE     LIGHT      3.9     7    9.91     0     0   5.000  1024    0
   51.3     LIGHT      STABLE     LIGHT      5.4     2    8.83     0     0   5.000  1024    0
   52.0     LIGHT      STABLE     LIGHT      5.4     2    9.93     0     0   5.000  1024    0
   52.7     LIGHT      STABLE     LIGHT      4.3     1    9.89     0     0   5.000  1024    0
   53.4     LIGHT      STABLE     LIGHT      5.8     2    9.91     0     0   5.000  1024    0
   54.1     LIGHT      STABLE     LIGHT      1.5     1    9.75     0     0   5.000  1024    0
   54.8     LIGHT      STABLE     LIGHT      3.0     3   10.07     0     0   5.000  1024    0
   55.5     LIGHT      STABLE     LIGHT      1.4     7    9.80     0     0   5.000  1024    0
   56.2     LIGHT      STABLE     LIGHT      7.6     1    9.44     0     0   5.500  1088    1
   57.4     LIGHT      STABLE     LIGHT      4.0     4    9.76     0     0   5.500  1088    1
   58.2     LIGHT      STABLE     LIGHT      2.7     0    9.54     0     0   5.500  1088    1
   58.9     LIGHT      STABLE     LIGHT      8.5     4   10.09     0     0   5.500  1088    1
   59.6    NORMAL      STABLE    NORMAL      0.0     5    9.92     0     0   5.500  1088    1

Done — 85 ticks, 1 adjustments (0 predictive), mode=tc-only
