-----------------------------------------------------------
Server listening on 5202 (test #1)
-----------------------------------------------------------
Accepted connection from 192.168.1.2, port 51286
[  5] local 192.168.2.2 port 5202 connected to 192.168.1.2 port 39677
[  6] local 192.168.2.2 port 5202 connected to 192.168.1.2 port 40968
[  9] local 192.168.2.2 port 5202 connected to 192.168.1.2 port 54441
[ ID] Interval           Transfer     Bitrate         Jitter    Lost/Total Datagrams
[  5]   0.00-1.00   sec  24.0 KBytes   196 Kbits/sec  1.937 ms  0/82 (0%)  
[  6]   0.00-1.00   sec  24.0 KBytes   196 Kbits/sec  1.749 ms  0/82 (0%)  
[  9]   0.00-1.00   sec  24.0 KBytes   196 Kbits/sec  2.733 ms  0/82 (0%)  
[SUM]   0.00-1.00   sec  72.1 KBytes   589 Kbits/sec  2.140 ms  0/246 (0%)  
- - - - - - - - - - - - - - - - - - - - - - - - -
[  5]   1.00-2.00   sec  24.3 KBytes   199 Kbits/sec  1.713 ms  0/83 (0%)  
[  6]   1.00-2.00   sec  24.3 KBytes   200 Kbits/sec  2.159 ms  0/83 (0%)  
[  9]   1.00-2.00   sec  24.3 KBytes   200 Kbits/sec  1.587 ms  0/83 (0%)  
[SUM]   1.00-2.00   sec  72.9 KBytes   598 Kbits/sec  1.820 ms  0/249 (0%)  
- - - - - - - - - - - - - - - - - - - - - - - - -
[  5]   2.00-3.00   sec  24.3 KBytes   199 Kbits/sec  1.515 ms  0/83 (0%)  
[  6]   2.00-3.00   sec  24.6 KBytes   202 Kbits/sec  1.644 ms  0/84 (0%)  
[  9]   2.00-3.00   sec  24.6 KBytes   202 Kbits/sec  1.512 ms  0/84 (0%)  
[SUM]   2.00-3.00   sec  73.5 KBytes   602 Kbits/sec  1.557 ms  0/251 (0%)  
- - - - - - - - - - - - - - - - - - - - - - - - -
[  5]   3.00-4.00   sec  24.6 KBytes   201 Kbits/sec  1.970 ms  0/84 (0%)  
[  6]   3.00-4.00   sec  24.3 KBytes   199 Kbits/sec  2.087 ms  0/83 (0%)  
[  9]   3.00-4.00   sec  24.3 KBytes   199 Kbits/sec  1.711 ms  0/83 (0%)  
[SUM]   3.00-4.00   sec  73.2 KBytes   599 Kbits/sec  1.922 ms  0/250 (0%)  
- - - - - - - - - - - - - - - - - - - - - - - - -
[  5]   4.00-5.00   sec  24.3 KBytes   199 Kbits/sec  1.688 ms  0/83 (0%)  
[  6]   4.00-5.00   sec  24.3 KBytes   199 Kbits/sec  1.996 ms  0/83 (0%)  
[  9]   4.00-5.00   sec  24.3 KBytes   199 Kbits/sec  1.840 ms  0/83 (0%)  
[SUM]   4.00-5.00   sec  72.9 KBytes   598 Kbits/sec  1.841 ms  0/249 (0%)  
- - - - - - - - - - - - - - - - - - - - - - - - -
[  5]   5.00-6.00   sec  24.3 KBytes   199 Kbits/sec  2.207 ms  0/83 (0%)  
[  6]   5.00-6.00   sec  24.3 KBytes   199 Kbits/sec  2.108 ms  0/83 (0%)  
[  9]   5.00-6.00   sec  24.3 KBytes   199 Kbits/sec  1.228 ms  0/83 (0%)  
[SUM]   5.00-6.00   sec  72.9 KBytes   598 Kbits/sec  1.848 ms  0/249 (0%)  
- - - - - - - - - - - - - - - - - - - - - - - - -
[  5]   6.00-7.00   sec  24.6 KBytes   201 Kbits/sec  2.247 ms  0/84 (0%)  
[  6]   6.00-7.00   sec  24.6 KBytes   201 Kbits/sec  2.731 ms  0/84 (0%)  
[  9]   6.00-7.00   sec  24.6 KBytes   201 Kbits/sec  2.281 ms  0/84 (0%)  
[SUM]   6.00-7.00   sec  73.8 KBytes   603 Kbits/sec  2.420 ms  0/252 (0%)  
- - - - - - - - - - - - - - - - - - - - - - - - -
[  5]   7.00-8.00   sec  24.3 KBytes   200 Kbits/sec  2.233 ms  0/83 (0%)  
[  6]   7.00-8.00   sec  24.3 KBytes   200 Kbits/sec  1.261 ms  0/83 (0%)  
[  9]   7.00-8.00   sec  24.3 KBytes   200 Kbits/sec  2.404 ms  0/83 (0%)  
[SUM]   7.00-8.00   sec  72.9 KBytes   599 Kbits/sec  1.966 ms  0/249 (0%)  
- - - - - - - - - - - - - - - - - - - - - - - - -
[  5]   8.00-9.00   sec  24.3 KBytes   199 Kbits/sec  2.113 ms  0/83 (0%)  
[  6]   8.00-9.00   sec  24.3 KBytes   199 Kbits/sec  2.722 ms  0/83 (0%)  
[  9]   8.00-9.00   sec  24.3 KBytes   199 Kbits/sec  2.062 ms  0/83 (0%)  
[SUM]   8.00-9.00   sec  72.9 KBytes   598 Kbits/sec  2.299 ms  0/249 (0%)  
- - - - - - - - - - - - - - - - - - - - - - - - -
[  5]   9.00-10.00  sec  24.6 KBytes   202 Kbits/sec  2.993 ms  0/84 (0%)  
[  6]   9.00-10.00  sec  24.6 KBytes   202 Kbits/sec  1.628 ms  0/84 (0%)  
[  9]   9.00-10.00  sec  24.6 KBytes   202 Kbits/sec  1.834 ms  0/84 (0%)  
[SUM]   9.00-10.00  sec  73.8 KBytes   605 Kbits/sec  2.152 ms  0/252 (0%)  
- - - - - - - - - - - - - - - - - - - - - - - - -
[  5]  10.00-11.00  sec  24.3 KBytes   199 Kbits/sec  1.921 ms  0/83 (0%)  
[  6]  10.00-11.00  sec  24.3 KBytes   199 Kbits/sec  2.316 ms  0/83 (0%)  
[  9]  10.00-11.00  sec  24.3 KBytes   199 Kbits/sec  2.424 ms  0/83 (0%)  
[SUM]  10.00-11.00  sec  72.9 KBytes   598 Kbits/sec  2.220 ms  0/249 (0%)  
- - - - - - - - - - - - - - - - - - - - - - - - -
[  5]  11.00-12.00  sec  24.3 KBytes   199 Kbits/sec  1.460 ms  0/83 (0%)  
[  6]  11.00-12.00  sec  24.3 KBytes   199 Kbits/sec  1.129 ms  0/83 (0%)  
[  9]  11.00-12.00  sec  24.3 KBytes   199 Kbits/sec  1.741 ms  0/83 (0%)  
[SUM]  11.00-12.00  sec  72.9 KBytes   598 Kbits/sec  1.443 ms  0/249 (0%)  
- - - - - - - - - - - - - - - - - - - - - - - - -
[  5]  12.00-13.00  sec  24.3 KBytes   199 Kbits/sec  2.294 ms  0/83 (0%)  
[  6]  12.00-13.00  sec  24.3 KBytes   199 Kbits/sec  2.064 ms  0/83 (0%)  
[  9]  12.00-13.00  sec  24.3 KBytes   199 Kbits/sec  1.616 ms  0/83 (0%)  
[SUM]  12.00-13.00  sec  72.9 KBytes   598 Kbits/sec  1.991 ms  0/249 (0%)  
- - - - - - - - - - - - - - - - - - - - - - - - -
[  5]  13.00-14.01  sec  24.9 KBytes   203 Kbits/sec  2.131 ms  0/85 (0%)  
[  6]  13.00-14.01  sec  24.6 KBytes   200 Kbits/sec  1.824 ms  0/84 (0%)  
[  9]  13.00-14.01  sec  24.9 KBytes   203 Kbits/sec  1.572 ms  0/85 (0%)  
[SUM]  13.00-14.01  sec  74.4 KBytes   606 Kbits/sec  1.842 ms  0/254 (0%)  
- - - - - - - - - - - - - - - - - - - - - - - - -
[  5]  14.01-15.00  sec  24.0 KBytes   198 Kbits/sec  1.554 ms  0/82 (0%)  
[  6]  14.01-15.00  sec  24.3 KBytes   200 Kbits/sec  1.677 ms  0/83 (0%)  
[  9]  14.01-15.00  sec  24.3 KBytes   200 Kbits/sec  1.010 ms  0/83 (0%)  
[SUM]  14.01-15.00  sec  72.7 KBytes   599 Kbits/sec  1.414 ms  0/248 (0%)  
- - - - - - - - - - - - - - - - - - - - - - - - -
[  5]  15.00-16.00  sec  24.6 KBytes   201 Kbits/sec  2.355 ms  0/84 (0%)  
[  6]  15.00-16.00  sec  24.6 KBytes   201 Kbits/sec  1.675 ms  0/84 (0%)  
[  9]  15.00-16.00  sec  24.3 KBytes   199 Kbits/sec  3.290 ms  0/83 (0%)  
[SUM]  15.00-16.00  sec  73.5 KBytes   601 Kbits/sec  2.440 ms  0/251 (0%)  
- - - - - - - - - - - - - - - - - - - - - - - - -
[  5]  16.00-17.00  sec  24.3 KBytes   200 Kbits/sec  1.254 ms  0/83 (0%)  
[  6]  16.00-17.00  sec  24.3 KBytes   200 Kbits/sec  1.878 ms  0/83 (0%)  
[  9]  16.00-17.00  sec  24.3 KBytes   200 Kbits/sec  1.219 ms  0/83 (0%)  
[SUM]  16.00-17.00  sec  72.9 KBytes   599 Kbits/sec  1.450 ms  0/249 (0%)  
- - - - - - - - - - - - - - - - - - - - - - - - -
[  5]  17.00-18.00  sec  24.3 KBytes   199 Kbits/sec  2.017 ms  0/83 (0%)  
[  6]  17.00-18.00  sec  24.3 KBytes   199 Kbits/sec  1.786 ms  0/83 (0%)  
[  9]  17.00-18.00  sec  24.3 KBytes   199 Kbits/sec  1.972 ms  0/83 (0%)  
[SUM]  17.00-18.00  sec  72.9 KBytes   598 Kbits/sec  1.925 ms  0/249 (0%)  
- - - - - - - - - - - - - - - - - - - - - - - - -
[  5]  18.00-19.00  sec  24.6 KBytes   202 Kbits/sec  1.765 ms  0/84 (0%)  
[  6]  18.00-19.00  sec  24.6 KBytes   202 Kbits/sec  1.707 ms  0/84 (0%)  
[  9]  18.00-19.00  sec  24.6 KBytes   202 Kbits/sec  1.310 ms  0/84 (0%)  
[SUM]  18.00-19.00  sec  73.8 KBytes   605 Kbits/sec  1.594 ms  0/252 (0%)  
- - - - - - - - - - - - - - - - - - - - - - - - -
[  5]  19.00-20.00  sec  24.3 KBytes   199 Kbits/sec  2.218 ms  0/83 (0%)  
[  6]  19.00-20.00  sec  24.3 KBytes   199 Kbits/sec  2.334 ms  0/83 (0%)  
[  9]  19.00-20.00  sec  24.3 KBytes   199 Kbits/sec  2.778 ms  0/83 (0%)  
[SUM]  19.00-20.00  sec  72.9 KBytes   598 Kbits/sec  2.443 ms  0/249 (0%)  
- - - - - - - - - - - - - - - - - - - - - - - - -
[  5]  20.00-21.00  sec  24.6 KBytes   202 Kbits/sec  1.919 ms  0/84 (0%)  
[  6]  20.00-21.00  sec  24.3 KBytes   199 Kbits/sec  1.684 ms  0/83 (0%)  
[  9]  20.00-21.00  sec  24.3 KBytes   199 Kbits/sec  1.689 ms  0/83 (0%)  
[SUM]  20.00-21.00  sec  73.2 KBytes   600 Kbits/sec  1.764 ms  0/250 (0%)  
- - - - - - - - - - - - - - - - - - - - - - - - -
[  5]  21.00-22.00  sec  24.3 KBytes   199 Kbits/sec  1.204 ms  0/83 (0%)  
[  6]  21.00-22.00  sec  24.6 KBytes   202 Kbits/sec  1.148 ms  0/84 (0%)  
[  9]  21.00-22.00  sec  24.6 KBytes   202 Kbits/sec  1.275 ms  0/84 (0%)  
[SUM]  21.00-22.00  sec  73.5 KBytes   603 Kbits/sec  1.209 ms  0/251 (0%)  
- - - - - - - - - - - - - - - - - - - - - - - - -
[  5]  22.00-23.00  sec  24.3 KBytes   199 Kbits/sec  1.962 ms  0/83 (0%)  
[  6]  22.00-23.00  sec  24.3 KBytes   199 Kbits/sec  1.615 ms  0/83 (0%)  
[  9]  22.00-23.00  sec  24.3 KBytes   199 Kbits/sec  1.780 ms  0/83 (0%)  
[SUM]  22.00-23.00  sec  72.9 KBytes   597 Kbits/sec  1.786 ms  0/249 (0%)  
- - - - - - - - - - - - - - - - - - - - - - - - -
[  5]  23.00-24.00  sec  24.6 KBytes   202 Kbits/sec  2.658 ms  0/84 (0%)  
[  6]  23.00-24.00  sec  24.6 KBytes   202 Kbits/sec  1.746 ms  0/84 (0%)  
[  9]  23.00-24.00  sec  24.3 KBytes   199 Kbits/sec  1.953 ms  0/83 (0%)  
[SUM]  23.00-24.00  sec  73.5 KBytes   603 Kbits/sec  2.119 ms  0/251 (0%)  
- - - - - - - - - - - - - - - - - - - - - - - - -
[  5]  24.00-25.00  sec  24.3 KBytes   199 Kbits/sec  1.978 ms  0/83 (0%)  
[  6]  24.00-25.00  sec  24.0 KBytes   197 Kbits/sec  2.341 ms  0/82 (0%)  
[  9]  24.00-25.00  sec  24.6 KBytes   202 Kbits/sec  1.845 ms  0/84 (0%)  
[SUM]  24.00-25.00  sec  72.9 KBytes   598 Kbits/sec  2.055 ms  0/249 (0%)  
- - - - - - - - - - - - - - - - - - - - - - - - -
[  5]  25.00-26.00  sec  24.3 KBytes   199 Kbits/sec  1.562 ms  0/83 (0%)  
[  6]  25.00-26.00  sec  24.6 KBytes   201 Kbits/sec  1.575 ms  0/84 (0%)  
[  9]  25.00-26.00  sec  24.3 KBytes   199 Kbits/sec  1.681 ms  0/83 (0%)  
[SUM]  25.00-26.00  sec  73.2 KBytes   599 Kbits/sec  1.606 ms  0/250 (0%)  
- - - - - - - - - - - - - - - - - - - - - - - - -
[  5]  26.00-27.00  sec  24.6 KBytes   201 Kbits/sec  1.994 ms  0/84 (0%)  
[  6]  26.00-27.00  sec  24.3 KBytes   199 Kbits/sec  2.241 ms  0/83 (0%)  
[  9]  26.00-27.00  sec  24.3 KBytes   199 Kbits/sec  2.400 ms  0/83 (0%)  
[SUM]  26.00-27.00  sec  73.2 KBytes   599 Kbits/sec  2.212 ms  0/250 (0%)  
- - - - - - - - - - - - - - - - - - - - - - - - -
[  5]  27.00-28.00  sec  24.3 KBytes   200 Kbits/sec  1.668 ms  0/83 (0%)  
[  6]  27.00-28.00  sec  24.6 KBytes   202 Kbits/sec  1.924 ms  0/84 (0%)  
[  9]  27.00-28.00  sec  24.6 KBytes   202 Kbits/sec  1.832 ms  0/84 (0%)  
[SUM]  27.00-28.00  sec  73.5 KBytes   604 Kbits/sec  1.808 ms  0/251 (0%)  
- - - - - - - - - - - - - - - - - - - - - - - - -
[  5]  28.00-29.00  sec  24.3 KBytes   199 Kbits/sec  1.633 ms  0/83 (0%)  
[  6]  28.00-29.00  sec  24.3 KBytes   199 Kbits/sec  2.074 ms  0/83 (0%)  
[  9]  28.00-29.00  sec  24.3 KBytes   199 Kbits/sec  1.584 ms  0/83 (0%)  
[SUM]  28.00-29.00  sec  72.9 KBytes   596 Kbits/sec  1.764 ms  0/249 (0%)  
- - - - - - - - - - - - - - - - - - - - - - - - -
[  5]  29.00-30.00  sec  24.3 KBytes   200 Kbits/sec  1.397 ms  0/83 (0%)  
[  6]  29.00-30.00  sec  24.3 KBytes   200 Kbits/sec  1.717 ms  0/83 (0%)  
[  9]  29.00-30.00  sec  24.3 KBytes   200 Kbits/sec  1.682 ms  0/83 (0%)  
[SUM]  29.00-30.00  sec  72.9 KBytes   599 Kbits/sec  1.599 ms  0/249 (0%)  
- - - - - - - - - - - - - - - - - - - - - - - - -
[  5]  30.00-31.00  sec  24.3 KBytes   199 Kbits/sec  1.556 ms  0/84 (0%)  
[  6]  30.00-31.00  sec  24.6 KBytes   202 Kbits/sec  1.729 ms  0/84 (0%)  
[  9]  30.00-31.00  sec  24.6 KBytes   202 Kbits/sec  1.781 ms  0/84 (0%)  
[SUM]  30.00-31.00  sec  73.5 KBytes   602 Kbits/sec  1.689 ms  0/252 (0%)  
- - - - - - - - - - - - - - - - - - - - - - - - -
[  5]  31.00-32.00  sec  24.3 KBytes   199 Kbits/sec  2.336 ms  0/83 (0%)  
[  6]  31.00-32.00  sec  24.3 KBytes   199 Kbits/sec  2.255 ms  0/83 (0%)  
[  9]  31.00-32.00  sec  24.3 KBytes   199 Kbits/sec  1.998 ms  0/83 (0%)  
[SUM]  31.00-32.00  sec  72.9 KBytes   597 Kbits/sec  2.196 ms  0/249 (0%)  
- - - - - - - - - - - - - - - - - - - - - - - - -
[  5]  32.00-33.00  sec  24.6 KBytes   201 Kbits/sec  1.992 ms  0/84 (0%)  
[  6]  32.00-33.00  sec  24.6 KBytes   201 Kbits/sec  2.021 ms  0/84 (0%)  
[  9]  32.00-33.00  sec  24.6 KBytes   201 Kbits/sec  1.955 ms  0/84 (0%)  
[SUM]  32.00-33.00  sec  73.8 KBytes   604 Kbits/sec  1.989 ms  0/252 (0%)  
- - - - - - - - - - - - - - - - - - - - - - - - -
[  5]  33.00-34.00  sec  24.3 KBytes   199 Kbits/sec  1.751 ms  0/83 (0%)  
[  6]  33.00-34.00  sec  24.3 KBytes   199 Kbits/sec  1.993 ms  0/83 (0%)  
[  9]  33.00-34.00  sec  24.3 KBytes   199 Kbits/sec  2.092 ms  0/83 (0%)  
[SUM]  33.00-34.00  sec  72.9 KBytes   598 Kbits/sec  1.945 ms  0/249 (0%)  
- - - - - - - - - - - - - - - - - - - - - - - - -
[  5]  34.00-35.00  sec  24.3 KBytes   199 Kbits/sec  1.661 ms  0/83 (0%)  
[  6]  34.00-35.00  sec  24.3 KBytes   199 Kbits/sec  1.744 ms  0/83 (0%)  
[  9]  34.00-35.00  sec  24.3 KBytes   199 Kbits/sec  1.871 ms  0/83 (0%)  
[SUM]  34.00-35.00  sec  72.9 KBytes   598 Kbits/sec  1.759 ms  0/249 (0%)  
- - - - - - - - - - - - - - - - - - - - - - - - -
[  5]  35.00-36.00  sec  24.6 KBytes   202 Kbits/sec  2.008 ms  0/84 (0%)  
[  6]  35.00-36.00  sec  24.6 KBytes   202 Kbits/sec  2.389 ms  0/84 (0%)  
[  9]  35.00-36.00  sec  24.6 KBytes   202 Kbits/sec  2.263 ms  0/84 (0%)  
[SUM]  35.00-36.00  sec  73.8 KBytes   605 Kbits/sec  2.220 ms  0/252 (0%)  
- - - - - - - - - - - - - - - - - - - - - - - - -
[  5]  36.00-37.00  sec  24.3 KBytes   199 Kbits/sec  1.516 ms  0/83 (0%)  
[  6]  36.00-37.00  sec  24.3 KBytes   199 Kbits/sec  2.186 ms  0/83 (0%)  
[  9]  36.00-37.00  sec  24.3 KBytes   199 Kbits/sec  1.887 ms  0/83 (0%)  
[SUM]  36.00-37.00  sec  72.9 KBytes   598 Kbits/sec  1.863 ms  0/249 (0%)  
- - - - - - - - - - - - - - - - - - - - - - - - -
[  5]  37.00-38.00  sec  24.3 KBytes   199 Kbits/sec  1.605 ms  0/83 (0%)  
[  6]  37.00-38.00  sec  24.3 KBytes   199 Kbits/sec  1.701 ms  0/83 (0%)  
[  9]  37.00-38.00  sec  24.3 KBytes   199 Kbits/sec  1.514 ms  0/83 (0%)  
[SUM]  37.00-38.00  sec  72.9 KBytes   598 Kbits/sec  1.607 ms  0/249 (0%)  
- - - - - - - - - - - - - - - - - - - - - - - - -
[  5]  38.00-39.00  sec  24.6 KBytes   201 Kbits/sec  1.585 ms  0/84 (0%)  
[  6]  38.00-39.00  sec  24.6 KBytes   201 Kbits/sec  1.402 ms  0/84 (0%)  
[  9]  38.00-39.00  sec  24.6 KBytes   201 Kbits/sec  1.371 ms  0/84 (0%)  
[SUM]  38.00-39.00  sec  73.8 KBytes   603 Kbits/sec  1.452 ms  0/252 (0%)  
- - - - - - - - - - - - - - - - - - - - - - - - -
[  5]  39.00-40.00  sec  24.3 KBytes   200 Kbits/sec  1.755 ms  0/83 (0%)  
[  6]  39.00-40.00  sec  24.3 KBytes   200 Kbits/sec  1.290 ms  0/83 (0%)  
[  9]  39.00-40.00  sec  24.3 KBytes   200 Kbits/sec  1.445 ms  0/83 (0%)  
[SUM]  39.00-40.00  sec  72.9 KBytes   599 Kbits/sec  1.496 ms  0/249 (0%)  
- - - - - - - - - - - - - - - - - - - - - - - - -
[  5]  40.00-41.00  sec  24.3 KBytes   199 Kbits/sec  1.495 ms  0/83 (0%)  
[  6]  40.00-41.00  sec  24.3 KBytes   199 Kbits/sec  1.867 ms  0/83 (0%)  
[  9]  40.00-41.00  sec  24.3 KBytes   199 Kbits/sec  2.182 ms  0/83 (0%)  
[SUM]  40.00-41.00  sec  72.9 KBytes   598 Kbits/sec  1.848 ms  0/249 (0%)  
- - - - - - - - - - - - - - - - - - - - - - - - -
[  5]  41.00-42.00  sec  24.6 KBytes   202 Kbits/sec  1.537 ms  0/84 (0%)  
[  6]  41.00-42.00  sec  24.6 KBytes   202 Kbits/sec  1.737 ms  0/84 (0%)  
[  9]  41.00-42.00  sec  24.6 KBytes   202 Kbits/sec  1.337 ms  0/84 (0%)  
[SUM]  41.00-42.00  sec  73.8 KBytes   605 Kbits/sec  1.537 ms  0/252 (0%)  
- - - - - - - - - - - - - - - - - - - - - - - - -
[  5]  42.00-43.00  sec  24.3 KBytes   199 Kbits/sec  1.260 ms  0/83 (0%)  
[  6]  42.00-43.00  sec  24.3 KBytes   199 Kbits/sec  1.540 ms  0/83 (0%)  
[  9]  42.00-43.00  sec  24.3 KBytes   199 Kbits/sec  1.313 ms  0/83 (0%)  
[SUM]  42.00-43.00  sec  72.9 KBytes   598 Kbits/sec  1.371 ms  0/249 (0%)  
- - - - - - - - - - - - - - - - - - - - - - - - -
[  5]  43.00-44.00  sec  24.3 KBytes   199 Kbits/sec  2.184 ms  0/83 (0%)  
[  6]  43.00-44.00  sec  24.3 KBytes   199 Kbits/sec  2.124 ms  0/83 (0%)  
[  9]  43.00-44.00  sec  24.3 KBytes   199 Kbits/sec  1.449 ms  0/83 (0%)  
[SUM]  43.00-44.00  sec  72.9 KBytes   598 Kbits/sec  1.919 ms  0/249 (0%)  
- - - - - - - - - - - - - - - - - - - - - - - - -
[  5]  44.00-45.00  sec  24.6 KBytes   202 Kbits/sec  2.144 ms  0/84 (0%)  
[  6]  44.00-45.00  sec  24.3 KBytes   199 Kbits/sec  2.006 ms  0/83 (0%)  
[  9]  44.00-45.00  sec  24.3 KBytes   199 Kbits/sec  2.088 ms  0/83 (0%)  
[SUM]  44.00-45.00  sec  73.2 KBytes   600 Kbits/sec  2.079 ms  0/250 (0%)  
- - - - - - - - - - - - - - - - - - - - - - - - -
[  5]  45.00-46.00  sec  24.3 KBytes   199 Kbits/sec  1.834 ms  0/83 (0%)  
[  6]  45.00-46.00  sec  24.6 KBytes   202 Kbits/sec  1.837 ms  0/84 (0%)  
[  9]  45.00-46.00  sec  24.6 KBytes   202 Kbits/sec  2.538 ms  0/84 (0%)  
[SUM]  45.00-46.00  sec  73.5 KBytes   602 Kbits/sec  2.070 ms  0/251 (0%)  
- - - - - - - - - - - - - - - - - - - - - - - - -
[  5]  46.00-47.00  sec  24.3 KBytes   199 Kbits/sec  1.714 ms  0/83 (0%)  
[  6]  46.00-47.00  sec  24.3 KBytes   199 Kbits/sec  1.558 ms  0/83 (0%)  
[  9]  46.00-47.00  sec  24.3 KBytes   199 Kbits/sec  1.610 ms  0/83 (0%)  
[SUM]  46.00-47.00  sec  72.9 KBytes   597 Kbits/sec  1.627 ms  0/249 (0%)  
- - - - - - - - - - - - - - - - - - - - - - - - -
[  5]  47.00-48.00  sec  24.6 KBytes   201 Kbits/sec  1.697 ms  0/84 (0%)  
[  6]  47.00-48.00  sec  24.6 KBytes   201 Kbits/sec  1.699 ms  0/84 (0%)  
[  9]  47.00-48.00  sec  24.6 KBytes   201 Kbits/sec  1.868 ms  0/84 (0%)  
[SUM]  47.00-48.00  sec  73.8 KBytes   604 Kbits/sec  1.755 ms  0/252 (0%)  
- - - - - - - - - - - - - - - - - - - - - - - - -
[  5]  48.00-49.00  sec  24.0 KBytes   197 Kbits/sec  2.143 ms  0/82 (0%)  
[  6]  48.00-49.00  sec  24.3 KBytes   200 Kbits/sec  1.453 ms  0/83 (0%)  
[  9]  48.00-49.00  sec  24.3 KBytes   200 Kbits/sec  1.249 ms  0/83 (0%)  
[SUM]  48.00-49.00  sec  72.7 KBytes   596 Kbits/sec  1.615 ms  0/248 (0%)  
- - - - - - - - - - - - - - - - - - - - - - - - -
[  5]  49.00-50.00  sec  24.6 KBytes   202 Kbits/sec  1.331 ms  0/84 (0%)  
[  6]  49.00-50.00  sec  24.3 KBytes   199 Kbits/sec  1.359 ms  0/83 (0%)  
[  9]  49.00-50.00  sec  24.3 KBytes   199 Kbits/sec  1.576 ms  0/83 (0%)  
[SUM]  49.00-50.00  sec  73.2 KBytes   600 Kbits/sec  1.422 ms  0/250 (0%)  
- - - - - - - - - - - - - - - - - - - - - - - - -
[  5]  50.00-51.00  sec  24.6 KBytes   202 Kbits/sec  1.994 ms  0/84 (0%)  
[  6]  50.00-51.00  sec  24.6 KBytes   202 Kbits/sec  2.189 ms  0/84 (0%)  
[  9]  50.00-51.00  sec  24.6 KBytes   202 Kbits/sec  1.897 ms  0/84 (0%)  
[SUM]  50.00-51.00  sec  73.8 KBytes   605 Kbits/sec  2.026 ms  0/252 (0%)  
- - - - - - - - - - - - - - - - - - - - - - - - -
[  5]  51.00-52.00  sec  24.3 KBytes   199 Kbits/sec  2.293 ms  0/83 (0%)  
[  6]  51.00-52.00  sec  24.3 KBytes   199 Kbits/sec  1.958 ms  0/83 (0%)  
[  9]  51.00-52.00  sec  24.3 KBytes   199 Kbits/sec  2.228 ms  0/83 (0%)  
[SUM]  51.00-52.00  sec  72.9 KBytes   598 Kbits/sec  2.160 ms  0/249 (0%)  
- - - - - - - - - - - - - - - - - - - - - - - - -
[  5]  52.00-53.00  sec  24.3 KBytes   199 Kbits/sec  1.782 ms  0/83 (0%)  
[  6]  52.00-53.00  sec  24.3 KBytes   199 Kbits/sec  2.418 ms  0/83 (0%)  
[  9]  52.00-53.00  sec  24.3 KBytes   199 Kbits/sec  1.812 ms  0/83 (0%)  
[SUM]  52.00-53.00  sec  72.9 KBytes   598 Kbits/sec  2.004 ms  0/249 (0%)  
- - - - - - - - - - - - - - - - - - - - - - - - -
[  5]  53.00-54.00  sec  24.3 KBytes   199 Kbits/sec  1.727 ms  0/83 (0%)  
[  6]  53.00-54.00  sec  24.6 KBytes   201 Kbits/sec  1.601 ms  0/84 (0%)  
[  9]  53.00-54.00  sec  24.6 KBytes   201 Kbits/sec  2.026 ms  0/84 (0%)  
[SUM]  53.00-54.00  sec  73.5 KBytes   601 Kbits/sec  1.785 ms  0/251 (0%)  
- - - - - - - - - - - - - - - - - - - - - - - - -
[  5]  54.00-55.00  sec  24.6 KBytes   202 Kbits/sec  1.395 ms  0/84 (0%)  
[  6]  54.00-55.00  sec  24.3 KBytes   200 Kbits/sec  1.359 ms  0/83 (0%)  
[  9]  54.00-55.00  sec  24.3 KBytes   200 Kbits/sec  1.875 ms  0/83 (0%)  
[SUM]  54.00-55.00  sec  73.2 KBytes   602 Kbits/sec  1.543 ms  0/250 (0%)  
- - - - - - - - - - - - - - - - - - - - - - - - -
[  5]  55.00-56.00  sec  24.3 KBytes   199 Kbits/sec  1.782 ms  0/83 (0%)  
[  6]  55.00-56.00  sec  24.3 KBytes   199 Kbits/sec  2.118 ms  0/83 (0%)  
[  9]  55.00-56.00  sec  24.3 KBytes   199 Kbits/sec  2.216 ms  0/83 (0%)  
[SUM]  55.00-56.00  sec  72.9 KBytes   596 Kbits/sec  2.039 ms  0/249 (0%)  
- - - - - - - - - - - - - - - - - - - - - - - - -
[  5]  56.00-56.04  sec   600 Bytes   143 Kbits/sec  1.798 ms  0/2 (0%)  
[  6]  56.00-56.04  sec   600 Bytes   143 Kbits/sec  1.927 ms  0/2 (0%)  
[  9]  56.00-56.04  sec   600 Bytes   143 Kbits/sec  2.120 ms  0/2 (0%)  
[SUM]  56.00-56.04  sec  1.76 KBytes   429 Kbits/sec  1.948 ms  0/6 (0%)  
- - - - - - - - - - - - - - - - - - - - - - - - -
[ ID] Interval           Transfer     Bitrate         Jitter    Lost/Total Datagrams
[  5]   0.00-56.04  sec  1.34 MBytes   200 Kbits/sec  1.798 ms  0/4667 (0%)  receiver
[  6]   0.00-56.04  sec  1.34 MBytes   200 Kbits/sec  1.927 ms  0/4667 (0%)  receiver
[  9]   0.00-56.04  sec  1.34 MBytes   200 Kbits/sec  2.120 ms  0/4667 (0%)  receiver
[SUM]   0.00-56.04  sec  4.01 MBytes   600 Kbits/sec  1.948 ms  0/14001 (0%)  receiver
