
==============================================================================
  ACAPE v6.0.0   mode=tc-only   qdisc=fq_codel handle=10:
  metrics -> results_law/rtt3/fq_codel_acape_steady_s3/acape_metrics_ctl.csv
==============================================================================
      t    regime        traj      pred     dr/s    bl    tput flows eleph  tgt_ms   lim  adj
---------------------------------------------------------------------------------------------
    1.0     HEAVY      STABLE     HEAVY     67.3     0   10.02     0     0   5.000  1024    0
    1.7     HEAVY      STABLE     HEAVY     69.8    14   10.17     0     0   5.000  1024    0
    2.4     HEAVY      STABLE     HEAVY     68.5    16   10.04     0     0   5.000  1024    0
    3.0     HEAVY      STABLE     HEAVY     75.4    15   10.07     0     0   5.000  1024    0
    3.8     HEAVY      STABLE     HEAVY     62.4    15    9.76     0     0   5.000  1024    0
    4.5     HEAVY      STABLE     HEAVY     72.2    13   10.22     0     0   5.000  1024    0
    5.2     HEAVY      STABLE     HEAVY     69.3    13    9.96     0     0   5.000  1024    0
    5.9     HEAVY      STABLE     HEAVY     62.7    16    9.47     0     0   5.000  1024    0
    6.6     HEAVY      STABLE     HEAVY     68.4    15   10.00     0     0   5.000  1024    0
    7.3     HEAVY      STABLE     HEAVY     68.3    16    9.94     0     0   4.500   921    1
    8.6     HEAVY      STABLE     HEAVY     69.6    13    9.94     0     0   4.500   921    1
    9.3     HEAVY      STABLE     HEAVY     75.4    15   10.08     0     0   4.500   921    1
   10.1     HEAVY      STABLE     HEAVY     81.8    13   10.12     0     0   4.500   921    1
   10.7     HEAVY      STABLE     HEAVY     74.8    11   10.02     0     0   4.500   921    1
   11.5     HEAVY      STABLE     HEAVY     82.2    11    9.92     0     0   4.500   921    1
   12.2     HEAVY      STABLE     HEAVY     77.2    11    9.99     0     0   4.500   921    1
   12.9     HEAVY      STABLE     HEAVY     74.7    10    9.97     0     0   4.500   921    1
   13.7     HEAVY      STABLE     HEAVY     73.2    11   10.06     0     0   4.500   921    1
   14.4     HEAVY      STABLE     HEAVY     67.4    16    9.92     0     0   4.500   921    1
   15.1     HEAVY      STABLE     HEAVY     75.4    15    9.95     0     0   4.050   828    2
   16.2     HEAVY      STABLE     HEAVY     86.2    12   10.06     0     0   4.050   828    2
   16.9     HEAVY      STABLE     HEAVY     85.4    12    9.96     0     0   4.050   828    2
   17.6     HEAVY      STABLE     HEAVY     99.2    12   10.01     0     0   4.050   828    2
   18.3     HEAVY      STABLE     HEAVY     94.1    14   10.04     0     0   4.050   828    2
   19.0     HEAVY      STABLE     HEAVY     87.6    14   10.00     0     0   4.050   828    2
   19.8     HEAVY      STABLE     HEAVY     85.4    12    9.98     0     0   4.050   828    2
   20.5     HEAVY      STABLE     HEAVY     86.9    14   10.05     0     0   4.050   828    2
   21.2     HEAVY      STABLE     HEAVY     85.2    12    9.76     0     0   4.050   828    2
   21.9     HEAVY      STABLE     HEAVY     93.3    15   10.20     0     0   4.050   828    2
   22.6     HEAVY      STABLE     HEAVY     86.3    13   10.07     0     0   3.640   745    3
   23.6     HEAVY      STABLE     HEAVY     93.3    10    9.82     0     0   3.640   745    3
   24.4     HEAVY      STABLE     HEAVY    103.6    11   10.21     0     0   3.640   745    3
   25.1     HEAVY      STABLE     HEAVY     89.7     6    9.99     0     0   3.640   745    3
   25.8     HEAVY      STABLE     HEAVY     87.6    15    9.93     0     0   3.640   745    3
   26.5     HEAVY      STABLE     HEAVY     99.2    11   10.04     0     0   3.640   745    3
   27.2     HEAVY      STABLE     HEAVY     97.5    11    9.76     0     0   3.640   745    3
   28.0     HEAVY      STABLE     HEAVY    105.9    11   10.14     0     0   3.640   745    3
   28.8     HEAVY      STABLE     HEAVY    105.7    11    9.95     0     0   3.640   745    3
   29.5     HEAVY      STABLE     HEAVY    105.6    14    9.93     0     0   3.640   745    3
   30.8     HEAVY      STABLE     HEAVY     96.5     4    7.59     0     0   3.270   670    4
   32.1     HEAVY      STABLE     HEAVY    110.2    12    9.92     0     0   3.270   670    4
   32.8     HEAVY      STABLE     HEAVY    109.6    12   10.07     0     0   3.270   670    4
   33.5     HEAVY      STABLE     HEAVY    117.1     9    9.91     0     0   3.270   670    4
   34.2     HEAVY      STABLE     HEAVY    106.8    10    9.94     0     0   3.270   670    4
   34.8     HEAVY      STABLE     HEAVY    123.5    11   10.20     0     0   3.270   670    4
   35.5     HEAVY      STABLE     HEAVY    123.2    15    9.97     0     0   3.270   670    4
   36.2     HEAVY      STABLE     HEAVY    125.5     9    9.86     0     0   3.270   670    4
   36.9     HEAVY      STABLE     HEAVY    116.8     9   10.05     0     0   3.270   670    4
   37.6     HEAVY      STABLE     HEAVY    130.4     9    9.97     0     0   3.270   670    4
   38.3     HEAVY      STABLE     HEAVY    105.0    12    9.97     0     0   2.940   603    5
   39.4     HEAVY      STABLE     HEAVY    117.6    10    9.97     0     0   2.940   603    5
   40.2     HEAVY      STABLE     HEAVY    128.3    13   10.09     0     0   2.940   603    5
   40.9     HEAVY      STABLE     HEAVY    135.8    12    9.95     0     0   2.940   603    5
   41.6     HEAVY      STABLE     HEAVY    115.3    10    9.93     0     0   2.940   603    5
   42.4     HEAVY      STABLE     HEAVY    136.1    15    9.94     0     0   2.940   603    5
   43.1     HEAVY      STABLE     HEAVY    133.9    11   10.01     0     0   2.940   603    5
   43.8     HEAVY      STABLE     HEAVY    141.0    12   10.08     0     0   2.940   603    5
   44.5     HEAVY      STABLE     HEAVY    130.7     9    9.96     0     0   2.940   603    5
   45.2     HEAVY      STABLE     HEAVY    147.2     7    9.96     0     0   2.940   603    5
   45.9     HEAVY      STABLE     HEAVY    132.2    12   10.03     0     0   2.640   542    6
   46.9     HEAVY      STABLE     HEAVY    131.8     7    9.98     0     0   2.640   542    6
   47.6     HEAVY      STABLE     HEAVY    144.7    11    9.81     0     0   2.640   542    6
   48.3     HEAVY      STABLE     HEAVY    141.0     9   10.01     0     0   2.640   542    6
   49.0     HEAVY      STABLE     HEAVY    159.5    14   10.15     0     0   2.640   542    6
   49.9     HEAVY      STABLE     HEAVY    126.5     9    9.58     0     0   2.640   542    6
   50.6     HEAVY      STABLE     HEAVY    141.4     8   10.22     0     0   2.640   542    6
   51.4     HEAVY      STABLE     HEAVY    128.1    12   10.05     0     0   2.640   542    6
   52.1     HEAVY      STABLE     HEAVY    131.4    11   10.09     0     0   2.640   542    6
   52.9     HEAVY      STABLE     HEAVY    131.9    11   10.10     0     0   2.640   542    6
   53.6     HEAVY      STABLE     HEAVY    147.0     9    9.99     0     0   2.380   487    7
   54.6     HEAVY      STABLE     HEAVY    164.5    14    9.98     0     0   2.380   487    7
   55.3     HEAVY      STABLE     HEAVY    152.8    10    9.89     0     0   2.380   487    7
   56.0     HEAVY      STABLE     HEAVY    133.4    13   10.12     0     0   2.380   487    7
   56.6     HEAVY      STABLE     HEAVY    176.4     9   10.04     0     0   2.380   487    7
   57.3     HEAVY      STABLE     HEAVY    129.9     9    9.98     0     0   2.380   487    7
   57.9     HEAVY      STABLE     HEAVY    142.4     8   10.01     0     0   2.380   487    7
   58.6     HEAVY      STABLE     HEAVY    148.1    12    9.98     0     0   2.380   487    7
   59.3     LIGHT      STABLE     LIGHT      4.4     0    0.29     0     0   2.380   487    7
   60.0    NORMAL      STABLE    NORMAL      0.0     0    0.00     0     0   2.380   487    7

Done — 80 ticks, 7 adjustments (0 predictive), mode=tc-only
