-----------------------------------------------------------
Server listening on 5202 (test #1)
-----------------------------------------------------------
Accepted connection from 192.168.1.2, port 47312
[  5] local 192.168.2.2 port 5202 connected to 192.168.1.2 port 38501
[  6] local 192.168.2.2 port 5202 connected to 192.168.1.2 port 46873
[  9] local 192.168.2.2 port 5202 connected to 192.168.1.2 port 33020
[ ID] Interval           Transfer     Bitrate         Jitter    Lost/Total Datagrams
[  5]   0.00-1.00   sec  24.0 KBytes   196 Kbits/sec  1.829 ms  0/82 (0%)  
[  6]   0.00-1.00   sec  24.0 KBytes   196 Kbits/sec  1.984 ms  0/82 (0%)  
[  9]   0.00-1.00   sec  24.0 KBytes   196 Kbits/sec  1.757 ms  0/82 (0%)  
[SUM]   0.00-1.00   sec  72.1 KBytes   589 Kbits/sec  1.857 ms  0/246 (0%)  
- - - - - - - - - - - - - - - - - - - - - - - - -
[  5]   1.00-2.00   sec  24.3 KBytes   199 Kbits/sec  2.025 ms  0/83 (0%)  
[  6]   1.00-2.00   sec  24.3 KBytes   199 Kbits/sec  2.511 ms  0/83 (0%)  
[  9]   1.00-2.00   sec  24.3 KBytes   199 Kbits/sec  2.405 ms  0/83 (0%)  
[SUM]   1.00-2.00   sec  72.9 KBytes   598 Kbits/sec  2.314 ms  0/249 (0%)  
- - - - - - - - - - - - - - - - - - - - - - - - -
[  5]   2.00-3.00   sec  24.3 KBytes   200 Kbits/sec  1.910 ms  0/83 (0%)  
[  6]   2.00-3.00   sec  24.3 KBytes   200 Kbits/sec  1.556 ms  0/83 (0%)  
[  9]   2.00-3.00   sec  24.3 KBytes   200 Kbits/sec  1.677 ms  0/83 (0%)  
[SUM]   2.00-3.00   sec  72.9 KBytes   599 Kbits/sec  1.714 ms  0/249 (0%)  
- - - - - - - - - - - - - - - - - - - - - - - - -
[  5]   3.00-4.00   sec  24.6 KBytes   202 Kbits/sec  2.339 ms  0/84 (0%)  
[  6]   3.00-4.00   sec  24.6 KBytes   202 Kbits/sec  1.687 ms  0/84 (0%)  
[  9]   3.00-4.00   sec  24.6 KBytes   202 Kbits/sec  2.206 ms  0/84 (0%)  
[SUM]   3.00-4.00   sec  73.8 KBytes   605 Kbits/sec  2.077 ms  0/252 (0%)  
- - - - - - - - - - - - - - - - - - - - - - - - -
[  5]   4.00-5.00   sec  24.3 KBytes   199 Kbits/sec  2.444 ms  0/83 (0%)  
[  6]   4.00-5.00   sec  24.3 KBytes   199 Kbits/sec  1.721 ms  0/83 (0%)  
[  9]   4.00-5.00   sec  24.3 KBytes   199 Kbits/sec  1.875 ms  0/83 (0%)  
[SUM]   4.00-5.00   sec  72.9 KBytes   598 Kbits/sec  2.013 ms  0/249 (0%)  
- - - - - - - - - - - - - - - - - - - - - - - - -
[  5]   5.00-6.00   sec  24.3 KBytes   199 Kbits/sec  2.957 ms  0/83 (0%)  
[  6]   5.00-6.00   sec  24.3 KBytes   199 Kbits/sec  2.109 ms  0/83 (0%)  
[  9]   5.00-6.00   sec  24.6 KBytes   202 Kbits/sec  2.182 ms  0/84 (0%)  
[SUM]   5.00-6.00   sec  73.2 KBytes   600 Kbits/sec  2.416 ms  0/250 (0%)  
- - - - - - - - - - - - - - - - - - - - - - - - -
[  5]   6.00-7.00   sec  24.6 KBytes   201 Kbits/sec  1.830 ms  0/84 (0%)  
[  6]   6.00-7.00   sec  24.3 KBytes   199 Kbits/sec  2.260 ms  0/83 (0%)  
[  9]   6.00-7.00   sec  24.3 KBytes   199 Kbits/sec  1.737 ms  0/83 (0%)  
[SUM]   6.00-7.00   sec  73.2 KBytes   599 Kbits/sec  1.942 ms  0/250 (0%)  
- - - - - - - - - - - - - - - - - - - - - - - - -
[  5]   7.00-8.00   sec  24.3 KBytes   199 Kbits/sec  1.967 ms  0/83 (0%)  
[  6]   7.00-8.00   sec  24.6 KBytes   201 Kbits/sec  2.151 ms  0/84 (0%)  
[  9]   7.00-8.00   sec  24.3 KBytes   199 Kbits/sec  2.138 ms  0/83 (0%)  
[SUM]   7.00-8.00   sec  73.2 KBytes   600 Kbits/sec  2.085 ms  0/250 (0%)  
- - - - - - - - - - - - - - - - - - - - - - - - -
[  5]   8.00-9.00   sec  24.6 KBytes   202 Kbits/sec  1.525 ms  0/84 (0%)  
[  6]   8.00-9.00   sec  24.3 KBytes   199 Kbits/sec  2.406 ms  0/83 (0%)  
[  9]   8.00-9.00   sec  24.6 KBytes   202 Kbits/sec  2.720 ms  0/84 (0%)  
[SUM]   8.00-9.00   sec  73.5 KBytes   602 Kbits/sec  2.217 ms  0/251 (0%)  
- - - - - - - - - - - - - - - - - - - - - - - - -
[  5]   9.00-10.00  sec  24.3 KBytes   199 Kbits/sec  1.813 ms  0/83 (0%)  
[  6]   9.00-10.00  sec  24.3 KBytes   199 Kbits/sec  1.796 ms  0/83 (0%)  
[  9]   9.00-10.00  sec  24.3 KBytes   199 Kbits/sec  2.110 ms  0/83 (0%)  
[SUM]   9.00-10.00  sec  72.9 KBytes   598 Kbits/sec  1.906 ms  0/249 (0%)  
- - - - - - - - - - - - - - - - - - - - - - - - -
[  5]  10.00-11.00  sec  24.3 KBytes   199 Kbits/sec  2.168 ms  0/83 (0%)  
[  6]  10.00-11.00  sec  24.6 KBytes   202 Kbits/sec  2.148 ms  0/84 (0%)  
[  9]  10.00-11.00  sec  24.3 KBytes   199 Kbits/sec  2.124 ms  0/83 (0%)  
[SUM]  10.00-11.00  sec  73.2 KBytes   600 Kbits/sec  2.147 ms  0/250 (0%)  
- - - - - - - - - - - - - - - - - - - - - - - - -
[  5]  11.00-12.00  sec  24.6 KBytes   201 Kbits/sec  1.933 ms  0/84 (0%)  
[  6]  11.00-12.00  sec  24.6 KBytes   201 Kbits/sec  2.389 ms  0/84 (0%)  
[  9]  11.00-12.00  sec  24.6 KBytes   201 Kbits/sec  2.037 ms  0/84 (0%)  
[SUM]  11.00-12.00  sec  73.8 KBytes   603 Kbits/sec  2.120 ms  0/252 (0%)  
- - - - - - - - - - - - - - - - - - - - - - - - -
[  5]  12.00-13.00  sec  24.3 KBytes   200 Kbits/sec  1.741 ms  0/83 (0%)  
[  6]  12.00-13.00  sec  24.3 KBytes   200 Kbits/sec  1.982 ms  0/83 (0%)  
[  9]  12.00-13.00  sec  24.3 KBytes   200 Kbits/sec  2.277 ms  0/83 (0%)  
[SUM]  12.00-13.00  sec  72.9 KBytes   599 Kbits/sec  2.000 ms  0/249 (0%)  
- - - - - - - - - - - - - - - - - - - - - - - - -
[  5]  13.00-14.00  sec  24.3 KBytes   199 Kbits/sec  2.945 ms  0/83 (0%)  
[  6]  13.00-14.00  sec  24.3 KBytes   199 Kbits/sec  2.604 ms  0/83 (0%)  
[  9]  13.00-14.00  sec  24.3 KBytes   199 Kbits/sec  3.051 ms  0/83 (0%)  
[SUM]  13.00-14.00  sec  72.9 KBytes   597 Kbits/sec  2.867 ms  0/249 (0%)  
- - - - - - - - - - - - - - - - - - - - - - - - -
[  5]  14.00-15.00  sec  24.3 KBytes   200 Kbits/sec  1.446 ms  0/83 (0%)  
[  6]  14.00-15.00  sec  24.3 KBytes   200 Kbits/sec  1.659 ms  0/83 (0%)  
[  9]  14.00-15.00  sec  24.3 KBytes   200 Kbits/sec  2.422 ms  0/83 (0%)  
[SUM]  14.00-15.00  sec  72.9 KBytes   599 Kbits/sec  1.842 ms  0/249 (0%)  
- - - - - - - - - - - - - - - - - - - - - - - - -
[  5]  15.00-16.00  sec  24.6 KBytes   202 Kbits/sec  1.778 ms  0/84 (0%)  
[  6]  15.00-16.00  sec  24.3 KBytes   199 Kbits/sec  2.267 ms  0/83 (0%)  
[  9]  15.00-16.00  sec  24.6 KBytes   202 Kbits/sec  2.588 ms  0/84 (0%)  
[SUM]  15.00-16.00  sec  73.5 KBytes   603 Kbits/sec  2.211 ms  0/251 (0%)  
- - - - - - - - - - - - - - - - - - - - - - - - -
[  5]  16.00-17.00  sec  24.3 KBytes   199 Kbits/sec  1.738 ms  0/83 (0%)  
[  6]  16.00-17.00  sec  24.6 KBytes   202 Kbits/sec  1.728 ms  0/84 (0%)  
[  9]  16.00-17.00  sec  24.3 KBytes   199 Kbits/sec  1.683 ms  0/83 (0%)  
[SUM]  16.00-17.00  sec  73.2 KBytes   600 Kbits/sec  1.716 ms  0/250 (0%)  
- - - - - - - - - - - - - - - - - - - - - - - - -
[  5]  17.00-18.00  sec  24.3 KBytes   199 Kbits/sec  1.737 ms  0/83 (0%)  
[  6]  17.00-18.00  sec  24.3 KBytes   199 Kbits/sec  1.996 ms  0/83 (0%)  
[  9]  17.00-18.00  sec  24.3 KBytes   199 Kbits/sec  2.333 ms  0/83 (0%)  
[SUM]  17.00-18.00  sec  72.9 KBytes   597 Kbits/sec  2.022 ms  0/249 (0%)  
- - - - - - - - - - - - - - - - - - - - - - - - -
[  5]  18.00-19.00  sec  24.3 KBytes   199 Kbits/sec  1.562 ms  0/83 (0%)  
[  6]  18.00-19.00  sec  24.6 KBytes   202 Kbits/sec  1.508 ms  0/84 (0%)  
[  9]  18.00-19.00  sec  24.6 KBytes   202 Kbits/sec  1.940 ms  0/84 (0%)  
[SUM]  18.00-19.00  sec  73.5 KBytes   603 Kbits/sec  1.670 ms  0/251 (0%)  
- - - - - - - - - - - - - - - - - - - - - - - - -
[  5]  19.00-20.00  sec  24.6 KBytes   201 Kbits/sec  2.100 ms  0/84 (0%)  
[  6]  19.00-20.00  sec  24.3 KBytes   199 Kbits/sec  1.736 ms  0/83 (0%)  
[  9]  19.00-20.00  sec  24.3 KBytes   199 Kbits/sec  1.816 ms  0/83 (0%)  
[SUM]  19.00-20.00  sec  73.2 KBytes   600 Kbits/sec  1.884 ms  0/250 (0%)  
- - - - - - - - - - - - - - - - - - - - - - - - -
[  5]  20.00-21.00  sec  24.6 KBytes   201 Kbits/sec  2.650 ms  0/84 (0%)  
[  6]  20.00-21.00  sec  24.6 KBytes   201 Kbits/sec  1.938 ms  0/84 (0%)  
[  9]  20.00-21.00  sec  24.6 KBytes   201 Kbits/sec  2.289 ms  0/84 (0%)  
[SUM]  20.00-21.00  sec  73.8 KBytes   604 Kbits/sec  2.292 ms  0/252 (0%)  
- - - - - - - - - - - - - - - - - - - - - - - - -
[  5]  21.00-22.00  sec  24.3 KBytes   199 Kbits/sec  1.521 ms  0/83 (0%)  
[  6]  21.00-22.00  sec  24.0 KBytes   197 Kbits/sec  2.163 ms  0/82 (0%)  
[  9]  21.00-22.00  sec  24.3 KBytes   199 Kbits/sec  2.212 ms  0/83 (0%)  
[SUM]  21.00-22.00  sec  72.7 KBytes   596 Kbits/sec  1.965 ms  0/248 (0%)  
- - - - - - - - - - - - - - - - - - - - - - - - -
[  5]  22.00-23.00  sec  24.3 KBytes   199 Kbits/sec  2.657 ms  0/83 (0%)  
[  6]  22.00-23.00  sec  24.6 KBytes   202 Kbits/sec  3.574 ms  0/84 (0%)  
[  9]  22.00-23.00  sec  24.3 KBytes   199 Kbits/sec  2.807 ms  0/83 (0%)  
[SUM]  22.00-23.00  sec  73.2 KBytes   600 Kbits/sec  3.013 ms  0/250 (0%)  
- - - - - - - - - - - - - - - - - - - - - - - - -
[  5]  23.00-24.00  sec  24.3 KBytes   199 Kbits/sec  2.170 ms  0/83 (0%)  
[  6]  23.00-24.00  sec  24.3 KBytes   199 Kbits/sec  2.023 ms  0/83 (0%)  
[  9]  23.00-24.00  sec  24.3 KBytes   199 Kbits/sec  2.745 ms  0/83 (0%)  
[SUM]  23.00-24.00  sec  72.9 KBytes   597 Kbits/sec  2.313 ms  0/249 (0%)  
- - - - - - - - - - - - - - - - - - - - - - - - -
[  5]  24.00-25.00  sec  24.6 KBytes   202 Kbits/sec  1.823 ms  0/84 (0%)  
[  6]  24.00-25.00  sec  24.3 KBytes   199 Kbits/sec  2.266 ms  0/83 (0%)  
[  9]  24.00-25.00  sec  24.3 KBytes   199 Kbits/sec  2.071 ms  0/83 (0%)  
[SUM]  24.00-25.00  sec  73.2 KBytes   600 Kbits/sec  2.053 ms  0/250 (0%)  
- - - - - - - - - - - - - - - - - - - - - - - - -
[  5]  25.00-26.00  sec  24.3 KBytes   199 Kbits/sec  2.388 ms  0/83 (0%)  
[  6]  25.00-26.00  sec  24.6 KBytes   201 Kbits/sec  2.159 ms  0/84 (0%)  
[  9]  25.00-26.00  sec  24.6 KBytes   201 Kbits/sec  2.445 ms  0/84 (0%)  
[SUM]  25.00-26.00  sec  73.5 KBytes   602 Kbits/sec  2.331 ms  0/251 (0%)  
- - - - - - - - - - - - - - - - - - - - - - - - -
[  5]  26.00-27.00  sec  24.6 KBytes   201 Kbits/sec  1.903 ms  0/84 (0%)  
[  6]  26.00-27.00  sec  24.6 KBytes   201 Kbits/sec  2.234 ms  0/84 (0%)  
[  9]  26.00-27.00  sec  24.6 KBytes   201 Kbits/sec  2.301 ms  0/84 (0%)  
[SUM]  26.00-27.00  sec  73.8 KBytes   604 Kbits/sec  2.146 ms  0/252 (0%)  
- - - - - - - - - - - - - - - - - - - - - - - - -
[  5]  27.00-28.00  sec  24.3 KBytes   200 Kbits/sec  2.162 ms  0/83 (0%)  
[  6]  27.00-28.00  sec  24.3 KBytes   200 Kbits/sec  2.236 ms  0/83 (0%)  
[  9]  27.00-28.00  sec  24.3 KBytes   200 Kbits/sec  1.540 ms  0/83 (0%)  
[SUM]  27.00-28.00  sec  72.9 KBytes   600 Kbits/sec  1.979 ms  0/249 (0%)  
- - - - - - - - - - - - - - - - - - - - - - - - -
[  5]  28.00-29.00  sec  24.3 KBytes   199 Kbits/sec  2.030 ms  0/83 (0%)  
[  6]  28.00-29.00  sec  24.3 KBytes   199 Kbits/sec  1.826 ms  0/83 (0%)  
[  9]  28.00-29.00  sec  24.3 KBytes   199 Kbits/sec  1.368 ms  0/83 (0%)  
[SUM]  28.00-29.00  sec  72.9 KBytes   598 Kbits/sec  1.741 ms  0/249 (0%)  
- - - - - - - - - - - - - - - - - - - - - - - - -
[  5]  29.00-30.00  sec  24.3 KBytes   199 Kbits/sec  2.074 ms  0/83 (0%)  
[  6]  29.00-30.00  sec  24.6 KBytes   202 Kbits/sec  2.026 ms  0/84 (0%)  
[  9]  29.00-30.00  sec  24.6 KBytes   202 Kbits/sec  1.986 ms  0/84 (0%)  
[SUM]  29.00-30.00  sec  73.5 KBytes   603 Kbits/sec  2.029 ms  0/251 (0%)  
- - - - - - - - - - - - - - - - - - - - - - - - -
[  5]  30.00-31.00  sec  24.6 KBytes   202 Kbits/sec  1.965 ms  0/84 (0%)  
[  6]  30.00-31.00  sec  24.3 KBytes   199 Kbits/sec  2.305 ms  0/83 (0%)  
[  9]  30.00-31.00  sec  24.0 KBytes   197 Kbits/sec  1.779 ms  0/82 (0%)  
[SUM]  30.00-31.00  sec  72.9 KBytes   598 Kbits/sec  2.016 ms  0/249 (0%)  
- - - - - - - - - - - - - - - - - - - - - - - - -
[  5]  31.00-32.00  sec  24.3 KBytes   199 Kbits/sec  1.862 ms  0/83 (0%)  
[  6]  31.00-32.00  sec  24.3 KBytes   199 Kbits/sec  2.295 ms  0/83 (0%)  
[  9]  31.00-32.00  sec  24.6 KBytes   202 Kbits/sec  3.016 ms  0/84 (0%)  
[SUM]  31.00-32.00  sec  73.2 KBytes   600 Kbits/sec  2.391 ms  0/250 (0%)  
- - - - - - - - - - - - - - - - - - - - - - - - -
[  5]  32.00-33.00  sec  24.6 KBytes   202 Kbits/sec  1.699 ms  0/84 (0%)  
[  6]  32.00-33.00  sec  24.3 KBytes   199 Kbits/sec  1.538 ms  0/83 (0%)  
[  9]  32.00-33.00  sec  24.3 KBytes   199 Kbits/sec  2.163 ms  0/83 (0%)  
[SUM]  32.00-33.00  sec  73.2 KBytes   600 Kbits/sec  1.800 ms  0/250 (0%)  
- - - - - - - - - - - - - - - - - - - - - - - - -
[  5]  33.00-34.00  sec  24.3 KBytes   199 Kbits/sec  2.077 ms  0/83 (0%)  
[  6]  33.00-34.00  sec  24.6 KBytes   202 Kbits/sec  2.670 ms  0/84 (0%)  
[  9]  33.00-34.00  sec  24.6 KBytes   202 Kbits/sec  2.513 ms  0/84 (0%)  
[SUM]  33.00-34.00  sec  73.5 KBytes   602 Kbits/sec  2.420 ms  0/251 (0%)  
- - - - - - - - - - - - - - - - - - - - - - - - -
[  5]  34.00-35.00  sec  24.3 KBytes   199 Kbits/sec  2.462 ms  0/83 (0%)  
[  6]  34.00-35.00  sec  24.3 KBytes   199 Kbits/sec  2.601 ms  0/83 (0%)  
[  9]  34.00-35.00  sec  24.3 KBytes   199 Kbits/sec  2.362 ms  0/83 (0%)  
[SUM]  34.00-35.00  sec  72.9 KBytes   598 Kbits/sec  2.475 ms  0/249 (0%)  
- - - - - - - - - - - - - - - - - - - - - - - - -
[  5]  35.00-36.00  sec  24.3 KBytes   199 Kbits/sec  2.420 ms  0/83 (0%)  
[  6]  35.00-36.00  sec  24.3 KBytes   199 Kbits/sec  2.387 ms  0/83 (0%)  
[  9]  35.00-36.00  sec  24.3 KBytes   199 Kbits/sec  2.271 ms  0/83 (0%)  
[SUM]  35.00-36.00  sec  72.9 KBytes   598 Kbits/sec  2.359 ms  0/249 (0%)  
- - - - - - - - - - - - - - - - - - - - - - - - -
[  5]  36.00-37.00  sec  24.6 KBytes   202 Kbits/sec  1.922 ms  0/84 (0%)  
[  6]  36.00-37.00  sec  24.3 KBytes   199 Kbits/sec  1.744 ms  0/83 (0%)  
[  9]  36.00-37.00  sec  24.6 KBytes   202 Kbits/sec  2.250 ms  0/84 (0%)  
[SUM]  36.00-37.00  sec  73.5 KBytes   603 Kbits/sec  1.972 ms  0/251 (0%)  
- - - - - - - - - - - - - - - - - - - - - - - - -
[  5]  37.00-38.00  sec  24.3 KBytes   199 Kbits/sec  2.147 ms  0/83 (0%)  
[  6]  37.00-38.00  sec  24.6 KBytes   202 Kbits/sec  2.177 ms  0/84 (0%)  
[  9]  37.00-38.00  sec  24.3 KBytes   199 Kbits/sec  1.759 ms  0/83 (0%)  
[SUM]  37.00-38.00  sec  73.2 KBytes   600 Kbits/sec  2.028 ms  0/250 (0%)  
- - - - - - - - - - - - - - - - - - - - - - - - -
[  5]  38.00-39.00  sec  24.6 KBytes   201 Kbits/sec  1.898 ms  0/84 (0%)  
[  6]  38.00-39.00  sec  24.6 KBytes   201 Kbits/sec  1.711 ms  0/84 (0%)  
[  9]  38.00-39.00  sec  24.6 KBytes   201 Kbits/sec  2.436 ms  0/84 (0%)  
[SUM]  38.00-39.00  sec  73.8 KBytes   604 Kbits/sec  2.015 ms  0/252 (0%)  
- - - - - - - - - - - - - - - - - - - - - - - - -
[  5]  39.00-40.00  sec  24.3 KBytes   199 Kbits/sec  2.021 ms  0/83 (0%)  
[  6]  39.00-40.00  sec  24.3 KBytes   199 Kbits/sec  2.106 ms  0/83 (0%)  
[  9]  39.00-40.00  sec  24.3 KBytes   199 Kbits/sec  1.832 ms  0/83 (0%)  
[SUM]  39.00-40.00  sec  72.9 KBytes   598 Kbits/sec  1.986 ms  0/249 (0%)  
- - - - - - - - - - - - - - - - - - - - - - - - -
[  5]  40.00-41.00  sec  24.3 KBytes   199 Kbits/sec  2.220 ms  0/83 (0%)  
[  6]  40.00-41.00  sec  24.3 KBytes   199 Kbits/sec  2.542 ms  0/83 (0%)  
[  9]  40.00-41.00  sec  24.3 KBytes   199 Kbits/sec  1.755 ms  0/83 (0%)  
[SUM]  40.00-41.00  sec  72.9 KBytes   597 Kbits/sec  2.173 ms  0/249 (0%)  
- - - - - - - - - - - - - - - - - - - - - - - - -
[  5]  41.00-42.00  sec  24.3 KBytes   199 Kbits/sec  1.668 ms  0/83 (0%)  
[  6]  41.00-42.00  sec  24.3 KBytes   199 Kbits/sec  2.949 ms  0/83 (0%)  
[  9]  41.00-42.00  sec  24.3 KBytes   199 Kbits/sec  2.168 ms  0/83 (0%)  
[SUM]  41.00-42.00  sec  72.9 KBytes   598 Kbits/sec  2.262 ms  0/249 (0%)  
- - - - - - - - - - - - - - - - - - - - - - - - -
[  5]  42.00-43.00  sec  24.6 KBytes   201 Kbits/sec  1.625 ms  0/84 (0%)  
[  6]  42.00-43.00  sec  24.6 KBytes   201 Kbits/sec  1.873 ms  0/84 (0%)  
[  9]  42.00-43.00  sec  24.6 KBytes   201 Kbits/sec  2.148 ms  0/84 (0%)  
[SUM]  42.00-43.00  sec  73.8 KBytes   602 Kbits/sec  1.882 ms  0/252 (0%)  
- - - - - - - - - - - - - - - - - - - - - - - - -
[  5]  43.00-44.00  sec  24.3 KBytes   200 Kbits/sec  2.453 ms  0/83 (0%)  
[  6]  43.00-44.00  sec  24.3 KBytes   200 Kbits/sec  2.126 ms  0/83 (0%)  
[  9]  43.00-44.00  sec  24.3 KBytes   200 Kbits/sec  1.530 ms  0/83 (0%)  
[SUM]  43.00-44.00  sec  72.9 KBytes   600 Kbits/sec  2.036 ms  0/249 (0%)  
- - - - - - - - - - - - - - - - - - - - - - - - -
[  5]  44.00-45.00  sec  24.6 KBytes   202 Kbits/sec  2.232 ms  0/84 (0%)  
[  6]  44.00-45.00  sec  24.3 KBytes   199 Kbits/sec  2.073 ms  0/83 (0%)  
[  9]  44.00-45.00  sec  24.6 KBytes   202 Kbits/sec  2.296 ms  0/84 (0%)  
[SUM]  44.00-45.00  sec  73.5 KBytes   602 Kbits/sec  2.201 ms  0/251 (0%)  
- - - - - - - - - - - - - - - - - - - - - - - - -
[  5]  45.00-46.00  sec  24.3 KBytes   199 Kbits/sec  1.699 ms  0/83 (0%)  
[  6]  45.00-46.00  sec  24.6 KBytes   201 Kbits/sec  2.090 ms  0/84 (0%)  
[  9]  45.00-46.00  sec  24.3 KBytes   199 Kbits/sec  1.795 ms  0/83 (0%)  
[SUM]  45.00-46.00  sec  73.2 KBytes   600 Kbits/sec  1.862 ms  0/250 (0%)  
- - - - - - - - - - - - - - - - - - - - - - - - -
[  5]  46.00-47.00  sec  24.3 KBytes   199 Kbits/sec  2.352 ms  0/83 (0%)  
[  6]  46.00-47.00  sec  24.3 KBytes   200 Kbits/sec  2.667 ms  0/83 (0%)  
[  9]  46.00-47.00  sec  24.3 KBytes   200 Kbits/sec  2.218 ms  0/83 (0%)  
[SUM]  46.00-47.00  sec  72.9 KBytes   598 Kbits/sec  2.412 ms  0/249 (0%)  
- - - - - - - - - - - - - - - - - - - - - - - - -
[  5]  47.00-48.00  sec  24.3 KBytes   199 Kbits/sec  2.254 ms  0/83 (0%)  
[  6]  47.00-48.00  sec  24.3 KBytes   199 Kbits/sec  1.883 ms  0/83 (0%)  
[  9]  47.00-48.00  sec  24.3 KBytes   199 Kbits/sec  2.366 ms  0/83 (0%)  
[SUM]  47.00-48.00  sec  72.9 KBytes   597 Kbits/sec  2.167 ms  0/249 (0%)  
- - - - - - - - - - - - - - - - - - - - - - - - -
[  5]  48.00-49.00  sec  24.6 KBytes   201 Kbits/sec  2.165 ms  0/84 (0%)  
[  6]  48.00-49.00  sec  24.6 KBytes   201 Kbits/sec  2.684 ms  0/84 (0%)  
[  9]  48.00-49.00  sec  24.6 KBytes   201 Kbits/sec  2.478 ms  0/84 (0%)  
[SUM]  48.00-49.00  sec  73.8 KBytes   603 Kbits/sec  2.442 ms  0/252 (0%)  
- - - - - - - - - - - - - - - - - - - - - - - - -
[  5]  49.00-50.00  sec  24.3 KBytes   200 Kbits/sec  1.855 ms  0/83 (0%)  
[  6]  49.00-50.00  sec  24.3 KBytes   200 Kbits/sec  1.839 ms  0/83 (0%)  
[  9]  49.00-50.00  sec  24.3 KBytes   200 Kbits/sec  1.576 ms  0/83 (0%)  
[SUM]  49.00-50.00  sec  72.9 KBytes   599 Kbits/sec  1.757 ms  0/249 (0%)  
- - - - - - - - - - - - - - - - - - - - - - - - -
[  5]  50.00-51.00  sec  24.3 KBytes   199 Kbits/sec  2.030 ms  0/83 (0%)  
[  6]  50.00-51.00  sec  24.3 KBytes   199 Kbits/sec  2.138 ms  0/83 (0%)  
[  9]  50.00-51.00  sec  24.3 KBytes   199 Kbits/sec  1.994 ms  0/83 (0%)  
[SUM]  50.00-51.00  sec  72.9 KBytes   598 Kbits/sec  2.054 ms  0/249 (0%)  
- - - - - - - - - - - - - - - - - - - - - - - - -
[  5]  51.00-52.00  sec  24.6 KBytes   202 Kbits/sec  1.806 ms  0/84 (0%)  
[  6]  51.00-52.00  sec  24.6 KBytes   202 Kbits/sec  1.796 ms  0/84 (0%)  
[  9]  51.00-52.00  sec  24.6 KBytes   202 Kbits/sec  1.764 ms  0/84 (0%)  
[SUM]  51.00-52.00  sec  73.8 KBytes   605 Kbits/sec  1.788 ms  0/252 (0%)  
- - - - - - - - - - - - - - - - - - - - - - - - -
[  5]  52.00-53.00  sec  24.3 KBytes   199 Kbits/sec  1.707 ms  0/83 (0%)  
[  6]  52.00-53.00  sec  24.3 KBytes   199 Kbits/sec  2.329 ms  0/83 (0%)  
[  9]  52.00-53.00  sec  24.3 KBytes   199 Kbits/sec  1.912 ms  0/83 (0%)  
[SUM]  52.00-53.00  sec  72.9 KBytes   598 Kbits/sec  1.982 ms  0/249 (0%)  
- - - - - - - - - - - - - - - - - - - - - - - - -
[  5]  53.00-54.00  sec  24.3 KBytes   199 Kbits/sec  2.526 ms  0/83 (0%)  
[  6]  53.00-54.00  sec  24.3 KBytes   199 Kbits/sec  2.485 ms  0/83 (0%)  
[  9]  53.00-54.00  sec  24.6 KBytes   202 Kbits/sec  2.471 ms  0/84 (0%)  
[SUM]  53.00-54.00  sec  73.2 KBytes   600 Kbits/sec  2.494 ms  0/250 (0%)  
- - - - - - - - - - - - - - - - - - - - - - - - -
[  5]  54.00-55.00  sec  24.6 KBytes   202 Kbits/sec  2.786 ms  0/84 (0%)  
[  6]  54.00-55.00  sec  24.6 KBytes   202 Kbits/sec  2.189 ms  0/84 (0%)  
[  9]  54.00-55.00  sec  24.3 KBytes   199 Kbits/sec  2.396 ms  0/83 (0%)  
[SUM]  54.00-55.00  sec  73.5 KBytes   602 Kbits/sec  2.457 ms  0/251 (0%)  
- - - - - - - - - - - - - - - - - - - - - - - - -
[  5]  55.00-56.00  sec  24.3 KBytes   199 Kbits/sec  1.844 ms  0/83 (0%)  
[  6]  55.00-56.00  sec  24.3 KBytes   199 Kbits/sec  2.863 ms  0/83 (0%)  
[  9]  55.00-56.00  sec  24.3 KBytes   199 Kbits/sec  1.866 ms  0/83 (0%)  
[SUM]  55.00-56.00  sec  72.9 KBytes   597 Kbits/sec  2.191 ms  0/249 (0%)  
- - - - - - - - - - - - - - - - - - - - - - - - -
[  5]  56.00-56.04  sec   600 Bytes   128 Kbits/sec  1.840 ms  0/2 (0%)  
[  6]  56.00-56.04  sec   600 Bytes   128 Kbits/sec  2.845 ms  0/2 (0%)  
[  9]  56.00-56.04  sec   600 Bytes   128 Kbits/sec  2.098 ms  0/2 (0%)  
[SUM]  56.00-56.04  sec  1.76 KBytes   383 Kbits/sec  2.261 ms  0/6 (0%)  
- - - - - - - - - - - - - - - - - - - - - - - - -
[ ID] Interval           Transfer     Bitrate         Jitter    Lost/Total Datagrams
[  5]   0.00-56.04  sec  1.34 MBytes   200 Kbits/sec  1.840 ms  0/4667 (0%)  receiver
[  6]   0.00-56.04  sec  1.34 MBytes   200 Kbits/sec  2.845 ms  0/4667 (0%)  receiver
[  9]   0.00-56.04  sec  1.34 MBytes   200 Kbits/sec  2.098 ms  0/4667 (0%)  receiver
[SUM]   0.00-56.04  sec  4.01 MBytes   600 Kbits/sec  2.261 ms  0/14001 (0%)  receiver
