
==============================================================================
  ACAPE v6.0.0   mode=tc-only   qdisc=fq_codel handle=10:
  metrics -> results_sweep/fq_codel_sham_mixed_s1/acape_metrics_sham.csv
==============================================================================
      t    regime        traj      pred     dr/s    bl    tput flows eleph  tgt_ms   lim  adj
---------------------------------------------------------------------------------------------
    0.8     HEAVY      STABLE     HEAVY     88.0    48    7.95     0     0   5.000  1024    0
    1.5     HEAVY      STABLE     HEAVY    128.4     8    9.88     0     0   5.000  1024    0
    2.2     HEAVY  RECOVERING  MODERATE     35.3     5    9.52     0     0   5.000  1024    0
    3.2     HEAVY  RECOVERING  MODERATE     30.8     7   10.03     0     0   5.000  1024    0
    4.2     HEAVY      STABLE     HEAVY     33.5    11    9.81     0     0   5.000  1024    0
    5.2     HEAVY      STABLE     HEAVY     33.3     9   10.15     0     0   5.000  1024    0
    6.2     HEAVY      STABLE     HEAVY     35.0     5    9.82     0     0   5.000  1024    0
    7.1     HEAVY      STABLE     HEAVY     34.0     9   10.33     0     0   5.000  1024    0
    8.0     HEAVY      STABLE     HEAVY     32.3    12    9.86     0     0   5.000  1024    0
    9.1     HEAVY      STABLE     HEAVY     33.8     5    9.85     0     0   5.000  1024    0
   10.1     HEAVY      STABLE     HEAVY     32.1     6    9.91     0     0   5.000  1024    0
   11.1     HEAVY      STABLE     HEAVY     36.3     6   10.08     0     0   5.000  1024    0
   12.0     HEAVY      STABLE     HEAVY     35.3     7    9.98     0     0   5.000  1024    0
   13.0     HEAVY      STABLE     HEAVY     34.7     7   10.12     0     0   5.000  1024    0
   13.9     HEAVY      STABLE     HEAVY     33.3     6    9.87     0     0   5.000  1024    0
   14.9     HEAVY      STABLE     HEAVY     33.9     5    9.94     0     0   5.000  1024    0
   15.9     HEAVY      STABLE     HEAVY     33.4     5   10.09     0     0   5.000  1024    0
   16.8     HEAVY      STABLE     HEAVY     32.7     5   10.05     0     0   5.000  1024    0
   17.9     HEAVY      STABLE     HEAVY     32.1     6    9.66     0     0   5.000  1024    0
   19.1     HEAVY      STABLE     HEAVY     32.1     8   10.10     0     0   5.000  1024    0
   20.1     HEAVY      STABLE     HEAVY     34.7     6    9.97     0     0   5.000  1024    0
   21.2     HEAVY      STABLE     HEAVY     32.5     5    9.86     0     0   5.000  1024    0
   22.3     HEAVY      STABLE     HEAVY     35.0     5   10.24     0     0   5.000  1024    0
   23.4     HEAVY      STABLE     HEAVY     30.6    11    9.95     0     0   5.000  1024    0
   24.5     HEAVY      STABLE     HEAVY     34.9     7    9.99     0     0   5.000  1024    0
   25.4     HEAVY      STABLE     HEAVY     35.3     8    9.99     0     0   5.000  1024    0
   26.5     HEAVY      STABLE     HEAVY     31.7     8    9.89     0     0   5.000  1024    0
   27.5     HEAVY      STABLE     HEAVY     35.4     9   10.11     0     0   5.000  1024    0
   28.7     HEAVY      STABLE     HEAVY     31.1    11    9.93     0     0   5.000  1024    0
   29.7     HEAVY      STABLE     HEAVY     35.3     7   10.03     0     0   5.000  1024    0
   30.7     HEAVY      STABLE     HEAVY     32.6     6    9.89     0     0   5.000  1024    0
   31.8     HEAVY      STABLE     HEAVY     34.1     6    9.93     0     0   5.000  1024    0
   32.8     HEAVY      STABLE     HEAVY     34.8     6   10.30     0     0   5.000  1024    0
   33.7     HEAVY      STABLE     HEAVY     33.0     9    9.98     0     0   5.000  1024    0
   34.7     HEAVY      STABLE     HEAVY     34.3     8    9.96     0     0   5.000  1024    0
   35.8     HEAVY      STABLE     HEAVY     32.2     7    9.87     0     0   5.000  1024    0
   36.8     HEAVY      STABLE     HEAVY     32.6     8    9.93     0     0   5.000  1024    0
   37.9     HEAVY      STABLE     HEAVY     33.8     6    9.94     0     0   5.000  1024    0
   39.0     HEAVY      STABLE     HEAVY     33.6     8   10.14     0     0   5.000  1024    0
   40.0     HEAVY      STABLE     HEAVY     34.4     7    9.96     0     0   5.000  1024    0
   41.8  MODERATE      STABLE  MODERATE     19.9     9    6.59     0     0   5.000  1024    0
   43.1     HEAVY      STABLE     HEAVY     48.0     9   12.63     0     0   5.000  1024    0
   44.2     HEAVY      STABLE     HEAVY     32.9     8    9.93     0     0   5.000  1024    0
   45.3     HEAVY      STABLE     HEAVY     32.6     8   10.07     0     0   5.000  1024    0
   46.2     HEAVY      STABLE     HEAVY     34.6     8   10.14     0     0   5.000  1024    0
   47.3     HEAVY      STABLE     HEAVY     32.7     8    9.86     0     0   5.000  1024    0
   48.3     HEAVY      STABLE     HEAVY     34.8     5   10.04     0     0   5.000  1024    0
   49.4     HEAVY      STABLE     HEAVY     33.3     7    9.96     0     0   5.000  1024    0
   50.3     HEAVY      STABLE     HEAVY     34.6     6   10.10     0     0   5.000  1024    0
   51.2     HEAVY      STABLE     HEAVY     33.4     6    9.92     0     0   5.000  1024    0
   52.3     HEAVY      STABLE     HEAVY     33.8     7    9.88     0     0   5.000  1024    0
   53.2     HEAVY      STABLE     HEAVY     34.2     6   10.20     0     0   5.000  1024    0
   54.2     HEAVY      STABLE     HEAVY     33.5     5    9.84     0     0   5.000  1024    0
   55.2     HEAVY      STABLE     HEAVY     35.2     7    9.94     0     0   5.000  1024    0
   56.1     HEAVY      STABLE     HEAVY     33.8     5   10.22     0     0   5.000  1024    0
   57.0     HEAVY      STABLE     HEAVY     32.9     8    9.83     0     0   5.000  1024    0
   58.1     HEAVY      STABLE     HEAVY     32.1     8    9.90     0     0   5.000  1024    0
   58.7     HEAVY      STABLE     HEAVY     38.8     6   10.88     0     0   5.000  1024    0
   59.4     HEAVY      STABLE     HEAVY     35.5     8    9.92     0     0   5.000  1024    0

Done — 60 ticks, 0 adjustments (0 predictive), mode=tc-only
