-----------------------------------------------------------
Server listening on 5202 (test #1)
-----------------------------------------------------------
Accepted connection from 192.168.1.2, port 60200
[  5] local 192.168.2.2 port 5202 connected to 192.168.1.2 port 37421
[  6] local 192.168.2.2 port 5202 connected to 192.168.1.2 port 54585
[  9] local 192.168.2.2 port 5202 connected to 192.168.1.2 port 48869
[ ID] Interval           Transfer     Bitrate         Jitter    Lost/Total Datagrams
[  5]   0.00-1.00   sec  24.0 KBytes   196 Kbits/sec  2.001 ms  0/82 (0%)  
[  6]   0.00-1.00   sec  24.0 KBytes   196 Kbits/sec  2.515 ms  0/82 (0%)  
[  9]   0.00-1.00   sec  24.0 KBytes   196 Kbits/sec  3.153 ms  0/82 (0%)  
[SUM]   0.00-1.00   sec  72.1 KBytes   588 Kbits/sec  2.556 ms  0/246 (0%)  
- - - - - - - - - - - - - - - - - - - - - - - - -
[  5]   1.00-2.00   sec  24.3 KBytes   200 Kbits/sec  1.866 ms  0/83 (0%)  
[  6]   1.00-2.00   sec  24.3 KBytes   200 Kbits/sec  2.240 ms  0/83 (0%)  
[  9]   1.00-2.00   sec  24.3 KBytes   200 Kbits/sec  1.505 ms  0/83 (0%)  
[SUM]   1.00-2.00   sec  72.9 KBytes   600 Kbits/sec  1.870 ms  0/249 (0%)  
- - - - - - - - - - - - - - - - - - - - - - - - -
[  5]   2.00-3.00   sec  24.3 KBytes   199 Kbits/sec  2.889 ms  0/83 (0%)  
[  6]   2.00-3.00   sec  24.3 KBytes   199 Kbits/sec  2.271 ms  0/83 (0%)  
[  9]   2.00-3.00   sec  24.3 KBytes   199 Kbits/sec  2.642 ms  0/83 (0%)  
[SUM]   2.00-3.00   sec  72.9 KBytes   598 Kbits/sec  2.601 ms  0/249 (0%)  
- - - - - - - - - - - - - - - - - - - - - - - - -
[  5]   3.00-4.00   sec  24.6 KBytes   202 Kbits/sec  2.600 ms  0/84 (0%)  
[  6]   3.00-4.00   sec  24.6 KBytes   202 Kbits/sec  2.977 ms  0/84 (0%)  
[  9]   3.00-4.00   sec  24.6 KBytes   202 Kbits/sec  3.433 ms  0/84 (0%)  
[SUM]   3.00-4.00   sec  73.8 KBytes   605 Kbits/sec  3.003 ms  0/252 (0%)  
- - - - - - - - - - - - - - - - - - - - - - - - -
[  5]   4.00-5.00   sec  24.3 KBytes   199 Kbits/sec  1.646 ms  0/83 (0%)  
[  6]   4.00-5.00   sec  24.3 KBytes   199 Kbits/sec  2.150 ms  0/83 (0%)  
[  9]   4.00-5.00   sec  24.3 KBytes   199 Kbits/sec  1.486 ms  0/83 (0%)  
[SUM]   4.00-5.00   sec  72.9 KBytes   598 Kbits/sec  1.761 ms  0/249 (0%)  
- - - - - - - - - - - - - - - - - - - - - - - - -
[  5]   5.00-6.00   sec  24.6 KBytes   202 Kbits/sec  2.081 ms  0/84 (0%)  
[  6]   5.00-6.00   sec  24.3 KBytes   199 Kbits/sec  1.951 ms  0/83 (0%)  
[  9]   5.00-6.00   sec  24.3 KBytes   199 Kbits/sec  1.900 ms  0/83 (0%)  
[SUM]   5.00-6.00   sec  73.2 KBytes   600 Kbits/sec  1.977 ms  0/250 (0%)  
- - - - - - - - - - - - - - - - - - - - - - - - -
[  5]   6.00-7.00   sec  24.3 KBytes   199 Kbits/sec  1.810 ms  0/83 (0%)  
[  6]   6.00-7.00   sec  24.6 KBytes   202 Kbits/sec  2.323 ms  0/84 (0%)  
[  9]   6.00-7.00   sec  24.6 KBytes   202 Kbits/sec  2.196 ms  0/84 (0%)  
[SUM]   6.00-7.00   sec  73.5 KBytes   602 Kbits/sec  2.110 ms  0/251 (0%)  
- - - - - - - - - - - - - - - - - - - - - - - - -
[  5]   7.00-8.00   sec  24.0 KBytes   197 Kbits/sec  2.104 ms  0/82 (0%)  
[  6]   7.00-8.00   sec  24.3 KBytes   199 Kbits/sec  1.592 ms  0/83 (0%)  
[  9]   7.00-8.00   sec  24.3 KBytes   199 Kbits/sec  2.389 ms  0/83 (0%)  
[SUM]   7.00-8.00   sec  72.7 KBytes   596 Kbits/sec  2.028 ms  0/248 (0%)  
- - - - - - - - - - - - - - - - - - - - - - - - -
[  5]   8.00-9.00   sec  24.6 KBytes   202 Kbits/sec  1.573 ms  0/85 (0%)  
[  6]   8.00-9.00   sec  24.3 KBytes   199 Kbits/sec  2.036 ms  0/83 (0%)  
[  9]   8.00-9.00   sec  24.3 KBytes   199 Kbits/sec  1.687 ms  0/83 (0%)  
[SUM]   8.00-9.00   sec  73.2 KBytes   600 Kbits/sec  1.765 ms  0/251 (0%)  
- - - - - - - - - - - - - - - - - - - - - - - - -
[  5]   9.00-10.00  sec  24.3 KBytes   199 Kbits/sec  1.533 ms  0/83 (0%)  
[  6]   9.00-10.00  sec  24.6 KBytes   202 Kbits/sec  1.394 ms  0/84 (0%)  
[  9]   9.00-10.00  sec  24.6 KBytes   202 Kbits/sec  2.097 ms  0/84 (0%)  
[SUM]   9.00-10.00  sec  73.5 KBytes   603 Kbits/sec  1.675 ms  0/251 (0%)  
- - - - - - - - - - - - - - - - - - - - - - - - -
[  5]  10.00-11.00  sec  24.3 KBytes   199 Kbits/sec  2.941 ms  0/83 (0%)  
[  6]  10.00-11.00  sec  24.3 KBytes   199 Kbits/sec  2.036 ms  0/83 (0%)  
[  9]  10.00-11.00  sec  24.3 KBytes   199 Kbits/sec  2.323 ms  0/83 (0%)  
[SUM]  10.00-11.00  sec  72.9 KBytes   598 Kbits/sec  2.433 ms  0/249 (0%)  
- - - - - - - - - - - - - - - - - - - - - - - - -
[  5]  11.00-12.00  sec  24.3 KBytes   199 Kbits/sec  2.082 ms  0/83 (0%)  
[  6]  11.00-12.00  sec  24.3 KBytes   199 Kbits/sec  2.497 ms  0/83 (0%)  
[  9]  11.00-12.00  sec  24.3 KBytes   199 Kbits/sec  2.163 ms  0/83 (0%)  
[SUM]  11.00-12.00  sec  72.9 KBytes   598 Kbits/sec  2.247 ms  0/249 (0%)  
- - - - - - - - - - - - - - - - - - - - - - - - -
[  5]  12.00-13.00  sec  24.6 KBytes   202 Kbits/sec  1.735 ms  0/84 (0%)  
[  6]  12.00-13.00  sec  24.6 KBytes   202 Kbits/sec  2.445 ms  0/84 (0%)  
[  9]  12.00-13.00  sec  24.6 KBytes   202 Kbits/sec  1.849 ms  0/84 (0%)  
[SUM]  12.00-13.00  sec  73.8 KBytes   605 Kbits/sec  2.009 ms  0/252 (0%)  
- - - - - - - - - - - - - - - - - - - - - - - - -
[  5]  13.00-14.00  sec  24.3 KBytes   199 Kbits/sec  2.093 ms  0/83 (0%)  
[  6]  13.00-14.00  sec  24.3 KBytes   199 Kbits/sec  2.280 ms  0/83 (0%)  
[  9]  13.00-14.00  sec  24.3 KBytes   199 Kbits/sec  2.385 ms  0/83 (0%)  
[SUM]  13.00-14.00  sec  72.9 KBytes   597 Kbits/sec  2.253 ms  0/249 (0%)  
- - - - - - - - - - - - - - - - - - - - - - - - -
[  5]  14.00-15.00  sec  24.3 KBytes   200 Kbits/sec  2.175 ms  0/83 (0%)  
[  6]  14.00-15.00  sec  24.3 KBytes   200 Kbits/sec  1.835 ms  0/83 (0%)  
[  9]  14.00-15.00  sec  24.3 KBytes   200 Kbits/sec  1.815 ms  0/83 (0%)  
[SUM]  14.00-15.00  sec  72.9 KBytes   599 Kbits/sec  1.942 ms  0/249 (0%)  
- - - - - - - - - - - - - - - - - - - - - - - - -
[  5]  15.00-16.00  sec  24.6 KBytes   201 Kbits/sec  1.633 ms  0/84 (0%)  
[  6]  15.00-16.00  sec  24.6 KBytes   201 Kbits/sec  1.747 ms  0/84 (0%)  
[  9]  15.00-16.00  sec  24.6 KBytes   201 Kbits/sec  1.861 ms  0/84 (0%)  
[SUM]  15.00-16.00  sec  73.8 KBytes   604 Kbits/sec  1.747 ms  0/252 (0%)  
- - - - - - - - - - - - - - - - - - - - - - - - -
[  5]  16.00-17.00  sec  24.3 KBytes   200 Kbits/sec  2.239 ms  0/83 (0%)  
[  6]  16.00-17.00  sec  24.3 KBytes   200 Kbits/sec  2.408 ms  0/83 (0%)  
[  9]  16.00-17.00  sec  24.3 KBytes   200 Kbits/sec  2.184 ms  0/83 (0%)  
[SUM]  16.00-17.00  sec  72.9 KBytes   599 Kbits/sec  2.277 ms  0/249 (0%)  
- - - - - - - - - - - - - - - - - - - - - - - - -
[  5]  17.00-18.00  sec  24.3 KBytes   199 Kbits/sec  2.655 ms  0/83 (0%)  
[  6]  17.00-18.00  sec  24.3 KBytes   199 Kbits/sec  2.129 ms  0/83 (0%)  
[  9]  17.00-18.00  sec  24.3 KBytes   199 Kbits/sec  1.628 ms  0/83 (0%)  
[SUM]  17.00-18.00  sec  72.9 KBytes   597 Kbits/sec  2.137 ms  0/249 (0%)  
- - - - - - - - - - - - - - - - - - - - - - - - -
[  5]  18.00-19.00  sec  24.6 KBytes   202 Kbits/sec  1.900 ms  0/84 (0%)  
[  6]  18.00-19.00  sec  24.6 KBytes   202 Kbits/sec  1.731 ms  0/84 (0%)  
[  9]  18.00-19.00  sec  24.6 KBytes   202 Kbits/sec  2.022 ms  0/84 (0%)  
[SUM]  18.00-19.00  sec  73.8 KBytes   605 Kbits/sec  1.885 ms  0/252 (0%)  
- - - - - - - - - - - - - - - - - - - - - - - - -
[  5]  19.00-20.00  sec  24.3 KBytes   199 Kbits/sec  1.872 ms  0/83 (0%)  
[  6]  19.00-20.00  sec  24.3 KBytes   199 Kbits/sec  2.826 ms  0/83 (0%)  
[  9]  19.00-20.00  sec  24.3 KBytes   199 Kbits/sec  1.935 ms  0/83 (0%)  
[SUM]  19.00-20.00  sec  72.9 KBytes   596 Kbits/sec  2.211 ms  0/249 (0%)  
- - - - - - - - - - - - - - - - - - - - - - - - -
[  5]  20.00-21.00  sec  24.3 KBytes   199 Kbits/sec  2.778 ms  0/83 (0%)  
[  6]  20.00-21.00  sec  24.3 KBytes   199 Kbits/sec  2.384 ms  0/83 (0%)  
[  9]  20.00-21.00  sec  24.3 KBytes   199 Kbits/sec  2.807 ms  0/83 (0%)  
[SUM]  20.00-21.00  sec  72.9 KBytes   598 Kbits/sec  2.657 ms  0/249 (0%)  
- - - - - - - - - - - - - - - - - - - - - - - - -
[  5]  21.00-22.00  sec  24.6 KBytes   201 Kbits/sec  1.824 ms  0/84 (0%)  
[  6]  21.00-22.00  sec  24.6 KBytes   201 Kbits/sec  1.616 ms  0/84 (0%)  
[  9]  21.00-22.00  sec  24.6 KBytes   201 Kbits/sec  1.503 ms  0/84 (0%)  
[SUM]  21.00-22.00  sec  73.8 KBytes   604 Kbits/sec  1.648 ms  0/252 (0%)  
- - - - - - - - - - - - - - - - - - - - - - - - -
[  5]  22.00-23.00  sec  24.3 KBytes   200 Kbits/sec  2.244 ms  0/83 (0%)  
[  6]  22.00-23.00  sec  24.3 KBytes   200 Kbits/sec  2.010 ms  0/83 (0%)  
[  9]  22.00-23.00  sec  24.3 KBytes   200 Kbits/sec  2.268 ms  0/83 (0%)  
[SUM]  22.00-23.00  sec  72.9 KBytes   599 Kbits/sec  2.174 ms  0/249 (0%)  
- - - - - - - - - - - - - - - - - - - - - - - - -
[  5]  23.00-24.00  sec  24.6 KBytes   201 Kbits/sec  3.002 ms  0/84 (0%)  
[  6]  23.00-24.00  sec  24.6 KBytes   201 Kbits/sec  2.160 ms  0/84 (0%)  
[  9]  23.00-24.00  sec  24.6 KBytes   201 Kbits/sec  2.550 ms  0/84 (0%)  
[SUM]  23.00-24.00  sec  73.8 KBytes   603 Kbits/sec  2.571 ms  0/252 (0%)  
- - - - - - - - - - - - - - - - - - - - - - - - -
[  5]  24.00-25.00  sec  24.3 KBytes   199 Kbits/sec  1.199 ms  0/83 (0%)  
[  6]  24.00-25.00  sec  24.3 KBytes   199 Kbits/sec  2.293 ms  0/83 (0%)  
[  9]  24.00-25.00  sec  24.3 KBytes   199 Kbits/sec  2.177 ms  0/83 (0%)  
[SUM]  24.00-25.00  sec  72.9 KBytes   597 Kbits/sec  1.890 ms  0/249 (0%)  
- - - - - - - - - - - - - - - - - - - - - - - - -
[  5]  25.00-26.00  sec  24.3 KBytes   200 Kbits/sec  2.398 ms  0/83 (0%)  
[  6]  25.00-26.00  sec  24.3 KBytes   200 Kbits/sec  3.133 ms  0/83 (0%)  
[  9]  25.00-26.00  sec  24.3 KBytes   200 Kbits/sec  2.931 ms  0/83 (0%)  
[SUM]  25.00-26.00  sec  72.9 KBytes   599 Kbits/sec  2.821 ms  0/249 (0%)  
- - - - - - - - - - - - - - - - - - - - - - - - -
[  5]  26.00-27.00  sec  24.6 KBytes   202 Kbits/sec  1.627 ms  0/84 (0%)  
[  6]  26.00-27.00  sec  24.3 KBytes   199 Kbits/sec  2.619 ms  0/83 (0%)  
[  9]  26.00-27.00  sec  24.6 KBytes   202 Kbits/sec  2.148 ms  0/84 (0%)  
[SUM]  26.00-27.00  sec  73.5 KBytes   603 Kbits/sec  2.131 ms  0/251 (0%)  
- - - - - - - - - - - - - - - - - - - - - - - - -
[  5]  27.00-28.00  sec  24.3 KBytes   199 Kbits/sec  1.422 ms  0/83 (0%)  
[  6]  27.00-28.00  sec  24.6 KBytes   202 Kbits/sec  2.372 ms  0/84 (0%)  
[  9]  27.00-28.00  sec  24.3 KBytes   199 Kbits/sec  1.869 ms  0/83 (0%)  
[SUM]  27.00-28.00  sec  73.2 KBytes   600 Kbits/sec  1.888 ms  0/250 (0%)  
- - - - - - - - - - - - - - - - - - - - - - - - -
[  5]  28.00-29.00  sec  24.3 KBytes   199 Kbits/sec  2.929 ms  0/83 (0%)  
[  6]  28.00-29.00  sec  24.3 KBytes   199 Kbits/sec  1.964 ms  0/83 (0%)  
[  9]  28.00-29.00  sec  24.3 KBytes   199 Kbits/sec  2.440 ms  0/83 (0%)  
[SUM]  28.00-29.00  sec  72.9 KBytes   598 Kbits/sec  2.445 ms  0/249 (0%)  
- - - - - - - - - - - - - - - - - - - - - - - - -
[  5]  29.00-30.00  sec  24.3 KBytes   199 Kbits/sec  2.468 ms  0/83 (0%)  
[  6]  29.00-30.00  sec  24.6 KBytes   201 Kbits/sec  1.692 ms  0/84 (0%)  
[  9]  29.00-30.00  sec  24.6 KBytes   201 Kbits/sec  1.914 ms  0/84 (0%)  
[SUM]  29.00-30.00  sec  73.5 KBytes   602 Kbits/sec  2.025 ms  0/251 (0%)  
- - - - - - - - - - - - - - - - - - - - - - - - -
[  5]  30.00-31.00  sec  24.3 KBytes   199 Kbits/sec  2.442 ms  0/84 (0%)  
[  6]  30.00-31.00  sec  24.3 KBytes   199 Kbits/sec  2.328 ms  0/83 (0%)  
[  9]  30.00-31.00  sec  24.3 KBytes   199 Kbits/sec  2.133 ms  0/83 (0%)  
[SUM]  30.00-31.00  sec  72.9 KBytes   598 Kbits/sec  2.301 ms  0/250 (0%)  
- - - - - - - - - - - - - - - - - - - - - - - - -
[  5]  31.00-32.00  sec  24.3 KBytes   199 Kbits/sec  2.436 ms  0/83 (0%)  
[  6]  31.00-32.00  sec  24.3 KBytes   199 Kbits/sec  2.417 ms  0/83 (0%)  
[  9]  31.00-32.00  sec  24.3 KBytes   199 Kbits/sec  1.957 ms  0/83 (0%)  
[SUM]  31.00-32.00  sec  72.9 KBytes   597 Kbits/sec  2.270 ms  0/249 (0%)  
- - - - - - - - - - - - - - - - - - - - - - - - -
[  5]  32.00-33.00  sec  24.3 KBytes   199 Kbits/sec  2.025 ms  0/83 (0%)  
[  6]  32.00-33.00  sec  24.3 KBytes   199 Kbits/sec  1.808 ms  0/83 (0%)  
[  9]  32.00-33.00  sec  24.6 KBytes   202 Kbits/sec  1.966 ms  0/84 (0%)  
[SUM]  32.00-33.00  sec  73.2 KBytes   600 Kbits/sec  1.933 ms  0/250 (0%)  
- - - - - - - - - - - - - - - - - - - - - - - - -
[  5]  33.00-34.00  sec  24.3 KBytes   199 Kbits/sec  1.417 ms  0/83 (0%)  
[  6]  33.00-34.00  sec  24.6 KBytes   202 Kbits/sec  1.605 ms  0/84 (0%)  
[  9]  33.00-34.00  sec  24.3 KBytes   199 Kbits/sec  1.569 ms  0/83 (0%)  
[SUM]  33.00-34.00  sec  73.2 KBytes   600 Kbits/sec  1.530 ms  0/250 (0%)  
- - - - - - - - - - - - - - - - - - - - - - - - -
[  5]  34.00-35.00  sec  24.6 KBytes   202 Kbits/sec  2.946 ms  0/84 (0%)  
[  6]  34.00-35.00  sec  24.3 KBytes   199 Kbits/sec  2.161 ms  0/83 (0%)  
[  9]  34.00-35.00  sec  24.3 KBytes   199 Kbits/sec  2.251 ms  0/83 (0%)  
[SUM]  34.00-35.00  sec  73.2 KBytes   600 Kbits/sec  2.453 ms  0/250 (0%)  
- - - - - - - - - - - - - - - - - - - - - - - - -
[  5]  35.00-36.00  sec  24.3 KBytes   199 Kbits/sec  1.888 ms  0/83 (0%)  
[  6]  35.00-36.00  sec  24.6 KBytes   201 Kbits/sec  2.253 ms  0/84 (0%)  
[  9]  35.00-36.00  sec  24.6 KBytes   201 Kbits/sec  1.679 ms  0/84 (0%)  
[SUM]  35.00-36.00  sec  73.5 KBytes   602 Kbits/sec  1.940 ms  0/251 (0%)  
- - - - - - - - - - - - - - - - - - - - - - - - -
[  5]  36.00-37.00  sec  24.6 KBytes   202 Kbits/sec  1.907 ms  0/84 (0%)  
[  6]  36.00-37.00  sec  24.3 KBytes   199 Kbits/sec  1.929 ms  0/83 (0%)  
[  9]  36.00-37.00  sec  24.3 KBytes   199 Kbits/sec  1.923 ms  0/83 (0%)  
[SUM]  36.00-37.00  sec  73.2 KBytes   600 Kbits/sec  1.919 ms  0/250 (0%)  
- - - - - - - - - - - - - - - - - - - - - - - - -
[  5]  37.00-38.00  sec  24.3 KBytes   199 Kbits/sec  2.057 ms  0/83 (0%)  
[  6]  37.00-38.00  sec  24.3 KBytes   199 Kbits/sec  2.576 ms  0/83 (0%)  
[  9]  37.00-38.00  sec  24.3 KBytes   199 Kbits/sec  2.289 ms  0/83 (0%)  
[SUM]  37.00-38.00  sec  72.9 KBytes   598 Kbits/sec  2.307 ms  0/249 (0%)  
- - - - - - - - - - - - - - - - - - - - - - - - -
[  5]  38.00-39.30  sec  22.3 KBytes   140 Kbits/sec  2.607 ms  0/76 (0%)  
[  6]  38.00-39.31  sec  22.6 KBytes   142 Kbits/sec  2.449 ms  0/77 (0%)  
[  9]  38.00-39.31  sec  22.3 KBytes   140 Kbits/sec  2.503 ms  0/76 (0%)  
[SUM]  38.00-39.30  sec  67.1 KBytes   422 Kbits/sec  2.520 ms  0/229 (0%)  
- - - - - - - - - - - - - - - - - - - - - - - - -
[  5]  39.30-40.00  sec  26.7 KBytes   313 Kbits/sec  2.450 ms  0/91 (0%)  
[  6]  39.31-40.00  sec  26.1 KBytes   306 Kbits/sec  2.577 ms  1/90 (1.1%)  
[  9]  39.31-40.00  sec  26.1 KBytes   306 Kbits/sec  3.519 ms  1/91 (1.1%)  
[SUM]  39.30-40.00  sec  78.8 KBytes   924 Kbits/sec  2.848 ms  2/272 (0.74%)  
- - - - - - - - - - - - - - - - - - - - - - - - -
[  5]  40.00-41.00  sec  24.3 KBytes   200 Kbits/sec  3.184 ms  0/83 (0%)  
[  6]  40.00-41.00  sec  24.3 KBytes   200 Kbits/sec  1.730 ms  0/83 (0%)  
[  9]  40.00-41.00  sec  24.3 KBytes   200 Kbits/sec  2.117 ms  0/83 (0%)  
[SUM]  40.00-41.00  sec  72.9 KBytes   599 Kbits/sec  2.344 ms  0/249 (0%)  
- - - - - - - - - - - - - - - - - - - - - - - - -
[  5]  41.00-42.00  sec  24.6 KBytes   202 Kbits/sec  2.723 ms  0/84 (0%)  
[  6]  41.00-42.00  sec  24.3 KBytes   199 Kbits/sec  2.922 ms  0/83 (0%)  
[  9]  41.00-42.00  sec  24.6 KBytes   202 Kbits/sec  2.490 ms  0/84 (0%)  
[SUM]  41.00-42.00  sec  73.5 KBytes   602 Kbits/sec  2.712 ms  0/251 (0%)  
- - - - - - - - - - - - - - - - - - - - - - - - -
[  5]  42.00-43.00  sec  24.3 KBytes   199 Kbits/sec  1.626 ms  0/83 (0%)  
[  6]  42.00-43.00  sec  24.6 KBytes   201 Kbits/sec  2.668 ms  0/84 (0%)  
[  9]  42.00-43.00  sec  24.0 KBytes   196 Kbits/sec  2.270 ms  0/82 (0%)  
[SUM]  42.00-43.00  sec  72.9 KBytes   596 Kbits/sec  2.188 ms  0/249 (0%)  
- - - - - - - - - - - - - - - - - - - - - - - - -
[  5]  43.00-44.00  sec  24.3 KBytes   199 Kbits/sec  2.459 ms  0/83 (0%)  
[  6]  43.00-44.00  sec  24.3 KBytes   199 Kbits/sec  2.737 ms  0/83 (0%)  
[  9]  43.00-44.00  sec  24.6 KBytes   202 Kbits/sec  2.253 ms  0/84 (0%)  
[SUM]  43.00-44.00  sec  73.2 KBytes   601 Kbits/sec  2.483 ms  0/250 (0%)  
- - - - - - - - - - - - - - - - - - - - - - - - -
[  5]  44.00-45.00  sec  24.3 KBytes   200 Kbits/sec  2.974 ms  0/83 (0%)  
[  6]  44.00-45.00  sec  24.3 KBytes   200 Kbits/sec  2.608 ms  0/83 (0%)  
[  9]  44.00-45.00  sec  24.3 KBytes   200 Kbits/sec  2.815 ms  0/83 (0%)  
[SUM]  44.00-45.00  sec  72.9 KBytes   599 Kbits/sec  2.799 ms  0/249 (0%)  
- - - - - - - - - - - - - - - - - - - - - - - - -
[  5]  45.00-46.00  sec  24.6 KBytes   201 Kbits/sec  2.308 ms  0/84 (0%)  
[  6]  45.00-46.00  sec  24.3 KBytes   199 Kbits/sec  2.462 ms  0/83 (0%)  
[  9]  45.00-46.00  sec  24.6 KBytes   201 Kbits/sec  1.964 ms  0/84 (0%)  
[SUM]  45.00-46.00  sec  73.5 KBytes   601 Kbits/sec  2.244 ms  0/251 (0%)  
- - - - - - - - - - - - - - - - - - - - - - - - -
[  5]  46.00-47.00  sec  24.3 KBytes   200 Kbits/sec  2.075 ms  0/83 (0%)  
[  6]  46.00-47.00  sec  24.6 KBytes   202 Kbits/sec  2.474 ms  0/84 (0%)  
[  9]  46.00-47.00  sec  24.3 KBytes   200 Kbits/sec  2.102 ms  0/83 (0%)  
[SUM]  46.00-47.00  sec  73.2 KBytes   601 Kbits/sec  2.217 ms  0/250 (0%)  
- - - - - - - - - - - - - - - - - - - - - - - - -
[  5]  47.00-48.00  sec  24.6 KBytes   202 Kbits/sec  2.597 ms  0/84 (0%)  
[  6]  47.00-48.00  sec  24.3 KBytes   199 Kbits/sec  2.468 ms  0/83 (0%)  
[  9]  47.00-48.00  sec  24.6 KBytes   202 Kbits/sec  1.929 ms  0/84 (0%)  
[SUM]  47.00-48.00  sec  73.5 KBytes   603 Kbits/sec  2.331 ms  0/251 (0%)  
- - - - - - - - - - - - - - - - - - - - - - - - -
[  5]  48.00-49.00  sec  24.3 KBytes   199 Kbits/sec  3.320 ms  0/83 (0%)  
[  6]  48.00-49.00  sec  24.6 KBytes   202 Kbits/sec  2.436 ms  0/84 (0%)  
[  9]  48.00-49.00  sec  24.3 KBytes   199 Kbits/sec  2.473 ms  0/83 (0%)  
[SUM]  48.00-49.00  sec  73.2 KBytes   600 Kbits/sec  2.743 ms  0/250 (0%)  
- - - - - - - - - - - - - - - - - - - - - - - - -
[  5]  49.00-50.00  sec  24.3 KBytes   199 Kbits/sec  1.885 ms  0/83 (0%)  
[  6]  49.00-50.00  sec  24.3 KBytes   199 Kbits/sec  1.998 ms  0/83 (0%)  
[  9]  49.00-50.00  sec  24.3 KBytes   199 Kbits/sec  2.096 ms  0/83 (0%)  
[SUM]  49.00-50.00  sec  72.9 KBytes   597 Kbits/sec  1.993 ms  0/249 (0%)  
- - - - - - - - - - - - - - - - - - - - - - - - -
[  5]  50.00-51.00  sec  24.3 KBytes   199 Kbits/sec  2.048 ms  0/83 (0%)  
[  6]  50.00-51.00  sec  24.3 KBytes   199 Kbits/sec  2.037 ms  0/83 (0%)  
[  9]  50.00-51.00  sec  24.3 KBytes   199 Kbits/sec  2.129 ms  0/83 (0%)  
[SUM]  50.00-51.00  sec  72.9 KBytes   598 Kbits/sec  2.071 ms  0/249 (0%)  
- - - - - - - - - - - - - - - - - - - - - - - - -
[  5]  51.00-52.00  sec  24.6 KBytes   202 Kbits/sec  3.396 ms  0/84 (0%)  
[  6]  51.00-52.00  sec  24.6 KBytes   202 Kbits/sec  2.492 ms  0/84 (0%)  
[  9]  51.00-52.00  sec  24.6 KBytes   202 Kbits/sec  2.214 ms  0/84 (0%)  
[SUM]  51.00-52.00  sec  73.8 KBytes   605 Kbits/sec  2.700 ms  0/252 (0%)  
- - - - - - - - - - - - - - - - - - - - - - - - -
[  5]  52.00-53.00  sec  24.3 KBytes   199 Kbits/sec  2.807 ms  0/83 (0%)  
[  6]  52.00-53.00  sec  24.3 KBytes   199 Kbits/sec  2.220 ms  0/83 (0%)  
[  9]  52.00-53.00  sec  24.3 KBytes   199 Kbits/sec  2.479 ms  0/83 (0%)  
[SUM]  52.00-53.00  sec  72.9 KBytes   597 Kbits/sec  2.502 ms  0/249 (0%)  
- - - - - - - - - - - - - - - - - - - - - - - - -
[  5]  53.00-54.00  sec  24.3 KBytes   199 Kbits/sec  2.237 ms  0/83 (0%)  
[  6]  53.00-54.00  sec  24.3 KBytes   199 Kbits/sec  2.107 ms  0/83 (0%)  
[  9]  53.00-54.00  sec  24.3 KBytes   199 Kbits/sec  2.162 ms  0/83 (0%)  
[SUM]  53.00-54.00  sec  72.9 KBytes   598 Kbits/sec  2.168 ms  0/249 (0%)  
- - - - - - - - - - - - - - - - - - - - - - - - -
[  5]  54.00-55.00  sec  24.6 KBytes   202 Kbits/sec  1.541 ms  0/84 (0%)  
[  6]  54.00-55.00  sec  24.6 KBytes   202 Kbits/sec  1.633 ms  0/84 (0%)  
[  9]  54.00-55.00  sec  24.6 KBytes   201 Kbits/sec  1.743 ms  0/84 (0%)  
[SUM]  54.00-55.00  sec  73.8 KBytes   605 Kbits/sec  1.639 ms  0/252 (0%)  
- - - - - - - - - - - - - - - - - - - - - - - - -
[  5]  55.00-56.00  sec  24.3 KBytes   199 Kbits/sec  1.882 ms  0/83 (0%)  
[  6]  55.00-56.00  sec  24.3 KBytes   199 Kbits/sec  2.346 ms  0/83 (0%)  
[  9]  55.00-56.00  sec  24.3 KBytes   199 Kbits/sec  2.082 ms  0/83 (0%)  
[SUM]  55.00-56.00  sec  72.9 KBytes   597 Kbits/sec  2.103 ms  0/249 (0%)  
- - - - - - - - - - - - - - - - - - - - - - - - -
[  5]  56.00-56.05  sec   600 Bytes   105 Kbits/sec  2.015 ms  0/2 (0%)  
[  6]  56.00-56.05  sec   600 Bytes   105 Kbits/sec  2.142 ms  0/2 (0%)  
[  9]  56.00-56.05  sec   600 Bytes   105 Kbits/sec  2.124 ms  0/2 (0%)  
[SUM]  56.00-56.05  sec  1.76 KBytes   314 Kbits/sec  2.094 ms  0/6 (0%)  
- - - - - - - - - - - - - - - - - - - - - - - - -
[ ID] Interval           Transfer     Bitrate         Jitter    Lost/Total Datagrams
[  5]   0.00-56.05  sec  1.34 MBytes   200 Kbits/sec  2.015 ms  0/4667 (0%)  receiver
[  6]   0.00-56.05  sec  1.33 MBytes   200 Kbits/sec  2.142 ms  1/4667 (0.021%)  receiver
[  9]   0.00-56.05  sec  1.33 MBytes   200 Kbits/sec  2.124 ms  1/4667 (0.021%)  receiver
[SUM]   0.00-56.05  sec  4.01 MBytes   599 Kbits/sec  2.094 ms  2/14001 (0.014%)  receiver
