
==============================================================================
  ACAPE v6.0.0   mode=tc-only   qdisc=fq_codel handle=10:
  metrics -> results_sweep/fq_codel_acape_mixed_s1/acape_metrics_ctl.csv
==============================================================================
      t    regime        traj      pred     dr/s    bl    tput flows eleph  tgt_ms   lim  adj
---------------------------------------------------------------------------------------------
    0.8     HEAVY      STABLE     HEAVY    100.1    42    8.38     0     0   5.000  1024    0
    1.5     HEAVY      STABLE     HEAVY    125.6     6   10.08     0     0   5.000  1024    0
    2.1  MODERATE  RECOVERING     LIGHT     29.7     6    9.47     0     0   5.000  1024    0
    3.4     HEAVY  RECOVERING  MODERATE     33.0     5    9.47     0     0   5.000  1024    0
    4.4     HEAVY      STABLE     HEAVY     34.3     7   10.34     0     0   5.000  1024    0
    5.5     HEAVY      STABLE     HEAVY     34.7     9   10.05     0     0   5.000  1024    0
    6.6     HEAVY      STABLE     HEAVY     35.0     6    9.98     0     0   5.000  1024    0
    8.3     HEAVY      STABLE     HEAVY     30.4     5    7.70     0     0   5.000  1024    0
    9.5     HEAVY      STABLE     HEAVY     37.3     5   10.86     0     0   5.000  1024    0
   10.5     HEAVY      STABLE     HEAVY     33.3     7   10.25     0     0   5.000  1024    0
   11.6     HEAVY      STABLE     HEAVY     33.7    10    9.90     0     0   5.000  1024    0
   12.6     HEAVY      STABLE     HEAVY     34.2     8   10.12     0     0   5.000  1024    0
   13.6     HEAVY      STABLE     HEAVY     33.4    10   10.04     0     0   5.000  1024    0
   14.6     HEAVY      STABLE     HEAVY     34.7     7    9.88     0     0   5.000  1024    0
   15.6     HEAVY      STABLE     HEAVY     33.5     4   10.02     0     0   5.000  1024    0
   16.6     HEAVY      STABLE     HEAVY     34.1     7   10.08     0     0   5.000  1024    0
   17.6     HEAVY      STABLE     HEAVY     32.9     7   10.11     0     0   5.000  1024    0
   18.7     HEAVY      STABLE     HEAVY     31.7     9    9.48     0     0   5.000  1024    0
   19.7     HEAVY      STABLE     HEAVY     35.8     8   10.50     0     0   5.000  1024    0
   20.7     HEAVY      STABLE     HEAVY     33.4     6    9.90     0     0   4.500   921    1
   22.8     HEAVY      STABLE     HEAVY     35.2     4   10.03     0     0   4.500   921    1
   23.8     HEAVY      STABLE     HEAVY     33.6     5    9.83     0     0   4.500   921    1
   24.8     HEAVY      STABLE     HEAVY     33.2     7   10.00     0     0   4.500   921    1
   25.9     HEAVY      STABLE     HEAVY     35.1     9    9.94     0     0   4.500   921    1
   26.9     HEAVY      STABLE     HEAVY     36.1     7   10.13     0     0   4.500   921    1
   27.8     HEAVY      STABLE     HEAVY     33.9     9   10.00     0     0   4.500   921    1
   29.0     HEAVY      STABLE     HEAVY     36.2     9    9.96     0     0   4.500   921    1
   30.2     HEAVY      STABLE     HEAVY     30.6     9    9.51     0     0   4.500   921    1
   31.1     HEAVY      STABLE     HEAVY     37.5     6   10.25     0     0   4.500   921    1
   32.1     HEAVY      STABLE     HEAVY     37.2     7   10.02     0     0   4.050   828    2
   34.2     HEAVY      STABLE     HEAVY     33.2     9    9.89     0     0   4.050   828    2
   35.2     HEAVY      STABLE     HEAVY     36.7     8    9.93     0     0   4.050   828    2
   36.2     HEAVY      STABLE     HEAVY     36.6     8   10.24     0     0   4.050   828    2
   37.2     HEAVY      STABLE     HEAVY     34.0     9    9.92     0     0   4.050   828    2
   38.1     HEAVY      STABLE     HEAVY     35.6     7   10.09     0     0   4.050   828    2
   39.1     HEAVY      STABLE     HEAVY     36.3     8    9.68     0     0   4.050   828    2
   40.1     HEAVY      STABLE     HEAVY     35.1     7   10.24     0     0   4.050   828    2
   41.0     HEAVY      STABLE     HEAVY     35.1     9   10.00     0     0   4.050   828    2
   42.1     HEAVY      STABLE     HEAVY     35.4     6    9.85     0     0   4.050   828    2
   43.1     HEAVY      STABLE     HEAVY     33.7     4   10.04     0     0   3.640   745    3
   45.1     HEAVY      STABLE     HEAVY     39.3     5   10.07     0     0   3.640   745    3
   46.0     HEAVY      STABLE     HEAVY     37.8     8    9.98     0     0   3.640   745    3
   47.0     HEAVY      STABLE     HEAVY     37.4     8    9.91     0     0   3.640   745    3
   48.0     HEAVY      STABLE     HEAVY     39.2     6    9.84     0     0   3.640   745    3
   49.0     HEAVY      STABLE     HEAVY     36.0     6   10.28     0     0   3.640   745    3
   50.1     HEAVY      STABLE     HEAVY     39.1     3    9.90     0     0   3.640   745    3
   51.1     HEAVY      STABLE     HEAVY     36.5     8   10.07     0     0   3.640   745    3
   52.2     HEAVY      STABLE     HEAVY     35.7     9    8.87     0     0   3.640   745    3
   53.2     HEAVY      STABLE     HEAVY     39.2     6   11.13     0     0   3.640   745    3
   54.2     HEAVY      STABLE     HEAVY     37.0    12   10.13     0     0   3.270   670    4
   56.2     HEAVY      STABLE     HEAVY     40.0     7    9.98     0     0   3.270   670    4
   57.1     HEAVY      STABLE     HEAVY     35.1     7    9.44     0     0   3.270   670    4
   58.1     HEAVY      STABLE     HEAVY     41.4     5   10.69     0     0   3.270   670    4
   58.8     HEAVY      STABLE     HEAVY     39.2     8    9.97     0     0   3.270   670    4
   59.5     HEAVY      STABLE     HEAVY     41.4     6   10.10     0     0   3.270   670    4

Done — 56 ticks, 4 adjustments (0 predictive), mode=tc-only
