-----------------------------------------------------------
Server listening on 5202 (test #1)
-----------------------------------------------------------
Accepted connection from 192.168.1.2, port 57358
[  5] local 192.168.2.2 port 5202 connected to 192.168.1.2 port 51168
[  6] local 192.168.2.2 port 5202 connected to 192.168.1.2 port 57414
[  9] local 192.168.2.2 port 5202 connected to 192.168.1.2 port 36321
[ ID] Interval           Transfer     Bitrate         Jitter    Lost/Total Datagrams
[  5]   0.00-1.00   sec  24.0 KBytes   196 Kbits/sec  3.709 ms  0/82 (0%)  
[  6]   0.00-1.00   sec  24.0 KBytes   196 Kbits/sec  3.497 ms  0/82 (0%)  
[  9]   0.00-1.00   sec  24.0 KBytes   196 Kbits/sec  2.521 ms  0/82 (0%)  
[SUM]   0.00-1.00   sec  72.1 KBytes   589 Kbits/sec  3.242 ms  0/246 (0%)  
- - - - - - - - - - - - - - - - - - - - - - - - -
[  5]   1.00-2.00   sec  24.3 KBytes   199 Kbits/sec  2.396 ms  0/83 (0%)  
[  6]   1.00-2.00   sec  24.3 KBytes   200 Kbits/sec  1.970 ms  0/83 (0%)  
[  9]   1.00-2.00   sec  24.3 KBytes   200 Kbits/sec  2.035 ms  0/83 (0%)  
[SUM]   1.00-2.00   sec  72.9 KBytes   598 Kbits/sec  2.134 ms  0/249 (0%)  
- - - - - - - - - - - - - - - - - - - - - - - - -
[  5]   2.00-3.00   sec  24.3 KBytes   199 Kbits/sec  2.565 ms  0/83 (0%)  
[  6]   2.00-3.00   sec  24.3 KBytes   199 Kbits/sec  2.369 ms  0/83 (0%)  
[  9]   2.00-3.00   sec  24.3 KBytes   199 Kbits/sec  2.373 ms  0/83 (0%)  
[SUM]   2.00-3.00   sec  72.9 KBytes   598 Kbits/sec  2.436 ms  0/249 (0%)  
- - - - - - - - - - - - - - - - - - - - - - - - -
[  5]   3.00-4.00   sec  24.6 KBytes   201 Kbits/sec  2.110 ms  0/84 (0%)  
[  6]   3.00-4.00   sec  24.6 KBytes   201 Kbits/sec  1.903 ms  0/84 (0%)  
[  9]   3.00-4.00   sec  24.6 KBytes   201 Kbits/sec  1.678 ms  0/84 (0%)  
[SUM]   3.00-4.00   sec  73.8 KBytes   604 Kbits/sec  1.897 ms  0/252 (0%)  
- - - - - - - - - - - - - - - - - - - - - - - - -
[  5]   4.00-5.00   sec  24.3 KBytes   199 Kbits/sec  2.179 ms  0/83 (0%)  
[  6]   4.00-5.00   sec  24.3 KBytes   199 Kbits/sec  1.577 ms  0/83 (0%)  
[  9]   4.00-5.00   sec  24.3 KBytes   199 Kbits/sec  2.339 ms  0/83 (0%)  
[SUM]   4.00-5.00   sec  72.9 KBytes   597 Kbits/sec  2.032 ms  0/249 (0%)  
- - - - - - - - - - - - - - - - - - - - - - - - -
[  5]   5.00-6.00   sec  24.0 KBytes   197 Kbits/sec  2.718 ms  2/84 (2.4%)  
[  6]   5.00-6.00   sec  24.0 KBytes   197 Kbits/sec  3.484 ms  1/83 (1.2%)  
[  9]   5.00-6.00   sec  24.0 KBytes   197 Kbits/sec  4.016 ms  1/83 (1.2%)  
[SUM]   5.00-6.00   sec  72.1 KBytes   592 Kbits/sec  3.406 ms  4/250 (1.6%)  
- - - - - - - - - - - - - - - - - - - - - - - - -
[  5]   6.00-7.00   sec  24.3 KBytes   199 Kbits/sec  2.313 ms  0/83 (0%)  
[  6]   6.00-7.00   sec  24.6 KBytes   201 Kbits/sec  2.439 ms  0/84 (0%)  
[  9]   6.00-7.00   sec  24.6 KBytes   201 Kbits/sec  1.939 ms  0/84 (0%)  
[SUM]   6.00-7.00   sec  73.5 KBytes   601 Kbits/sec  2.231 ms  0/251 (0%)  
- - - - - - - - - - - - - - - - - - - - - - - - -
[  5]   7.00-8.00   sec  24.3 KBytes   200 Kbits/sec  1.897 ms  0/83 (0%)  
[  6]   7.00-8.00   sec  24.3 KBytes   200 Kbits/sec  2.170 ms  0/83 (0%)  
[  9]   7.00-8.00   sec  24.3 KBytes   200 Kbits/sec  2.055 ms  0/83 (0%)  
[SUM]   7.00-8.00   sec  72.9 KBytes   599 Kbits/sec  2.041 ms  0/249 (0%)  
- - - - - - - - - - - - - - - - - - - - - - - - -
[  5]   8.00-9.00   sec  24.3 KBytes   199 Kbits/sec  1.763 ms  0/83 (0%)  
[  6]   8.00-9.00   sec  24.6 KBytes   201 Kbits/sec  1.971 ms  0/84 (0%)  
[  9]   8.00-9.00   sec  24.3 KBytes   199 Kbits/sec  1.645 ms  0/83 (0%)  
[SUM]   8.00-9.00   sec  73.2 KBytes   599 Kbits/sec  1.793 ms  0/250 (0%)  
- - - - - - - - - - - - - - - - - - - - - - - - -
[  5]   9.00-10.00  sec  24.6 KBytes   202 Kbits/sec  1.538 ms  0/84 (0%)  
[  6]   9.00-10.00  sec  24.3 KBytes   199 Kbits/sec  1.805 ms  0/83 (0%)  
[  9]   9.00-10.00  sec  24.6 KBytes   202 Kbits/sec  1.299 ms  0/84 (0%)  
[SUM]   9.00-10.00  sec  73.5 KBytes   602 Kbits/sec  1.547 ms  0/251 (0%)  
- - - - - - - - - - - - - - - - - - - - - - - - -
[  5]  10.00-11.00  sec  24.3 KBytes   199 Kbits/sec  1.910 ms  0/83 (0%)  
[  6]  10.00-11.00  sec  24.3 KBytes   199 Kbits/sec  2.162 ms  0/83 (0%)  
[  9]  10.00-11.00  sec  24.3 KBytes   199 Kbits/sec  1.917 ms  0/83 (0%)  
[SUM]  10.00-11.00  sec  72.9 KBytes   598 Kbits/sec  1.996 ms  0/249 (0%)  
- - - - - - - - - - - - - - - - - - - - - - - - -
[  5]  11.00-12.00  sec  24.3 KBytes   199 Kbits/sec  1.889 ms  0/83 (0%)  
[  6]  11.00-12.00  sec  24.3 KBytes   199 Kbits/sec  1.770 ms  0/83 (0%)  
[  9]  11.00-12.00  sec  24.3 KBytes   199 Kbits/sec  1.603 ms  0/83 (0%)  
[SUM]  11.00-12.00  sec  72.9 KBytes   598 Kbits/sec  1.754 ms  0/249 (0%)  
- - - - - - - - - - - - - - - - - - - - - - - - -
[  5]  12.00-13.00  sec  24.6 KBytes   202 Kbits/sec  2.068 ms  0/84 (0%)  
[  6]  12.00-13.00  sec  24.6 KBytes   202 Kbits/sec  2.226 ms  0/84 (0%)  
[  9]  12.00-13.00  sec  24.6 KBytes   202 Kbits/sec  1.954 ms  0/84 (0%)  
[SUM]  12.00-13.00  sec  73.8 KBytes   605 Kbits/sec  2.083 ms  0/252 (0%)  
- - - - - - - - - - - - - - - - - - - - - - - - -
[  5]  13.00-14.00  sec  24.3 KBytes   199 Kbits/sec  1.702 ms  0/83 (0%)  
[  6]  13.00-14.00  sec  24.3 KBytes   199 Kbits/sec  1.670 ms  0/83 (0%)  
[  9]  13.00-14.00  sec  24.3 KBytes   199 Kbits/sec  2.024 ms  0/83 (0%)  
[SUM]  13.00-14.00  sec  72.9 KBytes   596 Kbits/sec  1.799 ms  0/249 (0%)  
- - - - - - - - - - - - - - - - - - - - - - - - -
[  5]  14.00-15.00  sec  24.3 KBytes   200 Kbits/sec  1.951 ms  0/83 (0%)  
[  6]  14.00-15.00  sec  24.3 KBytes   200 Kbits/sec  1.854 ms  0/83 (0%)  
[  9]  14.00-15.00  sec  24.3 KBytes   200 Kbits/sec  1.617 ms  0/83 (0%)  
[SUM]  14.00-15.00  sec  72.9 KBytes   599 Kbits/sec  1.807 ms  0/249 (0%)  
- - - - - - - - - - - - - - - - - - - - - - - - -
[  5]  15.00-16.00  sec  24.6 KBytes   201 Kbits/sec  2.647 ms  0/84 (0%)  
[  6]  15.00-16.00  sec  24.6 KBytes   201 Kbits/sec  1.962 ms  0/84 (0%)  
[  9]  15.00-16.00  sec  24.6 KBytes   201 Kbits/sec  2.390 ms  0/84 (0%)  
[SUM]  15.00-16.00  sec  73.8 KBytes   604 Kbits/sec  2.333 ms  0/252 (0%)  
- - - - - - - - - - - - - - - - - - - - - - - - -
[  5]  16.00-17.00  sec  24.3 KBytes   199 Kbits/sec  2.413 ms  0/83 (0%)  
[  6]  16.00-17.00  sec  24.3 KBytes   199 Kbits/sec  2.286 ms  0/83 (0%)  
[  9]  16.00-17.00  sec  24.3 KBytes   199 Kbits/sec  1.808 ms  0/83 (0%)  
[SUM]  16.00-17.00  sec  72.9 KBytes   597 Kbits/sec  2.169 ms  0/249 (0%)  
- - - - - - - - - - - - - - - - - - - - - - - - -
[  5]  17.00-18.00  sec  24.3 KBytes   199 Kbits/sec  2.406 ms  0/83 (0%)  
[  6]  17.00-18.00  sec  24.3 KBytes   199 Kbits/sec  2.189 ms  0/83 (0%)  
[  9]  17.00-18.00  sec  24.6 KBytes   202 Kbits/sec  2.460 ms  0/84 (0%)  
[SUM]  17.00-18.00  sec  73.2 KBytes   601 Kbits/sec  2.352 ms  0/250 (0%)  
- - - - - - - - - - - - - - - - - - - - - - - - -
[  5]  18.00-19.00  sec  24.6 KBytes   202 Kbits/sec  2.109 ms  0/84 (0%)  
[  6]  18.00-19.00  sec  24.6 KBytes   202 Kbits/sec  2.584 ms  0/84 (0%)  
[  9]  18.00-19.00  sec  24.0 KBytes   197 Kbits/sec  2.082 ms  0/82 (0%)  
[SUM]  18.00-19.00  sec  73.2 KBytes   601 Kbits/sec  2.258 ms  0/250 (0%)  
- - - - - - - - - - - - - - - - - - - - - - - - -
[  5]  19.00-20.00  sec  24.3 KBytes   199 Kbits/sec  1.622 ms  0/83 (0%)  
[  6]  19.00-20.00  sec  24.3 KBytes   199 Kbits/sec  1.892 ms  0/83 (0%)  
[  9]  19.00-20.00  sec  24.6 KBytes   202 Kbits/sec  1.443 ms  0/84 (0%)  
[SUM]  19.00-20.00  sec  73.2 KBytes   600 Kbits/sec  1.652 ms  0/250 (0%)  
- - - - - - - - - - - - - - - - - - - - - - - - -
[  5]  20.00-21.00  sec  24.3 KBytes   199 Kbits/sec  1.666 ms  0/83 (0%)  
[  6]  20.00-21.00  sec  24.3 KBytes   199 Kbits/sec  1.887 ms  0/83 (0%)  
[  9]  20.00-21.00  sec  24.3 KBytes   199 Kbits/sec  1.590 ms  0/83 (0%)  
[SUM]  20.00-21.00  sec  72.9 KBytes   598 Kbits/sec  1.714 ms  0/249 (0%)  
- - - - - - - - - - - - - - - - - - - - - - - - -
[  5]  21.00-22.00  sec  24.6 KBytes   202 Kbits/sec  1.989 ms  0/84 (0%)  
[  6]  21.00-22.00  sec  24.6 KBytes   202 Kbits/sec  2.233 ms  0/84 (0%)  
[  9]  21.00-22.00  sec  24.6 KBytes   202 Kbits/sec  1.414 ms  0/84 (0%)  
[SUM]  21.00-22.00  sec  73.8 KBytes   605 Kbits/sec  1.879 ms  0/252 (0%)  
- - - - - - - - - - - - - - - - - - - - - - - - -
[  5]  22.00-23.00  sec  24.3 KBytes   199 Kbits/sec  1.330 ms  0/83 (0%)  
[  6]  22.00-23.00  sec  24.3 KBytes   199 Kbits/sec  1.497 ms  0/83 (0%)  
[  9]  22.00-23.00  sec  24.3 KBytes   199 Kbits/sec  1.210 ms  0/83 (0%)  
[SUM]  22.00-23.00  sec  72.9 KBytes   598 Kbits/sec  1.346 ms  0/249 (0%)  
- - - - - - - - - - - - - - - - - - - - - - - - -
[  5]  23.00-24.00  sec  24.3 KBytes   199 Kbits/sec  1.937 ms  0/83 (0%)  
[  6]  23.00-24.00  sec  24.6 KBytes   202 Kbits/sec  1.986 ms  0/84 (0%)  
[  9]  23.00-24.00  sec  24.6 KBytes   202 Kbits/sec  1.864 ms  0/84 (0%)  
[SUM]  23.00-24.00  sec  73.5 KBytes   602 Kbits/sec  1.929 ms  0/251 (0%)  
- - - - - - - - - - - - - - - - - - - - - - - - -
[  5]  24.00-25.00  sec  24.6 KBytes   201 Kbits/sec  2.678 ms  0/84 (0%)  
[  6]  24.00-25.00  sec  24.3 KBytes   199 Kbits/sec  2.257 ms  0/83 (0%)  
[  9]  24.00-25.00  sec  24.3 KBytes   199 Kbits/sec  2.475 ms  0/83 (0%)  
[SUM]  24.00-25.00  sec  73.2 KBytes   599 Kbits/sec  2.470 ms  0/250 (0%)  
- - - - - - - - - - - - - - - - - - - - - - - - -
[  5]  25.00-26.00  sec  24.3 KBytes   200 Kbits/sec  2.384 ms  0/83 (0%)  
[  6]  25.00-26.00  sec  24.3 KBytes   200 Kbits/sec  2.819 ms  0/83 (0%)  
[  9]  25.00-26.00  sec  24.3 KBytes   200 Kbits/sec  1.494 ms  0/83 (0%)  
[SUM]  25.00-26.00  sec  72.9 KBytes   599 Kbits/sec  2.233 ms  0/249 (0%)  
- - - - - - - - - - - - - - - - - - - - - - - - -
[  5]  26.00-27.00  sec  24.3 KBytes   199 Kbits/sec  2.093 ms  0/83 (0%)  
[  6]  26.00-27.00  sec  24.3 KBytes   199 Kbits/sec  2.302 ms  0/83 (0%)  
[  9]  26.00-27.00  sec  24.6 KBytes   202 Kbits/sec  2.108 ms  0/84 (0%)  
[SUM]  26.00-27.00  sec  73.2 KBytes   600 Kbits/sec  2.168 ms  0/250 (0%)  
- - - - - - - - - - - - - - - - - - - - - - - - -
[  5]  27.00-28.00  sec  24.3 KBytes   199 Kbits/sec  3.343 ms  0/83 (0%)  
[  6]  27.00-28.00  sec  24.6 KBytes   202 Kbits/sec  2.551 ms  0/84 (0%)  
[  9]  27.00-28.00  sec  24.0 KBytes   197 Kbits/sec  2.756 ms  0/82 (0%)  
[SUM]  27.00-28.00  sec  72.9 KBytes   598 Kbits/sec  2.883 ms  0/249 (0%)  
- - - - - - - - - - - - - - - - - - - - - - - - -
[  5]  28.00-29.00  sec  24.6 KBytes   201 Kbits/sec  1.469 ms  0/84 (0%)  
[  6]  28.00-29.00  sec  24.3 KBytes   199 Kbits/sec  1.863 ms  0/83 (0%)  
[  9]  28.00-29.00  sec  24.6 KBytes   201 Kbits/sec  1.426 ms  0/84 (0%)  
[SUM]  28.00-29.00  sec  73.5 KBytes   602 Kbits/sec  1.586 ms  0/251 (0%)  
- - - - - - - - - - - - - - - - - - - - - - - - -
[  5]  29.00-30.00  sec  24.6 KBytes   201 Kbits/sec  2.274 ms  0/84 (0%)  
[  6]  29.00-30.00  sec  24.6 KBytes   201 Kbits/sec  1.829 ms  0/84 (0%)  
[  9]  29.00-30.00  sec  24.6 KBytes   201 Kbits/sec  1.369 ms  0/84 (0%)  
[SUM]  29.00-30.00  sec  73.8 KBytes   604 Kbits/sec  1.824 ms  0/252 (0%)  
- - - - - - - - - - - - - - - - - - - - - - - - -
[  5]  30.00-31.00  sec  24.0 KBytes   197 Kbits/sec  1.535 ms  0/82 (0%)  
[  6]  30.00-31.00  sec  24.0 KBytes   197 Kbits/sec  2.424 ms  0/82 (0%)  
[  9]  30.00-31.00  sec  24.3 KBytes   200 Kbits/sec  1.845 ms  0/83 (0%)  
[SUM]  30.00-31.00  sec  72.4 KBytes   594 Kbits/sec  1.935 ms  0/247 (0%)  
- - - - - - - - - - - - - - - - - - - - - - - - -
[  5]  31.00-32.00  sec  24.6 KBytes   202 Kbits/sec  1.811 ms  0/84 (0%)  
[  6]  31.00-32.00  sec  24.6 KBytes   202 Kbits/sec  1.928 ms  0/84 (0%)  
[  9]  31.00-32.00  sec  24.3 KBytes   199 Kbits/sec  1.582 ms  0/83 (0%)  
[SUM]  31.00-32.00  sec  73.5 KBytes   602 Kbits/sec  1.774 ms  0/251 (0%)  
- - - - - - - - - - - - - - - - - - - - - - - - -
[  5]  32.00-33.00  sec  24.3 KBytes   199 Kbits/sec  2.315 ms  0/83 (0%)  
[  6]  32.00-33.00  sec  24.3 KBytes   199 Kbits/sec  2.348 ms  0/83 (0%)  
[  9]  32.00-33.00  sec  24.6 KBytes   201 Kbits/sec  1.461 ms  0/84 (0%)  
[SUM]  32.00-33.00  sec  73.2 KBytes   600 Kbits/sec  2.042 ms  0/250 (0%)  
- - - - - - - - - - - - - - - - - - - - - - - - -
[  5]  33.00-34.00  sec  24.6 KBytes   201 Kbits/sec  3.287 ms  0/84 (0%)  
[  6]  33.00-34.00  sec  24.3 KBytes   199 Kbits/sec  1.953 ms  0/84 (0%)  
[  9]  33.00-34.00  sec  24.3 KBytes   199 Kbits/sec  1.818 ms  0/83 (0%)  
[SUM]  33.00-34.00  sec  73.2 KBytes   599 Kbits/sec  2.353 ms  0/251 (0%)  
- - - - - - - - - - - - - - - - - - - - - - - - -
[  5]  34.00-35.00  sec  24.3 KBytes   200 Kbits/sec  1.829 ms  0/83 (0%)  
[  6]  34.00-35.00  sec  24.3 KBytes   200 Kbits/sec  1.717 ms  0/83 (0%)  
[  9]  34.00-35.00  sec  24.3 KBytes   200 Kbits/sec  2.133 ms  0/83 (0%)  
[SUM]  34.00-35.00  sec  72.9 KBytes   599 Kbits/sec  1.893 ms  0/249 (0%)  
- - - - - - - - - - - - - - - - - - - - - - - - -
[  5]  35.00-36.00  sec  24.3 KBytes   199 Kbits/sec  2.025 ms  0/83 (0%)  
[  6]  35.00-36.00  sec  24.3 KBytes   199 Kbits/sec  1.740 ms  0/83 (0%)  
[  9]  35.00-36.00  sec  24.3 KBytes   199 Kbits/sec  1.960 ms  0/83 (0%)  
[SUM]  35.00-36.00  sec  72.9 KBytes   598 Kbits/sec  1.908 ms  0/249 (0%)  
- - - - - - - - - - - - - - - - - - - - - - - - -
[  5]  36.00-37.00  sec  24.6 KBytes   202 Kbits/sec  1.608 ms  0/84 (0%)  
[  6]  36.00-37.00  sec  24.6 KBytes   202 Kbits/sec  1.140 ms  0/84 (0%)  
[  9]  36.00-37.00  sec  24.6 KBytes   202 Kbits/sec  1.902 ms  0/84 (0%)  
[SUM]  36.00-37.00  sec  73.8 KBytes   605 Kbits/sec  1.550 ms  0/252 (0%)  
- - - - - - - - - - - - - - - - - - - - - - - - -
[  5]  37.00-38.00  sec  24.3 KBytes   199 Kbits/sec  1.695 ms  0/83 (0%)  
[  6]  37.00-38.00  sec  24.3 KBytes   199 Kbits/sec  2.185 ms  0/83 (0%)  
[  9]  37.00-38.00  sec  24.3 KBytes   199 Kbits/sec  1.717 ms  0/83 (0%)  
[SUM]  37.00-38.00  sec  72.9 KBytes   597 Kbits/sec  1.866 ms  0/249 (0%)  
- - - - - - - - - - - - - - - - - - - - - - - - -
[  5]  38.00-39.00  sec  24.3 KBytes   199 Kbits/sec  1.553 ms  0/83 (0%)  
[  6]  38.00-39.00  sec  24.6 KBytes   202 Kbits/sec  1.839 ms  0/84 (0%)  
[  9]  38.00-39.00  sec  24.3 KBytes   199 Kbits/sec  1.521 ms  0/83 (0%)  
[SUM]  38.00-39.00  sec  73.2 KBytes   600 Kbits/sec  1.638 ms  0/250 (0%)  
- - - - - - - - - - - - - - - - - - - - - - - - -
[  5]  39.00-40.00  sec  24.6 KBytes   201 Kbits/sec  1.910 ms  0/84 (0%)  
[  6]  39.00-40.00  sec  24.3 KBytes   199 Kbits/sec  1.685 ms  0/83 (0%)  
[  9]  39.00-40.00  sec  24.6 KBytes   201 Kbits/sec  1.313 ms  0/84 (0%)  
[SUM]  39.00-40.00  sec  73.5 KBytes   602 Kbits/sec  1.636 ms  0/251 (0%)  
- - - - - - - - - - - - - - - - - - - - - - - - -
[  5]  40.00-41.00  sec  24.3 KBytes   199 Kbits/sec  2.049 ms  0/83 (0%)  
[  6]  40.00-41.00  sec  24.3 KBytes   199 Kbits/sec  2.326 ms  0/83 (0%)  
[  9]  40.00-41.00  sec  24.3 KBytes   199 Kbits/sec  2.141 ms  0/83 (0%)  
[SUM]  40.00-41.00  sec  72.9 KBytes   598 Kbits/sec  2.172 ms  0/249 (0%)  
- - - - - - - - - - - - - - - - - - - - - - - - -
[  5]  41.00-42.00  sec  24.3 KBytes   199 Kbits/sec  1.416 ms  0/83 (0%)  
[  6]  41.00-42.00  sec  24.3 KBytes   199 Kbits/sec  1.896 ms  0/83 (0%)  
[  9]  41.00-42.00  sec  24.6 KBytes   201 Kbits/sec  1.127 ms  0/84 (0%)  
[SUM]  41.00-42.00  sec  73.2 KBytes   599 Kbits/sec  1.480 ms  0/250 (0%)  
- - - - - - - - - - - - - - - - - - - - - - - - -
[  5]  42.00-43.00  sec  24.6 KBytes   202 Kbits/sec  1.700 ms  0/84 (0%)  
[  6]  42.00-43.00  sec  24.6 KBytes   202 Kbits/sec  1.255 ms  0/84 (0%)  
[  9]  42.00-43.00  sec  24.3 KBytes   200 Kbits/sec  1.141 ms  0/83 (0%)  
[SUM]  42.00-43.00  sec  73.5 KBytes   604 Kbits/sec  1.366 ms  0/251 (0%)  
- - - - - - - - - - - - - - - - - - - - - - - - -
[  5]  43.00-44.00  sec  24.3 KBytes   199 Kbits/sec  1.760 ms  0/83 (0%)  
[  6]  43.00-44.00  sec  24.3 KBytes   199 Kbits/sec  2.011 ms  0/83 (0%)  
[  9]  43.00-44.00  sec  24.3 KBytes   199 Kbits/sec  1.604 ms  0/83 (0%)  
[SUM]  43.00-44.00  sec  72.9 KBytes   597 Kbits/sec  1.792 ms  0/249 (0%)  
- - - - - - - - - - - - - - - - - - - - - - - - -
[  5]  44.00-45.00  sec  24.3 KBytes   199 Kbits/sec  1.648 ms  0/83 (0%)  
[  6]  44.00-45.00  sec  24.3 KBytes   199 Kbits/sec  1.565 ms  0/83 (0%)  
[  9]  44.00-45.00  sec  24.3 KBytes   199 Kbits/sec  1.169 ms  0/83 (0%)  
[SUM]  44.00-45.00  sec  72.9 KBytes   597 Kbits/sec  1.461 ms  0/249 (0%)  
- - - - - - - - - - - - - - - - - - - - - - - - -
[  5]  45.00-46.00  sec  24.6 KBytes   202 Kbits/sec  1.463 ms  0/84 (0%)  
[  6]  45.00-46.00  sec  24.6 KBytes   202 Kbits/sec  1.470 ms  0/84 (0%)  
[  9]  45.00-46.00  sec  24.6 KBytes   202 Kbits/sec  1.553 ms  0/84 (0%)  
[SUM]  45.00-46.00  sec  73.8 KBytes   605 Kbits/sec  1.496 ms  0/252 (0%)  
- - - - - - - - - - - - - - - - - - - - - - - - -
[  5]  46.00-47.00  sec  24.3 KBytes   199 Kbits/sec  1.479 ms  0/83 (0%)  
[  6]  46.00-47.00  sec  24.3 KBytes   199 Kbits/sec  1.626 ms  0/83 (0%)  
[  9]  46.00-47.00  sec  24.3 KBytes   199 Kbits/sec  1.441 ms  0/83 (0%)  
[SUM]  46.00-47.00  sec  72.9 KBytes   598 Kbits/sec  1.516 ms  0/249 (0%)  
- - - - - - - - - - - - - - - - - - - - - - - - -
[  5]  47.00-48.00  sec  24.3 KBytes   199 Kbits/sec  2.049 ms  0/83 (0%)  
[  6]  47.00-48.00  sec  24.3 KBytes   199 Kbits/sec  2.216 ms  0/83 (0%)  
[  9]  47.00-48.00  sec  24.6 KBytes   202 Kbits/sec  2.626 ms  0/84 (0%)  
[SUM]  47.00-48.00  sec  73.2 KBytes   600 Kbits/sec  2.297 ms  0/250 (0%)  
- - - - - - - - - - - - - - - - - - - - - - - - -
[  5]  48.00-49.00  sec  24.6 KBytes   202 Kbits/sec  1.569 ms  0/84 (0%)  
[  6]  48.00-49.00  sec  24.6 KBytes   202 Kbits/sec  1.901 ms  0/84 (0%)  
[  9]  48.00-49.00  sec  24.3 KBytes   199 Kbits/sec  1.951 ms  0/83 (0%)  
[SUM]  48.00-49.00  sec  73.5 KBytes   602 Kbits/sec  1.807 ms  0/251 (0%)  
- - - - - - - - - - - - - - - - - - - - - - - - -
[  5]  49.00-50.01  sec  23.1 KBytes   188 Kbits/sec  1.664 ms  0/79 (0%)  
[  6]  49.00-50.01  sec  23.1 KBytes   188 Kbits/sec  1.812 ms  0/79 (0%)  
[  9]  49.00-50.01  sec  23.1 KBytes   188 Kbits/sec  7.596 ms  0/79 (0%)  
[SUM]  49.00-50.01  sec  69.4 KBytes   563 Kbits/sec  3.691 ms  0/237 (0%)  
- - - - - - - - - - - - - - - - - - - - - - - - -
[  5]  50.01-51.00  sec  25.8 KBytes   213 Kbits/sec  1.804 ms  0/88 (0%)  
[  6]  50.01-51.00  sec  25.5 KBytes   211 Kbits/sec  1.472 ms  0/87 (0%)  
[  9]  50.01-51.00  sec  25.5 KBytes   211 Kbits/sec  1.459 ms  0/87 (0%)  
[SUM]  50.01-51.00  sec  76.8 KBytes   635 Kbits/sec  1.578 ms  0/262 (0%)  
- - - - - - - - - - - - - - - - - - - - - - - - -
[  5]  51.00-52.00  sec  24.3 KBytes   199 Kbits/sec  1.870 ms  0/83 (0%)  
[  6]  51.00-52.00  sec  24.6 KBytes   201 Kbits/sec  1.868 ms  0/84 (0%)  
[  9]  51.00-52.00  sec  24.6 KBytes   201 Kbits/sec  1.717 ms  0/84 (0%)  
[SUM]  51.00-52.00  sec  73.5 KBytes   602 Kbits/sec  1.819 ms  0/251 (0%)  
- - - - - - - - - - - - - - - - - - - - - - - - -
[  5]  52.00-53.00  sec  24.3 KBytes   199 Kbits/sec  2.304 ms  0/83 (0%)  
[  6]  52.00-53.00  sec  24.3 KBytes   199 Kbits/sec  2.380 ms  0/83 (0%)  
[  9]  52.00-53.00  sec  24.3 KBytes   199 Kbits/sec  1.820 ms  0/83 (0%)  
[SUM]  52.00-53.00  sec  72.9 KBytes   598 Kbits/sec  2.168 ms  0/249 (0%)  
- - - - - - - - - - - - - - - - - - - - - - - - -
[  5]  53.00-54.00  sec  24.6 KBytes   202 Kbits/sec  1.350 ms  0/84 (0%)  
[  6]  53.00-54.00  sec  24.6 KBytes   202 Kbits/sec  1.748 ms  0/84 (0%)  
[  9]  53.00-54.00  sec  24.6 KBytes   202 Kbits/sec  1.439 ms  0/84 (0%)  
[SUM]  53.00-54.00  sec  73.8 KBytes   605 Kbits/sec  1.512 ms  0/252 (0%)  
- - - - - - - - - - - - - - - - - - - - - - - - -
[  5]  54.00-55.00  sec  24.3 KBytes   199 Kbits/sec  1.122 ms  0/83 (0%)  
[  6]  54.00-55.00  sec  24.3 KBytes   199 Kbits/sec  1.711 ms  0/83 (0%)  
[  9]  54.00-55.00  sec  24.3 KBytes   199 Kbits/sec  1.291 ms  0/83 (0%)  
[SUM]  54.00-55.00  sec  72.9 KBytes   598 Kbits/sec  1.375 ms  0/249 (0%)  
- - - - - - - - - - - - - - - - - - - - - - - - -
[  5]  55.00-56.00  sec  24.3 KBytes   199 Kbits/sec  1.644 ms  0/83 (0%)  
[  6]  55.00-56.00  sec  24.3 KBytes   199 Kbits/sec  2.316 ms  0/83 (0%)  
[  9]  55.00-56.00  sec  24.3 KBytes   199 Kbits/sec  1.959 ms  0/83 (0%)  
[SUM]  55.00-56.00  sec  72.9 KBytes   596 Kbits/sec  1.973 ms  0/249 (0%)  
- - - - - - - - - - - - - - - - - - - - - - - - -
[  5]  56.00-56.07  sec   600 Bytes  74.6 Kbits/sec  1.880 ms  0/2 (0%)  
[  6]  56.00-56.07  sec   600 Bytes  74.6 Kbits/sec  2.189 ms  0/2 (0%)  
[  9]  56.00-56.07  sec   600 Bytes  74.6 Kbits/sec  2.562 ms  0/2 (0%)  
[SUM]  56.00-56.07  sec  1.76 KBytes   224 Kbits/sec  2.210 ms  0/6 (0%)  
- - - - - - - - - - - - - - - - - - - - - - - - -
[ ID] Interval           Transfer     Bitrate         Jitter    Lost/Total Datagrams
[  5]   0.00-56.07  sec  1.33 MBytes   200 Kbits/sec  1.880 ms  2/4667 (0.043%)  receiver
[  6]   0.00-56.07  sec  1.33 MBytes   200 Kbits/sec  2.189 ms  1/4667 (0.021%)  receiver
[  9]   0.00-56.07  sec  1.33 MBytes   200 Kbits/sec  2.562 ms  1/4667 (0.021%)  receiver
[SUM]   0.00-56.07  sec  4.00 MBytes   599 Kbits/sec  2.210 ms  4/14001 (0.029%)  receiver
