[acape] bounds for target 20.0ms: target 0.8-80ms interval 80-1.2e+03ms

==============================================================================
  ACAPE v6.0.0   mode=tc-only   qdisc=fq_codel handle=10:
  metrics -> results_law/ratio_t20_r20/fq_codel_acape_t20_steady_s2/acape_metrics_ctl.csv
==============================================================================
      t    regime        traj      pred     dr/s    bl    tput flows eleph  tgt_ms   lim  adj
---------------------------------------------------------------------------------------------
    0.9     HEAVY      STABLE     HEAVY     37.8    16   10.17     0     0  20.000  1024    0
    1.5     HEAVY      STABLE     HEAVY     23.0    13    9.96     0     0  20.000  1024    0
    2.3     HEAVY  RECOVERING  MODERATE     22.6    14    9.90     0     0  20.000  1024    0
    2.9     HEAVY  RECOVERING  MODERATE     17.6    16   10.11     0     0  20.000  1024    0
    3.7     HEAVY      STABLE     HEAVY     21.8    11    9.83     0     0  20.000  1024    0
    4.3     HEAVY      STABLE     HEAVY     18.5    15   10.26     0     0  20.000  1024    0
    5.0     HEAVY      STABLE     HEAVY     20.0    12    9.98     0     0  20.000  1024    0
    5.6     HEAVY      STABLE     HEAVY     22.5    11   10.03     0     0  20.000  1024    0
    6.3     HEAVY      STABLE     HEAVY     18.5    14    9.92     0     0  20.000  1024    0
    7.0     HEAVY      STABLE     HEAVY     21.5    15    9.98     0     0  18.000   921    1
    8.0     HEAVY      STABLE     HEAVY     19.3    15   10.03     0     0  18.000   921    1
    8.7     HEAVY      STABLE     HEAVY     18.8    14    9.78     0     0  18.000   921    1
    9.4     HEAVY      STABLE     HEAVY     18.0    18   10.22     0     0  18.000   921    1
   10.1     HEAVY      STABLE     HEAVY     19.0    15    9.81     0     0  18.000   921    1
   10.8     HEAVY      STABLE     HEAVY     19.6    15   10.16     0     0  18.000   921    1
   11.5     HEAVY      STABLE     HEAVY     17.8    14   10.09     0     0  18.000   921    1
   12.2     HEAVY      STABLE     HEAVY     23.2     0    9.86     0     0  18.000   921    1
   12.9     HEAVY      STABLE     HEAVY     17.8    14   10.11     0     0  18.000   921    1
   13.6     HEAVY      STABLE     HEAVY     18.0    19    9.62     0     0  18.000   921    1
   14.3     HEAVY      STABLE     HEAVY     16.3    15   10.31     0     0  16.200   828    2
   15.4     HEAVY      STABLE     HEAVY     20.8    13    9.90     0     0  16.200   828    2
   16.1     HEAVY      STABLE     HEAVY     19.6     0   10.13     0     0  16.200   828    2
   16.7     HEAVY      STABLE     HEAVY     19.8    12    9.98     0     0  16.200   828    2
   17.4     HEAVY      STABLE     HEAVY     20.0    14   10.02     0     0  16.200   828    2
   18.1     HEAVY      STABLE     HEAVY     22.6    11    9.89     0     0  16.200   828    2
   18.8     HEAVY      STABLE     HEAVY     15.8    14    9.98     0     0  16.200   828    2
   19.5     HEAVY      STABLE     HEAVY     19.8    13    9.94     0     0  16.200   828    2
   20.2     HEAVY      STABLE     HEAVY     20.8    13   10.04     0     0  16.200   828    2
   21.0     HEAVY      STABLE     HEAVY     19.2     0    9.83     0     0  16.200   828    2
   21.7     HEAVY      STABLE     HEAVY     18.9    14   10.15     0     0  14.600   745    3
   22.8     HEAVY      STABLE     HEAVY     20.9    15    9.91     0     0  14.600   745    3
   23.5     HEAVY      STABLE     HEAVY     22.5    12   10.03     0     0  14.600   745    3
   24.2     HEAVY      STABLE     HEAVY     24.6    11    9.88     0     0  14.600   745    3
   24.9     HEAVY      STABLE     HEAVY     21.9     0   10.11     0     0  14.600   745    3
   25.7     HEAVY      STABLE     HEAVY     24.5    11    9.78     0     0  14.600   745    3
   26.3     HEAVY      STABLE     HEAVY     22.0    13   10.18     0     0  14.600   745    3
   27.0     HEAVY      STABLE     HEAVY     24.9    11   10.10     0     0  14.600   745    3
   27.7     HEAVY      STABLE     HEAVY     25.8    10   10.06     0     0  14.600   745    3
   28.4     HEAVY      STABLE     HEAVY     18.9     0    9.90     0     0  14.600   745    3
   29.1     HEAVY      STABLE     HEAVY     22.6    12    9.94     0     0  13.100   670    4
   30.1     HEAVY      STABLE     HEAVY     28.6    10   10.03     0     0  13.100   670    4
   30.8     HEAVY      STABLE     HEAVY     26.2    11    9.94     0     0  13.100   670    4
   31.5     HEAVY      STABLE     HEAVY     30.1    11   10.00     0     0  13.100   670    4
   32.2     HEAVY      STABLE     HEAVY     25.2    11    9.81     0     0  13.100   670    4
   33.0     HEAVY      STABLE     HEAVY     28.5    12    9.99     0     0  13.100   670    4
   33.7     HEAVY      STABLE     HEAVY     26.9    11   10.05     0     0  13.100   670    4
   34.4     HEAVY      STABLE     HEAVY     27.2    13    9.88     0     0  13.100   670    4
   35.1     HEAVY      STABLE     HEAVY     29.2    14   10.28     0     0  13.100   670    4
   35.8     HEAVY      STABLE     HEAVY     27.3    11   10.02     0     0  13.100   670    4
   36.5     HEAVY      STABLE     HEAVY     30.7    11    9.96     0     0  11.800   603    5
   37.5     HEAVY      STABLE     HEAVY     29.1     7   10.04     0     0  11.800   603    5
   38.2     HEAVY      STABLE     HEAVY     31.8     5    9.94     0     0  11.800   603    5
   38.9     HEAVY      STABLE     HEAVY     29.9    11   10.12     0     0  11.800   603    5
   39.6     HEAVY      STABLE     HEAVY     26.8     9    9.89     0     0  11.800   603    5
   40.3     HEAVY      STABLE     HEAVY     33.3     9   10.10     0     0  11.800   603    5
   41.0     HEAVY      STABLE     HEAVY     25.9    10    9.97     0     0  11.800   603    5
   41.7     HEAVY      STABLE     HEAVY     32.5    10   10.03     0     0  11.800   603    5
   42.4     HEAVY      STABLE     HEAVY     28.2    10   10.00     0     0  11.800   603    5
   43.1     HEAVY      STABLE     HEAVY     31.6     9    9.89     0     0  11.800   603    5
   43.8     HEAVY      STABLE     HEAVY     28.6    11   10.07     0     0  10.600   542    6
   44.8     HEAVY      STABLE     HEAVY     30.5     9    9.90     0     0  10.600   542    6
   45.5     HEAVY      STABLE     HEAVY     34.6     6    9.83     0     0  10.600   542    6
   46.3     HEAVY      STABLE     HEAVY     30.7     9    9.20     0     0  10.600   542    6
   47.1     HEAVY      STABLE     HEAVY     31.6    10   10.45     0     0  10.600   542    6
   47.8     HEAVY      STABLE     HEAVY     31.3    13   10.08     0     0  10.600   542    6
   48.5     HEAVY      STABLE     HEAVY     33.0    10    9.96     0     0  10.600   542    6
   49.2     HEAVY      STABLE     HEAVY     33.2    11    9.88     0     0  10.600   542    6
   49.9     HEAVY      STABLE     HEAVY     31.4     8   10.18     0     0  10.600   542    6
   50.6     HEAVY      STABLE     HEAVY     36.3     7    9.96     0     0  10.600   542    6
   51.4     HEAVY      STABLE     HEAVY     32.9     5    9.96     0     0   9.540   487    7
   52.5     HEAVY      STABLE     HEAVY     35.1     4   10.08     0     0   9.540   487    7
   53.2     HEAVY      STABLE     HEAVY     29.1    10    9.87     0     0   9.540   487    7
   53.9     HEAVY      STABLE     HEAVY     39.4     7   10.09     0     0   9.540   487    7
   54.6     HEAVY      STABLE     HEAVY     35.2     6    9.86     0     0   9.540   487    7
   55.3     HEAVY      STABLE     HEAVY     33.3     5   10.07     0     0   9.540   487    7
   55.9     HEAVY      STABLE     HEAVY     30.8    10    9.98     0     0   9.540   487    7
   56.6     HEAVY      STABLE     HEAVY     34.2     6   10.02     0     0   9.540   487    7
   57.3     HEAVY      STABLE     HEAVY     35.1     5    9.88     0     0   9.540   487    7
   58.0     HEAVY      STABLE     HEAVY     31.6     8   10.14     0     0   9.540   487    7
   58.6     HEAVY      STABLE     HEAVY     39.1     8    9.94     0     0   8.590   438    8
   59.7     HEAVY      STABLE     HEAVY     17.9     0    4.52     0     0   8.590   438    8

Done — 82 ticks, 8 adjustments (0 predictive), mode=tc-only
