[acape] bounds for target 5.0ms interval 100.0ms: target 0.2-20ms interval 20-300ms (interval/target ratio 20.0)

==============================================================================
  ACAPE v6.0.0   mode=tc-only   qdisc=fq_codel handle=10:
  metrics -> results_serial/rate20/fq_codel_acape_t5_steady_s2/acape_metrics_ctl.csv
==============================================================================
      t    regime        traj      pred     dr/s    bl    tput flows eleph  tgt_ms   lim  adj
---------------------------------------------------------------------------------------------
    0.9     HEAVY      STABLE     HEAVY     61.3    16   20.10     0     0   5.000  1024    0
    1.5     HEAVY      STABLE     HEAVY     64.8    11   20.12     0     0   5.000  1024    0
    2.3     HEAVY      STABLE     HEAVY     59.6    16   19.48     0     0   5.000  1024    0
    3.0     HEAVY      STABLE     HEAVY     62.1    16   20.55     0     0   5.000  1024    0
    3.6     HEAVY      STABLE     HEAVY     61.7    16   20.06     0     0   5.000  1024    0
    4.3     HEAVY      STABLE     HEAVY     60.8    15   19.70     0     0   5.000  1024    0
    5.0     HEAVY      STABLE     HEAVY     61.5    16   20.22     0     0   5.000  1024    0
    5.7     HEAVY      STABLE     HEAVY     66.1    13   19.94     0     0   5.000  1024    0
    6.3     HEAVY      STABLE     HEAVY     55.3    14   20.00     0     0   5.000  1024    0
    7.1     HEAVY      STABLE     HEAVY     62.0    18   19.59     0     0   4.500   921    1
    8.2     HEAVY      STABLE     HEAVY     70.0    10   20.05     0     0   4.500   921    1
    8.9     HEAVY      STABLE     HEAVY     61.6    13   18.80     0     0   4.500   921    1
    9.7     HEAVY      STABLE     HEAVY     69.8    15   20.99     0     0   4.500   921    1
   10.5     HEAVY      STABLE     HEAVY     64.5    16   19.99     0     0   4.500   921    1
   11.2     HEAVY      STABLE     HEAVY     66.6    16   19.33     0     0   4.500   921    1
   11.9     HEAVY      STABLE     HEAVY     63.5    17   20.03     0     0   4.500   921    1
   12.6     HEAVY      STABLE     HEAVY     64.8    16   19.85     0     0   4.500   921    1
   13.3     HEAVY      STABLE     HEAVY     64.4    15   19.98     0     0   4.500   921    1
   14.1     HEAVY      STABLE     HEAVY     69.6    15   20.07     0     0   4.500   921    1
   14.8     HEAVY      STABLE     HEAVY     66.7     0   19.90     0     0   4.050   828    2
   15.9     HEAVY      STABLE     HEAVY     71.2     0   19.81     0     0   4.050   828    2
   16.6     HEAVY      STABLE     HEAVY     72.0    15   20.16     0     0   4.050   828    2
   17.3     HEAVY      STABLE     HEAVY     77.0     0   19.91     0     0   4.050   828    2
   18.0     HEAVY      STABLE     HEAVY     76.1    15   19.96     0     0   4.050   828    2
   18.6     HEAVY      STABLE     HEAVY     71.0    17   19.91     0     0   4.050   828    2
   19.3     HEAVY      STABLE     HEAVY     76.3    12   20.08     0     0   4.050   828    2
   20.0     HEAVY      STABLE     HEAVY     69.6    16   19.88     0     0   4.050   828    2
   20.6     HEAVY      STABLE     HEAVY     72.5    12   20.04     0     0   4.050   828    2
   21.3     HEAVY      STABLE     HEAVY     71.6     0   20.03     0     0   4.050   828    2
   22.0     HEAVY      STABLE     HEAVY     71.7    10   19.94     0     0   3.640   745    3
   23.2     HEAVY      STABLE     HEAVY     77.2    14   19.73     0     0   3.640   745    3
   24.0     HEAVY      STABLE     HEAVY     82.5    15   20.10     0     0   3.640   745    3
   24.7     HEAVY      STABLE     HEAVY     78.1    14   19.26     0     0   3.640   745    3
   25.5     HEAVY      STABLE     HEAVY     75.6    13   19.95     0     0   3.640   745    3
   26.2     HEAVY      STABLE     HEAVY     76.7    14   20.22     0     0   3.640   745    3
   27.0     HEAVY      STABLE     HEAVY     81.3    13   19.98     0     0   3.640   745    3
   27.7     HEAVY      STABLE     HEAVY     78.7    13   19.61     0     0   3.640   745    3
   28.3     HEAVY      STABLE     HEAVY     74.2    14   20.03     0     0   3.640   745    3
   29.1     HEAVY      STABLE     HEAVY     83.3    13   20.00     0     0   3.640   745    3
   29.7     HEAVY      STABLE     HEAVY     78.6     0   20.13     0     0   3.270   670    4
   30.8     HEAVY      STABLE     HEAVY     80.3    11   19.92     0     0   3.270   670    4
   31.5     HEAVY      STABLE     HEAVY     81.9    11   19.53     0     0   3.270   670    4
   32.2     HEAVY      STABLE     HEAVY     82.9    15   20.23     0     0   3.270   670    4
   32.8     HEAVY      STABLE     HEAVY     76.7    12   20.00     0     0   3.270   670    4
   33.5     HEAVY      STABLE     HEAVY     84.6    11   19.97     0     0   3.270   670    4
   34.2     HEAVY      STABLE     HEAVY     86.3    10   19.96     0     0   3.270   670    4
   34.9     HEAVY      STABLE     HEAVY     83.1    11   19.83     0     0   3.270   670    4
   35.6     HEAVY      STABLE     HEAVY     82.0    10   20.07     0     0   3.270   670    4
   36.3     HEAVY      STABLE     HEAVY     82.4    11   20.05     0     0   3.270   670    4
   37.0     HEAVY      STABLE     HEAVY     81.9    11   20.01     0     0   2.940   603    5
   38.0     HEAVY      STABLE     HEAVY     93.3     8   19.95     0     0   2.940   603    5
   38.7     HEAVY      STABLE     HEAVY     85.9    12   19.96     0     0   2.940   603    5
   39.4     HEAVY      STABLE     HEAVY     87.9     9   19.89     0     0   2.940   603    5
   40.1     HEAVY      STABLE     HEAVY     87.2    13   20.04     0     0   2.940   603    5
   40.8     HEAVY      STABLE     HEAVY     92.3    11   20.14     0     0   2.940   603    5
   41.5     HEAVY      STABLE     HEAVY     94.4    11   19.73     0     0   2.940   603    5
   42.2     HEAVY      STABLE     HEAVY     88.7    11   20.29     0     0   2.940   603    5
   42.9     HEAVY      STABLE     HEAVY     83.8     0   19.97     0     0   2.940   603    5
   43.5     HEAVY      STABLE     HEAVY     90.8     0   20.06     0     0   2.940   603    5
   44.2     HEAVY      STABLE     HEAVY     85.0    13   19.88     0     0   2.640   542    6
   45.4     HEAVY      STABLE     HEAVY     94.4     9   20.03     0     0   2.640   542    6
   46.1     HEAVY      STABLE     HEAVY     89.3    12   19.89     0     0   2.640   542    6
   46.9     HEAVY      STABLE     HEAVY     87.9    12   19.64     0     0   2.640   542    6
   47.6     HEAVY      STABLE     HEAVY     92.9     6   20.38     0     0   2.640   542    6
   48.3     HEAVY      STABLE     HEAVY     90.5    13   20.09     0     0   2.640   542    6
   49.0     HEAVY      STABLE     HEAVY     91.9    13   19.79     0     0   2.640   542    6
   49.7     HEAVY      STABLE     HEAVY     87.5     8   19.52     0     0   2.640   542    6
   50.5     HEAVY      STABLE     HEAVY     87.6    12   20.34     0     0   2.640   542    6
   51.2     HEAVY      STABLE     HEAVY     91.8     8   20.09     0     0   2.640   542    6
   51.9     HEAVY      STABLE     HEAVY     92.5    10   19.60     0     0   2.380   487    7
   53.0     HEAVY      STABLE     HEAVY     95.2     8   19.84     0     0   2.380   487    7
   53.8     HEAVY      STABLE     HEAVY     98.2     6   19.91     0     0   2.380   487    7
   54.5     HEAVY      STABLE     HEAVY    108.3     8   20.25     0     0   2.380   487    7
   55.3     HEAVY      STABLE     HEAVY     95.3    10   19.39     0     0   2.380   487    7
   56.0     HEAVY      STABLE     HEAVY     99.7     8   20.36     0     0   2.380   487    7
   56.8     HEAVY      STABLE     HEAVY     90.9     8   18.77     0     0   2.380   487    7
   57.6     HEAVY      STABLE     HEAVY     93.3    14   19.95     0     0   2.380   487    7
   58.3     HEAVY      STABLE     HEAVY     99.8     0   17.72     0     0   2.380   487    7
   59.0    NORMAL      STABLE    NORMAL      0.0     0    0.00     0     0   2.380   487    7
   59.7    NORMAL      STABLE    NORMAL      0.0     0    0.00     0     0   2.380   487    7

Done — 81 ticks, 7 adjustments (0 predictive), mode=tc-only
