-----------------------------------------------------------
Server listening on 5202 (test #1)
-----------------------------------------------------------
Accepted connection from 192.168.1.2, port 39626
[  5] local 192.168.2.2 port 5202 connected to 192.168.1.2 port 53570
[  6] local 192.168.2.2 port 5202 connected to 192.168.1.2 port 52683
[  9] local 192.168.2.2 port 5202 connected to 192.168.1.2 port 60259
[ ID] Interval           Transfer     Bitrate         Jitter    Lost/Total Datagrams
[  5]   0.00-1.00   sec  24.0 KBytes   196 Kbits/sec  2.018 ms  0/82 (0%)  
[  6]   0.00-1.00   sec  24.0 KBytes   196 Kbits/sec  1.831 ms  0/82 (0%)  
[  9]   0.00-1.00   sec  24.0 KBytes   196 Kbits/sec  1.399 ms  0/82 (0%)  
[SUM]   0.00-1.00   sec  72.1 KBytes   589 Kbits/sec  1.749 ms  0/246 (0%)  
- - - - - - - - - - - - - - - - - - - - - - - - -
[  5]   1.00-2.00   sec  24.3 KBytes   199 Kbits/sec  2.382 ms  0/83 (0%)  
[  6]   1.00-2.00   sec  24.3 KBytes   199 Kbits/sec  2.433 ms  0/83 (0%)  
[  9]   1.00-2.00   sec  24.3 KBytes   199 Kbits/sec  2.163 ms  0/83 (0%)  
[SUM]   1.00-2.00   sec  72.9 KBytes   598 Kbits/sec  2.326 ms  0/249 (0%)  
- - - - - - - - - - - - - - - - - - - - - - - - -
[  5]   2.00-3.00   sec  24.3 KBytes   199 Kbits/sec  1.898 ms  0/83 (0%)  
[  6]   2.00-3.00   sec  24.6 KBytes   202 Kbits/sec  1.601 ms  0/84 (0%)  
[  9]   2.00-3.00   sec  24.3 KBytes   199 Kbits/sec  1.872 ms  0/83 (0%)  
[SUM]   2.00-3.00   sec  73.2 KBytes   600 Kbits/sec  1.790 ms  0/250 (0%)  
- - - - - - - - - - - - - - - - - - - - - - - - -
[  5]   3.00-4.00   sec  24.6 KBytes   201 Kbits/sec  2.720 ms  0/84 (0%)  
[  6]   3.00-4.00   sec  24.3 KBytes   199 Kbits/sec  2.559 ms  0/83 (0%)  
[  9]   3.00-4.00   sec  24.3 KBytes   199 Kbits/sec  2.448 ms  0/83 (0%)  
[SUM]   3.00-4.00   sec  73.2 KBytes   599 Kbits/sec  2.576 ms  0/250 (0%)  
- - - - - - - - - - - - - - - - - - - - - - - - -
[  5]   4.00-5.00   sec  24.3 KBytes   200 Kbits/sec  2.707 ms  0/83 (0%)  
[  6]   4.00-5.00   sec  24.3 KBytes   200 Kbits/sec  1.927 ms  0/83 (0%)  
[  9]   4.00-5.00   sec  24.6 KBytes   202 Kbits/sec  1.638 ms  0/84 (0%)  
[SUM]   4.00-5.00   sec  73.2 KBytes   601 Kbits/sec  2.091 ms  0/250 (0%)  
- - - - - - - - - - - - - - - - - - - - - - - - -
[  5]   5.00-6.00   sec  24.6 KBytes   201 Kbits/sec  1.755 ms  0/84 (0%)  
[  6]   5.00-6.00   sec  24.3 KBytes   199 Kbits/sec  1.614 ms  0/83 (0%)  
[  9]   5.00-6.00   sec  24.6 KBytes   201 Kbits/sec  1.975 ms  0/84 (0%)  
[SUM]   5.00-6.00   sec  73.5 KBytes   601 Kbits/sec  1.781 ms  0/251 (0%)  
- - - - - - - - - - - - - - - - - - - - - - - - -
[  5]   6.00-7.00   sec  24.3 KBytes   200 Kbits/sec  1.829 ms  0/83 (0%)  
[  6]   6.00-7.00   sec  24.6 KBytes   202 Kbits/sec  1.984 ms  0/84 (0%)  
[  9]   6.00-7.00   sec  24.3 KBytes   200 Kbits/sec  2.300 ms  0/83 (0%)  
[SUM]   6.00-7.00   sec  73.2 KBytes   601 Kbits/sec  2.037 ms  0/250 (0%)  
- - - - - - - - - - - - - - - - - - - - - - - - -
[  5]   7.00-8.00   sec  24.0 KBytes   197 Kbits/sec  2.535 ms  0/82 (0%)  
[  6]   7.00-8.00   sec  24.3 KBytes   199 Kbits/sec  2.248 ms  0/83 (0%)  
[  9]   7.00-8.00   sec  24.3 KBytes   199 Kbits/sec  2.790 ms  0/83 (0%)  
[SUM]   7.00-8.00   sec  72.7 KBytes   595 Kbits/sec  2.524 ms  0/248 (0%)  
- - - - - - - - - - - - - - - - - - - - - - - - -
[  5]   8.00-9.00   sec  24.6 KBytes   202 Kbits/sec  2.853 ms  0/85 (0%)  
[  6]   8.00-9.00   sec  24.3 KBytes   198 Kbits/sec  1.637 ms  0/83 (0%)  
[  9]   8.00-9.00   sec  24.3 KBytes   198 Kbits/sec  1.788 ms  0/83 (0%)  
[SUM]   8.00-9.00   sec  73.2 KBytes   600 Kbits/sec  2.093 ms  0/251 (0%)  
- - - - - - - - - - - - - - - - - - - - - - - - -
[  5]   9.00-10.00  sec  24.3 KBytes   199 Kbits/sec  0.956 ms  0/83 (0%)  
[  6]   9.00-10.00  sec  24.6 KBytes   202 Kbits/sec  1.375 ms  0/84 (0%)  
[  9]   9.00-10.00  sec  24.6 KBytes   202 Kbits/sec  2.006 ms  0/84 (0%)  
[SUM]   9.00-10.00  sec  73.5 KBytes   601 Kbits/sec  1.446 ms  0/251 (0%)  
- - - - - - - - - - - - - - - - - - - - - - - - -
[  5]  10.00-11.00  sec  24.3 KBytes   200 Kbits/sec  2.332 ms  0/83 (0%)  
[  6]  10.00-11.00  sec  24.3 KBytes   200 Kbits/sec  1.694 ms  0/83 (0%)  
[  9]  10.00-11.00  sec  24.3 KBytes   199 Kbits/sec  2.845 ms  0/83 (0%)  
[SUM]  10.00-11.00  sec  72.9 KBytes   599 Kbits/sec  2.290 ms  0/249 (0%)  
- - - - - - - - - - - - - - - - - - - - - - - - -
[  5]  11.00-12.00  sec  24.6 KBytes   202 Kbits/sec  2.261 ms  0/84 (0%)  
[  6]  11.00-12.00  sec  24.6 KBytes   202 Kbits/sec  2.285 ms  0/84 (0%)  
[  9]  11.00-12.00  sec  24.6 KBytes   202 Kbits/sec  2.155 ms  0/84 (0%)  
[SUM]  11.00-12.00  sec  73.8 KBytes   605 Kbits/sec  2.234 ms  0/252 (0%)  
- - - - - - - - - - - - - - - - - - - - - - - - -
[  5]  12.00-13.00  sec  24.3 KBytes   199 Kbits/sec  1.155 ms  0/83 (0%)  
[  6]  12.00-13.00  sec  24.3 KBytes   199 Kbits/sec  2.474 ms  0/83 (0%)  
[  9]  12.00-13.00  sec  24.3 KBytes   199 Kbits/sec  1.999 ms  0/83 (0%)  
[SUM]  12.00-13.00  sec  72.9 KBytes   598 Kbits/sec  1.876 ms  0/249 (0%)  
- - - - - - - - - - - - - - - - - - - - - - - - -
[  5]  13.00-14.00  sec  24.3 KBytes   199 Kbits/sec  1.344 ms  0/83 (0%)  
[  6]  13.00-14.00  sec  24.3 KBytes   199 Kbits/sec  2.339 ms  0/83 (0%)  
[  9]  13.00-14.00  sec  24.3 KBytes   199 Kbits/sec  2.383 ms  0/83 (0%)  
[SUM]  13.00-14.00  sec  72.9 KBytes   598 Kbits/sec  2.022 ms  0/249 (0%)  
- - - - - - - - - - - - - - - - - - - - - - - - -
[  5]  14.00-15.00  sec  24.6 KBytes   202 Kbits/sec  2.182 ms  0/84 (0%)  
[  6]  14.00-15.00  sec  24.3 KBytes   199 Kbits/sec  2.065 ms  0/83 (0%)  
[  9]  14.00-15.00  sec  24.3 KBytes   199 Kbits/sec  2.144 ms  0/83 (0%)  
[SUM]  14.00-15.00  sec  73.2 KBytes   600 Kbits/sec  2.131 ms  0/250 (0%)  
- - - - - - - - - - - - - - - - - - - - - - - - -
[  5]  15.00-16.00  sec  24.3 KBytes   199 Kbits/sec  1.635 ms  0/83 (0%)  
[  6]  15.00-16.00  sec  24.6 KBytes   202 Kbits/sec  1.371 ms  0/84 (0%)  
[  9]  15.00-16.00  sec  24.6 KBytes   202 Kbits/sec  1.941 ms  0/84 (0%)  
[SUM]  15.00-16.00  sec  73.5 KBytes   602 Kbits/sec  1.649 ms  0/251 (0%)  
- - - - - - - - - - - - - - - - - - - - - - - - -
[  5]  16.00-17.00  sec  24.3 KBytes   199 Kbits/sec  1.088 ms  0/83 (0%)  
[  6]  16.00-17.00  sec  24.3 KBytes   199 Kbits/sec  1.917 ms  0/83 (0%)  
[  9]  16.00-17.00  sec  24.3 KBytes   199 Kbits/sec  2.195 ms  0/83 (0%)  
[SUM]  16.00-17.00  sec  72.9 KBytes   597 Kbits/sec  1.733 ms  0/249 (0%)  
- - - - - - - - - - - - - - - - - - - - - - - - -
[  5]  17.00-18.00  sec  24.6 KBytes   202 Kbits/sec  1.834 ms  0/84 (0%)  
[  6]  17.00-18.00  sec  24.6 KBytes   202 Kbits/sec  2.138 ms  0/84 (0%)  
[  9]  17.00-18.00  sec  24.6 KBytes   202 Kbits/sec  1.907 ms  0/84 (0%)  
[SUM]  17.00-18.00  sec  73.8 KBytes   605 Kbits/sec  1.960 ms  0/252 (0%)  
- - - - - - - - - - - - - - - - - - - - - - - - -
[  5]  18.00-19.00  sec  24.3 KBytes   199 Kbits/sec  2.348 ms  0/83 (0%)  
[  6]  18.00-19.00  sec  24.3 KBytes   199 Kbits/sec  1.855 ms  0/83 (0%)  
[  9]  18.00-19.00  sec  24.3 KBytes   199 Kbits/sec  2.054 ms  0/83 (0%)  
[SUM]  18.00-19.00  sec  72.9 KBytes   598 Kbits/sec  2.086 ms  0/249 (0%)  
- - - - - - - - - - - - - - - - - - - - - - - - -
[  5]  19.00-20.00  sec  24.3 KBytes   199 Kbits/sec  2.108 ms  0/83 (0%)  
[  6]  19.00-20.00  sec  24.3 KBytes   199 Kbits/sec  2.128 ms  0/83 (0%)  
[  9]  19.00-20.00  sec  24.3 KBytes   199 Kbits/sec  1.811 ms  0/83 (0%)  
[SUM]  19.00-20.00  sec  72.9 KBytes   596 Kbits/sec  2.016 ms  0/249 (0%)  
- - - - - - - - - - - - - - - - - - - - - - - - -
[  5]  20.00-21.00  sec  24.6 KBytes   202 Kbits/sec  2.111 ms  0/84 (0%)  
[  6]  20.00-21.00  sec  24.3 KBytes   200 Kbits/sec  1.949 ms  0/83 (0%)  
[  9]  20.00-21.00  sec  24.6 KBytes   202 Kbits/sec  1.879 ms  0/84 (0%)  
[SUM]  20.00-21.00  sec  73.5 KBytes   604 Kbits/sec  1.980 ms  0/251 (0%)  
- - - - - - - - - - - - - - - - - - - - - - - - -
[  5]  21.00-22.00  sec  24.3 KBytes   199 Kbits/sec  2.047 ms  0/83 (0%)  
[  6]  21.00-22.00  sec  24.3 KBytes   199 Kbits/sec  1.796 ms  0/83 (0%)  
[  9]  21.00-22.00  sec  24.3 KBytes   199 Kbits/sec  1.794 ms  0/83 (0%)  
[SUM]  21.00-22.00  sec  72.9 KBytes   598 Kbits/sec  1.879 ms  0/249 (0%)  
- - - - - - - - - - - - - - - - - - - - - - - - -
[  5]  22.00-23.00  sec  24.3 KBytes   199 Kbits/sec  2.326 ms  0/83 (0%)  
[  6]  22.00-23.00  sec  24.6 KBytes   202 Kbits/sec  1.560 ms  0/84 (0%)  
[  9]  22.00-23.00  sec  24.3 KBytes   199 Kbits/sec  1.728 ms  0/83 (0%)  
[SUM]  22.00-23.00  sec  73.2 KBytes   600 Kbits/sec  1.871 ms  0/250 (0%)  
- - - - - - - - - - - - - - - - - - - - - - - - -
[  5]  23.00-24.00  sec  24.3 KBytes   199 Kbits/sec  1.795 ms  0/83 (0%)  
[  6]  23.00-24.00  sec  24.6 KBytes   201 Kbits/sec  2.020 ms  0/84 (0%)  
[  9]  23.00-24.00  sec  24.6 KBytes   201 Kbits/sec  2.280 ms  0/84 (0%)  
[SUM]  23.00-24.00  sec  73.5 KBytes   601 Kbits/sec  2.032 ms  0/251 (0%)  
- - - - - - - - - - - - - - - - - - - - - - - - -
[  5]  24.00-25.00  sec  24.6 KBytes   201 Kbits/sec  2.531 ms  0/84 (0%)  
[  6]  24.00-25.00  sec  24.3 KBytes   199 Kbits/sec  1.868 ms  0/83 (0%)  
[  9]  24.00-25.00  sec  24.3 KBytes   199 Kbits/sec  2.154 ms  0/83 (0%)  
[SUM]  24.00-25.00  sec  73.2 KBytes   600 Kbits/sec  2.185 ms  0/250 (0%)  
- - - - - - - - - - - - - - - - - - - - - - - - -
[  5]  25.00-26.01  sec  24.6 KBytes   201 Kbits/sec  1.241 ms  0/84 (0%)  
[  6]  25.00-26.01  sec  24.3 KBytes   199 Kbits/sec  1.842 ms  0/83 (0%)  
[  9]  25.00-26.01  sec  24.6 KBytes   201 Kbits/sec  1.518 ms  0/84 (0%)  
[SUM]  25.00-26.01  sec  73.5 KBytes   601 Kbits/sec  1.534 ms  0/251 (0%)  
- - - - - - - - - - - - - - - - - - - - - - - - -
[  5]  26.01-27.00  sec  24.0 KBytes   198 Kbits/sec  2.118 ms  0/82 (0%)  
[  6]  26.01-27.00  sec  24.6 KBytes   203 Kbits/sec  2.170 ms  0/84 (0%)  
[  9]  26.01-27.00  sec  24.3 KBytes   200 Kbits/sec  2.710 ms  0/83 (0%)  
[SUM]  26.01-27.00  sec  72.9 KBytes   601 Kbits/sec  2.333 ms  0/249 (0%)  
- - - - - - - - - - - - - - - - - - - - - - - - -
[  5]  27.00-28.00  sec  24.6 KBytes   202 Kbits/sec  2.339 ms  0/84 (0%)  
[  6]  27.00-28.00  sec  24.3 KBytes   199 Kbits/sec  1.614 ms  0/83 (0%)  
[  9]  27.00-28.00  sec  24.3 KBytes   199 Kbits/sec  3.614 ms  0/83 (0%)  
[SUM]  27.00-28.00  sec  73.2 KBytes   600 Kbits/sec  2.522 ms  0/250 (0%)  
- - - - - - - - - - - - - - - - - - - - - - - - -
[  5]  28.00-29.00  sec  24.3 KBytes   199 Kbits/sec  2.134 ms  0/83 (0%)  
[  6]  28.00-29.00  sec  24.3 KBytes   199 Kbits/sec  2.157 ms  0/83 (0%)  
[  9]  28.00-29.00  sec  24.3 KBytes   199 Kbits/sec  2.175 ms  0/83 (0%)  
[SUM]  28.00-29.00  sec  72.9 KBytes   598 Kbits/sec  2.156 ms  0/249 (0%)  
- - - - - - - - - - - - - - - - - - - - - - - - -
[  5]  29.00-30.00  sec  24.3 KBytes   199 Kbits/sec  1.929 ms  0/83 (0%)  
[  6]  29.00-30.00  sec  24.3 KBytes   199 Kbits/sec  1.546 ms  0/83 (0%)  
[  9]  29.00-30.00  sec  24.3 KBytes   199 Kbits/sec  1.669 ms  0/83 (0%)  
[SUM]  29.00-30.00  sec  72.9 KBytes   598 Kbits/sec  1.715 ms  0/249 (0%)  
- - - - - - - - - - - - - - - - - - - - - - - - -
[  5]  30.00-31.00  sec  24.6 KBytes   202 Kbits/sec  1.815 ms  0/84 (0%)  
[  6]  30.00-31.00  sec  24.6 KBytes   202 Kbits/sec  1.823 ms  0/84 (0%)  
[  9]  30.00-31.00  sec  24.6 KBytes   202 Kbits/sec  2.102 ms  0/84 (0%)  
[SUM]  30.00-31.00  sec  73.8 KBytes   605 Kbits/sec  1.913 ms  0/252 (0%)  
- - - - - - - - - - - - - - - - - - - - - - - - -
[  5]  31.00-32.00  sec  24.3 KBytes   199 Kbits/sec  1.437 ms  0/83 (0%)  
[  6]  31.00-32.00  sec  24.3 KBytes   199 Kbits/sec  1.461 ms  0/83 (0%)  
[  9]  31.00-32.00  sec  24.3 KBytes   199 Kbits/sec  1.663 ms  0/83 (0%)  
[SUM]  31.00-32.00  sec  72.9 KBytes   598 Kbits/sec  1.520 ms  0/249 (0%)  
- - - - - - - - - - - - - - - - - - - - - - - - -
[  5]  32.00-33.00  sec  24.6 KBytes   201 Kbits/sec  1.911 ms  0/84 (0%)  
[  6]  32.00-33.00  sec  24.6 KBytes   201 Kbits/sec  1.367 ms  0/84 (0%)  
[  9]  32.00-33.00  sec  24.6 KBytes   201 Kbits/sec  1.757 ms  0/84 (0%)  
[SUM]  32.00-33.00  sec  73.8 KBytes   603 Kbits/sec  1.678 ms  0/252 (0%)  
- - - - - - - - - - - - - - - - - - - - - - - - -
[  5]  33.00-34.00  sec  24.3 KBytes   200 Kbits/sec  2.193 ms  0/83 (0%)  
[  6]  33.00-34.00  sec  24.3 KBytes   200 Kbits/sec  2.073 ms  0/83 (0%)  
[  9]  33.00-34.00  sec  24.3 KBytes   200 Kbits/sec  1.858 ms  0/83 (0%)  
[SUM]  33.00-34.00  sec  72.9 KBytes   599 Kbits/sec  2.041 ms  0/249 (0%)  
- - - - - - - - - - - - - - - - - - - - - - - - -
[  5]  34.00-35.00  sec  24.3 KBytes   199 Kbits/sec  1.540 ms  0/83 (0%)  
[  6]  34.00-35.00  sec  24.3 KBytes   199 Kbits/sec  1.403 ms  0/83 (0%)  
[  9]  34.00-35.00  sec  24.3 KBytes   199 Kbits/sec  2.112 ms  0/83 (0%)  
[SUM]  34.00-35.00  sec  72.9 KBytes   598 Kbits/sec  1.685 ms  0/249 (0%)  
- - - - - - - - - - - - - - - - - - - - - - - - -
[  5]  35.00-36.00  sec  24.3 KBytes   199 Kbits/sec  2.194 ms  0/83 (0%)  
[  6]  35.00-36.00  sec  24.6 KBytes   201 Kbits/sec  2.118 ms  0/84 (0%)  
[  9]  35.00-36.00  sec  24.6 KBytes   201 Kbits/sec  1.651 ms  0/84 (0%)  
[SUM]  35.00-36.00  sec  73.5 KBytes   602 Kbits/sec  1.988 ms  0/251 (0%)  
- - - - - - - - - - - - - - - - - - - - - - - - -
[  5]  36.00-37.00  sec  24.6 KBytes   202 Kbits/sec  1.672 ms  0/84 (0%)  
[  6]  36.00-37.00  sec  24.3 KBytes   199 Kbits/sec  1.752 ms  0/83 (0%)  
[  9]  36.00-37.00  sec  24.3 KBytes   199 Kbits/sec  1.544 ms  0/83 (0%)  
[SUM]  36.00-37.00  sec  73.2 KBytes   601 Kbits/sec  1.656 ms  0/250 (0%)  
- - - - - - - - - - - - - - - - - - - - - - - - -
[  5]  37.00-38.00  sec  24.3 KBytes   199 Kbits/sec  1.486 ms  0/83 (0%)  
[  6]  37.00-38.00  sec  24.3 KBytes   199 Kbits/sec  1.828 ms  0/83 (0%)  
[  9]  37.00-38.00  sec  24.3 KBytes   199 Kbits/sec  1.783 ms  0/83 (0%)  
[SUM]  37.00-38.00  sec  72.9 KBytes   598 Kbits/sec  1.699 ms  0/249 (0%)  
- - - - - - - - - - - - - - - - - - - - - - - - -
[  5]  38.00-39.00  sec  24.3 KBytes   199 Kbits/sec  1.549 ms  0/83 (0%)  
[  6]  38.00-39.00  sec  24.6 KBytes   202 Kbits/sec  2.600 ms  0/84 (0%)  
[  9]  38.00-39.00  sec  24.3 KBytes   199 Kbits/sec  1.272 ms  0/83 (0%)  
[SUM]  38.00-39.00  sec  73.2 KBytes   600 Kbits/sec  1.807 ms  0/250 (0%)  
- - - - - - - - - - - - - - - - - - - - - - - - -
[  5]  39.00-40.00  sec  24.6 KBytes   201 Kbits/sec  3.034 ms  0/84 (0%)  
[  6]  39.00-40.00  sec  24.3 KBytes   199 Kbits/sec  2.071 ms  0/83 (0%)  
[  9]  39.00-40.00  sec  24.6 KBytes   201 Kbits/sec  2.349 ms  0/84 (0%)  
[SUM]  39.00-40.00  sec  73.5 KBytes   601 Kbits/sec  2.485 ms  0/251 (0%)  
- - - - - - - - - - - - - - - - - - - - - - - - -
[  5]  40.00-41.00  sec  24.3 KBytes   200 Kbits/sec  3.010 ms  0/83 (0%)  
[  6]  40.00-41.00  sec  24.3 KBytes   200 Kbits/sec  3.537 ms  0/83 (0%)  
[  9]  40.00-41.00  sec  24.3 KBytes   200 Kbits/sec  2.641 ms  0/83 (0%)  
[SUM]  40.00-41.00  sec  72.9 KBytes   599 Kbits/sec  3.063 ms  0/249 (0%)  
- - - - - - - - - - - - - - - - - - - - - - - - -
[  5]  41.00-42.00  sec  24.6 KBytes   202 Kbits/sec  1.390 ms  0/84 (0%)  
[  6]  41.00-42.00  sec  24.3 KBytes   199 Kbits/sec  0.961 ms  0/83 (0%)  
[  9]  41.00-42.00  sec  24.3 KBytes   199 Kbits/sec  1.385 ms  0/83 (0%)  
[SUM]  41.00-42.00  sec  73.2 KBytes   600 Kbits/sec  1.245 ms  0/250 (0%)  
- - - - - - - - - - - - - - - - - - - - - - - - -
[  5]  42.00-43.00  sec  24.3 KBytes   199 Kbits/sec  2.374 ms  0/83 (0%)  
[  6]  42.00-43.00  sec  24.6 KBytes   202 Kbits/sec  2.858 ms  0/84 (0%)  
[  9]  42.00-43.00  sec  24.6 KBytes   202 Kbits/sec  2.455 ms  0/84 (0%)  
[SUM]  42.00-43.00  sec  73.5 KBytes   602 Kbits/sec  2.562 ms  0/251 (0%)  
- - - - - - - - - - - - - - - - - - - - - - - - -
[  5]  43.00-44.00  sec  24.3 KBytes   199 Kbits/sec  2.072 ms  0/83 (0%)  
[  6]  43.00-44.00  sec  24.3 KBytes   199 Kbits/sec  2.247 ms  0/83 (0%)  
[  9]  43.00-44.00  sec  24.3 KBytes   199 Kbits/sec  2.304 ms  0/83 (0%)  
[SUM]  43.00-44.00  sec  72.9 KBytes   598 Kbits/sec  2.207 ms  0/249 (0%)  
- - - - - - - - - - - - - - - - - - - - - - - - -
[  5]  44.00-45.00  sec  24.3 KBytes   199 Kbits/sec  1.801 ms  0/83 (0%)  
[  6]  44.00-45.00  sec  24.3 KBytes   199 Kbits/sec  1.763 ms  0/83 (0%)  
[  9]  44.00-45.00  sec  24.3 KBytes   199 Kbits/sec  1.706 ms  0/83 (0%)  
[SUM]  44.00-45.00  sec  72.9 KBytes   598 Kbits/sec  1.757 ms  0/249 (0%)  
- - - - - - - - - - - - - - - - - - - - - - - - -
[  5]  45.00-46.00  sec  24.6 KBytes   202 Kbits/sec  1.455 ms  0/84 (0%)  
[  6]  45.00-46.00  sec  24.6 KBytes   202 Kbits/sec  1.458 ms  0/84 (0%)  
[  9]  45.00-46.00  sec  24.6 KBytes   202 Kbits/sec  1.599 ms  0/84 (0%)  
[SUM]  45.00-46.00  sec  73.8 KBytes   605 Kbits/sec  1.504 ms  0/252 (0%)  
- - - - - - - - - - - - - - - - - - - - - - - - -
[  5]  46.00-47.00  sec  24.3 KBytes   199 Kbits/sec  1.220 ms  0/83 (0%)  
[  6]  46.00-47.00  sec  24.3 KBytes   199 Kbits/sec  1.427 ms  0/83 (0%)  
[  9]  46.00-47.00  sec  24.3 KBytes   199 Kbits/sec  1.206 ms  0/83 (0%)  
[SUM]  46.00-47.00  sec  72.9 KBytes   597 Kbits/sec  1.284 ms  0/249 (0%)  
- - - - - - - - - - - - - - - - - - - - - - - - -
[  5]  47.00-48.00  sec  24.3 KBytes   199 Kbits/sec  1.315 ms  0/83 (0%)  
[  6]  47.00-48.00  sec  24.3 KBytes   199 Kbits/sec  1.580 ms  0/83 (0%)  
[  9]  47.00-48.00  sec  24.3 KBytes   199 Kbits/sec  1.416 ms  0/83 (0%)  
[SUM]  47.00-48.00  sec  72.9 KBytes   598 Kbits/sec  1.437 ms  0/249 (0%)  
- - - - - - - - - - - - - - - - - - - - - - - - -
[  5]  48.00-49.00  sec  24.6 KBytes   201 Kbits/sec  1.809 ms  0/84 (0%)  
[  6]  48.00-49.00  sec  24.6 KBytes   201 Kbits/sec  1.711 ms  0/84 (0%)  
[  9]  48.00-49.00  sec  24.6 KBytes   201 Kbits/sec  1.604 ms  0/84 (0%)  
[SUM]  48.00-49.00  sec  73.8 KBytes   604 Kbits/sec  1.708 ms  0/252 (0%)  
- - - - - - - - - - - - - - - - - - - - - - - - -
[  5]  49.00-50.00  sec  24.3 KBytes   199 Kbits/sec  2.689 ms  0/83 (0%)  
[  6]  49.00-50.00  sec  24.3 KBytes   200 Kbits/sec  2.799 ms  0/83 (0%)  
[  9]  49.00-50.00  sec  24.3 KBytes   200 Kbits/sec  3.964 ms  0/83 (0%)  
[SUM]  49.00-50.00  sec  72.9 KBytes   598 Kbits/sec  3.151 ms  0/249 (0%)  
- - - - - - - - - - - - - - - - - - - - - - - - -
[  5]  50.00-51.00  sec  24.3 KBytes   199 Kbits/sec  1.957 ms  0/83 (0%)  
[  6]  50.00-51.00  sec  24.3 KBytes   199 Kbits/sec  2.129 ms  0/83 (0%)  
[  9]  50.00-51.00  sec  24.3 KBytes   199 Kbits/sec  1.780 ms  0/83 (0%)  
[SUM]  50.00-51.00  sec  72.9 KBytes   598 Kbits/sec  1.955 ms  0/249 (0%)  
- - - - - - - - - - - - - - - - - - - - - - - - -
[  5]  51.00-52.00  sec  24.6 KBytes   201 Kbits/sec  2.303 ms  0/84 (0%)  
[  6]  51.00-52.00  sec  24.6 KBytes   201 Kbits/sec  1.792 ms  0/84 (0%)  
[  9]  51.00-52.00  sec  24.3 KBytes   199 Kbits/sec  2.113 ms  0/83 (0%)  
[SUM]  51.00-52.00  sec  73.5 KBytes   601 Kbits/sec  2.069 ms  0/251 (0%)  
- - - - - - - - - - - - - - - - - - - - - - - - -
[  5]  52.00-53.00  sec  24.3 KBytes   200 Kbits/sec  1.846 ms  0/83 (0%)  
[  6]  52.00-53.00  sec  24.3 KBytes   200 Kbits/sec  1.796 ms  0/83 (0%)  
[  9]  52.00-53.00  sec  24.6 KBytes   202 Kbits/sec  2.777 ms  0/84 (0%)  
[SUM]  52.00-53.00  sec  73.2 KBytes   601 Kbits/sec  2.140 ms  0/250 (0%)  
- - - - - - - - - - - - - - - - - - - - - - - - -
[  5]  53.00-54.00  sec  24.3 KBytes   199 Kbits/sec  2.283 ms  0/83 (0%)  
[  6]  53.00-54.00  sec  24.3 KBytes   199 Kbits/sec  1.784 ms  0/83 (0%)  
[  9]  53.00-54.00  sec  24.3 KBytes   199 Kbits/sec  1.597 ms  0/83 (0%)  
[SUM]  53.00-54.00  sec  72.9 KBytes   598 Kbits/sec  1.888 ms  0/249 (0%)  
- - - - - - - - - - - - - - - - - - - - - - - - -
[  5]  54.00-55.00  sec  24.6 KBytes   202 Kbits/sec  1.778 ms  0/84 (0%)  
[  6]  54.00-55.00  sec  24.6 KBytes   202 Kbits/sec  1.996 ms  0/84 (0%)  
[  9]  54.00-55.00  sec  24.6 KBytes   202 Kbits/sec  1.734 ms  0/84 (0%)  
[SUM]  54.00-55.00  sec  73.8 KBytes   605 Kbits/sec  1.836 ms  0/252 (0%)  
- - - - - - - - - - - - - - - - - - - - - - - - -
[  5]  55.00-56.00  sec  24.3 KBytes   199 Kbits/sec  1.925 ms  0/83 (0%)  
[  6]  55.00-56.00  sec  24.3 KBytes   199 Kbits/sec  2.173 ms  0/83 (0%)  
[  9]  55.00-56.00  sec  24.3 KBytes   199 Kbits/sec  1.788 ms  0/83 (0%)  
[SUM]  55.00-56.00  sec  72.9 KBytes   597 Kbits/sec  1.962 ms  0/249 (0%)  
- - - - - - - - - - - - - - - - - - - - - - - - -
[  5]  56.00-56.03  sec   600 Bytes   156 Kbits/sec  2.034 ms  0/2 (0%)  
[  6]  56.00-56.03  sec   600 Bytes   156 Kbits/sec  2.191 ms  0/2 (0%)  
[  9]  56.00-56.03  sec   600 Bytes   156 Kbits/sec  2.071 ms  0/2 (0%)  
[SUM]  56.00-56.03  sec  1.76 KBytes   467 Kbits/sec  2.099 ms  0/6 (0%)  
- - - - - - - - - - - - - - - - - - - - - - - - -
[ ID] Interval           Transfer     Bitrate         Jitter    Lost/Total Datagrams
[  5]   0.00-56.03  sec  1.34 MBytes   200 Kbits/sec  2.034 ms  0/4667 (0%)  receiver
[  6]   0.00-56.03  sec  1.34 MBytes   200 Kbits/sec  2.191 ms  0/4667 (0%)  receiver
[  9]   0.00-56.03  sec  1.34 MBytes   200 Kbits/sec  2.071 ms  0/4667 (0%)  receiver
[SUM]   0.00-56.03  sec  4.01 MBytes   600 Kbits/sec  2.099 ms  0/14001 (0%)  receiver
