[acape] bounds for target 15.0ms interval 15.0ms: target 0.6-60ms interval 3-45ms (interval/target ratio 1.0)

==============================================================================
  ACAPE v6.0.0   mode=tc-only   qdisc=pie handle=10:
  metrics -> results_cross/pie_rtt30/pie_acape_steady_s1/acape_metrics_ctl.csv
==============================================================================
      t    regime        traj      pred     dr/s    bl    tput flows eleph  tgt_ms   lim  adj
---------------------------------------------------------------------------------------------
    1.9     HEAVY      STABLE     HEAVY     41.6     0    9.71     0     0  15.000  1000    0
    3.6     HEAVY      STABLE     HEAVY     40.2     6    9.85     0     0  15.000  1000    0
    5.3     HEAVY      STABLE     HEAVY     29.1    10    9.97     0     0  15.000  1000    0
    7.0     HEAVY      STABLE     HEAVY     26.5     9    9.99     0     0  15.000  1000    0
    8.7     HEAVY      STABLE     HEAVY     26.1     7    9.98     0     0  15.000  1000    0
   10.4     HEAVY      STABLE     HEAVY     27.1     8   10.04     0     0  15.000  1000    0
   12.1     HEAVY      STABLE     HEAVY     28.0     9    9.88     0     0  15.000  1000    0
   13.8     HEAVY      STABLE     HEAVY     30.4     6   10.13     0     0  15.000  1000    0
   15.5     HEAVY      STABLE     HEAVY     24.3    10   10.00     0     0  15.000  1000    0
   17.2     HEAVY      STABLE     HEAVY     26.4     9    9.99     0     0  13.500   900    1
   19.3     HEAVY      STABLE     HEAVY     29.5     5    9.98     0     0  13.500   900    1
   21.0     HEAVY      STABLE     HEAVY     25.4     7   10.00     0     0  13.500   900    1
   22.6     HEAVY      STABLE     HEAVY     27.5     7   10.03     0     0  13.500   900    1
   24.3     HEAVY      STABLE     HEAVY     25.3    10    9.96     0     0  13.500   900    1
   26.0     HEAVY      STABLE     HEAVY     28.1     8    9.91     0     0  13.500   900    1
   27.7     HEAVY      STABLE     HEAVY     25.7     9   10.00     0     0  13.500   900    1
   29.3     HEAVY      STABLE     HEAVY     25.3    10   10.00     0     0  13.500   900    1
   31.0     HEAVY      STABLE     HEAVY     28.3     9    9.79     0     0  13.500   900    1
   32.8     HEAVY      STABLE     HEAVY     24.7     8   10.03     0     0  13.500   900    1
   34.5     HEAVY      STABLE     HEAVY     29.2    13    9.96     0     0  12.100   810    2
   36.5     HEAVY      STABLE     HEAVY     29.4     6   10.01     0     0  12.100   810    2
   38.2     HEAVY      STABLE     HEAVY     25.4     6    9.95     0     0  12.100   810    2
   39.8     HEAVY      STABLE     HEAVY     27.4     9   10.01     0     0  12.100   810    2
   41.5     HEAVY      STABLE     HEAVY     28.5    11   10.00     0     0  12.100   810    2
   43.2     HEAVY      STABLE     HEAVY     26.2    10    9.98     0     0  12.100   810    2
   44.8     HEAVY      STABLE     HEAVY     29.3    10   10.04     0     0  12.100   810    2
   46.5     HEAVY      STABLE     HEAVY     27.9    12    9.96     0     0  12.100   810    2
   48.2     HEAVY      STABLE     HEAVY     30.6     4    9.97     0     0  12.100   810    2
   49.9     HEAVY      STABLE     HEAVY     31.0     6    9.97     0     0  12.100   810    2
   51.5     HEAVY      STABLE     HEAVY     26.3    10   10.07     0     0  10.900   729    3
   53.6     HEAVY      STABLE     HEAVY     31.6     5    9.97     0     0  10.900   729    3
   55.3     HEAVY      STABLE     HEAVY     27.9     7   10.01     0     0  10.900   729    3
   57.0     HEAVY      STABLE     HEAVY     28.7     6   10.00     0     0  10.900   729    3
   58.6     HEAVY      STABLE     HEAVY     29.5     3   10.01     0     0  10.900   729    3
   60.3     HEAVY      STABLE     HEAVY     28.5     6    9.94     0     0  10.900   729    3
   62.0     HEAVY      STABLE     HEAVY     29.2     6   10.01     0     0  10.900   729    3
   63.7     HEAVY      STABLE     HEAVY     25.2    11    9.98     0     0  10.900   729    3
   65.3     HEAVY      STABLE     HEAVY     30.7     4   10.04     0     0  10.900   729    3
   67.0     HEAVY      STABLE     HEAVY     28.5    10   10.01     0     0  10.900   729    3
   68.7     HEAVY      STABLE     HEAVY     27.1     9    9.99     0     0   9.810   656    4
   70.8     HEAVY      STABLE     HEAVY     28.9     8    9.54     0     0   9.810   656    4
   72.5     HEAVY      STABLE     HEAVY     30.2     4   10.04     0     0   9.810   656    4
   74.2     HEAVY      STABLE     HEAVY     30.3     8    9.97     0     0   9.810   656    4
   75.9     HEAVY      STABLE     HEAVY     32.2     5   10.07     0     0   9.810   656    4
   77.5     HEAVY      STABLE     HEAVY     27.1     7    9.98     0     0   9.810   656    4
   79.2     HEAVY      STABLE     HEAVY     29.2     8   10.00     0     0   9.810   656    4
   80.9     HEAVY      STABLE     HEAVY     27.7     7    9.91     0     0   9.810   656    4
   82.5     HEAVY      STABLE     HEAVY     30.7     5   10.10     0     0   9.810   656    4
   84.2     HEAVY      STABLE     HEAVY     27.6     6    9.86     0     0   9.810   656    4
   85.9     HEAVY      STABLE     HEAVY     31.7     8   10.09     0     0   8.830   590    5
   87.9     HEAVY      STABLE     HEAVY     32.4     4   10.01     0     0   8.830   590    5
   89.6     HEAVY      STABLE     HEAVY     30.1     5    9.99     0     0   8.830   590    5
   91.3     HEAVY      STABLE     HEAVY     33.1     4   10.01     0     0   8.830   590    5
   93.0     HEAVY      STABLE     HEAVY     29.4     6    9.81     0     0   8.830   590    5
   94.8     HEAVY      STABLE     HEAVY     31.6     5   10.00     0     0   8.830   590    5
   96.4     HEAVY      STABLE     HEAVY     32.1     4   10.01     0     0   8.830   590    5
   98.6     HEAVY      STABLE     HEAVY     23.3    12    8.54     0     0   8.830   590    5
  100.3     HEAVY      STABLE     HEAVY     28.4     5   10.30     0     0   8.830   590    5
  102.0     HEAVY      STABLE     HEAVY     31.5     5   10.03     0     0   8.830   590    5
  103.7     HEAVY      STABLE     HEAVY     32.6     4   10.00     0     0   7.950   531    6
  105.7     HEAVY      STABLE     HEAVY     31.1     7    9.80     0     0   7.950   531    6
  107.4     HEAVY      STABLE     HEAVY     28.6     5    9.92     0     0   7.950   531    6
  109.1     HEAVY      STABLE     HEAVY     31.0     4   10.02     0     0   7.950   531    6
  110.8     HEAVY      STABLE     HEAVY     32.5     7    9.96     0     0   7.950   531    6
  112.4     HEAVY      STABLE     HEAVY     34.0     7   10.00     0     0   7.950   531    6
  114.1     HEAVY      STABLE     HEAVY     35.9     4   10.00     0     0   7.950   531    6
  115.7     HEAVY      STABLE     HEAVY     30.4     5   10.01     0     0   7.950   531    6
  117.4     HEAVY      STABLE     HEAVY     33.8     7    9.96     0     0   7.950   531    6
  119.1     HEAVY      STABLE     HEAVY     27.4     7    9.89     0     0   7.950   531    6
  120.8     HEAVY      STABLE     HEAVY     29.8     4   10.02     0     0   7.150   477    7
  122.8     HEAVY      STABLE     HEAVY     29.8     5   10.00     0     0   7.150   477    7
  124.5     HEAVY      STABLE     HEAVY     31.7     5    9.83     0     0   7.150   477    7
  126.2     HEAVY      STABLE     HEAVY     30.7     4   10.01     0     0   7.150   477    7
  127.9     HEAVY      STABLE     HEAVY     34.9     4   10.00     0     0   7.150   477    7
  129.6     HEAVY      STABLE     HEAVY     33.2     4    9.97     0     0   7.150   477    7
  131.3     HEAVY      STABLE     HEAVY     32.9     5    9.93     0     0   7.150   477    7
  133.0     HEAVY      STABLE     HEAVY     31.9     4   10.04     0     0   7.150   477    7
  134.7     HEAVY      STABLE     HEAVY     34.3     6   10.01     0     0   7.150   477    7
  136.3     HEAVY      STABLE     HEAVY     36.4     4   10.02     0     0   7.150   477    7
  138.1     HEAVY      STABLE     HEAVY     34.4     6    9.80     0     0   6.430   429    8
  140.1     HEAVY      STABLE     HEAVY     32.3     4    9.96     0     0   6.430   429    8
  141.8     HEAVY      STABLE     HEAVY     35.2     6   10.10     0     0   6.430   429    8
  143.5     HEAVY      STABLE     HEAVY     35.1     4    9.69     0     0   6.430   429    8
  145.2     HEAVY      STABLE     HEAVY     33.6     2   10.08     0     0   6.430   429    8
  146.9     HEAVY      STABLE     HEAVY     34.4     4   10.02     0     0   6.430   429    8
  148.5     HEAVY      STABLE     HEAVY     34.8     3    9.94     0     0   6.430   429    8
  150.2     HEAVY      STABLE     HEAVY     35.5     4    9.99     0     0   6.430   429    8
  151.9     HEAVY      STABLE     HEAVY     35.2     2   10.00     0     0   6.430   429    8
  153.7     HEAVY      STABLE     HEAVY     34.0     3   10.02     0     0   6.430   429    8
  155.4     HEAVY      STABLE     HEAVY     36.3     7   10.02     0     0   5.790   386    9
  157.3     HEAVY      STABLE     HEAVY     35.0     4    9.96     0     0   5.790   386    9
  159.1     HEAVY      STABLE     HEAVY     35.5     4    9.94     0     0   5.790   386    9
  160.8     HEAVY      STABLE     HEAVY     35.5     8   10.07     0     0   5.790   386    9
  162.5     HEAVY      STABLE     HEAVY     36.6     4    9.97     0     0   5.790   386    9
  164.2     HEAVY      STABLE     HEAVY     37.0     5   10.02     0     0   5.790   386    9
  165.8     HEAVY      STABLE     HEAVY     34.9     5    9.98     0     0   5.790   386    9
  167.5     HEAVY      STABLE     HEAVY     36.5     5   10.00     0     0   5.790   386    9
  169.2     HEAVY      STABLE     HEAVY     35.6     4   10.03     0     0   5.790   386    9
  170.8     HEAVY      STABLE     HEAVY     35.2     3   10.02     0     0   5.790   386    9
  172.5     HEAVY      STABLE     HEAVY     34.9     4    9.96     0     0   5.210   347   10
  174.5     HEAVY      STABLE     HEAVY     35.3     5    9.99     0     0   5.210   347   10
  176.2     HEAVY      STABLE     HEAVY     36.9     6   10.03     0     0   5.210   347   10
  177.9     HEAVY      STABLE     HEAVY     37.8     2    9.98     0     0   5.210   347   10
  179.6     HEAVY      STABLE     HEAVY     25.3     0    7.76     0     0   5.210   347   10

Done — 105 ticks, 10 adjustments (0 predictive), mode=tc-only
