[acape] bounds for target 5.0ms interval 100.0ms: target 0.2-20ms interval 20-300ms (interval/target ratio 20.0)

==============================================================================
  ACAPE v6.0.0   mode=tc-only   qdisc=fq_codel handle=10:
  metrics -> results_serial/rate5/fq_codel_acape_t5_steady_s1/acape_metrics_ctl.csv
==============================================================================
      t    regime        traj      pred     dr/s    bl    tput flows eleph  tgt_ms   lim  adj
---------------------------------------------------------------------------------------------
    0.9     HEAVY      STABLE     HEAVY     97.8    10    5.06     0     0   5.000  1024    0
    2.0     HEAVY      STABLE     HEAVY     62.0    12    3.77     0     0   5.000  1024    0
    2.8     HEAVY      STABLE     HEAVY     94.9    14    5.19     0     0   5.000  1024    0
    3.4     HEAVY      STABLE     HEAVY    116.9    12    5.05     0     0   5.000  1024    0
    4.1     HEAVY      STABLE     HEAVY     90.2    11    4.92     0     0   5.000  1024    0
    4.8     HEAVY      STABLE     HEAVY    102.8    12    5.00     0     0   5.000  1024    0
    5.5     HEAVY      STABLE     HEAVY     74.1    13    5.03     0     0   5.000  1024    0
    6.3     HEAVY      STABLE     HEAVY     79.0    11    4.54     0     0   5.000  1024    0
    7.0     HEAVY      STABLE     HEAVY     86.7     9    5.10     0     0   5.000  1024    0
    7.6     HEAVY      STABLE     HEAVY     82.3    15    5.00     0     0   4.500   921    1
    8.7     HEAVY      STABLE     HEAVY    101.3    13    4.98     0     0   4.500   921    1
    9.4     HEAVY      STABLE     HEAVY    101.9    11    4.99     0     0   4.500   921    1
   10.0     HEAVY      STABLE     HEAVY     97.9    12    5.04     0     0   4.500   921    1
   10.7     HEAVY      STABLE     HEAVY    114.0     6    5.00     0     0   4.500   921    1
   11.3     HEAVY      STABLE     HEAVY     89.7    12    5.00     0     0   4.500   921    1
   12.0     HEAVY      STABLE     HEAVY    106.6    10    5.03     0     0   4.500   921    1
   12.6     HEAVY      STABLE     HEAVY    101.1    12    4.97     0     0   4.500   921    1
   13.3     HEAVY      STABLE     HEAVY    103.3    11    4.97     0     0   4.500   921    1
   14.0     HEAVY      STABLE     HEAVY     97.6    10    5.04     0     0   4.500   921    1
   14.7     HEAVY      STABLE     HEAVY    106.2    12    5.00     0     0   4.050   828    2
   15.7     HEAVY      STABLE     HEAVY     99.0    10    4.94     0     0   4.050   828    2
   16.4     HEAVY      STABLE     HEAVY     95.7    11    4.93     0     0   4.050   828    2
   17.1     HEAVY      STABLE     HEAVY    106.3     7    5.00     0     0   4.050   828    2
   17.8     HEAVY      STABLE     HEAVY    108.2    10    5.05     0     0   4.050   828    2
   18.5     HEAVY      STABLE     HEAVY     93.6    12    4.96     0     0   4.050   828    2
   19.2     HEAVY      STABLE     HEAVY     98.5    13    5.04     0     0   4.050   828    2
   19.9     HEAVY      STABLE     HEAVY    110.3     7    4.97     0     0   4.050   828    2
   20.5     HEAVY      STABLE     HEAVY     92.9    10    5.05     0     0   4.050   828    2
   21.2     HEAVY      STABLE     HEAVY     96.3    13    4.92     0     0   4.050   828    2
   21.9     HEAVY      STABLE     HEAVY    109.4    11    5.08     0     0   3.640   745    3
   22.9     HEAVY      STABLE     HEAVY    101.9    10    4.99     0     0   3.640   745    3
   23.6     HEAVY      STABLE     HEAVY    123.4     9    5.03     0     0   3.640   745    3
   24.2     HEAVY      STABLE     HEAVY    109.1     9    4.99     0     0   3.640   745    3
   24.9     HEAVY      STABLE     HEAVY    106.3    12    5.00     0     0   3.640   745    3
   25.6     HEAVY      STABLE     HEAVY    108.4     7    4.96     0     0   3.640   745    3
   26.2     HEAVY      STABLE     HEAVY     99.0    13    5.02     0     0   3.640   745    3
   26.9     HEAVY      STABLE     HEAVY    100.3     9    4.98     0     0   3.640   745    3
   27.7     HEAVY      STABLE     HEAVY     95.1    10    4.93     0     0   3.640   745    3
   28.4     HEAVY      STABLE     HEAVY    104.8     7    5.00     0     0   3.640   745    3
   29.1     HEAVY      STABLE     HEAVY    116.0     9    4.96     0     0   3.270   670    4
   30.1     HEAVY      STABLE     HEAVY    109.5     6    5.07     0     0   3.270   670    4
   30.8     HEAVY      STABLE     HEAVY     98.5    10    5.02     0     0   3.270   670    4
   31.5     HEAVY      STABLE     HEAVY    110.6     9    4.99     0     0   3.270   670    4
   32.2     HEAVY      STABLE     HEAVY    104.8    11    4.92     0     0   3.270   670    4
   32.8     HEAVY      STABLE     HEAVY    116.6     9    5.08     0     0   3.270   670    4
   33.5     HEAVY      STABLE     HEAVY    101.8     9    4.98     0     0   3.270   670    4
   34.2     HEAVY      STABLE     HEAVY     87.5    12    4.99     0     0   3.270   670    4
   34.8     HEAVY      STABLE     HEAVY    109.7     7    5.00     0     0   3.270   670    4
   35.5     HEAVY      STABLE     HEAVY    102.8    11    4.96     0     0   3.270   670    4
   36.2     HEAVY      STABLE     HEAVY    108.1    10    5.01     0     0   2.940   603    5
   37.3     HEAVY      STABLE     HEAVY    110.0     5    5.02     0     0   2.940   603    5
   38.0     HEAVY      STABLE     HEAVY     85.6     9    4.97     0     0   2.940   603    5
   38.7     HEAVY      STABLE     HEAVY    105.5     7    5.04     0     0   2.940   603    5
   39.3     HEAVY      STABLE     HEAVY     95.9     8    4.98     0     0   2.940   603    5
   40.0     HEAVY      STABLE     HEAVY     93.1    14    5.00     0     0   2.940   603    5
   40.7     HEAVY      STABLE     HEAVY    114.3    11    4.91     0     0   2.940   603    5
   41.4     HEAVY      STABLE     HEAVY    100.5     8    5.06     0     0   2.940   603    5
   42.1     HEAVY      STABLE     HEAVY    108.0     7    4.90     0     0   2.940   603    5
   42.9     HEAVY      STABLE     HEAVY    102.9    12    5.08     0     0   2.940   603    5
   43.5     HEAVY      STABLE     HEAVY    102.6    11    5.06     0     0   2.640   542    6
   44.5     HEAVY      STABLE     HEAVY    100.5     9    5.01     0     0   2.640   542    6
   45.2     HEAVY      STABLE     HEAVY     95.1    10    4.84     0     0   2.640   542    6
   45.9     HEAVY      STABLE     HEAVY    115.0    10    5.16     0     0   2.640   542    6
   46.5     HEAVY      STABLE     HEAVY    111.4    12    4.97     0     0   2.640   542    6
   47.2     HEAVY      STABLE     HEAVY     99.2    12    5.00     0     0   2.640   542    6
   47.9     HEAVY      STABLE     HEAVY    127.6     5    4.98     0     0   2.640   542    6
   48.6     HEAVY      STABLE     HEAVY     98.2     8    4.97     0     0   2.640   542    6
   49.2     HEAVY      STABLE     HEAVY    115.1     8    5.07     0     0   2.640   542    6
   49.9     HEAVY      STABLE     HEAVY    118.6    12    5.02     0     0   2.640   542    6
   50.6     HEAVY      STABLE     HEAVY    109.1     8    4.99     0     0   2.380   487    7
   51.5     HEAVY      STABLE     HEAVY    114.5    11    5.02     0     0   2.380   487    7
   52.2     HEAVY      STABLE     HEAVY    103.4     7    4.97     0     0   2.380   487    7
   52.9     HEAVY      STABLE     HEAVY    126.6     5    4.96     0     0   2.380   487    7
   53.6     HEAVY      STABLE     HEAVY     97.3     3    4.90     0     0   2.380   487    7
   54.3     HEAVY      STABLE     HEAVY    100.3     7    5.11     0     0   2.380   487    7
   55.0     HEAVY      STABLE     HEAVY    108.2     7    4.96     0     0   2.380   487    7
   55.7     HEAVY      STABLE     HEAVY     95.8     9    5.07     0     0   2.380   487    7
   56.3     HEAVY      STABLE     HEAVY    102.7    12    5.01     0     0   2.380   487    7
   57.0     HEAVY      STABLE     HEAVY    109.0    11    4.94     0     0   2.380   487    7
   57.8     HEAVY      STABLE     HEAVY    116.3     4    5.03     0     0   2.140   438    8
   58.7     HEAVY      STABLE     HEAVY     68.6     0    3.20     0     0   2.140   438    8
   59.4    NORMAL      STABLE    NORMAL      0.0     0    0.00     0     0   2.140   438    8

Done — 83 ticks, 8 adjustments (0 predictive), mode=tc-only
