[acape] bounds for target 5.0ms: target 0.2-20ms interval 20-300ms

==============================================================================
  ACAPE v6.0.0   mode=tc-only   qdisc=codel handle=10:
  metrics -> results_cross/codel_rtt8/codel_acape_steady_s1/acape_metrics_ctl.csv
==============================================================================
      t    regime        traj      pred     dr/s    bl    tput flows eleph  tgt_ms   lim  adj
---------------------------------------------------------------------------------------------
    0.9     HEAVY      STABLE     HEAVY     77.6    27   10.02     0     0   5.000  1024    0
    1.5     HEAVY      STABLE     HEAVY     86.2    12   10.17     0     0   5.000  1024    0
    2.2     HEAVY      STABLE     HEAVY     60.1     5    9.98     0     0   5.000  1024    0
    2.9     HEAVY      STABLE     HEAVY     65.8    13    9.94     0     0   5.000  1024    0
    3.6     HEAVY      STABLE     HEAVY     74.8     5   10.00     0     0   5.000  1024    0
    4.3     HEAVY      STABLE     HEAVY     57.3    12   10.10     0     0   5.000  1024    0
    5.0     HEAVY      STABLE     HEAVY     61.3     7    9.95     0     0   5.000  1024    0
    5.7     HEAVY      STABLE     HEAVY     64.4    12   10.03     0     0   5.000  1024    0
    6.4     HEAVY      STABLE     HEAVY     55.3    12    9.87     0     0   5.000  1024    0
    7.0     HEAVY      STABLE     HEAVY     60.9    11   10.16     0     0   4.500   921    1
    8.0     HEAVY      STABLE     HEAVY     61.7    11    9.93     0     0   4.500   921    1
    8.8     HEAVY      STABLE     HEAVY     63.0    12    9.63     0     0   4.500   921    1
    9.5     HEAVY      STABLE     HEAVY     69.3    10   10.28     0     0   4.500   921    1
   10.2     HEAVY      STABLE     HEAVY     67.0     8    9.99     0     0   4.500   921    1
   10.9     HEAVY      STABLE     HEAVY     77.6     6   10.01     0     0   4.500   921    1
   11.6     HEAVY      STABLE     HEAVY     63.9    11   10.07     0     0   4.500   921    1
   12.3     HEAVY      STABLE     HEAVY     68.0    14    9.94     0     0   4.500   921    1
   12.9     HEAVY      STABLE     HEAVY     62.3     5    9.84     0     0   4.500   921    1
   13.7     HEAVY      STABLE     HEAVY     53.5     9   10.01     0     0   4.500   921    1
   14.5     HEAVY      STABLE     HEAVY     63.0     8   10.10     0     0   4.050   828    2
   15.4     HEAVY      STABLE     HEAVY     78.6    10   10.01     0     0   4.050   828    2
   16.1     HEAVY      STABLE     HEAVY     79.3     9   10.04     0     0   4.050   828    2
   16.8     HEAVY      STABLE     HEAVY     74.3    11   10.10     0     0   4.050   828    2
   17.5     HEAVY      STABLE     HEAVY     60.3     9   10.00     0     0   4.050   828    2
   18.1     HEAVY      STABLE     HEAVY     76.2     6   10.01     0     0   4.050   828    2
   18.8     HEAVY      STABLE     HEAVY     54.4    10    9.94     0     0   4.050   828    2
   19.5     HEAVY      STABLE     HEAVY     81.8     8   10.01     0     0   4.050   828    2
   20.1     HEAVY      STABLE     HEAVY     62.3     8   10.01     0     0   4.050   828    2
   20.8     HEAVY      STABLE     HEAVY     66.8     8    9.96     0     0   4.050   828    2
   21.5     HEAVY      STABLE     HEAVY     72.7    10    9.79     0     0   3.640   745    3
   22.6     HEAVY      STABLE     HEAVY     69.0     9   10.09     0     0   3.640   745    3
   23.2     HEAVY      STABLE     HEAVY     66.0     8   10.07     0     0   3.640   745    3
   24.0     HEAVY      STABLE     HEAVY     58.4    11    9.82     0     0   3.640   745    3
   24.7     HEAVY      STABLE     HEAVY     68.9    13   10.03     0     0   3.640   745    3
   25.5     HEAVY      STABLE     HEAVY     86.1    10   10.09     0     0   3.640   745    3
   26.2     HEAVY      STABLE     HEAVY     70.0     3    9.34     0     0   3.640   745    3
   26.9     HEAVY      STABLE     HEAVY     64.5    12    9.91     0     0   3.640   745    3
   27.6     HEAVY      STABLE     HEAVY     70.1     4   10.10     0     0   3.640   745    3
   28.3     HEAVY      STABLE     HEAVY     65.1    12    9.79     0     0   3.640   745    3
   29.0     HEAVY      STABLE     HEAVY     72.4    15   10.07     0     0   3.270   670    4
   30.2     HEAVY      STABLE     HEAVY     83.3     5    9.98     0     0   3.270   670    4
   30.8     HEAVY      STABLE     HEAVY     69.4    10   10.03     0     0   3.270   670    4
   31.5     HEAVY      STABLE     HEAVY     77.3    10    9.87     0     0   3.270   670    4
   32.2     HEAVY      STABLE     HEAVY     81.8    10   10.13     0     0   3.270   670    4
   32.9     HEAVY      STABLE     HEAVY     90.1     9   10.06     0     0   3.270   670    4
   33.6     HEAVY      STABLE     HEAVY     78.5     9    9.88     0     0   3.270   670    4
   34.2     HEAVY      STABLE     HEAVY     92.9     4   10.03     0     0   3.270   670    4
   34.9     HEAVY      STABLE     HEAVY     68.9    13   10.12     0     0   3.270   670    4
   35.6     HEAVY      STABLE     HEAVY     68.7    12    9.88     0     0   3.270   670    4
   36.2     HEAVY      STABLE     HEAVY     78.1     8   10.13     0     0   2.940   603    5
   37.3     HEAVY      STABLE     HEAVY     72.9     5    9.97     0     0   2.940   603    5
   38.0     HEAVY      STABLE     HEAVY     68.9     8   10.02     0     0   2.940   603    5
   38.7     HEAVY      STABLE     HEAVY     77.6     8    9.94     0     0   2.940   603    5
   39.4     HEAVY      STABLE     HEAVY     79.0     8   10.07     0     0   2.940   603    5
   40.1     HEAVY      STABLE     HEAVY     68.0     9    9.94     0     0   2.940   603    5
   40.7     HEAVY      STABLE     HEAVY     67.6    10    9.89     0     0   2.940   603    5
   41.4     HEAVY      STABLE     HEAVY     82.0     5   10.03     0     0   2.940   603    5
   42.1     HEAVY      STABLE     HEAVY     63.5    10   10.06     0     0   2.940   603    5
   42.8     HEAVY      STABLE     HEAVY     73.1     9   10.03     0     0   2.940   603    5
   43.5     HEAVY      STABLE     HEAVY     78.1     9    9.91     0     0   2.640   542    6
   44.5     HEAVY      STABLE     HEAVY     63.7    10    9.88     0     0   2.640   542    6
   45.3     HEAVY      STABLE     HEAVY     51.7    10    6.71     0     0   2.640   542    6
   46.0     HEAVY      STABLE     HEAVY     61.2    11   10.17     0     0   2.640   542    6
   46.7     HEAVY      STABLE     HEAVY     66.4     9    9.99     0     0   2.640   542    6
   47.4     HEAVY      STABLE     HEAVY     73.3     4    9.96     0     0   2.640   542    6
   48.1     HEAVY      STABLE     HEAVY     85.8     7   10.06     0     0   2.640   542    6
   48.7     HEAVY      STABLE     HEAVY     87.2    11    9.98     0     0   2.640   542    6
   49.4     HEAVY      STABLE     HEAVY     86.3     8   10.07     0     0   2.640   542    6
   50.1     HEAVY      STABLE     HEAVY     74.8    11    9.98     0     0   2.640   542    6
   50.7     HEAVY      STABLE     HEAVY     78.2    12    9.97     0     0   2.380   487    7
   51.7     HEAVY      STABLE     HEAVY     85.6     8    9.90     0     0   2.380   487    7
   52.4     HEAVY      STABLE     HEAVY     71.5     8    9.96     0     0   2.380   487    7
   53.1     HEAVY      STABLE     HEAVY     87.8     5    9.98     0     0   2.380   487    7
   53.8     HEAVY      STABLE     HEAVY     78.0     6   10.01     0     0   2.380   487    7
   54.5     HEAVY      STABLE     HEAVY     84.3     5   10.05     0     0   2.380   487    7
   55.1     HEAVY      STABLE     HEAVY     76.4     7    9.99     0     0   2.380   487    7
   55.8     HEAVY      STABLE     HEAVY     87.1     8   10.03     0     0   2.380   487    7
   56.5     HEAVY      STABLE     HEAVY     77.7     6    9.86     0     0   2.380   487    7
   57.2     HEAVY      STABLE     HEAVY     77.5    12   10.08     0     0   2.380   487    7
   57.8     HEAVY      STABLE     HEAVY     71.9     7   10.02     0     0   2.140   438    8
   58.9     HEAVY      STABLE     HEAVY     76.5     3    9.81     0     0   2.140   438    8
   59.6  MODERATE      STABLE  MODERATE     13.2     0    2.15     0     0   2.140   438    8

Done — 83 ticks, 8 adjustments (0 predictive), mode=tc-only
