
==============================================================================
  ACAPE v6.0.0   mode=tc-only   qdisc=fq_codel handle=10:
  metrics -> results_law/rtt40/fq_codel_acape_steady_s1/acape_metrics_ctl.csv
==============================================================================
      t    regime        traj      pred     dr/s    bl    tput flows eleph  tgt_ms   lim  adj
---------------------------------------------------------------------------------------------
    0.9     HEAVY      STABLE     HEAVY     87.5     3    9.95     0     0   5.000  1024    0
    1.6  MODERATE      STABLE  MODERATE     17.4     7    9.85     0     0   5.000  1024    0
    2.3  MODERATE  RECOVERING     LIGHT     16.5     5   10.07     0     0   5.000  1024    0
    3.0  MODERATE  RECOVERING     LIGHT     18.2     6    9.89     0     0   5.000  1024    0
    3.8  MODERATE      STABLE  MODERATE     19.7     7   10.02     0     0   5.000  1024    0
    4.5  MODERATE      STABLE  MODERATE     21.1     5    9.98     0     0   5.000  1024    0
    5.2  MODERATE      STABLE  MODERATE     20.7     5   10.04     0     0   5.000  1024    0
    5.9  MODERATE      STABLE  MODERATE     18.2     4   10.08     0     0   5.000  1024    0
    6.6  MODERATE      STABLE  MODERATE     18.2     5    9.92     0     0   5.000  1024    0
    7.3  MODERATE      STABLE  MODERATE     17.5     6    9.99     0     0   4.800   992    1
    8.2  MODERATE      STABLE  MODERATE     19.5     4   10.04     0     0   4.800   992    1
    8.9  MODERATE      STABLE  MODERATE     19.9     6    9.85     0     0   4.800   992    1
    9.6  MODERATE      STABLE  MODERATE     20.8     5   10.06     0     0   4.800   992    1
   10.2  MODERATE      STABLE  MODERATE     19.0     5    9.89     0     0   4.800   992    1
   10.9  MODERATE      STABLE  MODERATE     18.2     6   10.02     0     0   4.800   992    1
   11.6  MODERATE      STABLE  MODERATE     20.4     3    9.92     0     0   4.800   992    1
   12.3  MODERATE      STABLE  MODERATE     17.7     5   10.02     0     0   4.800   992    1
   12.9  MODERATE      STABLE  MODERATE     18.0     7   10.03     0     0   4.800   992    1
   13.6  MODERATE      STABLE  MODERATE     20.4     4    9.96     0     0   4.800   992    1
   14.3  MODERATE      STABLE  MODERATE     17.5     4   10.03     0     0   4.600   960    2
   15.3  MODERATE      STABLE  MODERATE     22.1     3   10.03     0     0   4.600   960    2
   15.9  MODERATE      STABLE  MODERATE     14.6     9    9.83     0     0   4.600   960    2
   16.6  MODERATE      STABLE  MODERATE     18.9     7   10.09     0     0   4.600   960    2
   17.3  MODERATE      STABLE  MODERATE     24.8     1    9.96     0     0   4.600   960    2
   18.0  MODERATE      STABLE  MODERATE     15.7     6    9.86     0     0   4.600   960    2
   18.7  MODERATE      STABLE  MODERATE     18.6     5   10.11     0     0   4.600   960    2
   19.4  MODERATE      STABLE  MODERATE     19.4     4   10.05     0     0   4.600   960    2
   20.1  MODERATE      STABLE  MODERATE     16.8     6    9.79     0     0   4.600   960    2
   20.8  MODERATE      STABLE  MODERATE     18.7     7    9.92     0     0   4.600   960    2
   21.6  MODERATE      STABLE  MODERATE     17.6     7    9.91     0     0   4.400   928    3
   22.6  MODERATE      STABLE  MODERATE     19.9     4   10.02     0     0   4.400   928    3
   23.3  MODERATE      STABLE  MODERATE     17.2     6    9.76     0     0   4.400   928    3
   24.0  MODERATE      STABLE  MODERATE     20.7     3   10.01     0     0   4.400   928    3
   24.7  MODERATE      STABLE  MODERATE     18.9     7    9.87     0     0   4.400   928    3
   25.4  MODERATE      STABLE  MODERATE     20.7     4   10.06     0     0   4.400   928    3
   26.1  MODERATE      STABLE  MODERATE     20.7     4    9.94     0     0   4.400   928    3
   26.7  MODERATE      STABLE  MODERATE     17.3     3    9.86     0     0   4.400   928    3
   27.4  MODERATE      STABLE  MODERATE     18.8     5   10.03     0     0   4.400   928    3
   28.1  MODERATE      STABLE  MODERATE     14.6     7    9.91     0     0   4.400   928    3
   28.8  MODERATE      STABLE  MODERATE     21.2     6   10.06     0     0   4.200   896    4
   29.9  MODERATE      STABLE  MODERATE     18.2     5   10.02     0     0   4.200   896    4
   30.6  MODERATE      STABLE  MODERATE     21.0     5    9.82     0     0   4.200   896    4
   31.3  MODERATE      STABLE  MODERATE     15.7     7    9.96     0     0   4.200   896    4
   31.9  MODERATE      STABLE  MODERATE     20.5     5   10.12     0     0   4.200   896    4
   32.6  MODERATE      STABLE  MODERATE     20.0     4    9.90     0     0   4.200   896    4
   33.3  MODERATE      STABLE  MODERATE     20.3     6    9.96     0     0   4.200   896    4
   34.0  MODERATE      STABLE  MODERATE     15.9     6    9.97     0     0   4.200   896    4
   34.7  MODERATE      STABLE  MODERATE     22.4     5    9.82     0     0   4.200   896    4
   35.4  MODERATE      STABLE  MODERATE     19.5     4   10.25     0     0   4.200   896    4
   36.2  MODERATE      STABLE  MODERATE     15.3     7    9.95     0     0   4.000   864    5
   37.1  MODERATE      STABLE  MODERATE     19.5     6   10.04     0     0   4.000   864    5
   37.8  MODERATE      STABLE  MODERATE     19.2     4    9.93     0     0   4.000   864    5
   38.5  MODERATE      STABLE  MODERATE     21.6     3   10.07     0     0   4.000   864    5
   39.1  MODERATE      STABLE  MODERATE     17.5     4    9.88     0     0   4.000   864    5
   39.9  MODERATE      STABLE  MODERATE     19.8     5    9.93     0     0   4.000   864    5
   40.5  MODERATE      STABLE  MODERATE     18.8     1    9.99     0     0   4.000   864    5
   41.2  MODERATE      STABLE  MODERATE     18.7     2    9.97     0     0   4.000   864    5
   41.9  MODERATE      STABLE  MODERATE     18.7     5    9.97     0     0   4.000   864    5
   42.7  MODERATE      STABLE  MODERATE     17.8     6   10.05     0     0   4.000   864    5
   43.3  MODERATE      STABLE  MODERATE     18.1     5    9.96     0     0   3.800   832    6
   44.4  MODERATE      STABLE  MODERATE     19.8     4   10.00     0     0   3.800   832    6
   45.1  MODERATE      STABLE  MODERATE     19.2     4    9.94     0     0   3.800   832    6
   46.2  MODERATE      STABLE  MODERATE     15.3     7    7.06     0     0   3.800   832    6
   47.0  MODERATE      STABLE  MODERATE     20.6     3   10.64     0     0   3.800   832    6
   47.6  MODERATE      STABLE  MODERATE     17.6     5   10.12     0     0   3.800   832    6
   48.4  MODERATE      STABLE  MODERATE     21.1     3    9.87     0     0   3.800   832    6
   49.1  MODERATE      STABLE  MODERATE     17.4     3    9.96     0     0   3.800   832    6
   49.8  MODERATE      STABLE  MODERATE     18.4     8    9.86     0     0   3.800   832    6
   50.6  MODERATE      STABLE  MODERATE     18.1     7   10.11     0     0   3.800   832    6
   51.3  MODERATE      STABLE  MODERATE     23.1     4   10.05     0     0   3.600   800    7
   52.4  MODERATE      STABLE  MODERATE     20.6     4    9.36     0     0   3.600   800    7
   53.0  MODERATE      STABLE  MODERATE     21.0     4   10.04     0     0   3.600   800    7
   53.7  MODERATE      STABLE  MODERATE     17.0     4   10.00     0     0   3.600   800    7
   54.4  MODERATE      STABLE  MODERATE     17.6     6    9.86     0     0   3.600   800    7
   55.0  MODERATE      STABLE  MODERATE     19.5     3   10.01     0     0   3.600   800    7
   55.7  MODERATE      STABLE  MODERATE     18.7     7    9.97     0     0   3.600   800    7
   56.4  MODERATE      STABLE  MODERATE     18.8     8    9.70     0     0   3.600   800    7
   57.0  MODERATE      STABLE  MODERATE     18.1     5   10.30     0     0   3.600   800    7
   57.7  MODERATE      STABLE  MODERATE     19.2     5    9.99     0     0   3.600   800    7
   58.4  MODERATE      STABLE  MODERATE     22.8     4   10.01     0     0   3.400   768    8
   59.4  MODERATE      STABLE  MODERATE     17.5     4    9.94     0     0   3.400   768    8

Done — 82 ticks, 8 adjustments (0 predictive), mode=tc-only
