-----------------------------------------------------------
Server listening on 5201 (test #1)
-----------------------------------------------------------
Accepted connection from 192.168.1.2, port 56334
[  5] local 192.168.2.2 port 5201 connected to 192.168.1.2 port 56342
[  8] local 192.168.2.2 port 5201 connected to 192.168.1.2 port 56356
[ 10] local 192.168.2.2 port 5201 connected to 192.168.1.2 port 56362
[ 12] local 192.168.2.2 port 5201 connected to 192.168.1.2 port 56378
[ 14] local 192.168.2.2 port 5201 connected to 192.168.1.2 port 56380
[ 16] local 192.168.2.2 port 5201 connected to 192.168.1.2 port 56388
[ 18] local 192.168.2.2 port 5201 connected to 192.168.1.2 port 56390
[ 20] local 192.168.2.2 port 5201 connected to 192.168.1.2 port 56406
[ ID] Interval           Transfer     Bitrate
[  5]   0.00-1.00   sec   128 KBytes  1.05 Mbits/sec                  
[  8]   0.00-1.00   sec   128 KBytes  1.05 Mbits/sec                  
[ 10]   0.00-1.00   sec   128 KBytes  1.04 Mbits/sec                  
[ 12]   0.00-1.00   sec   128 KBytes  1.04 Mbits/sec                  
[ 14]   0.00-1.00   sec   128 KBytes  1.04 Mbits/sec                  
[ 16]   0.00-1.00   sec   128 KBytes  1.04 Mbits/sec                  
[ 18]   0.00-1.00   sec   128 KBytes  1.04 Mbits/sec                  
[ 20]   0.00-1.00   sec   128 KBytes  1.04 Mbits/sec                  
[SUM]   0.00-1.00   sec  1.00 MBytes  8.36 Mbits/sec                  
- - - - - - - - - - - - - - - - - - - - - - - - -
[  5]   1.00-2.00   sec   128 KBytes  1.05 Mbits/sec                  
[  8]   1.00-2.00   sec   128 KBytes  1.05 Mbits/sec                  
[ 10]   1.00-2.00   sec   128 KBytes  1.05 Mbits/sec                  
[ 12]   1.00-2.00   sec   128 KBytes  1.05 Mbits/sec                  
[ 14]   1.00-2.00   sec   128 KBytes  1.05 Mbits/sec                  
[ 16]   1.00-2.00   sec   128 KBytes  1.05 Mbits/sec                  
[ 18]   1.00-2.00   sec   128 KBytes  1.05 Mbits/sec                  
[ 20]   1.00-2.00   sec   128 KBytes  1.05 Mbits/sec                  
[SUM]   1.00-2.00   sec  1.00 MBytes  8.40 Mbits/sec                  
- - - - - - - - - - - - - - - - - - - - - - - - -
[  5]   2.00-3.00   sec   128 KBytes  1.05 Mbits/sec                  
[  8]   2.00-3.00   sec   128 KBytes  1.05 Mbits/sec                  
[ 10]   2.00-3.00   sec   128 KBytes  1.05 Mbits/sec                  
[ 12]   2.00-3.00   sec   128 KBytes  1.05 Mbits/sec                  
[ 14]   2.00-3.00   sec   128 KBytes  1.05 Mbits/sec                  
[ 16]   2.00-3.00   sec   128 KBytes  1.05 Mbits/sec                  
[ 18]   2.00-3.00   sec   128 KBytes  1.05 Mbits/sec                  
[ 20]   2.00-3.00   sec   128 KBytes  1.05 Mbits/sec                  
[SUM]   2.00-3.00   sec  1.00 MBytes  8.39 Mbits/sec                  
- - - - - - - - - - - - - - - - - - - - - - - - -
[  5]   3.00-4.00   sec   128 KBytes  1.05 Mbits/sec                  
[  8]   3.00-4.00   sec   128 KBytes  1.05 Mbits/sec                  
[ 10]   3.00-4.00   sec   128 KBytes  1.05 Mbits/sec                  
[ 12]   3.00-4.00   sec   128 KBytes  1.05 Mbits/sec                  
[ 14]   3.00-4.00   sec   128 KBytes  1.05 Mbits/sec                  
[ 16]   3.00-4.00   sec   128 KBytes  1.05 Mbits/sec                  
[ 18]   3.00-4.00   sec   128 KBytes  1.05 Mbits/sec                  
[ 20]   3.00-4.00   sec   128 KBytes  1.05 Mbits/sec                  
[SUM]   3.00-4.00   sec  1.00 MBytes  8.39 Mbits/sec                  
- - - - - - - - - - - - - - - - - - - - - - - - -
[  5]   4.00-5.00   sec   128 KBytes  1.05 Mbits/sec                  
[  8]   4.00-5.00   sec   128 KBytes  1.05 Mbits/sec                  
[ 10]   4.00-5.00   sec   128 KBytes  1.05 Mbits/sec                  
[ 12]   4.00-5.00   sec   128 KBytes  1.05 Mbits/sec                  
[ 14]   4.00-5.00   sec   128 KBytes  1.05 Mbits/sec                  
[ 16]   4.00-5.00   sec   128 KBytes  1.05 Mbits/sec                  
[ 18]   4.00-5.00   sec   128 KBytes  1.05 Mbits/sec                  
[ 20]   4.00-5.00   sec   128 KBytes  1.05 Mbits/sec                  
[SUM]   4.00-5.00   sec  1.00 MBytes  8.39 Mbits/sec                  
- - - - - - - - - - - - - - - - - - - - - - - - -
[  5]   5.00-6.00   sec   128 KBytes  1.05 Mbits/sec                  
[  8]   5.00-6.00   sec   128 KBytes  1.05 Mbits/sec                  
[ 10]   5.00-6.00   sec   128 KBytes  1.05 Mbits/sec                  
[ 12]   5.00-6.00   sec   128 KBytes  1.05 Mbits/sec                  
[ 14]   5.00-6.00   sec   128 KBytes  1.05 Mbits/sec                  
[ 16]   5.00-6.00   sec   128 KBytes  1.05 Mbits/sec                  
[ 18]   5.00-6.00   sec   128 KBytes  1.05 Mbits/sec                  
[ 20]   5.00-6.00   sec   128 KBytes  1.05 Mbits/sec                  
[SUM]   5.00-6.00   sec  1.00 MBytes  8.38 Mbits/sec                  
- - - - - - - - - - - - - - - - - - - - - - - - -
[  5]   6.00-7.00   sec   128 KBytes  1.05 Mbits/sec                  
[  8]   6.00-7.00   sec   128 KBytes  1.05 Mbits/sec                  
[ 10]   6.00-7.00   sec   128 KBytes  1.05 Mbits/sec                  
[ 12]   6.00-7.00   sec   128 KBytes  1.05 Mbits/sec                  
[ 14]   6.00-7.00   sec   128 KBytes  1.05 Mbits/sec                  
[ 16]   6.00-7.00   sec   128 KBytes  1.05 Mbits/sec                  
[ 18]   6.00-7.00   sec   128 KBytes  1.05 Mbits/sec                  
[ 20]   6.00-7.00   sec   128 KBytes  1.05 Mbits/sec                  
[SUM]   6.00-7.00   sec  1.00 MBytes  8.39 Mbits/sec                  
- - - - - - - - - - - - - - - - - - - - - - - - -
[  5]   7.00-8.00   sec   256 KBytes  2.10 Mbits/sec                  
[  8]   7.00-8.00   sec   256 KBytes  2.10 Mbits/sec                  
[ 10]   7.00-8.00   sec   256 KBytes  2.10 Mbits/sec                  
[ 12]   7.00-8.00   sec   256 KBytes  2.10 Mbits/sec                  
[ 14]   7.00-8.00   sec   128 KBytes  1.05 Mbits/sec                  
[ 16]   7.00-8.00   sec   128 KBytes  1.05 Mbits/sec                  
[ 18]   7.00-8.00   sec   128 KBytes  1.05 Mbits/sec                  
[ 20]   7.00-8.00   sec   256 KBytes  2.10 Mbits/sec                  
[SUM]   7.00-8.00   sec  1.62 MBytes  13.6 Mbits/sec                  
- - - - - - - - - - - - - - - - - - - - - - - - -
[  5]   8.00-9.00   sec   128 KBytes  1.05 Mbits/sec                  
[  8]   8.00-9.00   sec   128 KBytes  1.05 Mbits/sec                  
[ 10]   8.00-9.00   sec   128 KBytes  1.05 Mbits/sec                  
[ 12]   8.00-9.00   sec   128 KBytes  1.05 Mbits/sec                  
[ 14]   8.00-9.00   sec   256 KBytes  2.10 Mbits/sec                  
[ 16]   8.00-9.00   sec   256 KBytes  2.10 Mbits/sec                  
[ 18]   8.00-9.00   sec   128 KBytes  1.05 Mbits/sec                  
[ 20]   8.00-9.00   sec   128 KBytes  1.05 Mbits/sec                  
[SUM]   8.00-9.00   sec  1.25 MBytes  10.5 Mbits/sec                  
- - - - - - - - - - - - - - - - - - - - - - - - -
[  5]   9.00-10.00  sec   128 KBytes  1.05 Mbits/sec                  
[  8]   9.00-10.00  sec   128 KBytes  1.05 Mbits/sec                  
[ 10]   9.00-10.00  sec   128 KBytes  1.05 Mbits/sec                  
[ 12]   9.00-10.00  sec   128 KBytes  1.05 Mbits/sec                  
[ 14]   9.00-10.00  sec   128 KBytes  1.05 Mbits/sec                  
[ 16]   9.00-10.00  sec   128 KBytes  1.05 Mbits/sec                  
[ 18]   9.00-10.00  sec   256 KBytes  2.10 Mbits/sec                  
[ 20]   9.00-10.00  sec   128 KBytes  1.05 Mbits/sec                  
[SUM]   9.00-10.00  sec  1.12 MBytes  9.43 Mbits/sec                  
- - - - - - - - - - - - - - - - - - - - - - - - -
[  5]  10.00-11.00  sec   128 KBytes  1.05 Mbits/sec                  
[  8]  10.00-11.00  sec   128 KBytes  1.05 Mbits/sec                  
[ 10]  10.00-11.00  sec   128 KBytes  1.05 Mbits/sec                  
[ 12]  10.00-11.00  sec   128 KBytes  1.05 Mbits/sec                  
[ 14]  10.00-11.00  sec   128 KBytes  1.05 Mbits/sec                  
[ 16]  10.00-11.00  sec   128 KBytes  1.05 Mbits/sec                  
[ 18]  10.00-11.00  sec   128 KBytes  1.05 Mbits/sec                  
[ 20]  10.00-11.00  sec   128 KBytes  1.05 Mbits/sec                  
[SUM]  10.00-11.00  sec  1.00 MBytes  8.39 Mbits/sec                  
- - - - - - - - - - - - - - - - - - - - - - - - -
[  5]  11.00-12.00  sec   128 KBytes  1.05 Mbits/sec                  
[  8]  11.00-12.00  sec   128 KBytes  1.05 Mbits/sec                  
[ 10]  11.00-12.00  sec   128 KBytes  1.05 Mbits/sec                  
[ 12]  11.00-12.00  sec   128 KBytes  1.05 Mbits/sec                  
[ 14]  11.00-12.00  sec   128 KBytes  1.05 Mbits/sec                  
[ 16]  11.00-12.00  sec   128 KBytes  1.05 Mbits/sec                  
[ 18]  11.00-12.00  sec   128 KBytes  1.05 Mbits/sec                  
[ 20]  11.00-12.00  sec   128 KBytes  1.05 Mbits/sec                  
[SUM]  11.00-12.00  sec  1.00 MBytes  8.39 Mbits/sec                  
- - - - - - - - - - - - - - - - - - - - - - - - -
[  5]  12.00-13.00  sec   128 KBytes  1.05 Mbits/sec                  
[  8]  12.00-13.00  sec   128 KBytes  1.05 Mbits/sec                  
[ 10]  12.00-13.00  sec   128 KBytes  1.04 Mbits/sec                  
[ 12]  12.00-13.00  sec   128 KBytes  1.04 Mbits/sec                  
[ 14]  12.00-13.00  sec   128 KBytes  1.04 Mbits/sec                  
[ 16]  12.00-13.00  sec   128 KBytes  1.04 Mbits/sec                  
[ 18]  12.00-13.00  sec   128 KBytes  1.04 Mbits/sec                  
[ 20]  12.00-13.00  sec   128 KBytes  1.04 Mbits/sec                  
[SUM]  12.00-13.00  sec  1.00 MBytes  8.38 Mbits/sec                  
- - - - - - - - - - - - - - - - - - - - - - - - -
[  5]  13.00-14.00  sec   128 KBytes  1.05 Mbits/sec                  
[  8]  13.00-14.00  sec   128 KBytes  1.05 Mbits/sec                  
[ 10]  13.00-14.00  sec   256 KBytes  2.11 Mbits/sec                  
[ 12]  13.00-14.00  sec   128 KBytes  1.05 Mbits/sec                  
[ 14]  13.00-14.00  sec   128 KBytes  1.05 Mbits/sec                  
[ 16]  13.00-14.00  sec   128 KBytes  1.05 Mbits/sec                  
[ 18]  13.00-14.00  sec   128 KBytes  1.05 Mbits/sec                  
[ 20]  13.00-14.00  sec   256 KBytes  2.11 Mbits/sec                  
[SUM]  13.00-14.00  sec  1.25 MBytes  10.5 Mbits/sec                  
- - - - - - - - - - - - - - - - - - - - - - - - -
[  5]  14.00-15.00  sec   128 KBytes  1.05 Mbits/sec                  
[  8]  14.00-15.00  sec   256 KBytes  2.10 Mbits/sec                  
[ 10]  14.00-15.00  sec   128 KBytes  1.05 Mbits/sec                  
[ 12]  14.00-15.00  sec   128 KBytes  1.05 Mbits/sec                  
[ 14]  14.00-15.00  sec   128 KBytes  1.05 Mbits/sec                  
[ 16]  14.00-15.00  sec   128 KBytes  1.05 Mbits/sec                  
[ 18]  14.00-15.00  sec   128 KBytes  1.05 Mbits/sec                  
[ 20]  14.00-15.00  sec   128 KBytes  1.05 Mbits/sec                  
[SUM]  14.00-15.00  sec  1.12 MBytes  9.44 Mbits/sec                  
- - - - - - - - - - - - - - - - - - - - - - - - -
[  5]  15.00-16.00  sec   128 KBytes  1.05 Mbits/sec                  
[  8]  15.00-16.00  sec   128 KBytes  1.05 Mbits/sec                  
[ 10]  15.00-16.00  sec   128 KBytes  1.05 Mbits/sec                  
[ 12]  15.00-16.00  sec   256 KBytes  2.10 Mbits/sec                  
[ 14]  15.00-16.00  sec   256 KBytes  2.10 Mbits/sec                  
[ 16]  15.00-16.00  sec   256 KBytes  2.10 Mbits/sec                  
[ 18]  15.00-16.00  sec   128 KBytes  1.05 Mbits/sec                  
[ 20]  15.00-16.00  sec   128 KBytes  1.05 Mbits/sec                  
[SUM]  15.00-16.00  sec  1.38 MBytes  11.5 Mbits/sec                  
- - - - - - - - - - - - - - - - - - - - - - - - -
[  5]  16.00-17.00  sec   256 KBytes  2.10 Mbits/sec                  
[  8]  16.00-17.00  sec   128 KBytes  1.05 Mbits/sec                  
[ 10]  16.00-17.00  sec   128 KBytes  1.05 Mbits/sec                  
[ 12]  16.00-17.00  sec   128 KBytes  1.05 Mbits/sec                  
[ 14]  16.00-17.00  sec   128 KBytes  1.05 Mbits/sec                  
[ 16]  16.00-17.00  sec   128 KBytes  1.05 Mbits/sec                  
[ 18]  16.00-17.00  sec   256 KBytes  2.10 Mbits/sec                  
[ 20]  16.00-17.00  sec   128 KBytes  1.05 Mbits/sec                  
[SUM]  16.00-17.00  sec  1.25 MBytes  10.5 Mbits/sec                  
- - - - - - - - - - - - - - - - - - - - - - - - -
[  5]  17.00-18.00  sec   128 KBytes  1.05 Mbits/sec                  
[  8]  17.00-18.00  sec   128 KBytes  1.05 Mbits/sec                  
[ 10]  17.00-18.00  sec   128 KBytes  1.05 Mbits/sec                  
[ 12]  17.00-18.00  sec   128 KBytes  1.05 Mbits/sec                  
[ 14]  17.00-18.00  sec   128 KBytes  1.05 Mbits/sec                  
[ 16]  17.00-18.00  sec   128 KBytes  1.05 Mbits/sec                  
[ 18]  17.00-18.00  sec   128 KBytes  1.05 Mbits/sec                  
[ 20]  17.00-18.00  sec   128 KBytes  1.05 Mbits/sec                  
[SUM]  17.00-18.00  sec  1.00 MBytes  8.39 Mbits/sec                  
- - - - - - - - - - - - - - - - - - - - - - - - -
[  5]  18.00-19.00  sec   128 KBytes  1.05 Mbits/sec                  
[  8]  18.00-19.00  sec   128 KBytes  1.05 Mbits/sec                  
[ 10]  18.00-19.00  sec   128 KBytes  1.05 Mbits/sec                  
[ 12]  18.00-19.00  sec   128 KBytes  1.05 Mbits/sec                  
[ 14]  18.00-19.00  sec   128 KBytes  1.05 Mbits/sec                  
[ 16]  18.00-19.00  sec   128 KBytes  1.05 Mbits/sec                  
[ 18]  18.00-19.00  sec   128 KBytes  1.05 Mbits/sec                  
[ 20]  18.00-19.00  sec   128 KBytes  1.05 Mbits/sec                  
[SUM]  18.00-19.00  sec  1.00 MBytes  8.38 Mbits/sec                  
- - - - - - - - - - - - - - - - - - - - - - - - -
[  5]  19.00-20.00  sec   128 KBytes  1.05 Mbits/sec                  
[  8]  19.00-20.00  sec   128 KBytes  1.05 Mbits/sec                  
[ 10]  19.00-20.00  sec   128 KBytes  1.05 Mbits/sec                  
[ 12]  19.00-20.00  sec   128 KBytes  1.05 Mbits/sec                  
[ 14]  19.00-20.00  sec   128 KBytes  1.05 Mbits/sec                  
[ 16]  19.00-20.00  sec   128 KBytes  1.05 Mbits/sec                  
[ 18]  19.00-20.00  sec   128 KBytes  1.05 Mbits/sec                  
[ 20]  19.00-20.00  sec   128 KBytes  1.05 Mbits/sec                  
[SUM]  19.00-20.00  sec  1.00 MBytes  8.39 Mbits/sec                  
- - - - - - - - - - - - - - - - - - - - - - - - -
[  5]  20.00-21.00  sec   128 KBytes  1.05 Mbits/sec                  
[  8]  20.00-21.00  sec   128 KBytes  1.05 Mbits/sec                  
[ 10]  20.00-21.00  sec   128 KBytes  1.05 Mbits/sec                  
[ 12]  20.00-21.00  sec   128 KBytes  1.05 Mbits/sec                  
[ 14]  20.00-21.00  sec   128 KBytes  1.05 Mbits/sec                  
[ 16]  20.00-21.00  sec   128 KBytes  1.05 Mbits/sec                  
[ 18]  20.00-21.00  sec   128 KBytes  1.05 Mbits/sec                  
[ 20]  20.00-21.00  sec   128 KBytes  1.05 Mbits/sec                  
[SUM]  20.00-21.00  sec  1.00 MBytes  8.39 Mbits/sec                  
- - - - - - - - - - - - - - - - - - - - - - - - -
[  5]  21.00-22.00  sec   128 KBytes  1.05 Mbits/sec                  
[  8]  21.00-22.00  sec   256 KBytes  2.10 Mbits/sec                  
[ 10]  21.00-22.00  sec   256 KBytes  2.10 Mbits/sec                  
[ 12]  21.00-22.00  sec   128 KBytes  1.05 Mbits/sec                  
[ 14]  21.00-22.00  sec   128 KBytes  1.05 Mbits/sec                  
[ 16]  21.00-22.00  sec   256 KBytes  2.10 Mbits/sec                  
[ 18]  21.00-22.00  sec   128 KBytes  1.05 Mbits/sec                  
[ 20]  21.00-22.00  sec   256 KBytes  2.10 Mbits/sec                  
[SUM]  21.00-22.00  sec  1.50 MBytes  12.6 Mbits/sec                  
- - - - - - - - - - - - - - - - - - - - - - - - -
[  5]  22.00-23.00  sec   128 KBytes  1.05 Mbits/sec                  
[  8]  22.00-23.00  sec   128 KBytes  1.05 Mbits/sec                  
[ 10]  22.00-23.00  sec   128 KBytes  1.05 Mbits/sec                  
[ 12]  22.00-23.00  sec   128 KBytes  1.05 Mbits/sec                  
[ 14]  22.00-23.00  sec   128 KBytes  1.05 Mbits/sec                  
[ 16]  22.00-23.00  sec   128 KBytes  1.05 Mbits/sec         