[acape] bounds for target 5.0ms interval 100.0ms: target 0.2-20ms interval 20-300ms (interval/target ratio 20.0)

==============================================================================
  ACAPE v6.0.0   mode=tc-only   qdisc=fq_codel handle=10:
  metrics -> results_serial/rate10/fq_codel_acape_t5_steady_s3/acape_metrics_ctl.csv
==============================================================================
      t    regime        traj      pred     dr/s    bl    tput flows eleph  tgt_ms   lim  adj
---------------------------------------------------------------------------------------------
    1.0     HEAVY      STABLE     HEAVY     81.7    12   10.71     0     0   5.000  1024    0
    1.6     HEAVY      STABLE     HEAVY     58.6    13    9.96     0     0   5.000  1024    0
    2.3     HEAVY      STABLE     HEAVY     63.8    13   10.04     0     0   5.000  1024    0
    2.9     HEAVY      STABLE     HEAVY     59.1    12   10.03     0     0   5.000  1024    0
    3.6     HEAVY      STABLE     HEAVY     49.3    13    9.99     0     0   5.000  1024    0
    4.3     HEAVY      STABLE     HEAVY     54.8    13    9.98     0     0   5.000  1024    0
    5.0     HEAVY      STABLE     HEAVY     50.1    11    9.72     0     0   5.000  1024    0
    5.8     HEAVY      STABLE     HEAVY     60.6    11   10.20     0     0   5.000  1024    0
    6.5     HEAVY      STABLE     HEAVY     63.6    13    9.93     0     0   5.000  1024    0
    7.2     HEAVY      STABLE     HEAVY     66.1     7   10.18     0     0   4.500   921    1
    8.2     HEAVY      STABLE     HEAVY     65.2    12    9.94     0     0   4.500   921    1
    8.9     HEAVY      STABLE     HEAVY     67.3     9   10.01     0     0   4.500   921    1
    9.6     HEAVY      STABLE     HEAVY     61.6    10   10.01     0     0   4.500   921    1
   10.2     HEAVY      STABLE     HEAVY     66.0     8    9.99     0     0   4.500   921    1
   10.9     HEAVY      STABLE     HEAVY     65.0    12    9.99     0     0   4.500   921    1
   11.6     HEAVY      STABLE     HEAVY     66.2    14   10.04     0     0   4.500   921    1
   12.3     HEAVY      STABLE     HEAVY     61.7    13    9.85     0     0   4.500   921    1
   13.0     HEAVY      STABLE     HEAVY     58.6    13    9.54     0     0   4.500   921    1
   13.8     HEAVY      STABLE     HEAVY     67.4    12   10.23     0     0   4.500   921    1
   14.5     HEAVY      STABLE     HEAVY     62.5    11   10.04     0     0   4.050   828    2
   15.5     HEAVY      STABLE     HEAVY     70.4    11   10.04     0     0   4.050   828    2
   16.3     HEAVY      STABLE     HEAVY     68.8    13    9.91     0     0   4.050   828    2
   17.0     HEAVY      STABLE     HEAVY     74.1    11   10.07     0     0   4.050   828    2
   17.7     HEAVY      STABLE     HEAVY     66.0    13   10.01     0     0   4.050   828    2
   18.3     HEAVY      STABLE     HEAVY     73.0    11   10.00     0     0   4.050   828    2
   19.0     HEAVY      STABLE     HEAVY     73.4    11    9.86     0     0   4.050   828    2
   19.7     HEAVY      STABLE     HEAVY     68.4    10    9.97     0     0   4.050   828    2
   20.5     HEAVY      STABLE     HEAVY     74.2     8    9.97     0     0   4.050   828    2
   21.3     HEAVY      STABLE     HEAVY     73.1     9    9.92     0     0   4.050   828    2
   22.0     HEAVY      STABLE     HEAVY     69.5    11   10.13     0     0   3.640   745    3
   23.3     HEAVY      STABLE     HEAVY     75.9    15    9.86     0     0   3.640   745    3
   24.0     HEAVY      STABLE     HEAVY     82.0    13   10.35     0     0   3.640   745    3
   24.6     HEAVY      STABLE     HEAVY     80.4     9    9.96     0     0   3.640   745    3
   25.3     HEAVY      STABLE     HEAVY     80.1    11    9.88     0     0   3.640   745    3
   26.0     HEAVY      STABLE     HEAVY     78.7    14   10.12     0     0   3.640   745    3
   26.7     HEAVY      STABLE     HEAVY     85.6    16   10.02     0     0   3.640   745    3
   27.4     HEAVY      STABLE     HEAVY     77.8    11    9.91     0     0   3.640   745    3
   28.0     HEAVY      STABLE     HEAVY     81.7    11   10.08     0     0   3.640   745    3
   28.7     HEAVY      STABLE     HEAVY     98.3     9    9.98     0     0   3.640   745    3
   29.3     HEAVY      STABLE     HEAVY     87.2     7    9.83     0     0   3.270   670    4
   30.4     HEAVY      STABLE     HEAVY    102.4     0   10.10     0     0   3.270   670    4
   31.1     HEAVY      STABLE     HEAVY    111.7    13    9.97     0     0   3.270   670    4
   31.8     HEAVY      STABLE     HEAVY    102.0    12   10.03     0     0   3.270   670    4
   32.5     HEAVY      STABLE     HEAVY    101.7    13    9.92     0     0   3.270   670    4
   33.2     HEAVY      STABLE     HEAVY    106.5    12   10.09     0     0   3.270   670    4
   33.8     HEAVY      STABLE     HEAVY    105.4    11   10.00     0     0   3.270   670    4
   34.5     HEAVY      STABLE     HEAVY    101.7    10    9.98     0     0   3.270   670    4
   35.2     HEAVY      STABLE     HEAVY     90.5    12   10.00     0     0   3.270   670    4
   35.8     HEAVY      STABLE     HEAVY     95.4    11    9.95     0     0   3.270   670    4
   36.6     HEAVY      STABLE     HEAVY    112.5     9   10.01     0     0   2.940   603    5
   37.6     HEAVY      STABLE     HEAVY    108.6    11    9.97     0     0   2.940   603    5
   38.2     HEAVY      STABLE     HEAVY    109.5    12    9.99     0     0   2.940   603    5
   38.9     HEAVY      STABLE     HEAVY    106.7    13    9.94     0     0   2.940   603    5
   39.5     HEAVY      STABLE     HEAVY    117.7    14   10.04     0     0   2.940   603    5
   40.2     HEAVY      STABLE     HEAVY    110.0    11    9.91     0     0   2.940   603    5
   40.9     HEAVY      STABLE     HEAVY    107.9    13   10.00     0     0   2.940   603    5
   41.6     HEAVY      STABLE     HEAVY    115.4    12   10.06     0     0   2.940   603    5
   42.3     HEAVY      STABLE     HEAVY    115.3    10    9.84     0     0   2.940   603    5
   43.0     HEAVY      STABLE     HEAVY    124.6     9   10.10     0     0   2.940   603    5
   43.7     HEAVY      STABLE     HEAVY    104.7    10    9.85     0     0   2.640   542    6
   44.8     HEAVY      STABLE     HEAVY    108.6     9    8.99     0     0   2.640   542    6
   45.5     HEAVY      STABLE     HEAVY    148.7    10   11.20     0     0   2.640   542    6
   46.2     HEAVY      STABLE     HEAVY    132.6    12    9.89     0     0   2.640   542    6
   46.8     HEAVY      STABLE     HEAVY    131.2     8   10.08     0     0   2.640   542    6
   47.5     HEAVY      STABLE     HEAVY    133.7    10    9.98     0     0   2.640   542    6
   48.2     HEAVY      STABLE     HEAVY    123.9     7    9.98     0     0   2.640   542    6
   48.9     HEAVY      STABLE     HEAVY    121.0    13    9.86     0     0   2.640   542    6
   49.6     HEAVY      STABLE     HEAVY    121.7    10   10.12     0     0   2.640   542    6
   50.3     HEAVY      STABLE     HEAVY    128.2     8    9.89     0     0   2.640   542    6
   51.0     HEAVY      STABLE     HEAVY    116.4     9   10.20     0     0   2.380   487    7
   52.2     HEAVY      STABLE     HEAVY    119.3    14    9.88     0     0   2.380   487    7
   52.8     HEAVY      STABLE     HEAVY    142.8     9   10.18     0     0   2.380   487    7
   53.6     HEAVY      STABLE     HEAVY    129.6    12    9.89     0     0   2.380   487    7
   54.2     HEAVY      STABLE     HEAVY    145.1     7   10.11     0     0   2.380   487    7
   55.0     HEAVY      STABLE     HEAVY    129.9    13    9.97     0     0   2.380   487    7
   55.6     HEAVY      STABLE     HEAVY    153.5     8    9.94     0     0   2.380   487    7
   56.3     HEAVY      STABLE     HEAVY    131.8     7   10.00     0     0   2.380   487    7
   57.0     HEAVY      STABLE     HEAVY    151.0     9    9.97     0     0   2.380   487    7
   57.6     HEAVY      STABLE     HEAVY    131.4    12    9.95     0     0   2.380   487    7
   58.3     HEAVY      STABLE     HEAVY    131.9     9   10.05     0     0   2.140   438    8
   59.4     HEAVY      STABLE     HEAVY    105.2     0    7.96     0     0   2.140   438    8

Done — 82 ticks, 8 adjustments (0 predictive), mode=tc-only
