[acape] bounds for target 15.0ms interval 15.0ms: target 0.6-60ms interval 3-45ms (interval/target ratio 1.0)

==============================================================================
  ACAPE v6.0.0   mode=tc-only   qdisc=pie handle=10:
  metrics -> results_cross/pie_rtt60/pie_acape_steady_s2/acape_metrics_ctl.csv
==============================================================================
      t    regime        traj      pred     dr/s    bl    tput flows eleph  tgt_ms   lim  adj
---------------------------------------------------------------------------------------------
    2.0     HEAVY      STABLE     HEAVY     94.1     0    9.27     0     0  15.000  1000    0
    3.7     HEAVY      STABLE     HEAVY     20.1     6    9.85     0     0  15.000  1000    0
    5.5     HEAVY  RECOVERING  MODERATE     13.6     5    9.77     0     0  15.000  1000    0
    7.3     HEAVY  RECOVERING  MODERATE     13.2     3    9.92     0     0  15.000  1000    0
    9.0     HEAVY  RECOVERING  MODERATE     12.7     8    9.92     0     0  15.000  1000    0
   10.7     HEAVY      STABLE     HEAVY     14.0     7   10.03     0     0  15.000  1000    0
   12.4     HEAVY      STABLE     HEAVY     10.1    11    9.98     0     0  15.000  1000    0
   14.2     HEAVY      STABLE     HEAVY     18.0     5    9.96     0     0  15.000  1000    0
   15.9     HEAVY      STABLE     HEAVY     10.6    13    9.98     0     0  15.000  1000    0
   17.6     HEAVY      STABLE     HEAVY     16.0     8    9.93     0     0  13.500   900    1
   19.7     HEAVY      STABLE     HEAVY     12.1     8   10.06     0     0  13.500   900    1
   21.4     HEAVY      STABLE     HEAVY     15.0     6    9.89     0     0  13.500   900    1
   23.2     HEAVY      STABLE     HEAVY     12.8     6    9.78     0     0  13.500   900    1
   25.1     HEAVY      STABLE     HEAVY     16.8     5    9.92     0     0  13.500   900    1
   26.8     HEAVY      STABLE     HEAVY     12.2     8   10.11     0     0  13.500   900    1
   28.5     HEAVY      STABLE     HEAVY     14.6     8   10.01     0     0  13.500   900    1
   30.3     HEAVY      STABLE     HEAVY     14.4     4    9.98     0     0  13.500   900    1
   32.0     HEAVY      STABLE     HEAVY     12.2     7   10.03     0     0  13.500   900    1
   33.7     HEAVY      STABLE     HEAVY     12.4    12    9.96     0     0  13.500   900    1
   35.4     HEAVY      STABLE     HEAVY     14.1     7    9.98     0     0  12.100   810    2
   37.4     HEAVY      STABLE     HEAVY     14.1     7   10.01     0     0  12.100   810    2
   39.1     HEAVY      STABLE     HEAVY     13.6     8   10.00     0     0  12.100   810    2
   40.8     HEAVY      STABLE     HEAVY     16.3    11    9.93     0     0  12.100   810    2
   42.5     HEAVY      STABLE     HEAVY     17.6     5    9.98     0     0  12.100   810    2
   44.3     HEAVY      STABLE     HEAVY     11.1     7   10.01     0     0  12.100   810    2
   46.0     HEAVY      STABLE     HEAVY     13.7     7    9.94     0     0  12.100   810    2
   47.7     HEAVY      STABLE     HEAVY     11.8     7   10.05     0     0  12.100   810    2
   49.4     HEAVY      STABLE     HEAVY     14.3     8    9.98     0     0  12.100   810    2
   51.1     HEAVY      STABLE     HEAVY     16.3     8    9.85     0     0  12.100   810    2
   52.8     HEAVY      STABLE     HEAVY     11.6     9   10.03     0     0  10.900   729    3
   54.9     HEAVY      STABLE     HEAVY     14.7     7    9.62     0     0  10.900   729    3
   56.7     HEAVY      STABLE     HEAVY     13.7     5    9.96     0     0  10.900   729    3
   58.4     HEAVY      STABLE     HEAVY     11.4     5    9.94     0     0  10.900   729    3
   60.2     HEAVY      STABLE     HEAVY     15.6     7    9.98     0     0  10.900   729    3
   62.0     HEAVY      STABLE     HEAVY     15.6     4   10.03     0     0  10.900   729    3
   63.7     HEAVY      STABLE     HEAVY     11.3     8    9.97     0     0  10.900   729    3
   65.4     HEAVY      STABLE     HEAVY     14.7     7    9.85     0     0  10.900   729    3
   67.1     HEAVY      STABLE     HEAVY     15.8     5   10.02     0     0  10.900   729    3
   68.8     HEAVY      STABLE     HEAVY     10.6     5    9.96     0     0  10.900   729    3
   70.6     HEAVY      STABLE     HEAVY     14.4     3    9.95     0     0   9.810   656    4
   72.7     HEAVY      STABLE     HEAVY     14.3     8   10.00     0     0   9.810   656    4
   74.5     HEAVY      STABLE     HEAVY     14.5     4    9.99     0     0   9.810   656    4
   76.3     HEAVY      STABLE     HEAVY     11.2    10    9.95     0     0   9.810   656    4
   78.0     HEAVY      STABLE     HEAVY     16.4     3    9.96     0     0   9.810   656    4
   79.7     HEAVY      STABLE     HEAVY     13.6     5    9.92     0     0   9.810   656    4
   81.5     HEAVY      STABLE     HEAVY     13.1     6    9.63     0     0   9.810   656    4
   83.2     HEAVY      STABLE     HEAVY     15.3     7   10.03     0     0   9.810   656    4
   85.0     HEAVY      STABLE     HEAVY     15.4     4    9.98     0     0   9.810   656    4
   87.2     HEAVY      STABLE     HEAVY     12.8     4    8.42     0     0   9.810   656    4
   88.9     HEAVY      STABLE     HEAVY     15.9     5   10.35     0     0   8.830   590    5
   91.2     HEAVY      STABLE     HEAVY     13.9     8   10.07     0     0   8.830   590    5
   92.8     HEAVY      STABLE     HEAVY     14.9     3   10.02     0     0   8.830   590    5
   94.5     HEAVY      STABLE     HEAVY     15.5     8    9.92     0     0   8.830   590    5
   96.2     HEAVY      STABLE     HEAVY     15.2     4   10.00     0     0   8.830   590    5
   98.0     HEAVY      STABLE     HEAVY     15.4     5   10.02     0     0   8.830   590    5
   99.7     HEAVY      STABLE     HEAVY     14.6     2    9.87     0     0   8.830   590    5
  101.4     HEAVY      STABLE     HEAVY     12.7     3   10.06     0     0   8.830   590    5
  103.2     HEAVY      STABLE     HEAVY     14.0     5    9.96     0     0   8.830   590    5
  104.9     HEAVY      STABLE     HEAVY     12.8     7    9.95     0     0   8.830   590    5
  106.7     HEAVY      STABLE     HEAVY     17.4     4   10.00     0     0   7.950   531    6
  109.0     HEAVY      STABLE     HEAVY     13.1     4    9.87     0     0   7.950   531    6
  110.7     HEAVY      STABLE     HEAVY     12.8     9   10.02     0     0   7.950   531    6
  112.4     HEAVY      STABLE     HEAVY     13.0     5    9.99     0     0   7.950   531    6
  114.1     HEAVY      STABLE     HEAVY     15.2     8    9.94     0     0   7.950   531    6
  115.9     HEAVY      STABLE     HEAVY     16.1     5    9.87     0     0   7.950   531    6
  117.6     HEAVY      STABLE     HEAVY     18.3     3    9.94     0     0   7.950   531    6
  119.3     HEAVY      STABLE     HEAVY     14.6     4   10.04     0     0   7.950   531    6
  120.9     HEAVY      STABLE     HEAVY     14.9     2    9.97     0     0   7.950   531    6
  122.6     HEAVY      STABLE     HEAVY     16.6     5    9.98     0     0   7.950   531    6
  124.4     HEAVY      STABLE     HEAVY     13.3     8    9.81     0     0   7.150   477    7
  126.5     HEAVY      STABLE     HEAVY     16.7     4   10.12     0     0   7.150   477    7
  128.2     HEAVY      STABLE     HEAVY     13.1    10   10.03     0     0   7.150   477    7
  129.9     HEAVY      STABLE     HEAVY     14.7     4    9.96     0     0   7.150   477    7
  131.6     HEAVY      STABLE     HEAVY     14.0     8    9.80     0     0   7.150   477    7
  133.3     HEAVY      STABLE     HEAVY     15.3     4   10.01     0     0   7.150   477    7
  135.0     HEAVY      STABLE     HEAVY     13.4     4    9.87     0     0   7.150   477    7
  136.7     HEAVY      STABLE     HEAVY     13.6     8   10.01     0     0   7.150   477    7
  138.4     HEAVY      STABLE     HEAVY     16.7     4   10.01     0     0   7.150   477    7
  140.2     HEAVY      STABLE     HEAVY     14.1     5    9.93     0     0   7.150   477    7
  141.9     HEAVY      STABLE     HEAVY     13.3     5   10.07     0     0   6.430   429    8
  144.1     HEAVY      STABLE     HEAVY     15.5     4    9.89     0     0   6.430   429    8
  146.0     HEAVY      STABLE     HEAVY     14.4     2    9.74     0     0   6.430   429    8
  147.7     HEAVY      STABLE     HEAVY     15.8     3   10.11     0     0   6.430   429    8
  149.4     HEAVY      STABLE     HEAVY     17.0     2    9.99     0     0   6.430   429    8
  151.2     HEAVY      STABLE     HEAVY     15.0     7    9.89     0     0   6.430   429    8
  152.9     HEAVY      STABLE     HEAVY     15.1     6   10.04     0     0   6.430   429    8
  154.6     HEAVY      STABLE     HEAVY     19.0     3    9.91     0     0   6.430   429    8
  156.4     HEAVY      STABLE     HEAVY     15.0     5   10.04     0     0   6.430   429    8
  158.1     HEAVY      STABLE     HEAVY     13.6     5    9.98     0     0   6.430   429    8
  159.8     HEAVY      STABLE     HEAVY     17.2     2    9.96     0     0   5.790   386    9
  162.0     HEAVY      STABLE     HEAVY     13.4     4    9.94     0     0   5.790   386    9
  163.7     HEAVY      STABLE     HEAVY     16.6     5    9.97     0     0   5.790   386    9
  165.4     HEAVY      STABLE     HEAVY     17.2     4    9.98     0     0   5.790   386    9
  167.2     HEAVY      STABLE     HEAVY     15.0     3   10.01     0     0   5.790   386    9
  168.8     HEAVY      STABLE     HEAVY     15.0     5   10.07     0     0   5.790   386    9
  170.6     HEAVY      STABLE     HEAVY     15.6     4    9.99     0     0   5.790   386    9
  172.3     HEAVY      STABLE     HEAVY     15.2     5    9.98     0     0   5.790   386    9
  174.1     HEAVY      STABLE     HEAVY     14.3     3    9.89     0     0   5.790   386    9
  175.8     HEAVY      STABLE     HEAVY     13.8     1    9.88     0     0   5.790   386    9
  177.6     HEAVY      STABLE     HEAVY     14.2     4    9.96     0     0   5.210   347   10
  180.0     HEAVY      STABLE     HEAVY     11.0     0    8.31     0     0   5.210   347   10

Done — 102 ticks, 10 adjustments (0 predictive), mode=tc-only
