
==============================================================================
  ACAPE v6.0.0   mode=tc-only   qdisc=fq_codel handle=10:
  metrics -> results/fq_codel_sham_staged_s1/acape_metrics_sham.csv
==============================================================================
      t    regime        traj      pred     dr/s    bl    tput flows eleph  tgt_ms   lim  adj
---------------------------------------------------------------------------------------------
    0.8     LIGHT      STABLE     LIGHT      6.2     4   10.07     0     0   5.000  1024    0
    1.5     LIGHT      STABLE     LIGHT      6.0     4    9.95     0     0   5.000  1024    0
    2.1     LIGHT      STABLE     LIGHT      6.1     5    9.99     0     0   5.000  1024    0
    2.8     LIGHT      STABLE     LIGHT      6.0     3   10.06     0     0   5.000  1024    0
    3.5     LIGHT      STABLE     LIGHT      4.4     3    9.96     0     0   5.000  1024    0
    4.1     LIGHT      STABLE     LIGHT      6.0     5    9.90     0     0   5.000  1024    0
    4.8     LIGHT      STABLE     LIGHT      6.0     5   10.14     0     0   5.000  1024    0
    5.5     LIGHT      STABLE     LIGHT      4.5     5    9.95     0     0   5.000  1024    0
    6.1     LIGHT      STABLE     LIGHT      6.2     4   10.05     0     0   5.000  1024    0
    6.8     LIGHT      STABLE     LIGHT      6.0     4    9.95     0     0   5.000  1024    0
    7.4     LIGHT      STABLE     LIGHT      6.0     5    9.97     0     0   5.000  1024    0
    8.1     LIGHT      STABLE     LIGHT      5.9     4    9.91     0     0   5.000  1024    0
    8.8     LIGHT      STABLE     LIGHT      5.9     2    9.92     0     0   5.000  1024    0
    9.5     LIGHT      STABLE     LIGHT      5.9     3   10.16     0     0   5.000  1024    0
   10.1     LIGHT      STABLE     LIGHT      6.2     4    9.99     0     0   5.000  1024    0
   10.8     LIGHT      STABLE     LIGHT      6.1     2    9.92     0     0   5.000  1024    0
   11.4     LIGHT      STABLE     LIGHT      5.9     2   10.05     0     0   5.000  1024    0
   12.1     LIGHT      STABLE     LIGHT      4.5     4   10.02     0     0   5.000  1024    0
   12.8     LIGHT      STABLE     LIGHT      6.1     4    9.99     0     0   5.000  1024    0
   13.5     LIGHT      STABLE     LIGHT      5.7     3    9.85     0     0   5.000  1024    0
   14.1     LIGHT      STABLE     LIGHT      6.0     3   10.12     0     0   5.000  1024    0
   14.8     LIGHT      STABLE     LIGHT      4.3     4    9.79     0     0   5.000  1024    0
   15.6     LIGHT      STABLE     LIGHT      6.2     5    9.87     0     0   5.000  1024    0
   16.3     LIGHT      STABLE     LIGHT      5.7     1    9.92     0     0   5.000  1024    0
   17.0     LIGHT      STABLE     LIGHT      5.8     1    9.97     0     0   5.000  1024    0
   17.7     LIGHT      STABLE     LIGHT      5.6     2    9.79     0     0   5.000  1024    0
   18.4     LIGHT      STABLE     LIGHT      4.5     5    9.59     0     0   5.000  1024    0
   19.1     LIGHT      STABLE     LIGHT      5.6     5    9.23     0     0   5.000  1024    0
   19.8     LIGHT      STABLE     LIGHT      1.5     0    3.10     0     0   5.000  1024    0
   20.5     HEAVY      STABLE     HEAVY     35.7   160    3.24     0     0   5.000  1024    0
   21.2     HEAVY   WORSENING     HEAVY    382.8    36    9.84     0     0   5.000  1024    0
   21.9     HEAVY   WORSENING     HEAVY    163.7    29    9.88     0     0   5.000  1024    0
   22.7     HEAVY   WORSENING     HEAVY    148.7    28   10.15     0     0   5.000  1024    0
   23.4     HEAVY   WORSENING     HEAVY    160.0    24    9.98     0     0   5.000  1024    0
   24.2     HEAVY   WORSENING     HEAVY    162.3    22   10.08     0     0   5.000  1024    0
   25.0     HEAVY   WORSENING     HEAVY    154.6    24    9.92     0     0   5.000  1024    0
   25.7     HEAVY      STABLE     HEAVY    164.6    27   10.05     0     0   5.000  1024    0
   26.4     HEAVY      STABLE     HEAVY    152.2    32   10.11     0     0   5.000  1024    0
   27.2     HEAVY      STABLE     HEAVY    170.6    28    9.90     0     0   5.000  1024    0
   27.9     HEAVY      STABLE     HEAVY    141.1    29    9.57     0     0   5.000  1024    0
   28.7     HEAVY      STABLE     HEAVY    171.3    29   10.42     0     0   5.000  1024    0
   29.4     HEAVY      STABLE     HEAVY    152.1    24    9.92     0     0   5.000  1024    0
   30.2     HEAVY      STABLE     HEAVY    153.8    23    9.98     0     0   5.000  1024    0
   30.8     HEAVY      STABLE     HEAVY    176.7    24   10.09     0     0   5.000  1024    0
   31.5     HEAVY      STABLE     HEAVY    153.1    19   10.06     0     0   5.000  1024    0
   32.3     HEAVY      STABLE     HEAVY    159.3    23   10.01     0     0   5.000  1024    0
   32.9     HEAVY      STABLE     HEAVY    158.7    29    9.97     0     0   5.000  1024    0
   33.7     HEAVY      STABLE     HEAVY    147.4    32   10.02     0     0   5.000  1024    0
   34.4     HEAVY      STABLE     HEAVY    173.3    23    9.86     0     0   5.000  1024    0
   35.1     HEAVY      STABLE     HEAVY    156.6    23    9.95     0     0   5.000  1024    0
   35.9     HEAVY      STABLE     HEAVY    151.9    25   10.10     0     0   5.000  1024    0
   36.6     HEAVY      STABLE     HEAVY    158.2    28    9.94     0     0   5.000  1024    0
   37.4     HEAVY      STABLE     HEAVY    145.8    21    9.91     0     0   5.000  1024    0
   38.0     HEAVY      STABLE     HEAVY    171.6    21   10.22     0     0   5.000  1024    0
   38.7     HEAVY      STABLE     HEAVY    158.5    26    9.99     0     0   5.000  1024    0
   39.4     HEAVY      STABLE     HEAVY    174.9    23    9.83     0     0   5.000  1024    0
   40.6     HEAVY      STABLE     HEAVY    120.6     0    7.34     0     0   5.000  1024    0
   41.2     LIGHT      STABLE     LIGHT      8.8    33    4.61     0     0   5.000  1024    0
   41.9  MODERATE      STABLE  MODERATE     23.4     4    9.91     0     0   5.000  1024    0
   42.6     LIGHT  RECOVERING    NORMAL      7.8     5   10.07     0     0   5.000  1024    0
   43.2     LIGHT  RECOVERING    NORMAL      6.1     5   10.01     0     0   5.000  1024    0
   43.9     LIGHT  RECOVERING    NORMAL      5.9     3    9.92     0     0   5.000  1024    0
   44.6     LIGHT  RECOVERING    NORMAL      5.5     2    9.89     0     0   5.000  1024    0
   45.3     LIGHT  RECOVERING    NORMAL      5.6     3    9.90     0     0   5.000  1024    0
   46.0     LIGHT      STABLE     LIGHT      5.8     3    9.89     0     0   5.000  1024    0
   46.7     LIGHT      STABLE     LIGHT      5.7     3    9.49     0     0   5.000  1024    0
   47.5     LIGHT      STABLE     LIGHT      5.5     4   10.01     0     0   5.000  1024    0
   48.2     LIGHT      STABLE     LIGHT      5.6     5    9.98     0     0   5.000  1024    0
   48.8     LIGHT      STABLE     LIGHT      5.9     6    9.98     0     0   5.000  1024    0
   49.6     LIGHT      STABLE     LIGHT      8.1     2    9.87     0     0   5.000  1024    0
   50.3     LIGHT      STABLE     LIGHT      5.8     1   10.08     0     0   5.000  1024    0
   50.9     LIGHT      STABLE     LIGHT      5.9     0    9.94     0     0   5.000  1024    0
   51.6     LIGHT      STABLE     LIGHT      4.5     4   10.16     0     0   5.000  1024    0
   52.3     LIGHT      STABLE     LIGHT      6.2     5    9.98     0     0   5.000  1024    0
   52.9     LIGHT      STABLE     LIGHT      4.5     4    9.98     0     0   5.000  1024    0
   53.6     LIGHT      STABLE     LIGHT      6.1     2   10.03     0     0   5.000  1024    0
   54.3     LIGHT      STABLE     LIGHT      4.4     5    9.89     0     0   5.000  1024    0
   54.9     LIGHT      STABLE     LIGHT      7.6     2   10.03     0     0   5.000  1024    0
   55.6     LIGHT      STABLE     LIGHT      4.4     5    9.99     0     0   5.000  1024    0
   56.3     LIGHT      STABLE     LIGHT      6.1     4   10.04     0     0   5.000  1024    0
   56.9     LIGHT      STABLE     LIGHT      6.1     3   10.04     0     0   5.000  1024    0
   57.6     LIGHT      STABLE     LIGHT      4.7     3    9.97     0     0   5.000  1024    0
   58.2     LIGHT      STABLE     LIGHT      5.9     4   10.00     0     0   5.000  1024    0
   58.9     LIGHT      STABLE     LIGHT      5.9     4    9.93     0     0   5.000  1024    0
   59.6     LIGHT      STABLE     LIGHT      6.2     3   10.06     0     0   5.000  1024    0

Done — 86 ticks, 0 adjustments (0 predictive), mode=tc-only
