[acape] bounds for target 5.0ms interval 100.0ms: target 0.2-20ms interval 20-300ms (interval/target ratio 20.0)

==============================================================================
  ACAPE v6.0.0   mode=tc-only   qdisc=codel handle=10:
  metrics -> results_cross/codel_rtt8/codel_acape_steady_s2/acape_metrics_ctl.csv
==============================================================================
      t    regime        traj      pred     dr/s    bl    tput flows eleph  tgt_ms   lim  adj
---------------------------------------------------------------------------------------------
    1.0     HEAVY      STABLE     HEAVY     84.1    28    9.94     0     0   5.000  1024    0
    1.7     HEAVY      STABLE     HEAVY    104.9    11   10.18     0     0   5.000  1024    0
    2.4     HEAVY      STABLE     HEAVY     70.0     6   10.04     0     0   5.000  1024    0
    3.1     HEAVY      STABLE     HEAVY     42.4    12   10.08     0     0   5.000  1024    0
    3.8     HEAVY      STABLE     HEAVY     67.6     7    9.91     0     0   5.000  1024    0
    4.5     HEAVY      STABLE     HEAVY     69.2    11   10.02     0     0   5.000  1024    0
    5.2     HEAVY      STABLE     HEAVY     57.8     6   10.03     0     0   5.000  1024    0
    5.8     HEAVY      STABLE     HEAVY     70.0     9   10.00     0     0   5.000  1024    0
    6.6     HEAVY      STABLE     HEAVY     62.1    11    9.86     0     0   5.000  1024    0
    7.2     HEAVY      STABLE     HEAVY     77.1     5   10.11     0     0   4.500   921    1
    8.4     HEAVY      STABLE     HEAVY     47.9     9    7.74     0     0   4.500   921    1
    9.1     HEAVY      STABLE     HEAVY     68.9     6   10.04     0     0   4.500   921    1
    9.8     HEAVY      STABLE     HEAVY     64.5     7    9.76     0     0   4.500   921    1
   10.5     HEAVY      STABLE     HEAVY     61.1    14   10.12     0     0   4.500   921    1
   11.1     HEAVY      STABLE     HEAVY     61.6    13   10.14     0     0   4.500   921    1
   11.8     HEAVY      STABLE     HEAVY     76.0     9   10.01     0     0   4.500   921    1
   12.4     HEAVY      STABLE     HEAVY     53.6     7    9.98     0     0   4.500   921    1
   13.2     HEAVY      STABLE     HEAVY     79.8    10    9.93     0     0   4.500   921    1
   13.8     HEAVY      STABLE     HEAVY     68.3     8   10.01     0     0   4.500   921    1
   14.5     HEAVY      STABLE     HEAVY     60.2    11   10.04     0     0   4.050   828    2
   15.4     HEAVY      STABLE     HEAVY     76.7    11    9.91     0     0   4.050   828    2
   16.1     HEAVY      STABLE     HEAVY     67.2     6   10.17     0     0   4.050   828    2
   16.8     HEAVY      STABLE     HEAVY     63.8     9   10.02     0     0   4.050   828    2
   17.4     HEAVY      STABLE     HEAVY     63.6    10    9.91     0     0   4.050   828    2
   18.1     HEAVY      STABLE     HEAVY     66.7    12    9.91     0     0   4.050   828    2
   18.9     HEAVY      STABLE     HEAVY     71.5     9    9.96     0     0   4.050   828    2
   19.5     HEAVY      STABLE     HEAVY     57.8    10   10.15     0     0   4.050   828    2
   20.2     HEAVY      STABLE     HEAVY     68.4    10    9.77     0     0   4.050   828    2
   20.8     HEAVY      STABLE     HEAVY     66.7    10   10.11     0     0   4.050   828    2
   21.5     HEAVY      STABLE     HEAVY     66.0     8    9.89     0     0   3.640   745    3
   22.7     HEAVY      STABLE     HEAVY     73.6     9    9.98     0     0   3.640   745    3
   23.3     HEAVY      STABLE     HEAVY     82.4     9   10.15     0     0   3.640   745    3
   24.0     HEAVY      STABLE     HEAVY     60.0    10    9.84     0     0   3.640   745    3
   24.7     HEAVY      STABLE     HEAVY     69.9     8   10.02     0     0   3.640   745    3
   25.4     HEAVY      STABLE     HEAVY     68.9    13   10.10     0     0   3.640   745    3
   26.0     HEAVY      STABLE     HEAVY     78.0    10   10.00     0     0   3.640   745    3
   26.7     HEAVY      STABLE     HEAVY     64.0     6   10.01     0     0   3.640   745    3
   27.4     HEAVY      STABLE     HEAVY     79.9     4    9.99     0     0   3.640   745    3
   28.1     HEAVY      STABLE     HEAVY     83.5     7    9.99     0     0   3.640   745    3
   28.8     HEAVY      STABLE     HEAVY     62.6    11    9.85     0     0   3.270   670    4
   29.9     HEAVY      STABLE     HEAVY     72.3     9   10.07     0     0   3.270   670    4
   30.6     HEAVY      STABLE     HEAVY     70.9     9    9.91     0     0   3.270   670    4
   31.3     HEAVY      STABLE     HEAVY     62.0    10    9.75     0     0   3.270   670    4
   32.0     HEAVY      STABLE     HEAVY     51.9    10   10.38     0     0   3.270   670    4
   32.6     HEAVY      STABLE     HEAVY     70.2     7    9.91     0     0   3.270   670    4
   33.4     HEAVY      STABLE     HEAVY     51.3     8    9.98     0     0   3.270   670    4
   34.2     HEAVY      STABLE     HEAVY     64.4     9    9.89     0     0   3.270   670    4
   34.8     HEAVY      STABLE     HEAVY     94.1     8   10.22     0     0   3.270   670    4
   35.6     HEAVY      STABLE     HEAVY     71.5     9    9.73     0     0   3.270   670    4
   36.2     HEAVY      STABLE     HEAVY     65.0     9   10.31     0     0   2.940   603    5
   37.3     HEAVY      STABLE     HEAVY     77.3     8   10.04     0     0   2.940   603    5
   38.0     HEAVY      STABLE     HEAVY     96.7     8    9.93     0     0   2.940   603    5
   38.7     HEAVY      STABLE     HEAVY     68.7     7    9.93     0     0   2.940   603    5
   39.4     HEAVY      STABLE     HEAVY     83.3     6   10.06     0     0   2.940   603    5
   40.1     HEAVY      STABLE     HEAVY     83.3     8    9.98     0     0   2.940   603    5
   40.7     HEAVY      STABLE     HEAVY     67.0     5    9.97     0     0   2.940   603    5
   41.4     HEAVY      STABLE     HEAVY     66.1     5    9.98     0     0   2.940   603    5
   42.1     HEAVY      STABLE     HEAVY     64.9     8   10.03     0     0   2.940   603    5
   42.7     HEAVY      STABLE     HEAVY     78.1     5   10.04     0     0   2.940   603    5
   43.4     HEAVY      STABLE     HEAVY     72.2     5    9.77     0     0   2.640   542    6
   44.6     HEAVY      STABLE     HEAVY     85.3    11    9.99     0     0   2.640   542    6
   45.3     HEAVY      STABLE     HEAVY     74.6     6   10.17     0     0   2.640   542    6
   46.0     HEAVY      STABLE     HEAVY     86.0     4    9.94     0     0   2.640   542    6
   46.8     HEAVY      STABLE     HEAVY     46.6    10    9.58     0     0   2.640   542    6
   47.5     HEAVY      STABLE     HEAVY     77.3    11   10.22     0     0   2.640   542    6
   48.3     HEAVY      STABLE     HEAVY     73.5     5   10.17     0     0   2.640   542    6
   49.0     HEAVY      STABLE     HEAVY     74.8     4   10.06     0     0   2.640   542    6
   49.7     HEAVY      STABLE     HEAVY     62.8    12    9.88     0     0   2.640   542    6
   50.4     HEAVY      STABLE     HEAVY     93.4     7   10.20     0     0   2.640   542    6
   51.1     HEAVY      STABLE     HEAVY     78.9    11    9.94     0     0   2.380   487    7
   52.1     HEAVY      STABLE     HEAVY     87.0     8   10.03     0     0   2.380   487    7
   52.7     HEAVY      STABLE     HEAVY     80.9    12    9.94     0     0   2.380   487    7
   53.4     HEAVY      STABLE     HEAVY     80.4     4   10.09     0     0   2.380   487    7
   54.1     HEAVY      STABLE     HEAVY     72.5    10    9.99     0     0   2.380   487    7
   54.8     HEAVY      STABLE     HEAVY    107.7     4    9.91     0     0   2.380   487    7
   55.4     HEAVY      STABLE     HEAVY     70.4    11    9.99     0     0   2.380   487    7
   56.2     HEAVY      STABLE     HEAVY     80.9     7    9.83     0     0   2.380   487    7
   56.8     HEAVY      STABLE     HEAVY     91.0     9   10.23     0     0   2.380   487    7
   57.5     HEAVY      STABLE     HEAVY     76.8     3    9.91     0     0   2.380   487    7
   58.2     HEAVY      STABLE     HEAVY     84.2     8   10.08     0     0   2.140   438    8
   59.4     HEAVY      STABLE     HEAVY     66.6     0    7.45     0     0   2.140   438    8

Done — 82 ticks, 8 adjustments (0 predictive), mode=tc-only
