
==============================================================================
  ACAPE v6.0.0   mode=tc-only   qdisc=fq_codel handle=10:
  metrics -> results/fq_codel_acape_steady_s1/acape_metrics_ctl.csv
==============================================================================
      t    regime        traj      pred     dr/s    bl    tput flows eleph  tgt_ms   lim  adj
---------------------------------------------------------------------------------------------
    0.9     HEAVY      STABLE     HEAVY     44.4     8    9.98     0     0   5.000  1024    0
    1.5     HEAVY      STABLE     HEAVY     33.5     7   10.11     0     0   5.000  1024    0
    2.2     HEAVY      STABLE     HEAVY     33.1     7    9.95     0     0   5.000  1024    0
    2.9     HEAVY      STABLE     HEAVY     38.7     5   10.11     0     0   5.000  1024    0
    3.6     HEAVY      STABLE     HEAVY     31.1     6    9.86     0     0   5.000  1024    0
    4.3     HEAVY      STABLE     HEAVY     33.4     8    9.92     0     0   5.000  1024    0
    5.0     HEAVY      STABLE     HEAVY     35.0     9    9.50     0     0   5.000  1024    0
    5.6     HEAVY      STABLE     HEAVY     38.9     4   10.01     0     0   5.000  1024    0
    6.3  MODERATE      STABLE  MODERATE     27.3     8    9.89     0     0   5.000  1024    0
    7.0     HEAVY      STABLE     HEAVY     35.3     6   10.10     0     0   5.000  1024    0
    7.7     HEAVY      STABLE     HEAVY     35.6     5   10.00     0     0   5.000  1024    0
    8.3     HEAVY      STABLE     HEAVY     35.5     8    9.90     0     0   5.000  1024    0
    9.0     HEAVY      STABLE     HEAVY     33.7     8   10.06     0     0   5.000  1024    0
    9.6     HEAVY      STABLE     HEAVY     34.5     7    9.97     0     0   5.000  1024    0
   10.3  MODERATE      STABLE  MODERATE     29.3    10    9.89     0     0   5.000  1024    0
   11.0     HEAVY      STABLE     HEAVY     39.3     4   10.11     0     0   5.000  1024    0
   11.6     HEAVY      STABLE     HEAVY     36.4     6   10.02     0     0   5.000  1024    0
   12.3  MODERATE      STABLE  MODERATE     27.7    12    9.96     0     0   5.000  1024    0
   13.0     HEAVY      STABLE     HEAVY     34.6     6    9.78     0     0   5.000  1024    0
   13.7     HEAVY      STABLE     HEAVY     36.4     3   10.19     0     0   5.000  1024    0
   14.3     HEAVY      STABLE     HEAVY     35.9     4    9.94     0     0   5.000  1024    0
   14.9  MODERATE      STABLE  MODERATE     29.4     7   10.05     0     0   5.000  1024    0
   15.6     HEAVY      STABLE     HEAVY     34.4     7    9.76     0     0   5.000  1024    0
   16.3     HEAVY      STABLE     HEAVY     35.5     9   10.08     0     0   5.000  1024    0
   17.0     HEAVY      STABLE     HEAVY     36.2     5    9.87     0     0   5.000  1024    0
   17.6     HEAVY      STABLE     HEAVY     37.3     4   10.15     0     0   5.000  1024    0
   18.3  MODERATE      STABLE  MODERATE     27.9     7   10.00     0     0   5.000  1024    0
   18.9     HEAVY      STABLE     HEAVY     34.0     8    9.86     0     0   5.000  1024    0
   19.6     HEAVY      STABLE     HEAVY     34.2     5    9.94     0     0   5.000  1024    0
   20.3     HEAVY      STABLE     HEAVY     36.6     4   10.03     0     0   5.000  1024    0
   21.0     HEAVY      STABLE     HEAVY     33.8     5   10.03     0     0   5.000  1024    0
   21.7     HEAVY      STABLE     HEAVY     30.9    10   10.01     0     0   5.000  1024    0
   22.3     HEAVY      STABLE     HEAVY     37.6     6   10.06     0     0   5.000  1024    0
   23.0     HEAVY      STABLE     HEAVY     34.9     4   10.03     0     0   5.000  1024    0
   23.7     HEAVY      STABLE     HEAVY     34.1     4    9.96     0     0   5.000  1024    0
   24.3     HEAVY      STABLE     HEAVY     32.3     8   10.04     0     0   5.000  1024    0
   25.0     HEAVY      STABLE     HEAVY     33.3     7    9.99     0     0   5.000  1024    0
   25.6     HEAVY      STABLE     HEAVY     34.5     6   10.07     0     0   5.000  1024    0
   26.3     HEAVY      STABLE     HEAVY     35.1     7    9.89     0     0   5.000  1024    0
   26.9     HEAVY      STABLE     HEAVY     40.5     1   10.04     0     0   4.500   921    1
   28.0     HEAVY      STABLE     HEAVY     31.0     7    9.49     0     0   4.500   921    1
   28.7     HEAVY      STABLE     HEAVY     38.9     6   10.05     0     0   4.500   921    1
   29.3     HEAVY      STABLE     HEAVY     33.0     7    9.91     0     0   4.500   921    1
   30.0     HEAVY      STABLE     HEAVY     34.9     8   10.01     0     0   4.500   921    1
   30.7     HEAVY      STABLE     HEAVY     36.1     5   10.08     0     0   4.500   921    1
   31.3     HEAVY      STABLE     HEAVY     38.0     8    9.95     0     0   4.500   921    1
   32.0     HEAVY      STABLE     HEAVY     30.5     9    9.95     0     0   4.500   921    1
   32.7     HEAVY      STABLE     HEAVY     36.6     8   10.10     0     0   4.500   921    1
   33.4     HEAVY      STABLE     HEAVY     37.0     7    9.95     0     0   4.500   921    1
   34.1     HEAVY      STABLE     HEAVY     36.3     8    9.92     0     0   4.050   828    2
   35.0     HEAVY      STABLE     HEAVY     32.4     5    9.42     0     0   4.050   828    2
   35.7     HEAVY      STABLE     HEAVY     39.4     9   10.04     0     0   4.050   828    2
   36.3     HEAVY      STABLE     HEAVY     35.5     8   10.05     0     0   4.050   828    2
   37.0     HEAVY      STABLE     HEAVY     38.7     2    9.96     0     0   4.050   828    2
   37.6     HEAVY      STABLE     HEAVY     32.3     9    9.96     0     0   4.050   828    2
   38.3     HEAVY      STABLE     HEAVY     40.9     4    9.93     0     0   4.050   828    2
   39.0     HEAVY      STABLE     HEAVY     35.0    10   10.07     0     0   4.050   828    2
   39.7     HEAVY      STABLE     HEAVY     35.4     5   10.06     0     0   4.050   828    2
   40.3     HEAVY      STABLE     HEAVY     35.5     6   10.02     0     0   4.050   828    2
   41.0     HEAVY      STABLE     HEAVY     36.2     5    9.98     0     0   3.640   745    3
   42.0     HEAVY      STABLE     HEAVY     38.2     5    9.95     0     0   3.640   745    3
   42.7     HEAVY      STABLE     HEAVY     39.4     6   10.09     0     0   3.640   745    3
   43.4     HEAVY      STABLE     HEAVY     37.9     8   10.00     0     0   3.640   745    3
   44.1     HEAVY      STABLE     HEAVY     36.5     6    9.90     0     0   3.640   745    3
   44.7     HEAVY      STABLE     HEAVY     39.1     8   10.07     0     0   3.640   745    3
   45.4     HEAVY      STABLE     HEAVY     37.7     5    9.97     0     0   3.640   745    3
   46.5  MODERATE      STABLE  MODERATE     22.1     8    6.29     0     0   3.640   745    3
   47.2     HEAVY      STABLE     HEAVY     55.9     5   12.41     0     0   3.640   745    3
   47.8     HEAVY      STABLE     HEAVY     35.8     6   10.00     0     0   3.640   745    3
   48.5     HEAVY      STABLE     HEAVY     36.0     8    9.89     0     0   3.640   745    3
   49.1     HEAVY      STABLE     HEAVY     38.4     5   10.02     0     0   3.640   745    3
   49.8     HEAVY      STABLE     HEAVY     37.3     9   10.06     0     0   3.640   745    3
   50.5     HEAVY      STABLE     HEAVY     38.4     8    9.93     0     0   3.640   745    3
   51.1     HEAVY      STABLE     HEAVY     36.1     9   10.08     0     0   3.640   745    3
   51.8     HEAVY      STABLE     HEAVY     40.7     3    9.74     0     0   3.640   745    3
   52.5     HEAVY      STABLE     HEAVY     33.2     6   10.10     0     0   3.640   745    3
   53.1     HEAVY      STABLE     HEAVY     38.9     6   10.01     0     0   3.640   745    3
   53.8     HEAVY      STABLE     HEAVY     36.5     5    9.92     0     0   3.640   745    3
   54.5     HEAVY      STABLE     HEAVY     39.8     5   10.08     0     0   3.640   745    3
   55.1     HEAVY      STABLE     HEAVY     37.3     6   10.01     0     0   3.270   670    4
   56.1     HEAVY      STABLE     HEAVY     37.1     9    9.97     0     0   3.270   670    4
   56.8     HEAVY      STABLE     HEAVY     47.1     3   10.00     0     0   3.270   670    4
   57.4     HEAVY      STABLE     HEAVY     32.3    10    9.96     0     0   3.270   670    4
   58.1     HEAVY      STABLE     HEAVY     44.5     3    9.94     0     0   3.270   670    4
   58.9     HEAVY      STABLE     HEAVY     33.4     7    9.93     0     0   3.270   670    4
   59.6  MODERATE      STABLE  MODERATE     27.1     0    7.15     0     0   3.270   670    4

Done — 87 ticks, 4 adjustments (0 predictive), mode=tc-only
