[acape] bounds for target 5.0ms interval 100.0ms: target 0.2-20ms interval 20-300ms (interval/target ratio 20.0)

==============================================================================
  ACAPE v6.0.0   mode=tc-only   qdisc=fq_codel handle=10:
  metrics -> results_serial/rate5/fq_codel_acape_t5_steady_s2/acape_metrics_ctl.csv
==============================================================================
      t    regime        traj      pred     dr/s    bl    tput flows eleph  tgt_ms   lim  adj
---------------------------------------------------------------------------------------------
    0.9     HEAVY      STABLE     HEAVY     81.4    15    5.01     0     0   5.000  1024    0
    1.6     HEAVY      STABLE     HEAVY    110.1     8    4.94     0     0   5.000  1024    0
    2.2     HEAVY      STABLE     HEAVY     90.8    12    5.07     0     0   5.000  1024    0
    3.0     HEAVY      STABLE     HEAVY     95.3    13    4.81     0     0   5.000  1024    0
    3.7     HEAVY      STABLE     HEAVY     89.8    13    5.12     0     0   5.000  1024    0
    4.4     HEAVY      STABLE     HEAVY     85.5    13    5.06     0     0   5.000  1024    0
    5.1     HEAVY      STABLE     HEAVY     82.8    11    5.03     0     0   5.000  1024    0
    5.8     HEAVY      STABLE     HEAVY    107.2    10    4.99     0     0   5.000  1024    0
    6.5     HEAVY      STABLE     HEAVY     85.0    11    5.04     0     0   5.000  1024    0
    7.2     HEAVY      STABLE     HEAVY     93.3    13    4.93     0     0   4.500   921    1
    8.2     HEAVY      STABLE     HEAVY    103.4     8    5.04     0     0   4.500   921    1
    8.9     HEAVY      STABLE     HEAVY     96.8     9    4.97     0     0   4.500   921    1
    9.6     HEAVY      STABLE     HEAVY    111.4    10    4.99     0     0   4.500   921    1
   10.3     HEAVY      STABLE     HEAVY     84.9    12    4.94     0     0   4.500   921    1
   11.0     HEAVY      STABLE     HEAVY    104.7    12    5.11     0     0   4.500   921    1
   11.7     HEAVY      STABLE     HEAVY    105.9     8    5.00     0     0   4.500   921    1
   12.4     HEAVY      STABLE     HEAVY    103.9     7    4.98     0     0   4.500   921    1
   13.1     HEAVY      STABLE     HEAVY     96.4     8    4.97     0     0   4.500   921    1
   13.8     HEAVY      STABLE     HEAVY     99.0     5    4.71     0     0   4.500   921    1
   14.5     HEAVY      STABLE     HEAVY     94.5    10    5.01     0     0   4.050   828    2
   15.5     HEAVY      STABLE     HEAVY    106.9    14    4.96     0     0   4.050   828    2
   16.2     HEAVY      STABLE     HEAVY    102.0    10    4.97     0     0   4.050   828    2
   16.9     HEAVY      STABLE     HEAVY    108.2     6    5.00     0     0   4.050   828    2
   17.6     HEAVY      STABLE     HEAVY     78.3    10    5.05     0     0   4.050   828    2
   18.3     HEAVY      STABLE     HEAVY     92.0    12    5.00     0     0   4.050   828    2
   19.0     HEAVY      STABLE     HEAVY    102.3     9    4.90     0     0   4.050   828    2
   19.7     HEAVY      STABLE     HEAVY    103.4     8    5.08     0     0   4.050   828    2
   20.3     HEAVY      STABLE     HEAVY    106.4    10    5.01     0     0   4.050   828    2
   21.0     HEAVY      STABLE     HEAVY    101.7    10    4.98     0     0   4.050   828    2
   21.7     HEAVY      STABLE     HEAVY    115.8     8    5.06     0     0   3.640   745    3
   22.8     HEAVY      STABLE     HEAVY    106.7    10    4.93     0     0   3.640   745    3
   23.5     HEAVY      STABLE     HEAVY    102.0     9    4.99     0     0   3.640   745    3
   24.1     HEAVY      STABLE     HEAVY    107.7     5    5.02     0     0   3.640   745    3
   24.9     HEAVY      STABLE     HEAVY    112.7     6    5.00     0     0   3.640   745    3
   25.5     HEAVY      STABLE     HEAVY     98.2    10    5.05     0     0   3.640   745    3
   26.2     HEAVY      STABLE     HEAVY    112.5    13    4.96     0     0   3.640   745    3
   26.8     HEAVY      STABLE     HEAVY    100.6    17    5.02     0     0   3.640   745    3
   27.5     HEAVY      STABLE     HEAVY    120.0    10    4.98     0     0   3.640   745    3
   28.1     HEAVY      STABLE     HEAVY    104.8    10    5.00     0     0   3.640   745    3
   28.8     HEAVY      STABLE     HEAVY     97.0     8    4.95     0     0   3.270   670    4
   29.8     HEAVY      STABLE     HEAVY    104.1    10    5.02     0     0   3.270   670    4
   30.5     HEAVY      STABLE     HEAVY    106.6     7    4.94     0     0   3.270   670    4
   31.2     HEAVY      STABLE     HEAVY    119.9    10    5.07     0     0   3.270   670    4
   31.8     HEAVY      STABLE     HEAVY     96.8    13    5.00     0     0   3.270   670    4
   32.5     HEAVY      STABLE     HEAVY    117.4     8    4.96     0     0   3.270   670    4
   33.2     HEAVY      STABLE     HEAVY    114.2     5    5.03     0     0   3.270   670    4
   33.9     HEAVY      STABLE     HEAVY     94.7     8    4.90     0     0   3.270   670    4
   34.5     HEAVY      STABLE     HEAVY    115.1     8    5.05     0     0   3.270   670    4
   35.2     HEAVY      STABLE     HEAVY     90.1    11    5.01     0     0   3.270   670    4
   35.9     HEAVY      STABLE     HEAVY    118.3     6    5.00     0     0   2.940   603    5
   36.9     HEAVY      STABLE     HEAVY    100.0     5    5.02     0     0   2.940   603    5
   37.6     HEAVY      STABLE     HEAVY    115.6     8    5.04     0     0   2.940   603    5
   38.2     HEAVY      STABLE     HEAVY    111.4     8    5.01     0     0   2.940   603    5
   38.9     HEAVY      STABLE     HEAVY    116.1     2    4.94     0     0   2.940   603    5
   39.6     HEAVY      STABLE     HEAVY    100.6     9    5.05     0     0   2.940   603    5
   40.2     HEAVY      STABLE     HEAVY    103.3    13    4.98     0     0   2.940   603    5
   41.0     HEAVY      STABLE     HEAVY    117.8     5    4.96     0     0   2.940   603    5
   41.6     HEAVY      STABLE     HEAVY    116.4     8    5.02     0     0   2.940   603    5
   42.3     HEAVY      STABLE     HEAVY    105.9     9    5.02     0     0   2.940   603    5
   43.0     HEAVY      STABLE     HEAVY     98.5    10    4.94     0     0   2.640   542    6
   44.1     HEAVY      STABLE     HEAVY    108.0    10    4.85     0     0   2.640   542    6
   44.8     HEAVY      STABLE     HEAVY    116.5     6    5.18     0     0   2.640   542    6
   45.6     HEAVY      STABLE     HEAVY     97.1    10    3.48     0     0   2.640   542    6
   46.3     HEAVY      STABLE     HEAVY     95.9    12    4.95     0     0   2.640   542    6
   47.0     HEAVY      STABLE     HEAVY    111.8     8    4.92     0     0   2.640   542    6
   47.7     HEAVY      STABLE     HEAVY    128.3     6    5.15     0     0   2.640   542    6
   48.4     HEAVY      STABLE     HEAVY     98.6    10    4.94     0     0   2.640   542    6
   49.1     HEAVY      STABLE     HEAVY    109.6     4    5.01     0     0   2.640   542    6
   49.8     HEAVY      STABLE     HEAVY    110.7     9    5.00     0     0   2.640   542    6
   50.4     HEAVY      STABLE     HEAVY    123.0     6    5.03     0     0   2.380   487    7
   51.5     HEAVY      STABLE     HEAVY    107.4     8    4.97     0     0   2.380   487    7
   52.2     HEAVY      STABLE     HEAVY    107.7     6    5.00     0     0   2.380   487    7
   52.9     HEAVY      STABLE     HEAVY    100.8     7    5.00     0     0   2.380   487    7
   53.6     HEAVY      STABLE     HEAVY    114.5     4    4.97     0     0   2.380   487    7
   54.3     HEAVY      STABLE     HEAVY     94.1     9    4.99     0     0   2.380   487    7
   55.0     HEAVY      STABLE     HEAVY    110.2    11    4.97     0     0   2.380   487    7
   55.7     HEAVY      STABLE     HEAVY    113.6     5    5.07     0     0   2.380   487    7
   56.4     HEAVY      STABLE     HEAVY    116.8    10    5.02     0     0   2.380   487    7
   57.1     HEAVY      STABLE     HEAVY    118.4     5    5.04     0     0   2.380   487    7
   57.8     HEAVY      STABLE     HEAVY    109.2     8    4.92     0     0   2.140   438    8
   58.8     HEAVY      STABLE     HEAVY    104.0     6    4.95     0     0   2.140   438    8
   59.5     HEAVY      STABLE     HEAVY     68.0     0    2.85     0     0   2.140   438    8

Done — 83 ticks, 8 adjustments (0 predictive), mode=tc-only
