[acape] bounds for target 5.0ms interval 100.0ms: target 0.2-20ms interval 20-300ms (interval/target ratio 20.0)

==============================================================================
  ACAPE v6.0.0   mode=tc-only   qdisc=codel handle=10:
  metrics -> results_cross/codel_rtt3/codel_acape_steady_s1/acape_metrics_ctl.csv
==============================================================================
      t    regime        traj      pred     dr/s    bl    tput flows eleph  tgt_ms   lim  adj
---------------------------------------------------------------------------------------------
    1.0     HEAVY      STABLE     HEAVY     97.4     9    9.77     0     0   5.000  1024    0
    1.6     HEAVY      STABLE     HEAVY    110.7     5   10.04     0     0   5.000  1024    0
    2.4     HEAVY      STABLE     HEAVY     65.5     0    9.87     0     0   5.000  1024    0
    3.1     HEAVY      STABLE     HEAVY     85.5    13   10.04     0     0   5.000  1024    0
    3.8     HEAVY      STABLE     HEAVY     92.7    11    9.89     0     0   5.000  1024    0
    4.5     HEAVY      STABLE     HEAVY     75.0    10    9.64     0     0   5.000  1024    0
    5.3     HEAVY      STABLE     HEAVY     86.4     9   10.16     0     0   5.000  1024    0
    6.1     HEAVY      STABLE     HEAVY     72.9    12    9.78     0     0   5.000  1024    0
    6.8     HEAVY      STABLE     HEAVY     90.4    13   10.00     0     0   5.000  1024    0
    7.5     HEAVY      STABLE     HEAVY     73.7    13    9.74     0     0   4.500   921    1
    8.5     HEAVY      STABLE     HEAVY     82.3    10    9.86     0     0   4.500   921    1
    9.2     HEAVY      STABLE     HEAVY     94.7    12    9.85     0     0   4.500   921    1
    9.9     HEAVY      STABLE     HEAVY     68.8    18    9.69     0     0   4.500   921    1
   10.6     HEAVY      STABLE     HEAVY     81.7    12   10.32     0     0   4.500   921    1
   11.3     HEAVY      STABLE     HEAVY     87.1     0    9.94     0     0   4.500   921    1
   11.9     HEAVY      STABLE     HEAVY     63.3    10    9.77     0     0   4.500   921    1
   12.6     HEAVY      STABLE     HEAVY     95.4    13   10.10     0     0   4.500   921    1
   13.3     HEAVY      STABLE     HEAVY     95.2    15    9.96     0     0   4.500   921    1
   14.0     HEAVY      STABLE     HEAVY     82.9     8    9.81     0     0   4.500   921    1
   14.6     HEAVY      STABLE     HEAVY     91.3    10   10.08     0     0   4.050   828    2
   15.7     HEAVY      STABLE     HEAVY     87.6    13    9.82     0     0   4.050   828    2
   16.3     HEAVY      STABLE     HEAVY     96.9    11    9.99     0     0   4.050   828    2
   17.1     HEAVY      STABLE     HEAVY     83.6     6    9.85     0     0   4.050   828    2
   17.8     HEAVY      STABLE     HEAVY     71.8    15   10.03     0     0   4.050   828    2
   18.4     HEAVY      STABLE     HEAVY    101.6    11    9.80     0     0   4.050   828    2
   19.1     HEAVY      STABLE     HEAVY    105.2     9   10.11     0     0   4.050   828    2
   19.8     HEAVY      STABLE     HEAVY     86.4     0    9.92     0     0   4.050   828    2
   20.5     HEAVY      STABLE     HEAVY     81.8    10    9.78     0     0   4.050   828    2
   21.2     HEAVY      STABLE     HEAVY    101.1     8   10.14     0     0   4.050   828    2
   22.2     HEAVY      STABLE     HEAVY     55.0    15    7.26     0     0   3.640   745    3
   23.1     HEAVY      STABLE     HEAVY     97.3    13   10.34     0     0   3.640   745    3
   23.8     HEAVY      STABLE     HEAVY     96.0    13   10.10     0     0   3.640   745    3
   24.5     HEAVY      STABLE     HEAVY    104.5     9    9.95     0     0   3.640   745    3
   25.1     HEAVY      STABLE     HEAVY    107.4     7   10.00     0     0   3.640   745    3
   25.8     HEAVY      STABLE     HEAVY     80.2     9   10.05     0     0   3.640   745    3
   26.4     HEAVY      STABLE     HEAVY     92.1    12    9.94     0     0   3.640   745    3
   27.1     HEAVY      STABLE     HEAVY    134.6    13    9.90     0     0   3.640   745    3
   27.7     HEAVY      STABLE     HEAVY     91.4    12   10.08     0     0   3.640   745    3
   28.4     HEAVY      STABLE     HEAVY    101.9    12    9.96     0     0   3.640   745    3
   29.1     HEAVY      STABLE     HEAVY     77.8    10    9.98     0     0   3.270   670    4
   30.3     HEAVY      STABLE     HEAVY     84.9    13    9.96     0     0   3.270   670    4
   31.0     HEAVY      STABLE     HEAVY     89.9     8   10.07     0     0   3.270   670    4
   31.7     HEAVY      STABLE     HEAVY    107.9     8   10.00     0     0   3.270   670    4
   32.4     HEAVY      STABLE     HEAVY    118.4     8   10.06     0     0   3.270   670    4
   33.0     HEAVY      STABLE     HEAVY     90.6     8    9.99     0     0   3.270   670    4
   33.7     HEAVY      STABLE     HEAVY    115.9     8    9.95     0     0   3.270   670    4
   34.3     HEAVY      STABLE     HEAVY     76.7    12   10.02     0     0   3.270   670    4
   35.0     HEAVY      STABLE     HEAVY    104.5     9    9.83     0     0   3.270   670    4
   35.6     HEAVY      STABLE     HEAVY    101.3     8   10.15     0     0   3.270   670    4
   36.3     HEAVY      STABLE     HEAVY    112.7     7   10.05     0     0   2.940   603    5
   37.3     HEAVY      STABLE     HEAVY    108.6    13    9.91     0     0   2.940   603    5
   37.9     HEAVY      STABLE     HEAVY     98.8    14   10.12     0     0   2.940   603    5
   38.6     HEAVY      STABLE     HEAVY    100.4    11    9.98     0     0   2.940   603    5
   39.2     HEAVY      STABLE     HEAVY     92.2     9   10.03     0     0   2.940   603    5
   39.9     HEAVY      STABLE     HEAVY     92.8    15    9.87     0     0   2.940   603    5
   40.5     HEAVY      STABLE     HEAVY     89.3    10   10.01     0     0   2.940   603    5
   41.2     HEAVY      STABLE     HEAVY     96.9     8   10.07     0     0   2.940   603    5
   41.8     HEAVY      STABLE     HEAVY     95.0    13   10.03     0     0   2.940   603    5
   42.5     HEAVY      STABLE     HEAVY     89.3    11    9.92     0     0   2.940   603    5
   43.1     HEAVY      STABLE     HEAVY    103.0    15   10.06     0     0   2.640   542    6
   44.0     HEAVY      STABLE     HEAVY    128.4     5    9.91     0     0   2.640   542    6
   44.7     HEAVY      STABLE     HEAVY    130.7     6   10.15     0     0   2.640   542    6
   45.5     HEAVY      STABLE     HEAVY     88.6    14    9.55     0     0   2.640   542    6
   46.1     HEAVY      STABLE     HEAVY    108.3    10   10.42     0     0   2.640   542    6
   46.8     HEAVY      STABLE     HEAVY    122.0     7    9.94     0     0   2.640   542    6
   47.5     HEAVY      STABLE     HEAVY    114.9    11    9.98     0     0   2.640   542    6
   48.2     HEAVY      STABLE     HEAVY    109.2    13    9.84     0     0   2.640   542    6
   48.9     HEAVY      STABLE     HEAVY    125.5     8   10.11     0     0   2.640   542    6
   49.7     HEAVY      STABLE     HEAVY    106.0    10   10.15     0     0   2.640   542    6
   50.3     HEAVY      STABLE     HEAVY     87.8    14   10.01     0     0   2.380   487    7
   51.3     HEAVY      STABLE     HEAVY    103.9    11    9.95     0     0   2.380   487    7
   52.0     HEAVY      STABLE     HEAVY    102.0    10    9.95     0     0   2.380   487    7
   52.6     HEAVY      STABLE     HEAVY     81.8    10   10.05     0     0   2.380   487    7
   53.3     HEAVY      STABLE     HEAVY    127.3     7   10.00     0     0   2.380   487    7
   53.9     HEAVY      STABLE     HEAVY    113.0     5    9.98     0     0   2.380   487    7
   54.6     HEAVY      STABLE     HEAVY     85.8    11    9.94     0     0   2.380   487    7
   55.3     HEAVY      STABLE     HEAVY     97.9     6   10.00     0     0   2.380   487    7
   55.9     HEAVY      STABLE     HEAVY    115.1    12    9.95     0     0   2.380   487    7
   56.6     HEAVY      STABLE     HEAVY     91.3     9    9.99     0     0   2.380   487    7
   57.3     HEAVY      STABLE     HEAVY    106.2     4    9.87     0     0   2.140   438    8
   58.4     HEAVY      STABLE     HEAVY    119.3     3   10.09     0     0   2.140   438    8
   59.1     HEAVY      STABLE     HEAVY     91.4     0    8.34     0     0   2.140   438    8
   59.8    NORMAL      STABLE    NORMAL      0.0     0    0.03     0     0   2.140   438    8

Done — 84 ticks, 8 adjustments (0 predictive), mode=tc-only
