[acape] bounds for target 5.0ms: target 0.2-20ms interval 20-300ms

==============================================================================
  ACAPE v6.0.0   mode=tc-only   qdisc=codel handle=10:
  metrics -> results_cross/codel_rtt3/codel_acape_steady_s3/acape_metrics_ctl.csv
==============================================================================
      t    regime        traj      pred     dr/s    bl    tput flows eleph  tgt_ms   lim  adj
---------------------------------------------------------------------------------------------
    1.0     HEAVY      STABLE     HEAVY     94.0    14   10.06     0     0   5.000  1024    0
    1.7     HEAVY      STABLE     HEAVY    116.6    13   10.51     0     0   5.000  1024    0
    2.3     HEAVY      STABLE     HEAVY     72.8    17    9.89     0     0   5.000  1024    0
    3.0     HEAVY      STABLE     HEAVY     84.8    12    9.99     0     0   5.000  1024    0
    3.7     HEAVY      STABLE     HEAVY    101.6    14   10.06     0     0   5.000  1024    0
    4.4     HEAVY      STABLE     HEAVY     86.6    17    9.86     0     0   5.000  1024    0
    5.1     HEAVY      STABLE     HEAVY     73.8    13   10.21     0     0   5.000  1024    0
    5.7     HEAVY      STABLE     HEAVY     98.2    11    9.97     0     0   5.000  1024    0
    6.4     HEAVY      STABLE     HEAVY     97.3    13    9.95     0     0   5.000  1024    0
    7.1     HEAVY      STABLE     HEAVY     74.4     9   10.07     0     0   4.500   921    1
    8.1     HEAVY      STABLE     HEAVY     86.2     9    9.97     0     0   4.500   921    1
    8.8     HEAVY      STABLE     HEAVY    108.3    10    9.94     0     0   4.500   921    1
    9.6     HEAVY      STABLE     HEAVY     85.4    16    9.90     0     0   4.500   921    1
   10.3     HEAVY      STABLE     HEAVY     88.1    10   10.21     0     0   4.500   921    1
   11.0     HEAVY      STABLE     HEAVY     66.5    13   10.05     0     0   4.500   921    1
   11.7     HEAVY      STABLE     HEAVY     95.2    10    9.92     0     0   4.500   921    1
   12.4     HEAVY      STABLE     HEAVY     82.3    13   10.00     0     0   4.500   921    1
   13.0     HEAVY      STABLE     HEAVY     85.7     7   10.06     0     0   4.500   921    1
   13.8     HEAVY      STABLE     HEAVY    100.2     7    9.88     0     0   4.500   921    1
   14.5     HEAVY      STABLE     HEAVY     67.2    10    9.90     0     0   4.050   828    2
   15.6     HEAVY      STABLE     HEAVY     70.4    13    9.84     0     0   4.050   828    2
   16.3     HEAVY      STABLE     HEAVY     77.4     7   10.18     0     0   4.050   828    2
   17.1     HEAVY      STABLE     HEAVY     58.8    11    9.86     0     0   4.050   828    2
   17.8     HEAVY      STABLE     HEAVY     95.2    14   10.06     0     0   4.050   828    2
   18.5     HEAVY      STABLE     HEAVY    103.8    12   10.06     0     0   4.050   828    2
   19.2     HEAVY      STABLE     HEAVY     88.1     9   10.08     0     0   4.050   828    2
   19.9     HEAVY      STABLE     HEAVY    101.0     9    9.98     0     0   4.050   828    2
   20.5     HEAVY      STABLE     HEAVY     94.9    10   10.03     0     0   4.050   828    2
   21.2     HEAVY      STABLE     HEAVY    108.0     6    9.94     0     0   4.050   828    2
   21.9     HEAVY      STABLE     HEAVY     81.7     8    9.94     0     0   3.640   745    3
   22.9     HEAVY      STABLE     HEAVY     86.7    16   10.04     0     0   3.640   745    3
   23.6     HEAVY      STABLE     HEAVY     91.6     6    9.95     0     0   3.640   745    3
   24.2     HEAVY      STABLE     HEAVY     77.4    11   10.11     0     0   3.640   745    3
   24.9     HEAVY      STABLE     HEAVY     83.2     7   10.00     0     0   3.640   745    3
   25.5     HEAVY      STABLE     HEAVY     85.4    11    9.99     0     0   3.640   745    3
   26.3     HEAVY      STABLE     HEAVY     96.6    11    9.94     0     0   3.640   745    3
   26.9     HEAVY      STABLE     HEAVY     93.5     9   10.01     0     0   3.640   745    3
   27.6     HEAVY      STABLE     HEAVY    120.8    10    9.97     0     0   3.640   745    3
   28.3     HEAVY      STABLE     HEAVY     96.4     8    9.98     0     0   3.640   745    3
   28.9     HEAVY      STABLE     HEAVY    115.9     7   10.10     0     0   3.270   670    4
   29.9     HEAVY      STABLE     HEAVY    117.0     8   10.00     0     0   3.270   670    4
   30.6     HEAVY      STABLE     HEAVY     90.4    12    9.98     0     0   3.270   670    4
   31.2     HEAVY      STABLE     HEAVY     90.5     7   10.04     0     0   3.270   670    4
   31.9     HEAVY      STABLE     HEAVY    111.6     6   10.02     0     0   3.270   670    4
   32.5     HEAVY      STABLE     HEAVY    110.7     9   10.03     0     0   3.270   670    4
   33.2     HEAVY      STABLE     HEAVY     95.6    14    9.87     0     0   3.270   670    4
   33.9     HEAVY      STABLE     HEAVY     93.4    13   10.10     0     0   3.270   670    4
   34.6     HEAVY      STABLE     HEAVY    111.2    10    9.98     0     0   3.270   670    4
   35.2     HEAVY      STABLE     HEAVY    113.0     9    9.90     0     0   3.270   670    4
   35.9     HEAVY      STABLE     HEAVY     83.3    10   10.12     0     0   2.940   603    5
   37.5     HEAVY      STABLE     HEAVY     67.6    14    8.02     0     0   2.940   603    5
   38.2     HEAVY      STABLE     HEAVY    120.8     9   10.84     0     0   2.940   603    5
   38.9     HEAVY      STABLE     HEAVY    109.7     7   10.02     0     0   2.940   603    5
   39.6     HEAVY      STABLE     HEAVY     88.9    10    9.79     0     0   2.940   603    5
   40.3     HEAVY      STABLE     HEAVY     98.5     6    9.92     0     0   2.940   603    5
   40.9     HEAVY      STABLE     HEAVY     94.0    15    9.96     0     0   2.940   603    5
   41.5     HEAVY      STABLE     HEAVY    106.2    10   10.17     0     0   2.940   603    5
   42.2     HEAVY      STABLE     HEAVY     93.0    15    9.96     0     0   2.940   603    5
   42.9     HEAVY      STABLE     HEAVY    130.1     7    9.81     0     0   2.940   603    5
   43.7     HEAVY      STABLE     HEAVY    111.2    11   10.01     0     0   2.640   542    6
   44.7     HEAVY      STABLE     HEAVY    132.6     6   10.14     0     0   2.640   542    6
   45.3     HEAVY      STABLE     HEAVY     92.4    10   10.05     0     0   2.640   542    6
   46.0     HEAVY      STABLE     HEAVY     97.2     4    9.97     0     0   2.640   542    6
   46.6     HEAVY      STABLE     HEAVY     86.4    10    9.94     0     0   2.640   542    6
   47.3     HEAVY      STABLE     HEAVY    101.8     9   10.06     0     0   2.640   542    6
   47.9     HEAVY      STABLE     HEAVY     82.6    11   10.00     0     0   2.640   542    6
   48.6     HEAVY      STABLE     HEAVY     94.6     7    9.96     0     0   2.640   542    6
   49.3     HEAVY      STABLE     HEAVY     95.1    16    9.93     0     0   2.640   542    6
   49.9     HEAVY      STABLE     HEAVY    126.4     9   10.12     0     0   2.640   542    6
   50.6     HEAVY      STABLE     HEAVY     97.7    11   10.00     0     0   2.380   487    7
   51.6     HEAVY      STABLE     HEAVY    109.2    13    9.89     0     0   2.380   487    7
   52.2     HEAVY      STABLE     HEAVY    103.5     7   10.12     0     0   2.380   487    7
   53.0     HEAVY      STABLE     HEAVY    112.6    11    9.81     0     0   2.380   487    7
   53.7     HEAVY      STABLE     HEAVY     99.1    10    9.89     0     0   2.380   487    7
   54.4     HEAVY      STABLE     HEAVY     96.7     5   10.16     0     0   2.380   487    7
   55.0     HEAVY      STABLE     HEAVY    140.4     6   10.13     0     0   2.380   487    7
   55.7     HEAVY      STABLE     HEAVY    111.1     6    9.96     0     0   2.380   487    7
   56.4     HEAVY      STABLE     HEAVY    106.6     8    9.85     0     0   2.380   487    7
   57.0     HEAVY      STABLE     HEAVY     82.6     8   10.17     0     0   2.380   487    7
   57.7     HEAVY      STABLE     HEAVY     90.3    10    9.89     0     0   2.140   438    8
   58.7     HEAVY      STABLE     HEAVY    101.0    10    9.99     0     0   2.140   438    8
   59.4  MODERATE      STABLE  MODERATE     18.6     0    1.70     0     0   2.140   438    8

Done — 83 ticks, 8 adjustments (0 predictive), mode=tc-only
