[eBPF] attached prog_id=4 jited=True
[eBPF] flow_map id=1 via bpf(2) (key=16B value=56B)
[acape] bounds for target 20.0ms interval 400.0ms: target 0.8-80ms interval 80-1.2e+03ms (interval/target ratio 20.0)

==============================================================================
  ACAPE v6.0.0   mode=eBPF   qdisc=fq_codel handle=10:
  metrics -> results_gate/t20_r20/fq_codel_acape_ebpf_t20_steady_s1/acape_metrics_ctl.csv
==============================================================================
      t    regime        traj      pred     dr/s    bl    tput flows eleph  tgt_ms   lim  adj
---------------------------------------------------------------------------------------------
    2.4     HEAVY      STABLE     HEAVY     18.2    19   10.03     9     0  20.000  1024    0
    4.6     HEAVY      STABLE     HEAVY     15.6    21   10.02     9     0  20.000  1024    0
    6.8     HEAVY      STABLE     HEAVY     17.6    16   10.00     9     8  20.000  1024    0
    9.0     HEAVY      STABLE     HEAVY     14.5    16    9.94     9     8  20.000  1024    0
   11.2     HEAVY      STABLE     HEAVY     14.8     0   10.06     9     8  20.000  1024    0
   13.4     HEAVY      STABLE     HEAVY     18.0    16   10.00     9     8  20.000  1024    0
   15.6     HEAVY      STABLE     HEAVY     14.5    20    9.96     9     8  20.000  1024    0
   17.8     HEAVY      STABLE     HEAVY     16.6    17    9.98     9     8  20.000  1024    0
   20.0     HEAVY      STABLE     HEAVY     16.0    17    9.92     9     8  20.000  1024    0
   22.3     HEAVY      STABLE     HEAVY     14.4    20    8.92     9     8  18.000   921    1
   24.8     HEAVY      STABLE     HEAVY     15.5    19   10.03     9     8  18.000   921    1
   27.0     HEAVY      STABLE     HEAVY     16.2    19    9.73     9     8  18.000   921    1
   29.2     HEAVY      STABLE     HEAVY     16.0    19    9.97     9     8  18.000   921    1
   31.3     HEAVY      STABLE     HEAVY     16.1    17    9.64     9     8  18.000   921    1
   33.6     HEAVY      STABLE     HEAVY     15.7    16    9.94     9     8  18.000   921    1
   35.8     HEAVY      STABLE     HEAVY     15.5    18   10.03     9     8  18.000   921    1
   37.9     HEAVY      STABLE     HEAVY     16.2    16   10.01     9     8  18.000   921    1
   40.1     HEAVY      STABLE     HEAVY     15.7    16    9.98     9     8  18.000   921    1
   42.3     HEAVY      STABLE     HEAVY     15.8    17    9.95     9     8  18.000   921    1
   44.5     HEAVY      STABLE     HEAVY     15.8    18   10.01     9     8  16.200   828    2
   47.0     HEAVY      STABLE     HEAVY     15.6    17    9.96     9     8  16.200   828    2
   49.2     HEAVY      STABLE     HEAVY     17.2    18    9.99     9     8  16.200   828    2
   51.4     HEAVY      STABLE     HEAVY     15.4    15   10.00     9     8  16.200   828    2
   53.6     HEAVY      STABLE     HEAVY     14.7    15   10.00     9     8  16.200   828    2
   55.7     HEAVY      STABLE     HEAVY     15.8    16    9.73     9     8  16.200   828    2
   57.9     HEAVY      STABLE     HEAVY     16.6    18    9.99     8     8  16.200   828    2
   60.1     HEAVY      STABLE     HEAVY     16.0    17   10.00     8     8  16.200   828    2
   62.3     HEAVY      STABLE     HEAVY     16.5    17   10.00     8     8  16.200   828    2
   64.5     HEAVY      STABLE     HEAVY     15.5    16    9.98     8     8  16.200   828    2
   66.7     HEAVY      STABLE     HEAVY     15.2    17    9.86     8     8  14.600   745    3
   69.2     HEAVY      STABLE     HEAVY     21.2    10   10.04     8     8  14.600   745    3
   71.4     HEAVY      STABLE     HEAVY     17.1    15    9.98     8     8  14.600   745    3
   73.6     HEAVY      STABLE     HEAVY     19.0    16   10.01     8     8  14.600   745    3
   75.7     HEAVY      STABLE     HEAVY     19.3    15    9.99     8     8  14.600   745    3
   77.9     HEAVY      STABLE     HEAVY     16.1    14    9.88     8     8  14.600   745    3
   80.1     HEAVY      STABLE     HEAVY     18.8     0    9.99     8     8  14.600   745    3
   82.3     HEAVY      STABLE     HEAVY     18.0    14   10.01     8     8  14.600   745    3
   84.4     HEAVY      STABLE     HEAVY     19.3    17    9.97     8     8  14.600   745    3
   86.6     HEAVY      STABLE     HEAVY     16.8    16    9.62     8     8  14.600   745    3
   88.8     HEAVY      STABLE     HEAVY     17.7    16   10.01     8     8  13.100   670    4
   91.3     HEAVY      STABLE     HEAVY     23.8    15    9.98     8     8  13.100   670    4
   93.5     HEAVY      STABLE     HEAVY     21.1    15    9.98     8     8  13.100   670    4
   95.7     HEAVY      STABLE     HEAVY     22.2    17    9.98     8     8  13.100   670    4
   97.9     HEAVY      STABLE     HEAVY     23.1    11   10.00     8     8  13.100   670    4
  100.1     HEAVY      STABLE     HEAVY     21.9    14    9.97     8     8  13.100   670    4
  102.3     HEAVY      STABLE     HEAVY     22.6    11   10.04     8     8  13.100   670    4
  104.4     HEAVY      STABLE     HEAVY     22.2    15    9.99     8     8  13.100   670    4
  106.7     HEAVY      STABLE     HEAVY     24.2    15    9.95     8     8  13.100   670    4
  108.8     HEAVY      STABLE     HEAVY     21.9    16   10.04     8     8  13.100   670    4
  111.0     HEAVY      STABLE     HEAVY     23.2    13    9.98     8     8  11.800   603    5
  113.6     HEAVY      STABLE     HEAVY     26.4    13   10.02     8     8  11.800   603    5
  115.8     HEAVY      STABLE     HEAVY     26.0     0    9.58     8     8  11.800   603    5
  117.9     HEAVY      STABLE     HEAVY     27.1    12   10.01     8     8  11.800   603    5
  120.1     HEAVY      STABLE     HEAVY     26.6    12    9.97     8     8  11.800   603    5
  122.4     HEAVY      STABLE     HEAVY     26.7    15   10.00     8     8  11.800   603    5
  124.6     HEAVY      STABLE     HEAVY     26.2     0    9.99     8     8  11.800   603    5
  126.7     HEAVY      STABLE     HEAVY     27.1     0    9.99     8     8  11.800   603    5
  128.9     HEAVY      STABLE     HEAVY     27.4    11    9.92     8     8  11.800   603    5
  131.2     HEAVY      STABLE     HEAVY     26.1    14   10.05     8     8  11.800   603    5
  133.3     HEAVY      STABLE     HEAVY     26.4     8   10.00     8     8  10.600   542    6
  135.9     HEAVY      STABLE     HEAVY     27.4     9    9.99     8     8  10.600   542    6
  138.1     HEAVY      STABLE     HEAVY     27.8     8    9.97     8     8  10.600   542    6
  140.3     HEAVY      STABLE     HEAVY     28.1     9   10.02     8     8  10.600   542    6
  142.5     HEAVY      STABLE     HEAVY     28.3    12    9.97     8     8  10.600   542    6
  144.7     HEAVY      STABLE     HEAVY     28.1     0    9.98     8     8  10.600   542    6
  146.8     HEAVY      STABLE     HEAVY     28.2    11    9.96     8     8  10.600   542    6
  149.0     HEAVY      STABLE     HEAVY     25.3    11    8.70     8     8  10.600   542    6
  151.2     HEAVY      STABLE     HEAVY     28.7     9   10.00     8     8  10.600   542    6
  153.4     HEAVY      STABLE     HEAVY     26.5     9    9.99     8     8  10.600   542    6
  155.6     HEAVY      STABLE     HEAVY     28.8    10    9.96     8     8   9.540   487    7
  158.1     HEAVY      STABLE     HEAVY     29.0    10    9.97     8     8   9.540   487    7
  160.3     HEAVY      STABLE     HEAVY     28.5    12   10.00     8     8   9.540   487    7
  162.5     HEAVY      STABLE     HEAVY     29.7     7    9.98     8     8   9.540   487    7
  164.7     HEAVY      STABLE     HEAVY     27.8     9   10.02     8     8   9.540   487    7
  166.9     HEAVY      STABLE     HEAVY     28.4    12    9.97     8     8   9.540   487    7
  169.0     HEAVY      STABLE     HEAVY     28.4     8    9.87     8     8   9.540   487    7
  171.3     HEAVY      STABLE     HEAVY     28.4    13    9.95     8     8   9.540   487    7
  173.5     HEAVY      STABLE     HEAVY     27.9     0   10.01     8     8   9.540   487    7
  175.8     HEAVY      STABLE     HEAVY     28.5    10    9.67     8     8   9.540   487    7
  178.0     HEAVY      STABLE     HEAVY     29.1    11    9.99     8     8   8.590   438    8
  180.6     HEAVY      STABLE     HEAVY     31.2    10    9.97     8     8   8.590   438    8
  182.8     HEAVY      STABLE     HEAVY     31.0     8    9.91     8     8   8.590   438    8
  185.0     HEAVY      STABLE     HEAVY     28.7    11   10.10     8     8   8.590   438    8
  187.2     HEAVY      STABLE     HEAVY     30.5     8    9.98     8     8   8.590   438    8
  189.4     HEAVY      STABLE     HEAVY     30.9     7    9.99     8     8   8.590   438    8
  191.5     HEAVY      STABLE     HEAVY     30.3    11    9.99     8     8   8.590   438    8
  193.8     HEAVY      STABLE     HEAVY     29.8    11    9.97     8     8   8.590   438    8
  195.9     HEAVY      STABLE     HEAVY     31.2     7    9.97     8     8   8.590   438    8
  198.1     HEAVY      STABLE     HEAVY     29.1     8   10.00     8     8   8.590   438    8
  200.2     HEAVY      STABLE     HEAVY     30.2     9   10.00     8     8   7.730   394    9
  202.7     HEAVY      STABLE     HEAVY     31.9    10    9.95     8     8   7.730   394    9
  204.9     HEAVY      STABLE     HEAVY     33.2    10   10.02     8     8   7.730   394    9
  207.1     HEAVY      STABLE     HEAVY     31.6     9   10.00     8     8   7.730   394    9
  209.4     HEAVY      STABLE     HEAVY     31.9     7    9.95     8     8   7.730   394    9
  211.6     HEAVY      STABLE     HEAVY     32.7     8   10.01     8     8   7.730   394    9
  213.8     HEAVY      STABLE     HEAVY     33.0    10    9.98     8     8   7.730   394    9
  215.9     HEAVY      STABLE     HEAVY     31.0     9    9.99     8     8   7.730   394    9
  218.3     HEAVY      STABLE     HEAVY     33.5    12    9.95     8     8   7.730   394    9
  220.6     HEAVY      STABLE     HEAVY     31.9     8    9.96     8     8   7.730   394    9
  222.8     HEAVY      STABLE     HEAVY     31.8    11   10.02     8     8   6.960   354   10
  225.4     HEAVY      STABLE     HEAVY     33.9    12    9.97     8     8   6.960   354   10
  227.6     HEAVY      STABLE     HEAVY     34.3     9   10.01     8     8   6.960   354   10
  229.8     HEAVY      STABLE     HEAVY     32.6     9    9.89     8     8   6.960   354   10
  232.1     HEAVY      STABLE     HEAVY     33.5     8   10.04     8     8   6.960   354   10
  234.3     HEAVY      STABLE     HEAVY     34.1     6    9.84     8     8   6.960   354   10
  236.6     HEAVY      STABLE     HEAVY     33.3     6    9.93     8     8   6.960   354   10
  238.8     HEAVY      STABLE     HEAVY     30.3     0    9.38     9     8   6.960   354   10

Done — 108 ticks, 10 adjustments (0 predictive), mode=eBPF
