[acape] bounds for target 15.0ms interval 15.0ms: target 0.6-60ms interval 3-45ms (interval/target ratio 1.0)

==============================================================================
  ACAPE v6.0.0   mode=tc-only   qdisc=pie handle=10:
  metrics -> results_cross/pie_rtt60/pie_acape_steady_s3/acape_metrics_ctl.csv
==============================================================================
      t    regime        traj      pred     dr/s    bl    tput flows eleph  tgt_ms   lim  adj
---------------------------------------------------------------------------------------------
    1.9     HEAVY      STABLE     HEAVY    109.1     2    8.28     0     0  15.000  1000    0
    3.6     HEAVY      STABLE     HEAVY     15.7     4    9.42     0     0  15.000  1000    0
    5.4     HEAVY  RECOVERING  MODERATE     13.6     4    9.88     0     0  15.000  1000    0
    7.2  MODERATE  RECOVERING     LIGHT      9.7     9    9.20     0     0  15.000  1000    0
    8.9     HEAVY  RECOVERING  MODERATE     14.6     5    9.94     0     0  15.000  1000    0
   10.6     HEAVY      STABLE     HEAVY     11.9     9    9.92     0     0  15.000  1000    0
   12.3     HEAVY      STABLE     HEAVY     17.0     8   10.10     0     0  15.000  1000    0
   14.1     HEAVY      STABLE     HEAVY     14.1     9    9.92     0     0  15.000  1000    0
   15.8     HEAVY      STABLE     HEAVY     14.8     5   10.07     0     0  15.000  1000    0
   17.5     HEAVY      STABLE     HEAVY     13.6     4   10.02     0     0  15.000  1000    0
   19.2     HEAVY      STABLE     HEAVY     13.9    11   10.00     0     0  15.000  1000    0
   21.0     HEAVY      STABLE     HEAVY     14.9     9    9.93     0     0  15.000  1000    0
   22.7     HEAVY      STABLE     HEAVY     13.5     7   10.02     0     0  15.000  1000    0
   24.4     HEAVY      STABLE     HEAVY     11.8     7    9.91     0     0  15.000  1000    0
   26.2     HEAVY      STABLE     HEAVY     15.4     4    9.93     0     0  15.000  1000    0
   28.0     HEAVY      STABLE     HEAVY     12.7    10    9.99     0     0  15.000  1000    0
   29.7     HEAVY      STABLE     HEAVY     13.1     8    9.52     0     0  15.000  1000    0
   31.4  MODERATE      STABLE  MODERATE      9.9    12   10.05     0     0  15.000  1000    0
   33.1     HEAVY      STABLE     HEAVY     16.4     4    9.98     0     0  15.000  1000    0
   34.9     HEAVY      STABLE     HEAVY     12.2     8    9.80     0     0  15.000  1000    0
   36.6     HEAVY      STABLE     HEAVY     13.4    12   10.16     0     0  15.000  1000    0
   38.4     HEAVY      STABLE     HEAVY     15.4    11    9.91     0     0  15.000  1000    0
   40.1     HEAVY      STABLE     HEAVY     11.7    10    9.94     0     0  15.000  1000    0
   41.8     HEAVY      STABLE     HEAVY     14.7     8   10.16     0     0  15.000  1000    0
   43.5     HEAVY      STABLE     HEAVY     12.6    11    9.92     0     0  15.000  1000    0
   45.4     HEAVY      STABLE     HEAVY     12.6     9    9.83     0     0  15.000  1000    0
   47.1     HEAVY      STABLE     HEAVY     15.7     6   10.05     0     0  15.000  1000    0
   48.8     HEAVY      STABLE     HEAVY     18.4     8   10.07     0     0  15.000  1000    0
   50.5     HEAVY      STABLE     HEAVY     15.3     8   10.02     0     0  15.000  1000    0
   52.3     HEAVY      STABLE     HEAVY     14.4     4    9.94     0     0  13.500   900    1
   54.4     HEAVY      STABLE     HEAVY     12.6     7   10.02     0     0  13.500   900    1
   56.1     HEAVY      STABLE     HEAVY     14.5     9   10.01     0     0  13.500   900    1
   57.9     HEAVY      STABLE     HEAVY     14.0     8    9.92     0     0  13.500   900    1
   59.6     HEAVY      STABLE     HEAVY     14.1     6    9.92     0     0  13.500   900    1
   61.3     HEAVY      STABLE     HEAVY     14.8     8    9.99     0     0  13.500   900    1
   63.0     HEAVY      STABLE     HEAVY     13.6    10    9.99     0     0  13.500   900    1
   64.7     HEAVY      STABLE     HEAVY     12.8     7    9.97     0     0  13.500   900    1
   66.4     HEAVY      STABLE     HEAVY     12.2     9   10.01     0     0  13.500   900    1
   68.1     HEAVY      STABLE     HEAVY     16.4     5    9.98     0     0  13.500   900    1
   69.9     HEAVY      STABLE     HEAVY     11.6    10    9.90     0     0  12.100   810    2
   72.0     HEAVY      STABLE     HEAVY     14.3     7   10.05     0     0  12.100   810    2
   73.7     HEAVY      STABLE     HEAVY     15.2     4    9.93     0     0  12.100   810    2
   75.4     HEAVY      STABLE     HEAVY     12.1     6   10.07     0     0  12.100   810    2
   77.2     HEAVY      STABLE     HEAVY     13.8     6    9.36     0     0  12.100   810    2
   78.9     HEAVY      STABLE     HEAVY     10.6     5    9.97     0     0  12.100   810    2
   80.6     HEAVY      STABLE     HEAVY     13.5     9   10.01     0     0  12.100   810    2
   82.3     HEAVY      STABLE     HEAVY     13.6     6    9.97     0     0  12.100   810    2
   84.0     HEAVY      STABLE     HEAVY     15.2     5    9.97     0     0  12.100   810    2
   85.7     HEAVY      STABLE     HEAVY     13.9     5   10.00     0     0  12.100   810    2
   87.5     HEAVY      STABLE     HEAVY     14.3     6    9.96     0     0  10.900   729    3
   89.6     HEAVY      STABLE     HEAVY     12.6     6    9.98     0     0  10.900   729    3
   91.4     HEAVY      STABLE     HEAVY     16.0     5    9.90     0     0  10.900   729    3
   93.1     HEAVY      STABLE     HEAVY     14.1     8   10.05     0     0  10.900   729    3
   94.9     HEAVY      STABLE     HEAVY     13.6     6    9.90     0     0  10.900   729    3
   96.5     HEAVY      STABLE     HEAVY     14.9     6   10.02     0     0  10.900   729    3
   98.2     HEAVY      STABLE     HEAVY     13.4     5   10.02     0     0  10.900   729    3
  100.3     HEAVY      STABLE     HEAVY     11.3     9    8.67     0     0  10.900   729    3
  102.0     HEAVY      STABLE     HEAVY     12.3     5   10.01     0     0  10.900   729    3
  103.7     HEAVY      STABLE     HEAVY     14.0     8    9.96     0     0  10.900   729    3
  105.4     HEAVY      STABLE     HEAVY     13.3     7   10.07     0     0   9.810   656    4
  107.4     HEAVY      STABLE     HEAVY     14.3     4    9.95     0     0   9.810   656    4
  109.1     HEAVY      STABLE     HEAVY     15.2     7    9.96     0     0   9.810   656    4
  110.8     HEAVY      STABLE     HEAVY     13.7     4   10.04     0     0   9.810   656    4
  112.4     HEAVY      STABLE     HEAVY     12.7     3    9.97     0     0   9.810   656    4
  114.1     HEAVY      STABLE     HEAVY     12.9     5   10.04     0     0   9.810   656    4
  115.8     HEAVY      STABLE     HEAVY     13.7     8    9.99     0     0   9.810   656    4
  117.5     HEAVY      STABLE     HEAVY     15.0     7    9.93     0     0   9.810   656    4
  119.2     HEAVY      STABLE     HEAVY     14.1     7    9.90     0     0   9.810   656    4
  121.0     HEAVY      STABLE     HEAVY     13.7     7    9.86     0     0   9.810   656    4
  122.7     HEAVY      STABLE     HEAVY     13.2     8   10.11     0     0   8.830   590    5
  124.7     HEAVY      STABLE     HEAVY     17.4     3    9.99     0     0   8.830   590    5
  126.4     HEAVY      STABLE     HEAVY     13.7     3   10.01     0     0   8.830   590    5
  128.1     HEAVY      STABLE     HEAVY     13.1     3    9.96     0     0   8.830   590    5
  129.8     HEAVY      STABLE     HEAVY     14.3     7   10.02     0     0   8.830   590    5
  131.5     HEAVY      STABLE     HEAVY     14.2     5    9.94     0     0   8.830   590    5
  133.2     HEAVY      STABLE     HEAVY     13.6     4   10.02     0     0   8.830   590    5
  134.8     HEAVY      STABLE     HEAVY     14.2     7    9.99     0     0   8.830   590    5
  136.5     HEAVY      STABLE     HEAVY     12.0    10   10.05     0     0   8.830   590    5
  138.2     HEAVY      STABLE     HEAVY     15.6     2    9.97     0     0   8.830   590    5
  139.9     HEAVY      STABLE     HEAVY     14.1     6    9.95     0     0   7.950   531    6
  142.3     HEAVY      STABLE     HEAVY     13.0     6    9.93     0     0   7.950   531    6
  144.0     HEAVY      STABLE     HEAVY     16.8     4    9.98     0     0   7.950   531    6
  145.8     HEAVY      STABLE     HEAVY     16.5     5    9.90     0     0   7.950   531    6
  147.5     HEAVY      STABLE     HEAVY     14.9     8    9.99     0     0   7.950   531    6
  149.3     HEAVY      STABLE     HEAVY     15.9     5    9.80     0     0   7.950   531    6
  151.0     HEAVY      STABLE     HEAVY     15.2     2   10.03     0     0   7.950   531    6
  152.7     HEAVY      STABLE     HEAVY     14.1     7    9.93     0     0   7.950   531    6
  154.4     HEAVY      STABLE     HEAVY     14.8     5    9.96     0     0   7.950   531    6
  156.1     HEAVY      STABLE     HEAVY     14.9     2   10.08     0     0   7.950   531    6
  157.9     HEAVY      STABLE     HEAVY     14.4     2    9.87     0     0   7.150   477    7
  160.2     HEAVY      STABLE     HEAVY     14.2     4    9.90     0     0   7.150   477    7
  162.0     HEAVY      STABLE     HEAVY     16.2     5    9.92     0     0   7.150   477    7
  163.7     HEAVY      STABLE     HEAVY     15.3     8   10.07     0     0   7.150   477    7
  165.4     HEAVY      STABLE     HEAVY     14.6     5    9.92     0     0   7.150   477    7
  167.2     HEAVY      STABLE     HEAVY     14.5     5    9.99     0     0   7.150   477    7
  168.9     HEAVY      STABLE     HEAVY     14.3     8   10.04     0     0   7.150   477    7
  170.7     HEAVY      STABLE     HEAVY     13.8     3    9.89     0     0   7.150   477    7
  172.4     HEAVY      STABLE     HEAVY     14.0     5    9.98     0     0   7.150   477    7
  174.1     HEAVY      STABLE     HEAVY     13.7     6   10.11     0     0   7.150   477    7
  175.8     HEAVY      STABLE     HEAVY     15.9     4    9.96     0     0   6.430   429    8
  178.0     HEAVY      STABLE     HEAVY     15.1     4    9.86     0     0   6.430   429    8
  179.7     HEAVY      STABLE     HEAVY     13.4     0    9.69     0     0   6.430   429    8

Done — 103 ticks, 8 adjustments (0 predictive), mode=tc-only
