[acape] bounds for target 5.0ms interval 100.0ms: target 0.2-20ms interval 20-300ms (interval/target ratio 20.0)

==============================================================================
  ACAPE v6.0.0   mode=tc-only   qdisc=fq_codel handle=10:
  metrics -> results_serial/rate5/fq_codel_acape_t5_steady_s3/acape_metrics_ctl.csv
==============================================================================
      t    regime        traj      pred     dr/s    bl    tput flows eleph  tgt_ms   lim  adj
---------------------------------------------------------------------------------------------
    0.8     HEAVY      STABLE     HEAVY    103.7     9    5.02     0     0   5.000  1024    0
    1.5     HEAVY      STABLE     HEAVY     88.7    14    5.06     0     0   5.000  1024    0
    2.2     HEAVY      STABLE     HEAVY     99.0    10    5.01     0     0   5.000  1024    0
    2.8     HEAVY      STABLE     HEAVY    101.0    14    4.97     0     0   5.000  1024    0
    3.5     HEAVY      STABLE     HEAVY     90.5     5    5.02     0     0   5.000  1024    0
    4.2     HEAVY      STABLE     HEAVY     85.7    10    4.94     0     0   5.000  1024    0
    4.9     HEAVY      STABLE     HEAVY     92.9    10    5.07     0     0   5.000  1024    0
    5.5     HEAVY      STABLE     HEAVY     87.9     9    4.96     0     0   5.000  1024    0
    6.2     HEAVY      STABLE     HEAVY     95.5    10    5.04     0     0   5.000  1024    0
    6.8     HEAVY      STABLE     HEAVY     88.7    12    5.01     0     0   4.500   921    1
    7.9     HEAVY      STABLE     HEAVY    108.2     7    4.96     0     0   4.500   921    1
    8.5     HEAVY      STABLE     HEAVY     98.2     8    4.99     0     0   4.500   921    1
    9.2     HEAVY      STABLE     HEAVY     97.2     9    4.91     0     0   4.500   921    1
    9.9     HEAVY      STABLE     HEAVY    111.6     9    5.07     0     0   4.500   921    1
   10.6     HEAVY      STABLE     HEAVY     97.5     8    5.02     0     0   4.500   921    1
   11.3     HEAVY      STABLE     HEAVY     94.7     8    4.99     0     0   4.500   921    1
   12.4     HEAVY      STABLE     HEAVY     81.5    16    3.81     0     0   4.500   921    1
   13.1     HEAVY      STABLE     HEAVY    106.8    11    5.07     0     0   4.500   921    1
   13.8     HEAVY      STABLE     HEAVY    114.4     8    5.00     0     0   4.500   921    1
   14.5     HEAVY      STABLE     HEAVY     87.4    12    5.00     0     0   4.050   828    2
   15.6     HEAVY      STABLE     HEAVY    108.7    12    4.98     0     0   4.050   828    2
   16.2     HEAVY      STABLE     HEAVY    106.0    11    5.04     0     0   4.050   828    2
   16.9     HEAVY      STABLE     HEAVY     95.7    11    4.99     0     0   4.050   828    2
   17.5     HEAVY      STABLE     HEAVY    103.8     8    5.03     0     0   4.050   828    2
   18.2     HEAVY      STABLE     HEAVY    112.9     6    4.95     0     0   4.050   828    2
   18.9     HEAVY      STABLE     HEAVY    103.2     8    5.00     0     0   4.050   828    2
   19.5     HEAVY      STABLE     HEAVY    104.2    13    5.06     0     0   4.050   828    2
   20.2     HEAVY      STABLE     HEAVY    105.8    13    4.93     0     0   4.050   828    2
   21.0     HEAVY      STABLE     HEAVY    106.1     9    4.99     0     0   4.050   828    2
   21.7     HEAVY      STABLE     HEAVY     93.3    14    5.01     0     0   3.640   745    3
   22.7     HEAVY      STABLE     HEAVY    100.9    11    4.98     0     0   3.640   745    3
   23.5     HEAVY      STABLE     HEAVY     96.6    11    4.99     0     0   3.640   745    3
   24.2     HEAVY      STABLE     HEAVY    101.8    12    5.07     0     0   3.640   745    3
   24.9     HEAVY      STABLE     HEAVY    110.4    13    4.99     0     0   3.640   745    3
   25.6     HEAVY      STABLE     HEAVY    105.2     9    5.04     0     0   3.640   745    3
   26.3     HEAVY      STABLE     HEAVY    101.6    16    4.97     0     0   3.640   745    3
   26.9     HEAVY      STABLE     HEAVY    106.1     7    4.98     0     0   3.640   745    3
   27.6     HEAVY      STABLE     HEAVY     83.9    13    4.98     0     0   3.640   745    3
   28.4     HEAVY      STABLE     HEAVY    109.0     8    5.01     0     0   3.640   745    3
   29.1     HEAVY      STABLE     HEAVY    103.1     6    4.97     0     0   3.270   670    4
   30.1     HEAVY      STABLE     HEAVY    109.4    10    5.00     0     0   3.270   670    4
   30.8     HEAVY      STABLE     HEAVY    113.8     7    4.96     0     0   3.270   670    4
   31.4     HEAVY      STABLE     HEAVY    111.3     8    5.11     0     0   3.270   670    4
   32.1     HEAVY      STABLE     HEAVY    104.9     7    4.99     0     0   3.270   670    4
   32.7     HEAVY      STABLE     HEAVY     98.6    12    4.97     0     0   3.270   670    4
   33.4     HEAVY      STABLE     HEAVY    110.1     9    4.99     0     0   3.270   670    4
   34.1     HEAVY      STABLE     HEAVY     98.1     9    5.06     0     0   3.270   670    4
   34.7     HEAVY      STABLE     HEAVY    109.0     7    5.00     0     0   3.270   670    4
   35.4     HEAVY      STABLE     HEAVY    128.7     6    4.97     0     0   3.270   670    4
   36.0     HEAVY      STABLE     HEAVY     92.3    11    4.96     0     0   2.940   603    5
   37.1     HEAVY      STABLE     HEAVY    108.7    11    5.03     0     0   2.940   603    5
   37.7     HEAVY      STABLE     HEAVY    110.3     9    4.98     0     0   2.940   603    5
   38.4     HEAVY      STABLE     HEAVY    110.0    10    4.98     0     0   2.940   603    5
   39.1     HEAVY      STABLE     HEAVY     99.0     8    5.01     0     0   2.940   603    5
   39.7     HEAVY      STABLE     HEAVY    112.2     8    5.02     0     0   2.940   603    5
   40.4     HEAVY      STABLE     HEAVY    108.2    11    4.95     0     0   2.940   603    5
   41.1     HEAVY      STABLE     HEAVY     96.6     8    5.00     0     0   2.940   603    5
   41.8     HEAVY      STABLE     HEAVY     85.2    12    5.04     0     0   2.940   603    5
   42.4     HEAVY      STABLE     HEAVY    114.9     3    4.99     0     0   2.940   603    5
   43.1     HEAVY      STABLE     HEAVY    116.7     7    4.95     0     0   2.640   542    6
   44.1     HEAVY      STABLE     HEAVY    100.2     7    5.04     0     0   2.640   542    6
   44.8     HEAVY      STABLE     HEAVY    103.7     7    4.93     0     0   2.640   542    6
   45.5     HEAVY      STABLE     HEAVY    116.8     4    5.04     0     0   2.640   542    6
   46.2     HEAVY      STABLE     HEAVY    106.8     7    5.04     0     0   2.640   542    6
   46.9     HEAVY      STABLE     HEAVY     89.6    10    4.95     0     0   2.640   542    6
   47.6     HEAVY      STABLE     HEAVY    107.9    11    5.01     0     0   2.640   542    6
   48.2     HEAVY      STABLE     HEAVY    124.2    12    5.01     0     0   2.640   542    6
   48.9     HEAVY      STABLE     HEAVY    113.5     7    4.92     0     0   2.640   542    6
   49.6     HEAVY      STABLE     HEAVY    104.7     6    5.02     0     0   2.640   542    6
   50.3     HEAVY      STABLE     HEAVY    115.4     6    5.01     0     0   2.380   487    7
   51.5     HEAVY      STABLE     HEAVY    106.2     3    5.02     0     0   2.380   487    7
   52.1     HEAVY      STABLE     HEAVY    100.8    10    5.03     0     0   2.380   487    7
   52.7     HEAVY      STABLE     HEAVY    106.8     7    5.02     0     0   2.380   487    7
   53.4     HEAVY      STABLE     HEAVY    116.4     7    4.96     0     0   2.380   487    7
   54.0     HEAVY      STABLE     HEAVY    119.3     3    5.04     0     0   2.380   487    7
   54.7     HEAVY      STABLE     HEAVY    105.1     6    4.98     0     0   2.380   487    7
   55.4     HEAVY      STABLE     HEAVY     89.3    12    5.01     0     0   2.380   487    7
   56.1     HEAVY      STABLE     HEAVY    118.5     6    4.95     0     0   2.380   487    7
   56.8     HEAVY      STABLE     HEAVY    100.1     9    4.92     0     0   2.380   487    7
   57.4     HEAVY      STABLE     HEAVY    110.1     9    5.13     0     0   2.140   438    8
   58.4     HEAVY      STABLE     HEAVY    102.8     6    4.99     0     0   2.140   438    8
   59.1     HEAVY      STABLE     HEAVY    104.0     0    4.57     0     0   2.140   438    8
   59.7    NORMAL      STABLE    NORMAL      0.0     0    0.04     0     0   2.140   438    8

Done — 84 ticks, 8 adjustments (0 predictive), mode=tc-only
