[acape] bounds for target 20.0ms: target 0.8-80ms interval 80-1.2e+03ms

==============================================================================
  ACAPE v6.0.0   mode=tc-only   qdisc=fq_codel handle=10:
  metrics -> results_law/ratio_t20_r20/fq_codel_acape_t20_steady_s1/acape_metrics_ctl.csv
==============================================================================
      t    regime        traj      pred     dr/s    bl    tput flows eleph  tgt_ms   lim  adj
---------------------------------------------------------------------------------------------
    2.4     HEAVY      STABLE     HEAVY     25.6    15   10.03     0     0  20.000  1024    0
    4.5     HEAVY      STABLE     HEAVY     14.8    22    9.98     0     0  20.000  1024    0
    6.7     HEAVY      STABLE     HEAVY     16.8    19   10.01     0     0  20.000  1024    0
    8.9     HEAVY      STABLE     HEAVY     15.7    14    9.97     0     0  20.000  1024    0
   11.1     HEAVY      STABLE     HEAVY     16.0    17   10.02     0     0  20.000  1024    0
   13.4     HEAVY      STABLE     HEAVY     15.8    17    9.94     0     0  20.000  1024    0
   15.7     HEAVY      STABLE     HEAVY     15.1    21    9.96     0     0  20.000  1024    0
   17.8     HEAVY      STABLE     HEAVY     16.7    18    9.98     0     0  20.000  1024    0
   20.0     HEAVY      STABLE     HEAVY     15.6    16   10.05     0     0  20.000  1024    0
   22.2     HEAVY      STABLE     HEAVY     14.7    20    9.98     0     0  18.000   921    1
   24.7     HEAVY      STABLE     HEAVY     16.0    18    9.98     0     0  18.000   921    1
   27.0     HEAVY      STABLE     HEAVY     16.2    16   10.01     0     0  18.000   921    1
   29.2     HEAVY      STABLE     HEAVY     15.5    16    9.97     0     0  18.000   921    1
   31.4     HEAVY      STABLE     HEAVY     14.7    19    9.96     0     0  18.000   921    1
   33.6     HEAVY      STABLE     HEAVY     14.5    15    8.70     0     0  18.000   921    1
   35.8     HEAVY      STABLE     HEAVY     15.7    20   10.00     0     0  18.000   921    1
   38.0     HEAVY      STABLE     HEAVY     16.0    15    9.92     0     0  18.000   921    1
   40.2     HEAVY      STABLE     HEAVY     14.4    19   10.07     0     0  18.000   921    1
   42.4     HEAVY      STABLE     HEAVY     16.2    17   10.01     0     0  18.000   921    1
   44.7     HEAVY      STABLE     HEAVY     16.0    15    9.95     0     0  16.200   828    2
   47.5     HEAVY      STABLE     HEAVY     15.3    19    9.97     0     0  16.200   828    2
   49.7     HEAVY      STABLE     HEAVY     17.0    14   10.00     0     0  16.200   828    2
   51.8     HEAVY      STABLE     HEAVY     15.3    16   10.00     0     0  16.200   828    2
   54.0     HEAVY      STABLE     HEAVY     15.2    18   10.01     0     0  16.200   828    2
   56.2     HEAVY      STABLE     HEAVY     16.8    16    9.99     0     0  16.200   828    2
   58.4     HEAVY      STABLE     HEAVY     15.6    16    9.99     0     0  16.200   828    2
   60.6     HEAVY      STABLE     HEAVY     16.4    21    9.98     0     0  16.200   828    2
   62.8     HEAVY      STABLE     HEAVY     15.1    16    9.97     0     0  16.200   828    2
   65.1     HEAVY      STABLE     HEAVY     15.9    18    9.96     0     0  16.200   828    2
   67.2     HEAVY      STABLE     HEAVY     16.5    16   10.04     0     0  14.600   745    3
   69.7     HEAVY      STABLE     HEAVY     17.2    17    9.99     0     0  14.600   745    3
   71.9     HEAVY      STABLE     HEAVY     17.8    15    9.99     0     0  14.600   745    3
   74.2     HEAVY      STABLE     HEAVY     16.6    17   10.00     0     0  14.600   745    3
   76.4     HEAVY      STABLE     HEAVY     18.2    14    9.92     0     0  14.600   745    3
   78.6     HEAVY      STABLE     HEAVY     17.9    16    9.83     0     0  14.600   745    3
   80.9     HEAVY      STABLE     HEAVY     17.6    12    9.95     0     0  14.600   745    3
   83.0     HEAVY      STABLE     HEAVY     17.7    15   10.02     0     0  14.600   745    3
   85.2     HEAVY      STABLE     HEAVY     17.1    16    9.93     0     0  14.600   745    3
   87.4     HEAVY      STABLE     HEAVY     17.8    14   10.01     0     0  14.600   745    3
   89.6     HEAVY      STABLE     HEAVY     16.7    16   10.04     0     0  13.100   670    4
   92.1     HEAVY      STABLE     HEAVY     21.0    15    9.99     0     0  13.100   670    4
   94.3     HEAVY      STABLE     HEAVY     21.3    13    9.97     0     0  13.100   670    4
   96.5     HEAVY      STABLE     HEAVY     19.7    16   10.00     0     0  13.100   670    4
   98.7     HEAVY      STABLE     HEAVY     21.2     0   10.02     0     0  13.100   670    4
  100.9     HEAVY      STABLE     HEAVY     20.6    16    9.98     0     0  13.100   670    4
  103.1     HEAVY      STABLE     HEAVY     20.7    13    9.98     0     0  13.100   670    4
  105.3     HEAVY      STABLE     HEAVY     21.6    14    9.92     0     0  13.100   670    4
  107.5     HEAVY      STABLE     HEAVY     21.3    11    9.88     0     0  13.100   670    4
  109.7     HEAVY      STABLE     HEAVY     20.4    14   10.03     0     0  13.100   670    4
  111.8     HEAVY      STABLE     HEAVY     22.2    10    9.99     0     0  11.800   603    5
  114.4     HEAVY      STABLE     HEAVY     26.4    11    9.97     0     0  11.800   603    5
  116.6     HEAVY      STABLE     HEAVY     23.4    14    9.99     0     0  11.800   603    5
  118.8     HEAVY      STABLE     HEAVY     26.5     9    9.99     0     0  11.800   603    5
  120.9     HEAVY      STABLE     HEAVY     23.9     0    9.98     0     0  11.800   603    5
  123.1     HEAVY      STABLE     HEAVY     27.7    12    9.99     0     0  11.800   603    5
  125.3     HEAVY      STABLE     HEAVY     25.1    11    9.98     0     0  11.800   603    5
  127.5     HEAVY      STABLE     HEAVY     27.2    12   10.01     0     0  11.800   603    5
  129.6     HEAVY      STABLE     HEAVY     27.4     9    9.94     0     0  11.800   603    5
  131.9     HEAVY      STABLE     HEAVY     25.9     0    9.98     0     0  11.800   603    5
  134.1     HEAVY      STABLE     HEAVY     26.1    11    9.96     0     0  10.600   542    6
  137.1     HEAVY      STABLE     HEAVY     26.1    10    9.97     0     0  10.600   542    6
  139.3     HEAVY      STABLE     HEAVY     27.9    11   10.03     0     0  10.600   542    6
  141.6     HEAVY      STABLE     HEAVY     27.5    11    9.86     0     0  10.600   542    6
  143.8     HEAVY      STABLE     HEAVY     28.2     8   10.12     0     0  10.600   542    6
  146.0     HEAVY      STABLE     HEAVY     26.7     0    9.96     0     0  10.600   542    6
  148.1     HEAVY      STABLE     HEAVY     27.8    13   10.04     0     0  10.600   542    6
  150.3     HEAVY      STABLE     HEAVY     28.6    12   10.01     0     0  10.600   542    6
  152.5     HEAVY      STABLE     HEAVY     28.4    10   10.01     0     0  10.600   542    6
  154.6     HEAVY      STABLE     HEAVY     28.3    12    9.96     0     0  10.600   542    6
  156.9     HEAVY      STABLE     HEAVY     26.9     0    8.86     0     0   9.540   487    7
  159.5     HEAVY      STABLE     HEAVY     28.1    10    9.95     0     0   9.540   487    7
  161.6     HEAVY      STABLE     HEAVY     29.8    10   10.04     0     0   9.540   487    7
  163.8     HEAVY      STABLE     HEAVY     29.4    10    9.94     0     0   9.540   487    7
  166.0     HEAVY      STABLE     HEAVY     30.0     8    9.84     0     0   9.540   487    7
  168.2     HEAVY      STABLE     HEAVY     30.3    10   10.02     0     0   9.540   487    7
  170.4     HEAVY      STABLE     HEAVY     30.4     7   10.02     0     0   9.540   487    7
  172.6     HEAVY      STABLE     HEAVY     27.5    10    9.93     0     0   9.540   487    7
  174.8     HEAVY      STABLE     HEAVY     27.5    12   10.03     0     0   9.540   487    7
  177.0     HEAVY      STABLE     HEAVY     28.4    11    9.98     0     0   9.540   487    7
  179.1     HEAVY      STABLE     HEAVY     30.2    11   10.01     0     0   8.590   438    8
  181.7     HEAVY      STABLE     HEAVY     29.7    10    9.96     0     0   8.590   438    8
  184.0     HEAVY      STABLE     HEAVY     29.8     7   10.03     0     0   8.590   438    8
  186.1     HEAVY      STABLE     HEAVY     27.9    10   10.02     0     0   8.590   438    8
  188.3     HEAVY      STABLE     HEAVY     29.5    10    9.97     0     0   8.590   438    8
  190.5     HEAVY      STABLE     HEAVY     30.0     9    9.92     0     0   8.590   438    8
  192.6     HEAVY      STABLE     HEAVY     30.1     0   10.06     0     0   8.590   438    8
  194.8     HEAVY      STABLE     HEAVY     29.1     9   10.00     0     0   8.590   438    8
  197.0     HEAVY      STABLE     HEAVY     30.9     7   10.01     0     0   8.590   438    8
  199.2     HEAVY      STABLE     HEAVY     27.9    10    9.96     0     0   8.590   438    8
  201.4     HEAVY      STABLE     HEAVY     29.6    11   10.02     0     0   7.730   394    9
  204.0     HEAVY      STABLE     HEAVY     31.6     9   10.00     0     0   7.730   394    9
  206.1     HEAVY      STABLE     HEAVY     31.6    10   10.01     0     0   7.730   394    9
  208.3     HEAVY      STABLE     HEAVY     30.5    13    9.98     0     0   7.730   394    9
  210.5     HEAVY      STABLE     HEAVY     34.0     8   10.01     0     0   7.730   394    9
  212.6     HEAVY      STABLE     HEAVY     31.2    11    9.98     0     0   7.730   394    9
  214.8     HEAVY      STABLE     HEAVY     31.5    10   10.00     0     0   7.730   394    9
  217.0     HEAVY      STABLE     HEAVY     32.5    10    9.96     0     0   7.730   394    9
  219.2     HEAVY      STABLE     HEAVY     32.0     9    9.98     0     0   7.730   394    9
  221.4     HEAVY      STABLE     HEAVY     31.0    12    9.92     0     0   7.730   394    9
  223.6     HEAVY      STABLE     HEAVY     33.3     8   10.03     0     0   6.960   354   10
  226.2     HEAVY      STABLE     HEAVY     32.2     9   10.00     0     0   6.960   354   10
  228.3     HEAVY      STABLE     HEAVY     32.2     9    9.98     0     0   6.960   354   10
  230.5     HEAVY      STABLE     HEAVY     33.1     9    9.98     0     0   6.960   354   10
  232.8     HEAVY      STABLE     HEAVY     32.9    11   10.00     0     0   6.960   354   10
  235.0     HEAVY      STABLE     HEAVY     34.0     9   10.03     0     0   6.960   354   10
  237.1     HEAVY      STABLE     HEAVY     33.0    10   10.00     0     0   6.960   354   10
  239.3     HEAVY      STABLE     HEAVY     31.2     0    9.89     0     0   6.960   354   10

Done — 108 ticks, 10 adjustments (0 predictive), mode=tc-only
