[acape] bounds for target 5.0ms interval 100.0ms: target 0.2-20ms interval 20-300ms (interval/target ratio 20.0)

==============================================================================
  ACAPE v6.0.0   mode=tc-only   qdisc=codel handle=10:
  metrics -> results_cross/codel_rtt20/codel_acape_steady_s1/acape_metrics_ctl.csv
==============================================================================
      t    regime        traj      pred     dr/s    bl    tput flows eleph  tgt_ms   lim  adj
---------------------------------------------------------------------------------------------
    0.8     HEAVY      STABLE     HEAVY     68.5    35   10.16     0     0   5.000  1024    0
    1.5     HEAVY      STABLE     HEAVY     58.5     8    9.82     0     0   5.000  1024    0
    2.1     HEAVY      STABLE     HEAVY     39.3    13   10.13     0     0   5.000  1024    0
    2.8     HEAVY      STABLE     HEAVY     47.7     5    9.98     0     0   5.000  1024    0
    3.9  MODERATE      STABLE  MODERATE     28.9    12    7.29     0     0   5.000  1024    0
    4.6     HEAVY      STABLE     HEAVY     49.0    11   10.84     0     0   5.000  1024    0
    5.2     HEAVY      STABLE     HEAVY     34.1    10   10.01     0     0   5.000  1024    0
    5.9     HEAVY      STABLE     HEAVY     49.7     4    9.95     0     0   5.000  1024    0
    6.6     HEAVY      STABLE     HEAVY     38.0    10   10.07     0     0   5.000  1024    0
    7.2     HEAVY      STABLE     HEAVY     35.9     8    9.98     0     0   5.000  1024    0
    7.9     HEAVY      STABLE     HEAVY     33.8     8    9.97     0     0   5.000  1024    0
    8.5     HEAVY      STABLE     HEAVY     47.4     8   10.05     0     0   5.000  1024    0
    9.1     HEAVY      STABLE     HEAVY     44.2     2    9.97     0     0   5.000  1024    0
    9.8  MODERATE      STABLE  MODERATE     26.0    10   10.01     0     0   5.000  1024    0
   10.4     HEAVY      STABLE     HEAVY     39.4     6   10.03     0     0   5.000  1024    0
   11.1     HEAVY      STABLE     HEAVY     40.4     8    9.90     0     0   5.000  1024    0
   11.8  MODERATE      STABLE  MODERATE     27.0    14    9.97     0     0   5.000  1024    0
   12.4     HEAVY      STABLE     HEAVY     45.0     8   10.04     0     0   5.000  1024    0
   13.1  MODERATE      STABLE  MODERATE     21.9    13   10.05     0     0   5.000  1024    0
   13.8     HEAVY      STABLE     HEAVY     42.6     6    9.88     0     0   5.000  1024    0
   14.4     HEAVY      STABLE     HEAVY     32.7     7   10.06     0     0   5.000  1024    0
   15.1     HEAVY      STABLE     HEAVY     36.3     8    9.84     0     0   5.000  1024    0
   15.7     HEAVY      STABLE     HEAVY     44.3    10   10.25     0     0   5.000  1024    0
   16.4     HEAVY      STABLE     HEAVY     44.7    10    9.90     0     0   5.000  1024    0
   17.0     HEAVY      STABLE     HEAVY     42.8     8   10.09     0     0   5.000  1024    0
   17.7  MODERATE      STABLE  MODERATE     28.7     4    9.91     0     0   5.000  1024    0
   18.3     HEAVY      STABLE     HEAVY     41.1    12   10.04     0     0   5.000  1024    0
   19.0     HEAVY      STABLE     HEAVY     46.6     7    9.92     0     0   5.000  1024    0
   19.7     HEAVY      STABLE     HEAVY     38.6    10   10.04     0     0   5.000  1024    0
   20.3     HEAVY      STABLE     HEAVY     50.8     4   10.05     0     0   5.000  1024    0
   21.0     HEAVY      STABLE     HEAVY     39.6     9    9.95     0     0   5.000  1024    0
   21.7     HEAVY      STABLE     HEAVY     45.3     3   10.00     0     0   5.000  1024    0
   22.4     HEAVY      STABLE     HEAVY     46.0     8    9.44     0     0   5.000  1024    0
   23.0     HEAVY      STABLE     HEAVY     43.3     6   10.12     0     0   5.000  1024    0
   23.7     HEAVY      STABLE     HEAVY     33.9     8   10.02     0     0   5.000  1024    0
   24.3     HEAVY      STABLE     HEAVY     41.1     9    9.92     0     0   5.000  1024    0
   25.0     HEAVY      STABLE     HEAVY     47.6     9   10.02     0     0   5.000  1024    0
   25.7     HEAVY      STABLE     HEAVY     44.9     6   10.02     0     0   5.000  1024    0
   26.3     HEAVY      STABLE     HEAVY     37.6    11   10.00     0     0   5.000  1024    0
   27.0     HEAVY      STABLE     HEAVY     45.9     4   10.00     0     0   4.500   921    1
   28.0     HEAVY      STABLE     HEAVY     31.9    15    9.92     0     0   4.500   921    1
   28.6     HEAVY      STABLE     HEAVY     41.6     5   10.09     0     0   4.500   921    1
   29.3     HEAVY      STABLE     HEAVY     38.0     7    9.85     0     0   4.500   921    1
   30.0     HEAVY      STABLE     HEAVY     36.1    11    9.99     0     0   4.500   921    1
   30.7     HEAVY      STABLE     HEAVY     47.0     7   10.16     0     0   4.500   921    1
   31.4     HEAVY      STABLE     HEAVY     37.5     7    9.84     0     0   4.500   921    1
   32.1     HEAVY      STABLE     HEAVY     41.3     5   10.09     0     0   4.500   921    1
   32.8     HEAVY      STABLE     HEAVY     43.9     8   10.02     0     0   4.500   921    1
   33.5     HEAVY      STABLE     HEAVY     42.9    12    9.34     0     0   4.500   921    1
   34.2     HEAVY      STABLE     HEAVY     35.5    10   10.19     0     0   4.050   828    2
   35.2     HEAVY      STABLE     HEAVY     45.6     7   10.01     0     0   4.050   828    2
   35.9     HEAVY      STABLE     HEAVY     43.1     9    9.89     0     0   4.050   828    2
   36.5     HEAVY      STABLE     HEAVY     39.5     8   10.14     0     0   4.050   828    2
   37.1     HEAVY      STABLE     HEAVY     51.4     9    9.98     0     0   4.050   828    2
   37.8     HEAVY      STABLE     HEAVY     50.7     6    9.99     0     0   4.050   828    2
   38.4     HEAVY      STABLE     HEAVY     45.3     7   10.03     0     0   4.050   828    2
   39.1     HEAVY      STABLE     HEAVY     37.7     5   10.00     0     0   4.050   828    2
   39.7     HEAVY      STABLE     HEAVY     36.3    10    9.88     0     0   4.050   828    2
   40.4     HEAVY      STABLE     HEAVY     41.6     7   10.13     0     0   4.050   828    2
   41.0  MODERATE      STABLE  MODERATE     29.0    13    9.94     0     0   4.050   828    2
   41.7     HEAVY      STABLE     HEAVY     52.7     8   10.03     0     0   4.050   828    2
   42.3     HEAVY      STABLE     HEAVY     31.8    11    9.98     0     0   4.050   828    2
   42.9     HEAVY      STABLE     HEAVY     43.8    10    9.91     0     0   4.050   828    2
   43.6     HEAVY      STABLE     HEAVY     40.9     9   10.02     0     0   4.050   828    2
   44.3     HEAVY      STABLE     HEAVY     53.5     3    9.94     0     0   4.050   828    2
   44.9     HEAVY      STABLE     HEAVY     41.6     7   10.12     0     0   4.050   828    2
   45.6     HEAVY      STABLE     HEAVY     39.9     7    9.87     0     0   4.050   828    2
   46.2     HEAVY      STABLE     HEAVY     48.8     7   10.10     0     0   4.050   828    2
   46.9     HEAVY      STABLE     HEAVY     50.7     6    9.92     0     0   4.050   828    2
   47.6     HEAVY      STABLE     HEAVY     44.4     8   10.09     0     0   3.640   745    3
   48.5     HEAVY      STABLE     HEAVY     42.3     9    9.99     0     0   3.640   745    3
   49.1     HEAVY      STABLE     HEAVY     51.0     8    9.96     0     0   3.640   745    3
   49.8     HEAVY      STABLE     HEAVY     42.3     8    9.93     0     0   3.640   745    3
   50.4     HEAVY      STABLE     HEAVY     46.2     8   10.06     0     0   3.640   745    3
   51.1     HEAVY      STABLE     HEAVY     45.0     6    9.92     0     0   3.640   745    3
   51.8     HEAVY      STABLE     HEAVY     34.8    10   10.04     0     0   3.640   745    3
   52.5     HEAVY      STABLE     HEAVY     46.8     6    9.94     0     0   3.640   745    3
   53.1     HEAVY      STABLE     HEAVY     33.3     9   10.15     0     0   3.640   745    3
   53.8     HEAVY      STABLE     HEAVY     51.5     3   10.00     0     0   3.640   745    3
   54.4     HEAVY      STABLE     HEAVY     37.0     8    9.98     0     0   3.270   670    4
   55.4     HEAVY      STABLE     HEAVY     40.2     9    9.93     0     0   3.270   670    4
   56.1     HEAVY      STABLE     HEAVY     46.6     3   10.04     0     0   3.270   670    4
   56.8     HEAVY      STABLE     HEAVY     42.4     5   10.07     0     0   3.270   670    4
   57.4     HEAVY      STABLE     HEAVY     30.2    10    9.99     0     0   3.270   670    4
   58.1     HEAVY      STABLE     HEAVY     38.1     5    9.95     0     0   3.270   670    4
   58.7     HEAVY      STABLE     HEAVY     45.5     9   10.03     0     0   3.270   670    4
   59.4     HEAVY      STABLE     HEAVY     41.8     0    8.84     0     0   3.270   670    4

Done — 88 ticks, 4 adjustments (0 predictive), mode=tc-only
