[eBPF] attached prog_id=24 jited=True
[eBPF] flow_map id=16 via bpf(2) (key=16B value=56B)
[acape] bounds for target 20.0ms interval 400.0ms: target 0.8-80ms interval 80-1.2e+03ms (interval/target ratio 20.0)

==============================================================================
  ACAPE v6.0.0   mode=eBPF   qdisc=fq_codel handle=10:
  metrics -> results_gate/t20_r20/fq_codel_acape_gated_ebpf_t20_steady_s3/acape_metrics_ctl.csv
==============================================================================
      t    regime        traj      pred     dr/s    bl    tput flows eleph  tgt_ms   lim  adj
---------------------------------------------------------------------------------------------
    2.5     HEAVY      STABLE     HEAVY     20.0    17   10.14     9     0  20.000  1024    0
    4.7     HEAVY      STABLE     HEAVY     16.5    16    9.99     9     0  20.000  1024    0
    6.8     HEAVY      STABLE     HEAVY     15.3    17   10.02     9     8  20.000  1024    0
    9.0     HEAVY      STABLE     HEAVY     15.5    19    9.94     9     8  20.000  1024    0
   11.2     HEAVY      STABLE     HEAVY     17.0    16   10.06     9     8  20.000  1024    0
   13.4     HEAVY      STABLE     HEAVY     14.7    20    9.92     9     8  20.000  1024    0
   15.6     HEAVY      STABLE     HEAVY     16.0    20   10.04     9     8  20.000  1024    0
[acape] gate OPEN: target 20ms / est RTT 21.28ms = r 0.940 (threshold 0.4)
   17.8     HEAVY      STABLE     HEAVY     16.7    17    9.97     9     8  20.000  1024    0
   20.1     HEAVY      STABLE     HEAVY     15.4    15    9.93     9     8  20.000  1024    0
   22.3     HEAVY      STABLE     HEAVY     15.7    18    9.88     9     8  18.000   921    1
   24.8     HEAVY      STABLE     HEAVY     16.2    17    9.98     9     8  18.000   921    1
   27.1     HEAVY      STABLE     HEAVY     14.5    18    9.94     9     8  18.000   921    1
   29.3     HEAVY      STABLE     HEAVY     16.9    18   10.06     9     8  18.000   921    1
   31.5     HEAVY      STABLE     HEAVY     15.5    15    9.99     9     8  18.000   921    1
   33.7     HEAVY      STABLE     HEAVY     16.3    15   10.03     9     8  18.000   921    1
   35.9     HEAVY      STABLE     HEAVY     14.3    17    9.99     9     8  18.000   921    1
   38.1     HEAVY      STABLE     HEAVY     16.9    16    9.94     9     8  18.000   921    1
   40.3     HEAVY      STABLE     HEAVY     15.7    14   10.04     9     8  18.000   921    1
   42.5     HEAVY      STABLE     HEAVY     15.6    16   10.00     9     8  18.000   921    1
   44.6     HEAVY      STABLE     HEAVY     16.4    18    9.99     9     8  16.200   828    2
   47.2     HEAVY      STABLE     HEAVY     15.8    16   10.01     9     8  16.200   828    2
   49.4     HEAVY      STABLE     HEAVY     14.7    16    9.72     9     8  16.200   828    2
   51.7     HEAVY      STABLE     HEAVY     16.2    16    8.76     9     8  16.200   828    2
   53.9     HEAVY      STABLE     HEAVY     15.9    17   10.05     9     8  16.200   828    2
   56.1     HEAVY      STABLE     HEAVY     15.2    15    8.30     8     8  16.200   828    2
   58.3     HEAVY      STABLE     HEAVY     15.5    16    9.99     8     8  16.200   828    2
   60.5     HEAVY      STABLE     HEAVY     15.1    18    9.97     8     8  16.200   828    2
   62.7     HEAVY      STABLE     HEAVY     15.8    19    9.91     8     8  16.200   828    2
   64.9     HEAVY      STABLE     HEAVY     16.2    21    9.96     8     8  16.200   828    2
   67.1     HEAVY      STABLE     HEAVY     15.8    19    9.96     8     8  14.600   745    3
   69.7     HEAVY      STABLE     HEAVY     18.5    12   10.02     8     8  14.600   745    3
   71.9     HEAVY      STABLE     HEAVY     16.5    17    9.97     8     8  14.600   745    3
   74.1     HEAVY      STABLE     HEAVY     20.2     0    9.98     8     8  14.600   745    3
   76.3     HEAVY      STABLE     HEAVY     17.8    18    9.88     8     8  14.600   745    3
   78.7     HEAVY      STABLE     HEAVY     17.6    14    9.57     8     8  14.600   745    3
   80.8     HEAVY      STABLE     HEAVY     17.1    17   10.02     8     8  14.600   745    3
   83.0     HEAVY      STABLE     HEAVY     18.9     0    9.96     8     8  14.600   745    3
   85.2     HEAVY      STABLE     HEAVY     17.5    17    9.95     8     8  14.600   745    3
   87.4     HEAVY      STABLE     HEAVY     18.0    17   10.01     8     8  14.600   745    3
   89.6     HEAVY      STABLE     HEAVY     18.2    15   10.03     8     8  13.100   670    4
   92.2     HEAVY      STABLE     HEAVY     22.3    15    9.97     8     8  13.100   670    4
   94.4     HEAVY      STABLE     HEAVY     24.1    11   10.02     8     8  13.100   670    4
   96.6     HEAVY      STABLE     HEAVY     22.4    13    9.96     8     8  13.100   670    4
   98.8     HEAVY      STABLE     HEAVY     22.8    11    9.98     8     8  13.100   670    4
  101.0     HEAVY      STABLE     HEAVY     20.9    15   10.00     8     8  13.100   670    4
  103.2     HEAVY      STABLE     HEAVY     21.5    16   10.00     8     8  13.100   670    4
  105.3     HEAVY      STABLE     HEAVY     23.5    13   10.01     8     8  13.100   670    4
  107.5     HEAVY      STABLE     HEAVY     21.9    11    9.93     8     8  13.100   670    4
  109.8     HEAVY      STABLE     HEAVY     22.4     0   10.02     8     8  13.100   670    4
  111.9     HEAVY      STABLE     HEAVY     20.7    15   10.03     8     8  11.800   603    5
  114.5     HEAVY      STABLE     HEAVY     26.2    10   10.00     8     8  11.800   603    5
  116.7     HEAVY      STABLE     HEAVY     26.7    10    9.97     8     8  11.800   603    5
  118.9     HEAVY      STABLE     HEAVY     27.0    11   10.03     8     8  11.800   603    5
  121.0     HEAVY      STABLE     HEAVY     26.7    12   10.00     8     8  11.800   603    5
  123.2     HEAVY      STABLE     HEAVY     26.7    10    9.99     8     8  11.800   603    5
  125.4     HEAVY      STABLE     HEAVY     26.5    10    9.93     8     8  11.800   603    5
  127.6     HEAVY      STABLE     HEAVY     26.2    15   10.03     8     8  11.800   603    5
  129.8     HEAVY      STABLE     HEAVY     25.8    16    9.97     8     8  11.800   603    5
  132.0     HEAVY      STABLE     HEAVY     26.3     0    9.99     8     8  11.800   603    5
  134.2     HEAVY      STABLE     HEAVY     27.9    10    9.93     8     8  10.600   542    6
  136.7     HEAVY      STABLE     HEAVY     26.3     7   10.06     8     8  10.600   542    6
  139.0     HEAVY      STABLE     HEAVY     27.8    10    9.95     8     8  10.600   542    6
  141.2     HEAVY      STABLE     HEAVY     26.8    10   10.02     8     8  10.600   542    6
  143.3     HEAVY      STABLE     HEAVY     27.5    11    9.99     8     8  10.600   542    6
  145.5     HEAVY      STABLE     HEAVY     27.0    11    9.59     8     8  10.600   542    6
  147.7     HEAVY      STABLE     HEAVY     27.6    13    9.99     8     8  10.600   542    6
  149.9     HEAVY      STABLE     HEAVY     28.6    13    9.99     8     8  10.600   542    6
  152.1     HEAVY      STABLE     HEAVY     27.1    11    9.97     8     8  10.600   542    6
  154.3     HEAVY      STABLE     HEAVY     27.9    10   10.00     8     8  10.600   542    6
  156.5     HEAVY      STABLE     HEAVY     28.4    10   10.05     8     8   9.540   487    7
  159.1     HEAVY      STABLE     HEAVY     27.2    13    9.93     8     8   9.540   487    7
  161.3     HEAVY      STABLE     HEAVY     28.7     0   10.06     8     8   9.540   487    7
  163.6     HEAVY      STABLE     HEAVY     29.6     7    9.98     8     8   9.540   487    7
  165.8     HEAVY      STABLE     HEAVY     29.7     8    9.97     8     8   9.540   487    7
  168.0     HEAVY      STABLE     HEAVY     27.6    13   10.01     8     8   9.540   487    7
  170.2     HEAVY      STABLE     HEAVY     29.5    11   10.04     8     8   9.540   487    7
  172.4     HEAVY      STABLE     HEAVY     28.5     8    9.83     8     8   9.540   487    7
  174.6     HEAVY      STABLE     HEAVY     26.8    11    9.44     8     8   9.540   487    7
  176.9     HEAVY      STABLE     HEAVY     26.3    10    8.75     8     8   9.540   487    7
  179.1     HEAVY      STABLE     HEAVY     29.2    12   10.05     8     8   8.590   438    8
  181.7     HEAVY      STABLE     HEAVY     29.6     9    9.97     8     8   8.590   438    8
  183.9     HEAVY      STABLE     HEAVY     30.1     7    9.99     8     8   8.590   438    8
  186.1     HEAVY      STABLE     HEAVY     29.9    12    9.96     8     8   8.590   438    8
  188.2     HEAVY      STABLE     HEAVY     31.2     7   10.01     8     8   8.590   438    8
  190.4     HEAVY      STABLE     HEAVY     29.2    11    9.89     8     8   8.590   438    8
  192.7     HEAVY      STABLE     HEAVY     30.6     9   10.00     8     8   8.590   438    8
  194.9     HEAVY      STABLE     HEAVY     31.0     8   10.04     8     8   8.590   438    8
  197.1     HEAVY      STABLE     HEAVY     29.9    12    9.94     8     8   8.590   438    8
  199.3     HEAVY      STABLE     HEAVY     30.0    10   10.00     8     8   8.590   438    8
  201.5     HEAVY      STABLE     HEAVY     30.0    10   10.00     8     8   7.730   394    9
  204.1     HEAVY      STABLE     HEAVY     33.4     8    9.99     8     8   7.730   394    9
  206.3     HEAVY      STABLE     HEAVY     34.0     8   10.00     8     8   7.730   394    9
  208.5     HEAVY      STABLE     HEAVY     33.9     5    9.99     8     8   7.730   394    9
  210.7     HEAVY      STABLE     HEAVY     31.2     6    9.96     8     8   7.730   394    9
  212.9     HEAVY      STABLE     HEAVY     32.4    10   10.03     8     8   7.730   394    9
  215.1     HEAVY      STABLE     HEAVY     32.3    11    9.98     8     8   7.730   394    9
  217.4     HEAVY      STABLE     HEAVY     31.6    10    9.98     8     8   7.730   394    9
  219.6     HEAVY      STABLE     HEAVY     33.5     7    9.97     8     8   7.730   394    9
  221.9     HEAVY      STABLE     HEAVY     31.5    11    9.68     8     8   7.730   394    9
  224.1     HEAVY      STABLE     HEAVY     32.8    10    9.79     8     8   6.960   354   10
  226.6     HEAVY      STABLE     HEAVY     31.6    12    9.98     8     8   6.960   354   10
  228.8     HEAVY      STABLE     HEAVY     33.3    11   10.02     8     8   6.960   354   10
  231.1     HEAVY      STABLE     HEAVY     34.0    11    9.87     8     8   6.960   354   10
  233.3     HEAVY      STABLE     HEAVY     34.0    10   10.10     8     8   6.960   354   10
  235.5     HEAVY      STABLE     HEAVY     33.5     7    9.97     8     8   6.960   354   10
  237.7     HEAVY      STABLE     HEAVY     35.5    11    9.98     8     8   6.960   354   10
  239.9     HEAVY      STABLE     HEAVY     13.8     0    4.23     9     8   6.960   354   10

Done — 108 ticks, 10 adjustments (0 predictive), mode=eBPF
