[acape] bounds for target 15.0ms: target 0.6-60ms interval 60-900ms

==============================================================================
  ACAPE v6.0.0   mode=tc-only   qdisc=pie handle=10:
  metrics -> results_cross/pie_rtt15/pie_acape_steady_s2/acape_metrics_ctl.csv
==============================================================================
      t    regime        traj      pred     dr/s    bl    tput flows eleph  tgt_ms   lim  adj
---------------------------------------------------------------------------------------------
    1.9     HEAVY      STABLE     HEAVY     68.5     7    9.81     0     0  15.000  1000    0
    3.6     HEAVY      STABLE     HEAVY     74.6     6   10.09     0     0  15.000  1000    0
    5.2     HEAVY      STABLE     HEAVY     54.4     9    9.98     0     0  15.000  1000    0
    6.9     HEAVY      STABLE     HEAVY     43.4     9    9.99     0     0  15.000  1000    0
    8.7     HEAVY      STABLE     HEAVY     40.7    12    9.97     0     0  15.000  1000    0
   10.3     HEAVY      STABLE     HEAVY     53.0     9    9.98     0     0  15.000  1000    0
   12.0     HEAVY      STABLE     HEAVY     45.8     8    9.97     0     0  15.000  1000    0
   13.7     HEAVY      STABLE     HEAVY     47.4     7   10.04     0     0  15.000  1000    0
   15.4     HEAVY      STABLE     HEAVY     46.9    12    9.95     0     0  15.000  1000    0
   17.0     HEAVY      STABLE     HEAVY     51.4     5   10.04     0     0  13.500   900    1
   19.2     HEAVY      STABLE     HEAVY     42.6    10   10.00     0     0  13.500   900    1
   20.9     HEAVY      STABLE     HEAVY     46.0     8    9.99     0     0  13.500   900    1
   22.6     HEAVY      STABLE     HEAVY     41.8    11    9.98     0     0  13.500   900    1
   24.7     HEAVY      STABLE     HEAVY     40.5    13    8.42     0     0  13.500   900    1
   26.4     HEAVY      STABLE     HEAVY     50.6     7   10.36     0     0  13.500   900    1
   28.1     HEAVY      STABLE     HEAVY     48.0     9    9.98     0     0  13.500   900    1
   29.9     HEAVY      STABLE     HEAVY     46.8     8    9.94     0     0  13.500   900    1
   31.6     HEAVY      STABLE     HEAVY     44.7     8   10.02     0     0  13.500   900    1
   33.4     HEAVY      STABLE     HEAVY     48.2     7    9.93     0     0  13.500   900    1
   35.1     HEAVY      STABLE     HEAVY     51.2    10   10.08     0     0  12.100   810    2
   37.2     HEAVY      STABLE     HEAVY     49.9    10    9.99     0     0  12.100   810    2
   38.9     HEAVY      STABLE     HEAVY     54.4     6   10.02     0     0  12.100   810    2
   40.6     HEAVY      STABLE     HEAVY     48.9     8    9.98     0     0  12.100   810    2
   42.3     HEAVY      STABLE     HEAVY     48.9     6   10.00     0     0  12.100   810    2
   44.0     HEAVY      STABLE     HEAVY     51.4     9    9.99     0     0  12.100   810    2
   45.7     HEAVY      STABLE     HEAVY     53.1     2    9.92     0     0  12.100   810    2
   47.4     HEAVY      STABLE     HEAVY     49.9     8   10.04     0     0  12.100   810    2
   49.1     HEAVY      STABLE     HEAVY     51.2     5    9.94     0     0  12.100   810    2
   50.8     HEAVY      STABLE     HEAVY     44.1     6   10.02     0     0  12.100   810    2
   52.4     HEAVY      STABLE     HEAVY     55.6     6   10.02     0     0  10.900   729    3
   54.5     HEAVY      STABLE     HEAVY     50.0     7    9.96     0     0  10.900   729    3
   56.2     HEAVY      STABLE     HEAVY     51.5     7   10.02     0     0  10.900   729    3
   57.9     HEAVY      STABLE     HEAVY     52.2     9   10.00     0     0  10.900   729    3
   59.6     HEAVY      STABLE     HEAVY     30.4     0    6.03     0     0  10.900   729    3

Done — 35 ticks, 3 adjustments (0 predictive), mode=tc-only
