[eBPF] attached prog_id=12 jited=True
[eBPF] flow_map id=7 via bpf(2) (key=16B value=56B)
[acape] bounds for target 20.0ms interval 400.0ms: target 0.8-80ms interval 80-1.2e+03ms (interval/target ratio 20.0)

==============================================================================
  ACAPE v6.0.0   mode=eBPF   qdisc=fq_codel handle=10:
  metrics -> results_gate/t20_r20/fq_codel_acape_ebpf_t20_steady_s2/acape_metrics_ctl.csv
==============================================================================
      t    regime        traj      pred     dr/s    bl    tput flows eleph  tgt_ms   lim  adj
---------------------------------------------------------------------------------------------
    2.4     HEAVY      STABLE     HEAVY     22.0    19    9.98     9     0  20.000  1024    0
    4.7     HEAVY      STABLE     HEAVY     16.4    19    9.68     9     0  20.000  1024    0
    6.9     HEAVY      STABLE     HEAVY     15.3    21    9.98     9     8  20.000  1024    0
    9.0     HEAVY      STABLE     HEAVY     16.1    14   10.02     9     8  20.000  1024    0
   11.2     HEAVY      STABLE     HEAVY     15.3    17   10.01     9     8  20.000  1024    0
   13.4     HEAVY      STABLE     HEAVY     15.3    18    9.95     9     8  20.000  1024    0
   15.6     HEAVY      STABLE     HEAVY     17.0    15   10.02     9     8  20.000  1024    0
   17.8     HEAVY      STABLE     HEAVY     14.6    19    9.97     9     8  20.000  1024    0
   20.0     HEAVY      STABLE     HEAVY     17.3    16   10.00     9     8  20.000  1024    0
   22.2     HEAVY      STABLE     HEAVY     15.0    16    9.96     9     8  18.000   921    1
   24.7     HEAVY      STABLE     HEAVY     16.1    17   10.04     9     8  18.000   921    1
   26.8     HEAVY      STABLE     HEAVY     16.0    18   10.01     9     8  18.000   921    1
   29.1     HEAVY      STABLE     HEAVY     15.4    17    9.99     9     8  18.000   921    1
   31.2     HEAVY      STABLE     HEAVY     15.8    17   10.00     9     8  18.000   921    1
   33.5     HEAVY      STABLE     HEAVY     15.5    16    8.78     9     8  18.000   921    1
   35.7     HEAVY      STABLE     HEAVY     17.3     0   10.07     9     8  18.000   921    1
   37.9     HEAVY      STABLE     HEAVY     14.9    17    9.99     9     8  18.000   921    1
   40.1     HEAVY      STABLE     HEAVY     15.2    16   10.01     9     8  18.000   921    1
   42.3     HEAVY      STABLE     HEAVY     15.5    18    9.96     9     8  18.000   921    1
   44.5     HEAVY      STABLE     HEAVY     15.6    20   10.02     9     8  16.200   828    2
   47.0     HEAVY      STABLE     HEAVY     16.5    16    9.91     9     8  16.200   828    2
   49.2     HEAVY      STABLE     HEAVY     15.8    17    9.99     9     8  16.200   828    2
   51.4     HEAVY      STABLE     HEAVY     15.4    15   10.00     9     8  16.200   828    2
   53.6     HEAVY      STABLE     HEAVY     15.7    16   10.02     9     8  16.200   828    2
   55.8     HEAVY      STABLE     HEAVY     15.6    19    9.97     9     8  16.200   828    2
   57.9     HEAVY      STABLE     HEAVY     15.2    18    9.98     8     8  16.200   828    2
   60.1     HEAVY      STABLE     HEAVY     16.5    17   10.00     8     8  16.200   828    2
   62.3     HEAVY      STABLE     HEAVY     15.2    18    9.97     8     8  16.200   828    2
   64.5     HEAVY      STABLE     HEAVY     16.1    14    9.97     8     8  16.200   828    2
   66.7     HEAVY      STABLE     HEAVY     14.8    19   10.00     8     8  14.600   745    3
   69.1     HEAVY      STABLE     HEAVY     19.3    15   10.01     8     8  14.600   745    3
   71.4     HEAVY      STABLE     HEAVY     18.2     0    9.96     8     8  14.600   745    3
   73.5     HEAVY      STABLE     HEAVY     18.0    15   10.00     8     8  14.600   745    3
   75.7     HEAVY      STABLE     HEAVY     17.9    15    9.79     8     8  14.600   745    3
   77.9     HEAVY      STABLE     HEAVY     17.1    11    9.79     8     8  14.600   745    3
   80.1     HEAVY      STABLE     HEAVY     18.3    16   10.02     8     8  14.600   745    3
   82.3     HEAVY      STABLE     HEAVY     17.5    14    9.93     8     8  14.600   745    3
   84.4     HEAVY      STABLE     HEAVY     19.1    16   10.06     8     8  14.600   745    3
   86.6     HEAVY      STABLE     HEAVY     16.9    16    9.99     8     8  14.600   745    3
   88.8     HEAVY      STABLE     HEAVY     19.3    14    9.99     8     8  13.100   670    4
   91.3     HEAVY      STABLE     HEAVY     22.2    12   10.03     8     8  13.100   670    4
   93.5     HEAVY      STABLE     HEAVY     22.9    12    9.89     8     8  13.100   670    4
   95.7     HEAVY      STABLE     HEAVY     22.9     0   10.08     8     8  13.100   670    4
   97.9     HEAVY      STABLE     HEAVY     23.8    10   10.00     8     8  13.100   670    4
  100.0     HEAVY      STABLE     HEAVY     22.2    10   10.03     8     8  13.100   670    4
  102.2     HEAVY      STABLE     HEAVY     21.2    14    9.98     8     8  13.100   670    4
  104.4     HEAVY      STABLE     HEAVY     23.1    15   10.00     8     8  13.100   670    4
  106.5     HEAVY      STABLE     HEAVY     23.2    14    9.94     8     8  13.100   670    4
  108.7     HEAVY      STABLE     HEAVY     23.3     0    9.98     8     8  13.100   670    4
  110.9     HEAVY      STABLE     HEAVY     22.8    15    9.98     8     8  11.800   603    5
  113.4     HEAVY      STABLE     HEAVY     27.2    12   10.00     8     8  11.800   603    5
  115.6     HEAVY      STABLE     HEAVY     25.1    14    9.96     8     8  11.800   603    5
  117.9     HEAVY      STABLE     HEAVY     25.6    13    9.97     8     8  11.800   603    5
  120.1     HEAVY      STABLE     HEAVY     26.0    12   10.08     8     8  11.800   603    5
  122.3     HEAVY      STABLE     HEAVY     26.8    12    9.98     8     8  11.800   603    5
  124.4     HEAVY      STABLE     HEAVY     27.0    11    9.99     8     8  11.800   603    5
  126.8     HEAVY      STABLE     HEAVY     26.9     7    9.66     8     8  11.800   603    5
  128.9     HEAVY      STABLE     HEAVY     26.8    11   10.01     8     8  11.800   603    5
  131.1     HEAVY      STABLE     HEAVY     28.0    10    9.99     8     8  11.800   603    5
  133.3     HEAVY      STABLE     HEAVY     25.4    14    9.97     8     8  10.600   542    6
  135.9     HEAVY      STABLE     HEAVY     27.2    10    9.96     8     8  10.600   542    6
  138.1     HEAVY      STABLE     HEAVY     28.4     8   10.00     8     8  10.600   542    6
  140.3     HEAVY      STABLE     HEAVY     28.6    10    9.97     8     8  10.600   542    6
  142.4     HEAVY      STABLE     HEAVY     25.3    13    9.41     8     8  10.600   542    6
  144.7     HEAVY      STABLE     HEAVY     27.4    10    9.97     8     8  10.600   542    6
  146.8     HEAVY      STABLE     HEAVY     28.3    13   10.03     8     8  10.600   542    6
  149.0     HEAVY      STABLE     HEAVY     26.9    10    9.95     8     8  10.600   542    6
  151.2     HEAVY      STABLE     HEAVY     28.3    12   10.03     8     8  10.600   542    6
  153.4     HEAVY      STABLE     HEAVY     27.4    14    9.97     8     8  10.600   542    6
  155.6     HEAVY      STABLE     HEAVY     29.2    12   10.00     8     8   9.540   487    7
  158.1     HEAVY      STABLE     HEAVY     27.3    12   10.00     8     8   9.540   487    7
  160.4     HEAVY      STABLE     HEAVY     27.2    14    8.82     8     8   9.540   487    7
  162.5     HEAVY      STABLE     HEAVY     28.5    12    9.99     8     8   9.540   487    7
  164.7     HEAVY      STABLE     HEAVY     28.1    13    9.97     8     8   9.540   487    7
  166.9     HEAVY      STABLE     HEAVY     29.6     8    9.69     8     8   9.540   487    7
  169.1     HEAVY      STABLE     HEAVY     28.6    13    9.94     8     8   9.540   487    7
  171.3     HEAVY      STABLE     HEAVY     27.1    11   10.00     8     8   9.540   487    7
  173.5     HEAVY      STABLE     HEAVY     28.7    11    9.99     8     8   9.540   487    7
  175.7     HEAVY      STABLE     HEAVY     29.0    13    9.93     8     8   9.540   487    7
  177.9     HEAVY      STABLE     HEAVY     28.8     9   10.01     8     8   8.590   438    8
  180.4     HEAVY      STABLE     HEAVY     30.0     7    9.95     8     8   8.590   438    8
  182.5     HEAVY      STABLE     HEAVY     27.5    10   10.06     8     8   8.590   438    8
  184.7     HEAVY      STABLE     HEAVY     30.4    11    9.98     8     8   8.590   438    8
  186.9     HEAVY      STABLE     HEAVY     29.6    12   10.02     8     8   8.590   438    8
  189.0     HEAVY      STABLE     HEAVY     31.2     9   10.00     8     8   8.590   438    8
  191.2     HEAVY      STABLE     HEAVY     30.3    11    9.98     8     8   8.590   438    8
  193.4     HEAVY      STABLE     HEAVY     29.1     7   10.00     8     8   8.590   438    8
  195.6     HEAVY      STABLE     HEAVY     28.4    11    9.80     8     8   8.590   438    8
  197.8     HEAVY      STABLE     HEAVY     31.1    11   10.03     8     8   8.590   438    8
  200.0     HEAVY      STABLE     HEAVY     29.7    10   10.02     8     8   7.730   394    9
  202.5     HEAVY      STABLE     HEAVY     33.4    11   10.02     8     8   7.730   394    9
  204.7     HEAVY      STABLE     HEAVY     32.4    12   10.00     8     8   7.730   394    9
  206.9     HEAVY      STABLE     HEAVY     32.0    12    9.93     8     8   7.730   394    9
  209.0     HEAVY      STABLE     HEAVY     33.4    10   10.01     8     8   7.730   394    9
  211.2     HEAVY      STABLE     HEAVY     32.8    12    9.98     8     8   7.730   394    9
  213.4     HEAVY      STABLE     HEAVY     31.6     7   10.03     8     8   7.730   394    9
  215.6     HEAVY      STABLE     HEAVY     33.3     8    9.95     8     8   7.730   394    9
  217.8     HEAVY      STABLE     HEAVY     32.0     9    9.97     8     8   7.730   394    9
  220.0     HEAVY      STABLE     HEAVY     32.1    12   10.04     8     8   7.730   394    9
  222.2     HEAVY      STABLE     HEAVY     32.5     9    9.99     8     8   6.960   354   10
  224.8     HEAVY      STABLE     HEAVY     33.3     8    9.98     8     8   6.960   354   10
  227.0     HEAVY      STABLE     HEAVY     34.5    10   10.02     8     8   6.960   354   10
  229.2     HEAVY      STABLE     HEAVY     33.4     8   10.01     8     8   6.960   354   10
  231.4     HEAVY      STABLE     HEAVY     33.2     9    9.95     8     8   6.960   354   10
  233.6     HEAVY      STABLE     HEAVY     34.8     9   10.03     8     8   6.960   354   10
  235.8     HEAVY      STABLE     HEAVY     33.3    11    9.97     8     8   6.960   354   10
  238.0     HEAVY      STABLE     HEAVY     34.1    11   10.01     8     8   6.960   354   10

Done — 108 ticks, 10 adjustments (0 predictive), mode=eBPF
