-----------------------------------------------------------
Server listening on 5202 (test #1)
-----------------------------------------------------------
Accepted connection from 192.168.1.2, port 52632
[  5] local 192.168.2.2 port 5202 connected to 192.168.1.2 port 51980
[  6] local 192.168.2.2 port 5202 connected to 192.168.1.2 port 47826
[  9] local 192.168.2.2 port 5202 connected to 192.168.1.2 port 33282
[ ID] Interval           Transfer     Bitrate         Jitter    Lost/Total Datagrams
[  5]   0.00-1.00   sec  24.0 KBytes   197 Kbits/sec  1.854 ms  0/82 (0%)  
[  6]   0.00-1.00   sec  24.0 KBytes   197 Kbits/sec  2.197 ms  0/82 (0%)  
[  9]   0.00-1.00   sec  24.0 KBytes   197 Kbits/sec  2.515 ms  0/82 (0%)  
[SUM]   0.00-1.00   sec  72.1 KBytes   590 Kbits/sec  2.189 ms  0/246 (0%)  
- - - - - - - - - - - - - - - - - - - - - - - - -
[  5]   1.00-2.00   sec  24.3 KBytes   199 Kbits/sec  2.834 ms  0/83 (0%)  
[  6]   1.00-2.00   sec  24.3 KBytes   199 Kbits/sec  3.062 ms  0/83 (0%)  
[  9]   1.00-2.00   sec  24.3 KBytes   199 Kbits/sec  2.817 ms  0/83 (0%)  
[SUM]   1.00-2.00   sec  72.9 KBytes   598 Kbits/sec  2.904 ms  0/249 (0%)  
- - - - - - - - - - - - - - - - - - - - - - - - -
[  5]   2.00-3.00   sec  24.3 KBytes   199 Kbits/sec  1.980 ms  0/83 (0%)  
[  6]   2.00-3.00   sec  24.3 KBytes   199 Kbits/sec  2.099 ms  0/83 (0%)  
[  9]   2.00-3.00   sec  24.3 KBytes   199 Kbits/sec  2.327 ms  0/83 (0%)  
[SUM]   2.00-3.00   sec  72.9 KBytes   598 Kbits/sec  2.135 ms  0/249 (0%)  
- - - - - - - - - - - - - - - - - - - - - - - - -
[  5]   3.00-4.00   sec  24.3 KBytes   199 Kbits/sec  2.370 ms  0/83 (0%)  
[  6]   3.00-4.00   sec  24.6 KBytes   202 Kbits/sec  2.520 ms  0/84 (0%)  
[  9]   3.00-4.00   sec  24.6 KBytes   202 Kbits/sec  2.404 ms  0/84 (0%)  
[SUM]   3.00-4.00   sec  73.5 KBytes   602 Kbits/sec  2.431 ms  0/251 (0%)  
- - - - - - - - - - - - - - - - - - - - - - - - -
[  5]   4.00-5.00   sec  24.6 KBytes   202 Kbits/sec  2.004 ms  0/84 (0%)  
[  6]   4.00-5.00   sec  24.3 KBytes   199 Kbits/sec  2.256 ms  0/83 (0%)  
[  9]   4.00-5.00   sec  24.3 KBytes   199 Kbits/sec  1.888 ms  0/83 (0%)  
[SUM]   4.00-5.00   sec  73.2 KBytes   600 Kbits/sec  2.049 ms  0/250 (0%)  
- - - - - - - - - - - - - - - - - - - - - - - - -
[  5]   5.00-6.00   sec  24.6 KBytes   202 Kbits/sec  2.830 ms  0/84 (0%)  
[  6]   5.00-6.00   sec  24.3 KBytes   199 Kbits/sec  3.065 ms  0/83 (0%)  
[  9]   5.00-6.00   sec  24.3 KBytes   199 Kbits/sec  2.897 ms  0/83 (0%)  
[SUM]   5.00-6.00   sec  73.2 KBytes   600 Kbits/sec  2.931 ms  0/250 (0%)  
- - - - - - - - - - - - - - - - - - - - - - - - -
[  5]   6.00-7.00   sec  24.3 KBytes   199 Kbits/sec  2.238 ms  0/83 (0%)  
[  6]   6.00-7.00   sec  24.6 KBytes   202 Kbits/sec  2.924 ms  0/84 (0%)  
[  9]   6.00-7.00   sec  24.6 KBytes   202 Kbits/sec  3.240 ms  0/84 (0%)  
[SUM]   6.00-7.00   sec  73.5 KBytes   602 Kbits/sec  2.801 ms  0/251 (0%)  
- - - - - - - - - - - - - - - - - - - - - - - - -
[  5]   7.00-8.00   sec  24.3 KBytes   199 Kbits/sec  2.076 ms  0/83 (0%)  
[  6]   7.00-8.00   sec  24.3 KBytes   199 Kbits/sec  1.956 ms  0/83 (0%)  
[  9]   7.00-8.00   sec  24.3 KBytes   199 Kbits/sec  2.023 ms  0/83 (0%)  
[SUM]   7.00-8.00   sec  72.9 KBytes   596 Kbits/sec  2.018 ms  0/249 (0%)  
- - - - - - - - - - - - - - - - - - - - - - - - -
[  5]   8.00-9.00   sec  24.6 KBytes   202 Kbits/sec  1.624 ms  0/84 (0%)  
[  6]   8.00-9.00   sec  24.6 KBytes   202 Kbits/sec  1.656 ms  0/84 (0%)  
[  9]   8.00-9.00   sec  24.3 KBytes   200 Kbits/sec  1.170 ms  0/83 (0%)  
[SUM]   8.00-9.00   sec  73.5 KBytes   604 Kbits/sec  1.483 ms  0/251 (0%)  
- - - - - - - - - - - - - - - - - - - - - - - - -
[  5]   9.00-10.00  sec  24.3 KBytes   199 Kbits/sec  2.475 ms  0/83 (0%)  
[  6]   9.00-10.00  sec  24.3 KBytes   199 Kbits/sec  2.328 ms  0/83 (0%)  
[  9]   9.00-10.00  sec  24.6 KBytes   202 Kbits/sec  2.123 ms  0/84 (0%)  
[SUM]   9.00-10.00  sec  73.2 KBytes   600 Kbits/sec  2.309 ms  0/250 (0%)  
- - - - - - - - - - - - - - - - - - - - - - - - -
[  5]  10.00-11.00  sec  24.3 KBytes   199 Kbits/sec  2.873 ms  0/83 (0%)  
[  6]  10.00-11.00  sec  24.3 KBytes   199 Kbits/sec  2.916 ms  0/83 (0%)  
[  9]  10.00-11.00  sec  24.3 KBytes   199 Kbits/sec  2.225 ms  0/83 (0%)  
[SUM]  10.00-11.00  sec  72.9 KBytes   598 Kbits/sec  2.671 ms  0/249 (0%)  
- - - - - - - - - - - - - - - - - - - - - - - - -
[  5]  11.00-12.00  sec  24.6 KBytes   201 Kbits/sec  2.693 ms  0/84 (0%)  
[  6]  11.00-12.00  sec  24.6 KBytes   201 Kbits/sec  2.099 ms  0/84 (0%)  
[  9]  11.00-12.00  sec  24.6 KBytes   201 Kbits/sec  2.709 ms  0/84 (0%)  
[SUM]  11.00-12.00  sec  73.8 KBytes   604 Kbits/sec  2.500 ms  0/252 (0%)  
- - - - - - - - - - - - - - - - - - - - - - - - -
[  5]  12.00-13.00  sec  24.3 KBytes   199 Kbits/sec  2.334 ms  0/83 (0%)  
[  6]  12.00-13.00  sec  24.3 KBytes   199 Kbits/sec  2.367 ms  0/83 (0%)  
[  9]  12.00-13.00  sec  24.3 KBytes   199 Kbits/sec  1.809 ms  0/83 (0%)  
[SUM]  12.00-13.00  sec  72.9 KBytes   598 Kbits/sec  2.170 ms  0/249 (0%)  
- - - - - - - - - - - - - - - - - - - - - - - - -
[  5]  13.00-14.00  sec  24.3 KBytes   199 Kbits/sec  2.322 ms  0/83 (0%)  
[  6]  13.00-14.00  sec  24.3 KBytes   199 Kbits/sec  1.955 ms  0/83 (0%)  
[  9]  13.00-14.00  sec  24.3 KBytes   199 Kbits/sec  2.017 ms  0/83 (0%)  
[SUM]  13.00-14.00  sec  72.9 KBytes   598 Kbits/sec  2.098 ms  0/249 (0%)  
- - - - - - - - - - - - - - - - - - - - - - - - -
[  5]  14.00-15.00  sec  24.3 KBytes   199 Kbits/sec  3.237 ms  0/83 (0%)  
[  6]  14.00-15.00  sec  24.6 KBytes   202 Kbits/sec  3.187 ms  0/84 (0%)  
[  9]  14.00-15.00  sec  24.6 KBytes   202 Kbits/sec  2.358 ms  0/84 (0%)  
[SUM]  14.00-15.00  sec  73.5 KBytes   602 Kbits/sec  2.927 ms  0/251 (0%)  
- - - - - - - - - - - - - - - - - - - - - - - - -
[  5]  15.00-16.00  sec  24.6 KBytes   202 Kbits/sec  2.122 ms  0/84 (0%)  
[  6]  15.00-16.00  sec  24.3 KBytes   199 Kbits/sec  1.623 ms  0/83 (0%)  
[  9]  15.00-16.00  sec  24.3 KBytes   199 Kbits/sec  1.569 ms  0/83 (0%)  
[SUM]  15.00-16.00  sec  73.2 KBytes   601 Kbits/sec  1.771 ms  0/250 (0%)  
- - - - - - - - - - - - - - - - - - - - - - - - -
[  5]  16.00-17.00  sec  24.3 KBytes   199 Kbits/sec  2.406 ms  0/83 (0%)  
[  6]  16.00-17.00  sec  24.3 KBytes   199 Kbits/sec  2.001 ms  0/83 (0%)  
[  9]  16.00-17.00  sec  24.3 KBytes   199 Kbits/sec  2.316 ms  0/83 (0%)  
[SUM]  16.00-17.00  sec  72.9 KBytes   598 Kbits/sec  2.241 ms  0/249 (0%)  
- - - - - - - - - - - - - - - - - - - - - - - - -
[  5]  17.00-18.00  sec  24.3 KBytes   199 Kbits/sec  2.312 ms  0/83 (0%)  
[  6]  17.00-18.00  sec  24.6 KBytes   202 Kbits/sec  2.124 ms  0/84 (0%)  
[  9]  17.00-18.00  sec  24.3 KBytes   199 Kbits/sec  1.743 ms  0/83 (0%)  
[SUM]  17.00-18.00  sec  73.2 KBytes   600 Kbits/sec  2.060 ms  0/250 (0%)  
- - - - - - - - - - - - - - - - - - - - - - - - -
[  5]  18.00-19.00  sec  24.6 KBytes   201 Kbits/sec  2.928 ms  0/84 (0%)  
[  6]  18.00-19.00  sec  24.3 KBytes   199 Kbits/sec  2.518 ms  0/83 (0%)  
[  9]  18.00-19.00  sec  24.6 KBytes   201 Kbits/sec  1.814 ms  0/84 (0%)  
[SUM]  18.00-19.00  sec  73.5 KBytes   601 Kbits/sec  2.420 ms  0/251 (0%)  
- - - - - - - - - - - - - - - - - - - - - - - - -
[  5]  19.00-20.00  sec  24.3 KBytes   200 Kbits/sec  2.214 ms  0/83 (0%)  
[  6]  19.00-20.00  sec  24.3 KBytes   200 Kbits/sec  2.599 ms  0/83 (0%)  
[  9]  19.00-20.00  sec  24.3 KBytes   200 Kbits/sec  2.054 ms  0/83 (0%)  
[SUM]  19.00-20.00  sec  72.9 KBytes   599 Kbits/sec  2.289 ms  0/249 (0%)  
- - - - - - - - - - - - - - - - - - - - - - - - -
[  5]  20.00-21.00  sec  24.3 KBytes   199 Kbits/sec  2.690 ms  0/83 (0%)  
[  6]  20.00-21.00  sec  24.3 KBytes   199 Kbits/sec  3.412 ms  0/83 (0%)  
[  9]  20.00-21.00  sec  24.3 KBytes   199 Kbits/sec  3.176 ms  0/83 (0%)  
[SUM]  20.00-21.00  sec  72.9 KBytes   597 Kbits/sec  3.093 ms  0/249 (0%)  
- - - - - - - - - - - - - - - - - - - - - - - - -
[  5]  21.00-22.00  sec  24.6 KBytes   201 Kbits/sec  1.842 ms  0/84 (0%)  
[  6]  21.00-22.00  sec  24.6 KBytes   201 Kbits/sec  2.052 ms  0/84 (0%)  
[  9]  21.00-22.00  sec  24.6 KBytes   201 Kbits/sec  2.600 ms  0/84 (0%)  
[SUM]  21.00-22.00  sec  73.8 KBytes   603 Kbits/sec  2.165 ms  0/252 (0%)  
- - - - - - - - - - - - - - - - - - - - - - - - -
[  5]  22.00-23.00  sec  24.3 KBytes   200 Kbits/sec  2.430 ms  0/83 (0%)  
[  6]  22.00-23.00  sec  24.3 KBytes   200 Kbits/sec  2.154 ms  0/83 (0%)  
[  9]  22.00-23.00  sec  24.3 KBytes   200 Kbits/sec  2.421 ms  0/83 (0%)  
[SUM]  22.00-23.00  sec  72.9 KBytes   600 Kbits/sec  2.335 ms  0/249 (0%)  
- - - - - - - - - - - - - - - - - - - - - - - - -
[  5]  23.00-24.00  sec  24.6 KBytes   201 Kbits/sec  3.372 ms  0/84 (0%)  
[  6]  23.00-24.00  sec  24.6 KBytes   201 Kbits/sec  3.175 ms  0/84 (0%)  
[  9]  23.00-24.00  sec  24.3 KBytes   199 Kbits/sec  2.358 ms  0/83 (0%)  
[SUM]  23.00-24.00  sec  73.5 KBytes   602 Kbits/sec  2.968 ms  0/251 (0%)  
- - - - - - - - - - - - - - - - - - - - - - - - -
[  5]  24.00-25.00  sec  24.3 KBytes   199 Kbits/sec  2.226 ms  0/83 (0%)  
[  6]  24.00-25.00  sec  24.3 KBytes   199 Kbits/sec  2.080 ms  0/83 (0%)  
[  9]  24.00-25.00  sec  24.6 KBytes   202 Kbits/sec  3.140 ms  0/84 (0%)  
[SUM]  24.00-25.00  sec  73.2 KBytes   601 Kbits/sec  2.482 ms  0/250 (0%)  
- - - - - - - - - - - - - - - - - - - - - - - - -
[  5]  25.00-26.00  sec  24.3 KBytes   199 Kbits/sec  2.526 ms  0/83 (0%)  
[  6]  25.00-26.00  sec  24.3 KBytes   199 Kbits/sec  2.227 ms  0/83 (0%)  
[  9]  25.00-26.00  sec  24.3 KBytes   199 Kbits/sec  2.289 ms  0/83 (0%)  
[SUM]  25.00-26.00  sec  72.9 KBytes   598 Kbits/sec  2.347 ms  0/249 (0%)  
- - - - - - - - - - - - - - - - - - - - - - - - -
[  5]  26.00-27.00  sec  24.3 KBytes   199 Kbits/sec  2.296 ms  0/83 (0%)  
[  6]  26.00-27.00  sec  24.3 KBytes   199 Kbits/sec  2.364 ms  0/83 (0%)  
[  9]  26.00-27.00  sec  24.3 KBytes   199 Kbits/sec  2.823 ms  0/83 (0%)  
[SUM]  26.00-27.00  sec  72.9 KBytes   598 Kbits/sec  2.494 ms  0/249 (0%)  
- - - - - - - - - - - - - - - - - - - - - - - - -
[  5]  27.00-28.00  sec  24.6 KBytes   201 Kbits/sec  2.700 ms  0/84 (0%)  
[  6]  27.00-28.00  sec  24.6 KBytes   201 Kbits/sec  2.290 ms  0/84 (0%)  
[  9]  27.00-28.00  sec  24.6 KBytes   201 Kbits/sec  2.241 ms  0/84 (0%)  
[SUM]  27.00-28.00  sec  73.8 KBytes   604 Kbits/sec  2.410 ms  0/252 (0%)  
- - - - - - - - - - - - - - - - - - - - - - - - -
[  5]  28.00-29.00  sec  24.3 KBytes   199 Kbits/sec  1.844 ms  0/83 (0%)  
[  6]  28.00-29.00  sec  24.3 KBytes   199 Kbits/sec  1.689 ms  0/83 (0%)  
[  9]  28.00-29.00  sec  24.3 KBytes   199 Kbits/sec  2.865 ms  0/83 (0%)  
[SUM]  28.00-29.00  sec  72.9 KBytes   598 Kbits/sec  2.133 ms  0/249 (0%)  
- - - - - - - - - - - - - - - - - - - - - - - - -
[  5]  29.00-30.00  sec  24.6 KBytes   201 Kbits/sec  2.337 ms  0/84 (0%)  
[  6]  29.00-30.00  sec  24.6 KBytes   201 Kbits/sec  1.917 ms  0/84 (0%)  
[  9]  29.00-30.00  sec  24.6 KBytes   201 Kbits/sec  1.850 ms  0/84 (0%)  
[SUM]  29.00-30.00  sec  73.8 KBytes   604 Kbits/sec  2.035 ms  0/252 (0%)  
- - - - - - - - - - - - - - - - - - - - - - - - -
[  5]  30.00-31.00  sec  24.3 KBytes   199 Kbits/sec  2.677 ms  0/83 (0%)  
[  6]  30.00-31.00  sec  24.3 KBytes   199 Kbits/sec  2.645 ms  0/83 (0%)  
[  9]  30.00-31.00  sec  24.3 KBytes   199 Kbits/sec  2.859 ms  0/83 (0%)  
[SUM]  30.00-31.00  sec  72.9 KBytes   598 Kbits/sec  2.727 ms  0/249 (0%)  
- - - - - - - - - - - - - - - - - - - - - - - - -
[  5]  31.00-32.00  sec  24.3 KBytes   199 Kbits/sec  2.162 ms  0/83 (0%)  
[  6]  31.00-32.00  sec  24.3 KBytes   199 Kbits/sec  1.965 ms  0/83 (0%)  
[  9]  31.00-32.00  sec  24.3 KBytes   199 Kbits/sec  1.770 ms  0/83 (0%)  
[SUM]  31.00-32.00  sec  72.9 KBytes   598 Kbits/sec  1.965 ms  0/249 (0%)  
- - - - - - - - - - - - - - - - - - - - - - - - -
[  5]  32.00-33.00  sec  24.3 KBytes   199 Kbits/sec  1.752 ms  0/83 (0%)  
[  6]  32.00-33.00  sec  24.3 KBytes   199 Kbits/sec  1.908 ms  0/83 (0%)  
[  9]  32.00-33.00  sec  24.6 KBytes   202 Kbits/sec  2.396 ms  0/84 (0%)  
[SUM]  32.00-33.00  sec  73.2 KBytes   600 Kbits/sec  2.019 ms  0/250 (0%)  
- - - - - - - - - - - - - - - - - - - - - - - - -
[  5]  33.00-34.00  sec  24.6 KBytes   201 Kbits/sec  2.674 ms  0/84 (0%)  
[  6]  33.00-34.00  sec  24.6 KBytes   201 Kbits/sec  1.843 ms  0/84 (0%)  
[  9]  33.00-34.00  sec  24.3 KBytes   199 Kbits/sec  1.992 ms  0/83 (0%)  
[SUM]  33.00-34.00  sec  73.5 KBytes   602 Kbits/sec  2.170 ms  0/251 (0%)  
- - - - - - - - - - - - - - - - - - - - - - - - -
[  5]  34.00-35.00  sec  24.3 KBytes   199 Kbits/sec  1.893 ms  0/83 (0%)  
[  6]  34.00-35.00  sec  24.3 KBytes   199 Kbits/sec  1.673 ms  0/83 (0%)  
[  9]  34.00-35.00  sec  24.3 KBytes   199 Kbits/sec  1.385 ms  0/83 (0%)  
[SUM]  34.00-35.00  sec  72.9 KBytes   598 Kbits/sec  1.650 ms  0/249 (0%)  
- - - - - - - - - - - - - - - - - - - - - - - - -
[  5]  35.00-36.00  sec  24.3 KBytes   199 Kbits/sec  1.686 ms  0/83 (0%)  
[  6]  35.00-36.00  sec  24.3 KBytes   199 Kbits/sec  2.945 ms  0/83 (0%)  
[  9]  35.00-36.00  sec  24.3 KBytes   199 Kbits/sec  2.142 ms  0/83 (0%)  
[SUM]  35.00-36.00  sec  72.9 KBytes   598 Kbits/sec  2.257 ms  0/249 (0%)  
- - - - - - - - - - - - - - - - - - - - - - - - -
[  5]  36.00-37.00  sec  24.3 KBytes   199 Kbits/sec  3.130 ms  0/83 (0%)  
[  6]  36.00-37.00  sec  24.3 KBytes   199 Kbits/sec  3.256 ms  0/83 (0%)  
[  9]  36.00-37.00  sec  24.3 KBytes   199 Kbits/sec  2.420 ms  0/83 (0%)  
[SUM]  36.00-37.00  sec  72.9 KBytes   598 Kbits/sec  2.936 ms  0/249 (0%)  
- - - - - - - - - - - - - - - - - - - - - - - - -
[  5]  37.00-38.00  sec  24.6 KBytes   202 Kbits/sec  1.281 ms  0/84 (0%)  
[  6]  37.00-38.00  sec  24.6 KBytes   202 Kbits/sec  1.819 ms  0/84 (0%)  
[  9]  37.00-38.00  sec  24.6 KBytes   202 Kbits/sec  1.859 ms  0/84 (0%)  
[SUM]  37.00-38.00  sec  73.8 KBytes   605 Kbits/sec  1.653 ms  0/252 (0%)  
- - - - - - - - - - - - - - - - - - - - - - - - -
[  5]  38.00-39.00  sec  24.6 KBytes   202 Kbits/sec  1.959 ms  0/84 (0%)  
[  6]  38.00-39.00  sec  24.6 KBytes   202 Kbits/sec  1.626 ms  0/84 (0%)  
[  9]  38.00-39.00  sec  24.3 KBytes   199 Kbits/sec  1.769 ms  0/83 (0%)  
[SUM]  38.00-39.00  sec  73.5 KBytes   602 Kbits/sec  1.785 ms  0/251 (0%)  
- - - - - - - - - - - - - - - - - - - - - - - - -
[  5]  39.00-40.00  sec  24.3 KBytes   199 Kbits/sec  2.361 ms  0/83 (0%)  
[  6]  39.00-40.00  sec  24.3 KBytes   199 Kbits/sec  2.266 ms  0/83 (0%)  
[  9]  39.00-40.00  sec  24.6 KBytes   202 Kbits/sec  1.588 ms  0/84 (0%)  
[SUM]  39.00-40.00  sec  73.2 KBytes   600 Kbits/sec  2.072 ms  0/250 (0%)  
- - - - - - - - - - - - - - - - - - - - - - - - -
[  5]  40.00-41.00  sec  24.3 KBytes   199 Kbits/sec  1.500 ms  0/83 (0%)  
[  6]  40.00-41.00  sec  24.3 KBytes   199 Kbits/sec  2.176 ms  0/83 (0%)  
[  9]  40.00-41.00  sec  24.3 KBytes   199 Kbits/sec  1.698 ms  0/83 (0%)  
[SUM]  40.00-41.00  sec  72.9 KBytes   596 Kbits/sec  1.791 ms  0/249 (0%)  
- - - - - - - - - - - - - - - - - - - - - - - - -
[  5]  41.00-42.00  sec  24.3 KBytes   200 Kbits/sec  2.345 ms  0/83 (0%)  
[  6]  41.00-42.00  sec  24.3 KBytes   200 Kbits/sec  2.407 ms  0/83 (0%)  
[  9]  41.00-42.00  sec  24.3 KBytes   200 Kbits/sec  2.712 ms  0/83 (0%)  
[SUM]  41.00-42.00  sec  72.9 KBytes   599 Kbits/sec  2.488 ms  0/249 (0%)  
- - - - - - - - - - - - - - - - - - - - - - - - -
[  5]  42.00-43.00  sec  24.3 KBytes   199 Kbits/sec  2.142 ms  0/83 (0%)  
[  6]  42.00-43.00  sec  24.6 KBytes   202 Kbits/sec  3.063 ms  0/84 (0%)  
[  9]  42.00-43.00  sec  24.6 KBytes   202 Kbits/sec  2.353 ms  0/84 (0%)  
[SUM]  42.00-43.00  sec  73.5 KBytes   602 Kbits/sec  2.519 ms  0/251 (0%)  
- - - - - - - - - - - - - - - - - - - - - - - - -
[  5]  43.00-44.00  sec  24.6 KBytes   202 Kbits/sec  1.951 ms  0/84 (0%)  
[  6]  43.00-44.00  sec  24.3 KBytes   199 Kbits/sec  2.092 ms  0/83 (0%)  
[  9]  43.00-44.00  sec  24.3 KBytes   199 Kbits/sec  1.450 ms  0/83 (0%)  
[SUM]  43.00-44.00  sec  73.2 KBytes   600 Kbits/sec  1.831 ms  0/250 (0%)  
- - - - - - - - - - - - - - - - - - - - - - - - -
[  5]  44.00-45.00  sec  24.3 KBytes   199 Kbits/sec  2.549 ms  0/83 (0%)  
[  6]  44.00-45.00  sec  24.3 KBytes   199 Kbits/sec  2.748 ms  0/83 (0%)  
[  9]  44.00-45.00  sec  24.3 KBytes   199 Kbits/sec  3.038 ms  0/83 (0%)  
[SUM]  44.00-45.00  sec  72.9 KBytes   598 Kbits/sec  2.778 ms  0/249 (0%)  
- - - - - - - - - - - - - - - - - - - - - - - - -
[  5]  45.00-46.00  sec  24.6 KBytes   202 Kbits/sec  1.894 ms  0/84 (0%)  
[  6]  45.00-46.00  sec  24.6 KBytes   202 Kbits/sec  1.870 ms  0/84 (0%)  
[  9]  45.00-46.00  sec  24.6 KBytes   202 Kbits/sec  1.842 ms  0/84 (0%)  
[SUM]  45.00-46.00  sec  73.8 KBytes   605 Kbits/sec  1.869 ms  0/252 (0%)  
- - - - - - - - - - - - - - - - - - - - - - - - -
[  5]  46.00-47.00  sec  24.3 KBytes   199 Kbits/sec  1.365 ms  0/83 (0%)  
[  6]  46.00-47.00  sec  24.3 KBytes   199 Kbits/sec  1.760 ms  0/83 (0%)  
[  9]  46.00-47.00  sec  24.3 KBytes   199 Kbits/sec  1.842 ms  0/83 (0%)  
[SUM]  46.00-47.00  sec  72.9 KBytes   598 Kbits/sec  1.655 ms  0/249 (0%)  
- - - - - - - - - - - - - - - - - - - - - - - - -
[  5]  47.00-48.00  sec  24.6 KBytes   202 Kbits/sec  1.477 ms  0/84 (0%)  
[  6]  47.00-48.00  sec  24.3 KBytes   199 Kbits/sec  1.480 ms  0/83 (0%)  
[  9]  47.00-48.00  sec  24.6 KBytes   202 Kbits/sec  1.398 ms  0/84 (0%)  
[SUM]  47.00-48.00  sec  73.5 KBytes   602 Kbits/sec  1.452 ms  0/251 (0%)  
- - - - - - - - - - - - - - - - - - - - - - - - -
[  5]  48.00-49.00  sec  24.3 KBytes   199 Kbits/sec  2.586 ms  0/83 (0%)  
[  6]  48.00-49.00  sec  24.6 KBytes   201 Kbits/sec  1.858 ms  0/84 (0%)  
[  9]  48.00-49.00  sec  24.3 KBytes   199 Kbits/sec  2.820 ms  0/83 (0%)  
[SUM]  48.00-49.00  sec  73.2 KBytes   599 Kbits/sec  2.421 ms  0/250 (0%)  
- - - - - - - - - - - - - - - - - - - - - - - - -
[  5]  49.00-50.00  sec  24.3 KBytes   200 Kbits/sec  2.559 ms  0/83 (0%)  
[  6]  49.00-50.00  sec  24.3 KBytes   200 Kbits/sec  2.047 ms  0/83 (0%)  
[  9]  49.00-50.00  sec  24.3 KBytes   200 Kbits/sec  2.044 ms  0/83 (0%)  
[SUM]  49.00-50.00  sec  72.9 KBytes   599 Kbits/sec  2.217 ms  0/249 (0%)  
- - - - - - - - - - - - - - - - - - - - - - - - -
[  5]  50.00-51.00  sec  24.6 KBytes   202 Kbits/sec  1.850 ms  0/84 (0%)  
[  6]  50.00-51.00  sec  24.6 KBytes   202 Kbits/sec  1.850 ms  0/84 (0%)  
[  9]  50.00-51.00  sec  24.6 KBytes   202 Kbits/sec  1.910 ms  0/84 (0%)  
[SUM]  50.00-51.00  sec  73.8 KBytes   605 Kbits/sec  1.870 ms  0/252 (0%)  
- - - - - - - - - - - - - - - - - - - - - - - - -
[  5]  51.00-52.00  sec  24.3 KBytes   199 Kbits/sec  2.174 ms  0/83 (0%)  
[  6]  51.00-52.00  sec  24.3 KBytes   199 Kbits/sec  1.909 ms  0/83 (0%)  
[  9]  51.00-52.00  sec  24.3 KBytes   199 Kbits/sec  2.222 ms  0/83 (0%)  
[SUM]  51.00-52.00  sec  72.9 KBytes   598 Kbits/sec  2.102 ms  0/249 (0%)  
- - - - - - - - - - - - - - - - - - - - - - - - -
[  5]  52.00-53.00  sec  24.3 KBytes   199 Kbits/sec  2.938 ms  0/83 (0%)  
[  6]  52.00-53.00  sec  24.3 KBytes   199 Kbits/sec  2.916 ms  0/83 (0%)  
[  9]  52.00-53.00  sec  24.3 KBytes   199 Kbits/sec  3.107 ms  0/83 (0%)  
[SUM]  52.00-53.00  sec  72.9 KBytes   598 Kbits/sec  2.987 ms  0/249 (0%)  
- - - - - - - - - - - - - - - - - - - - - - - - -
[  5]  53.00-54.00  sec  24.3 KBytes   199 Kbits/sec  2.664 ms  0/83 (0%)  
[  6]  53.00-54.00  sec  24.6 KBytes   201 Kbits/sec  2.230 ms  0/84 (0%)  
[  9]  53.00-54.00  sec  24.6 KBytes   201 Kbits/sec  1.973 ms  0/84 (0%)  
[SUM]  53.00-54.00  sec  73.5 KBytes   603 Kbits/sec  2.289 ms  0/251 (0%)  
- - - - - - - - - - - - - - - - - - - - - - - - -
[  5]  54.00-55.00  sec  24.0 KBytes   197 Kbits/sec  1.935 ms  0/83 (0%)  
[  6]  54.00-55.00  sec  24.3 KBytes   199 Kbits/sec  1.741 ms  0/83 (0%)  
[  9]  54.00-55.00  sec  24.3 KBytes   199 Kbits/sec  2.244 ms  0/83 (0%)  
[SUM]  54.00-55.00  sec  72.7 KBytes   595 Kbits/sec  1.973 ms  0/249 (0%)  
- - - - - - - - - - - - - - - - - - - - - - - - -
[  5]  55.00-56.00  sec  24.6 KBytes   202 Kbits/sec  2.481 ms  0/84 (0%)  
[  6]  55.00-56.00  sec  24.3 KBytes   199 Kbits/sec  2.063 ms  0/83 (0%)  
[  9]  55.00-56.00  sec  24.3 KBytes   199 Kbits/sec  2.027 ms  0/83 (0%)  
[SUM]  55.00-56.00  sec  73.2 KBytes   600 Kbits/sec  2.190 ms  0/250 (0%)  
- - - - - - - - - - - - - - - - - - - - - - - - -
[  5]  56.00-56.03  sec   600 Bytes   142 Kbits/sec  2.315 ms  0/2 (0%)  
[  6]  56.00-56.03  sec   600 Bytes   142 Kbits/sec  1.853 ms  0/2 (0%)  
[  9]  56.00-56.03  sec   600 Bytes   142 Kbits/sec  1.955 ms  0/2 (0%)  
[SUM]  56.00-56.03  sec  1.76 KBytes   426 Kbits/sec  2.041 ms  0/6 (0%)  
- - - - - - - - - - - - - - - - - - - - - - - - -
[ ID] Interval           Transfer     Bitrate         Jitter    Lost/Total Datagrams
[  5]   0.00-56.03  sec  1.34 MBytes   200 Kbits/sec  2.315 ms  0/4667 (0%)  receiver
[  6]   0.00-56.03  sec  1.34 MBytes   200 Kbits/sec  1.853 ms  0/4667 (0%)  receiver
[  9]   0.00-56.03  sec  1.34 MBytes   200 Kbits/sec  1.955 ms  0/4667 (0%)  receiver
[SUM]   0.00-56.03  sec  4.01 MBytes   600 Kbits/sec  2.041 ms  0/14001 (0%)  receiver
