[eBPF] attached prog_id=8 jited=True
[eBPF] flow_map id=4 via bpf(2) (key=16B value=56B)
[acape] bounds for target 5.0ms interval 100.0ms: target 0.2-20ms interval 20-300ms (interval/target ratio 20.0)

==============================================================================
  ACAPE v6.0.0   mode=eBPF   qdisc=fq_codel handle=10:
  metrics -> results/fq_codel_acape_ebpf_staged_s2/acape_metrics_ctl.csv
==============================================================================
      t    regime        traj      pred     dr/s    bl    tput flows eleph  tgt_ms   lim  adj
---------------------------------------------------------------------------------------------
    0.8     LIGHT      STABLE     LIGHT      7.4     2   10.08     3     0   5.000  1024    0
    1.5     LIGHT      STABLE     LIGHT      4.2     4    9.97     3     2   5.000  1024    0
    2.2     LIGHT      STABLE     LIGHT      5.8     3   10.08     3     2   5.000  1024    0
    2.9     LIGHT      STABLE     LIGHT      4.7     5   10.06     3     2   5.000  1024    0
    3.5     LIGHT      STABLE     LIGHT      6.1     5    9.96     3     2   5.000  1024    0
    4.2     LIGHT      STABLE     LIGHT      6.1     3   10.05     3     2   5.000  1024    0
    4.8     LIGHT      STABLE     LIGHT      6.2     4    9.99     3     2   5.000  1024    0
    5.5     LIGHT      STABLE     LIGHT      5.6     3    9.99     3     2   5.000  1024    0
    6.2     LIGHT      STABLE     LIGHT      5.9     4    9.78     3     2   5.000  1024    0
    6.9     LIGHT      STABLE     LIGHT      5.9     5   10.03     3     2   5.500  1088    1
    8.3     LIGHT      STABLE     LIGHT      4.9     3    8.54     3     2   5.500  1088    1
    9.0     LIGHT      STABLE     LIGHT      5.6     5   10.00     3     2   5.500  1088    1
    9.7     LIGHT      STABLE     LIGHT      5.7     3    9.91     3     2   5.500  1088    1
   10.4     LIGHT      STABLE     LIGHT      5.9     4   10.04     3     2   5.500  1088    1
   11.1     LIGHT      STABLE     LIGHT      4.2     4    9.93     3     2   5.500  1088    1
   11.8     LIGHT      STABLE     LIGHT      5.9     4    9.94     3     2   5.500  1088    1
   12.5     LIGHT      STABLE     LIGHT      5.8     4   10.09     3     2   5.500  1088    1
   13.2     LIGHT      STABLE     LIGHT      7.4     2    9.97     3     2   5.500  1088    1
   13.9     LIGHT      STABLE     LIGHT      4.1     5    9.83     3     2   5.500  1088    1
   14.6     LIGHT      STABLE     LIGHT      5.8     5    9.98     3     2   6.000  1152    2
   15.6     LIGHT      STABLE     LIGHT      5.2     4   10.13     3     2   6.000  1152    2
   16.3     LIGHT      STABLE     LIGHT      5.6     3   10.06     3     2   6.000  1152    2
   17.0     LIGHT      STABLE     LIGHT      5.7     4    9.93     3     2   6.000  1152    2
   17.7     LIGHT      STABLE     LIGHT      4.4     3   10.06     3     2   6.000  1152    2
   18.3     LIGHT      STABLE     LIGHT      6.0     4   10.03     3     2   6.000  1152    2
   19.0     LIGHT      STABLE     LIGHT      4.3     5    9.81     3     2   6.000  1152    2
   19.7     LIGHT      STABLE     LIGHT      5.8     4   10.07     3     2   6.000  1152    2
   20.4     LIGHT      STABLE     LIGHT      5.7     6    9.94     3     2   6.000  1152    2
   21.0     LIGHT      STABLE     LIGHT      4.7     4   10.12     3     2   6.000  1152    2
   21.8     LIGHT      STABLE     LIGHT      5.4     5    9.63     3     2   6.500  1216    3
   22.8     LIGHT      STABLE     LIGHT      5.8     4   10.00     3     2   6.500  1216    3
   23.5     LIGHT      STABLE     LIGHT      6.0     2   10.12     3     2   6.500  1216    3
   24.2     LIGHT      STABLE     LIGHT      4.1     4    9.70     3     2   6.500  1216    3
   24.9     LIGHT      STABLE     LIGHT      5.9     5   10.19     3     2   6.500  1216    3
   25.6     LIGHT      STABLE     LIGHT      5.8     4   10.13     3     2   6.500  1216    3
   26.2     LIGHT      STABLE     LIGHT      4.5     6    9.98     3     2   6.500  1216    3
   26.9     LIGHT      STABLE     LIGHT      6.0     4   10.05     3     2   6.500  1216    3
   27.6     LIGHT      STABLE     LIGHT      5.8     3    9.78     3     2   6.500  1216    3
   28.3     LIGHT      STABLE     LIGHT      6.0     2   10.15     3     2   6.500  1216    3
   28.9     LIGHT      STABLE     LIGHT      5.9     5   10.10     3     2   7.000  1280    4
   30.0     LIGHT      STABLE     LIGHT      3.9     5    9.81     3     2   7.000  1280    4
   30.7     LIGHT      STABLE     LIGHT      6.0     4   10.07     3     2   7.000  1280    4
   31.3     LIGHT      STABLE     LIGHT      6.0     2   10.00     3     2   7.000  1280    4
   32.0     LIGHT      STABLE     LIGHT      6.2     4   10.03     3     2   7.000  1280    4
   32.6     LIGHT      STABLE     LIGHT      4.6     4   10.02     3     2   7.000  1280    4
   33.3     LIGHT      STABLE     LIGHT      4.5     4    9.93     3     2   7.000  1280    4
   34.0     LIGHT      STABLE     LIGHT      6.1     4    9.91     3     2   7.000  1280    4
   34.6     LIGHT      STABLE     LIGHT      5.8     5    9.92     3     2   7.000  1280    4
   35.3     LIGHT      STABLE     LIGHT      4.3     4    9.68     3     2   7.000  1280    4
   36.0     LIGHT      STABLE     LIGHT      6.2     3   10.30     3     2   7.500  1344    5
   37.0     LIGHT      STABLE     LIGHT      4.7     6    9.90     3     2   7.500  1344    5
   37.7     LIGHT      STABLE     LIGHT      4.7     5    9.98     3     2   7.500  1344    5
   38.3     LIGHT      STABLE     LIGHT      6.1     0    7.81     4     2   7.500  1344    5
   39.0    NORMAL      STABLE    NORMAL      0.0     0    0.08    27     2   7.500  1344    5
   39.6     HEAVY      STABLE     HEAVY    135.7   136    8.01    29     2   7.500  1344    5
   40.3     HEAVY   WORSENING     HEAVY    386.0    54   10.15    26     0   7.500  1344    5
   41.1     HEAVY   WORSENING     HEAVY    204.3    40    9.87    26     0   7.500  1344    5
   41.8     HEAVY   WORSENING     HEAVY    160.4    30    9.35    25     0   7.500  1344    5
   42.4     HEAVY   WORSENING     HEAVY    110.5    40   10.06    25     0   7.500  1344    5
   43.1     HEAVY   WORSENING     HEAVY    101.6    42    9.93    25     0   7.500  1344    5
   43.8     HEAVY      STABLE     HEAVY     90.4    41   10.04    25     0   7.500  1344    5
   44.5     HEAVY      STABLE     HEAVY     86.9    31   10.00    25     0   7.500  1344    5
   45.2     HEAVY      STABLE     HEAVY     86.8    40    9.84    25     0   7.500  1344    5
   45.9     HEAVY  RECOVERING  MODERATE     83.8    38   10.04    25     0   7.500  1344    5
   46.7     HEAVY  RECOVERING  MODERATE     80.4    36    9.98    25     0   7.500  1344    5
   47.3     HEAVY      STABLE     HEAVY     89.7    35   10.13    25     0   7.500  1344    5
   48.0     HEAVY      STABLE     HEAVY     91.0    33   10.02    25     0   7.500  1344    5
   48.7     HEAVY      STABLE     HEAVY     81.9    37    9.81    25     0   7.500  1344    5
   49.4     HEAVY      STABLE     HEAVY     80.4    36    9.95    25     0   7.500  1344    5
   50.1     HEAVY      STABLE     HEAVY     85.4    33   10.08    25     0   6.750  1209    6
   51.1     HEAVY      STABLE     HEAVY    128.8    29   10.05    25     0   6.750  1209    6
   51.8     HEAVY      STABLE     HEAVY    146.3    30   10.02    25     0   6.750  1209    6
   52.4     HEAVY      STABLE     HEAVY    148.3    33    9.98    25     0   6.750  1209    6
   53.1     HEAVY      STABLE     HEAVY    136.2    29    9.99    25     0   6.750  1209    6
   53.7     HEAVY      STABLE     HEAVY    146.4    24    9.97    25     0   6.750  1209    6
   54.5     HEAVY      STABLE     HEAVY    144.4    34    9.94    25     0   6.750  1209    6
   55.1     HEAVY      STABLE     HEAVY    155.8    25   10.13    25    10   6.750  1209    6
   55.8     HEAVY      STABLE     HEAVY    143.8    30   10.05    24    19   6.750  1209    6
   56.5     HEAVY      STABLE     HEAVY    157.0    25    9.78    24    24   6.750  1209    6
   57.2     HEAVY      STABLE     HEAVY    136.6    25   10.21    24    24   6.070  1088    7
   58.2     HEAVY      STABLE     HEAVY    139.0    30    9.72    24    24   6.070  1088    7
   59.0     HEAVY      STABLE     HEAVY    123.3    34   10.05    24    24   6.070  1088    7
   59.8     HEAVY      STABLE     HEAVY    121.5    29   10.11    24    24   6.070  1088    7
   60.5     HEAVY      STABLE     HEAVY    109.3    33    9.97    24    24   6.070  1088    7
   61.3     HEAVY      STABLE     HEAVY    120.2    34   10.02    24    24   6.070  1088    7
   62.0     HEAVY      STABLE     HEAVY    118.9    32   10.15    24    24   6.070  1088    7
   62.6     HEAVY      STABLE     HEAVY    120.8    33   10.02    24    24   6.070  1088    7
   63.3     HEAVY      STABLE     HEAVY    119.3    25    9.91    24    24   6.070  1088    7
   64.0     HEAVY      STABLE     HEAVY    117.2    26    9.94    24    24   6.070  1088    7
   64.7     HEAVY      STABLE     HEAVY    116.0    32    9.95    24    24   5.460   979    8
   65.8     HEAVY      STABLE     HEAVY    125.8    30   10.07    24    24   5.460   979    8
   66.5     HEAVY      STABLE     HEAVY    129.6    29    9.91    24    24   5.460   979    8
   67.2     HEAVY      STABLE     HEAVY    146.6    26   10.19    24    24   5.460   979    8
   67.9     HEAVY      STABLE     HEAVY    136.5    28    9.90    24    24   5.460   979    8
   68.5     HEAVY      STABLE     HEAVY    134.5    34    8.89    24    24   5.460   979    8
   69.2     HEAVY      STABLE     HEAVY    141.7    25   10.01    24    24   5.460   979    8
   69.9     HEAVY      STABLE     HEAVY    129.2    33    9.86    24    24   5.460   979    8
   70.6     HEAVY      STABLE     HEAVY    141.1    28   10.18    24    24   5.460   979    8
   71.2     HEAVY      STABLE     HEAVY    138.5    20    9.87    24    24   5.460   979    8
   71.9     HEAVY      STABLE     HEAVY    127.2    33   10.04    24    24   4.910   881    9
   73.0     HEAVY      STABLE     HEAVY    135.2    30    9.96    24    24   4.910   881    9
   73.7     HEAVY      STABLE     HEAVY    135.6    35   10.09    24    24   4.910   881    9
   74.4     HEAVY      STABLE     HEAVY    139.3    27    9.94    24    24   4.910   881    9
   75.1     HEAVY      STABLE     HEAVY    137.6    28    9.96    24    24   4.910   881    9
   75.8     HEAVY      STABLE     HEAVY    137.3    29   10.10    24    24   4.910   881    9
   76.4     HEAVY      STABLE     HEAVY    133.8    26   10.00    24    24   4.910   881    9
   77.1     HEAVY      STABLE     HEAVY    136.6    28   10.02    24    24   4.910   881    9
   77.9     HEAVY      STABLE     HEAVY    136.1    26    9.56    24    24   4.910   881    9
   78.6     HEAVY      STABLE     HEAVY    134.3    27   10.22    24    24   4.910   881    9
   79.4     HEAVY      STABLE     HEAVY    113.2     0    8.87    25    24   4.420   792   10
   80.4     HEAVY      STABLE     HEAVY     31.4     4    6.96    28    24   4.420   792   10
   81.1  MODERATE      STABLE  MODERATE     10.9     1   10.12    28    24   4.420   792   10
   81.7     LIGHT      STABLE     LIGHT      5.8     1   10.03     2     2   4.420   792   10
   82.4     LIGHT  RECOVERING    NORMAL      6.0     2    9.88     2     2   4.420   792   10
   83.1     LIGHT  RECOVERING    NORMAL      6.0     2   10.02     2     2   4.420   792   10
   83.7     LIGHT  RECOVERING    NORMAL      6.1     1   10.03     2     2   4.420   792   10
   84.4     LIGHT      STABLE     LIGHT      6.2     1    9.87     2     2   4.420   792   10
   85.0     LIGHT      STABLE     LIGHT      6.1     4    9.97     2     2   4.420   792   10
   86.1     LIGHT      STABLE     LIGHT      5.8     3    7.19     2     2   4.420   792   10
   86.8     LIGHT      STABLE     LIGHT      5.8     3   10.62     2     2   4.420   792   10
   87.4     LIGHT      STABLE     LIGHT      4.6     5   10.07     2     2   4.420   792   10
   88.1     LIGHT      STABLE     LIGHT      6.1     3   10.02     2     2   4.420   792   10
   88.7     LIGHT      STABLE     LIGHT      6.0     4    9.92     2     2   4.420   792   10
   89.4     LIGHT      STABLE     LIGHT      7.2     3    9.93     2     2   4.420   792   10
   90.1     LIGHT      STABLE     LIGHT      5.8     3   10.00     2     2   4.420   792   10
   90.8     LIGHT      STABLE     LIGHT      6.1     3   10.06     2     2   4.420   792   10
   91.5     LIGHT      STABLE     LIGHT      5.7     4    9.95     2     2   4.420   792   10
   92.2     LIGHT      STABLE     LIGHT      6.0     4   10.03     2     2   4.420   792   10
   92.9     LIGHT      STABLE     LIGHT      5.7     4    9.85     2     2   4.420   792   10
   93.5     LIGHT      STABLE     LIGHT      5.8     2   10.08     2     2   4.920   856   11
   94.5     LIGHT      STABLE     LIGHT      5.1     4   10.06     2     2   4.920   856   11
   95.2     LIGHT      STABLE     LIGHT      6.3     5   10.01     2     2   4.920   856   11
   95.8     LIGHT      STABLE     LIGHT      6.2     4    9.94     2     2   4.920   856   11
   96.5     LIGHT      STABLE     LIGHT      7.0     3    9.89     2     2   4.920   856   11
   97.2     LIGHT      STABLE     LIGHT      4.7     4   10.08     2     2   4.920   856   11
   97.8     LIGHT      STABLE     LIGHT      6.2     4   10.00     2     2   4.920   856   11
   98.5     LIGHT      STABLE     LIGHT      5.9     4    9.89     2     2   4.920   856   11
   99.2     LIGHT      STABLE     LIGHT      7.4     6   10.07     2     2   4.920   856   11
   99.8     LIGHT      STABLE     LIGHT      7.2     0    9.86     2     2   4.920   856   11
  100.5     LIGHT      STABLE     LIGHT      4.4     4    9.98     2     2   5.420   920   12
  101.5     LIGHT      STABLE     LIGHT      6.1     5   10.06     2     2   5.420   920   12
  102.2     LIGHT      STABLE     LIGHT      5.7     4    9.89     2     2   5.420   920   12
  102.9     LIGHT      STABLE     LIGHT      6.0     4   10.07     2     2   5.420   920   12
  103.6     LIGHT      STABLE     LIGHT      5.8     2    9.98     2     2   5.420   920   12
  104.3     LIGHT      STABLE     LIGHT      4.3     5    9.93     2     2   5.420   920   12
  105.0     LIGHT      STABLE     LIGHT      5.8     5    9.93     2     2   5.420   920   12
  105.7     LIGHT      STABLE     LIGHT      7.2     4   10.03     2     2   5.420   920   12
  106.3     LIGHT      STABLE     LIGHT      5.8     2   10.05     2     2   5.420   920   12
  107.0     LIGHT      STABLE     LIGHT      4.4     5    9.99     2     2   5.420   920   12
  107.7     LIGHT      STABLE     LIGHT      7.4     2   10.06     2     2   5.920   984   13
  108.6     LIGHT      STABLE     LIGHT      4.4     4    9.98     2     2   5.920   984   13
  109.3     LIGHT      STABLE     LIGHT      6.0     4    9.98     2     2   5.920   984   13
  109.9     LIGHT      STABLE     LIGHT      6.3     3   10.05     2     2   5.920   984   13
  110.6     LIGHT      STABLE     LIGHT      5.8     3    9.91     2     2   5.920   984   13
  111.3     LIGHT      STABLE     LIGHT      4.5     4   10.07     2     2   5.920   984   13
  112.0     LIGHT      STABLE     LIGHT      5.9     5    9.91     2     2   5.920   984   13
  112.6     LIGHT      STABLE     LIGHT      4.4     6    9.96     2     2   5.920   984   13
  113.3     LIGHT      STABLE     LIGHT      6.1     4   10.12     2     2   5.920   984   13
  114.0     LIGHT      STABLE     LIGHT      5.7     5    9.72     2     2   5.920   984   13
  114.7     LIGHT      STABLE     LIGHT      7.0     3   10.22     2     2   6.420  1048   14
  115.7     LIGHT      STABLE     LIGHT      5.1     5    9.77     2     2   6.420  1048   14
  116.3     LIGHT      STABLE     LIGHT      6.0     4   10.02     2     2   6.420  1048   14
  117.0     LIGHT      STABLE     LIGHT      4.6     3   10.02     2     2   6.420  1048   14
  117.7     LIGHT      STABLE     LIGHT      5.7     4    9.86     2     2   6.420  1048   14
  118.4     LIGHT      STABLE     LIGHT      4.3     5   10.02     2     2   6.420  1048   14
  119.1     LIGHT      STABLE     LIGHT      6.0     5   10.06     2     2   6.420  1048   14
  119.7     LIGHT      STABLE     LIGHT      6.0     2    9.95     3     2   6.420  1048   14

Done — 168 ticks, 14 adjustments (0 predictive), mode=eBPF
