[acape] bounds for target 20.0ms: target 0.8-80ms interval 80-1.2e+03ms

==============================================================================
  ACAPE v6.0.0   mode=tc-only   qdisc=fq_codel handle=10:
  metrics -> results_law/ratio_t20_r80/fq_codel_acape_t20_steady_s1/acape_metrics_ctl.csv
==============================================================================
      t    regime        traj      pred     dr/s    bl    tput flows eleph  tgt_ms   lim  adj
---------------------------------------------------------------------------------------------
    2.4     HEAVY      STABLE     HEAVY     19.0    17   10.10     0     0  20.000  1024    0
    4.5     HEAVY      STABLE     HEAVY      8.8    12    9.97     0     0  20.000  1024    0
    6.7  MODERATE      STABLE  MODERATE      7.4    14    9.97     0     0  20.000  1024    0
    8.9     HEAVY      STABLE     HEAVY      7.7    14   10.03     0     0  20.000  1024    0
   11.1  MODERATE      STABLE  MODERATE      7.0    13   10.02     0     0  20.000  1024    0
   13.2     HEAVY      STABLE     HEAVY      9.7     8    9.81     0     0  20.000  1024    0
   15.4     HEAVY      STABLE     HEAVY      7.7     6    9.98     0     0  20.000  1024    0
   17.6  MODERATE      STABLE  MODERATE      7.3     5   10.01     0     0  20.000  1024    0
   19.8  MODERATE      STABLE  MODERATE      7.4     8    9.99     0     0  20.000  1024    0
   22.0  MODERATE      STABLE  MODERATE      7.3     8    9.94     0     0  20.000  1024    0
   24.2  MODERATE      STABLE  MODERATE      7.2    12   10.01     0     0  20.000  1024    0
   26.4     HEAVY      STABLE     HEAVY      7.7    13   10.03     0     0  20.000  1024    0
   28.6  MODERATE      STABLE  MODERATE      7.2    14   10.00     0     0  20.000  1024    0
   30.8     HEAVY      STABLE     HEAVY      8.2    11    9.98     0     0  20.000  1024    0
   33.0     HEAVY      STABLE     HEAVY      8.6     9    9.94     0     0  20.000  1024    0
   35.2     HEAVY      STABLE     HEAVY      7.8     5   10.04     0     0  20.000  1024    0
   37.4  MODERATE      STABLE  MODERATE      7.3     5   10.00     0     0  20.000  1024    0
   39.5  MODERATE      STABLE  MODERATE      7.5     7    9.98     0     0  20.000  1024    0
   41.7  MODERATE      STABLE  MODERATE      7.3     8    9.98     0     0  20.000  1024    0
   43.9  MODERATE      STABLE  MODERATE      6.8    16   10.00     0     0  20.000  1024    0
   46.1     HEAVY      STABLE     HEAVY      7.9    15   10.02     0     0  20.000  1024    0
   48.2  MODERATE      STABLE  MODERATE      7.4    15    9.97     0     0  20.000  1024    0
   50.4     HEAVY      STABLE     HEAVY      8.3    13    9.99     0     0  20.000  1024    0
   52.6     HEAVY      STABLE     HEAVY      7.8    10    9.97     0     0  20.000  1024    0
   54.8     HEAVY      STABLE     HEAVY      8.6     4    9.85     0     0  20.000  1024    0
   57.0  MODERATE      STABLE  MODERATE      7.4     3   10.02     0     0  20.000  1024    0
   59.2  MODERATE      STABLE  MODERATE      7.2     8    9.99     0     0  20.000  1024    0
   61.3  MODERATE      STABLE  MODERATE      7.4    11   10.02     0     0  20.000  1024    0
   63.6  MODERATE      STABLE  MODERATE      7.2    11    9.51     0     0  20.000  1024    0
   65.8  MODERATE      STABLE  MODERATE      7.2    14    9.97     0     0  20.000  1024    0
   68.0     HEAVY      STABLE     HEAVY      8.2    14   10.00     0     0  20.000  1024    0
