[acape] bounds for target 15.0ms interval 15.0ms: target 0.6-60ms interval 3-45ms (interval/target ratio 1.0)

==============================================================================
  ACAPE v6.0.0   mode=tc-only   qdisc=pie handle=10:
  metrics -> results_cross/pie_rtt15/pie_acape_steady_s3/acape_metrics_ctl.csv
==============================================================================
      t    regime        traj      pred     dr/s    bl    tput flows eleph  tgt_ms   lim  adj
---------------------------------------------------------------------------------------------
    1.9     HEAVY      STABLE     HEAVY     55.2     2    9.74     0     0  15.000  1000    0
    3.5     HEAVY      STABLE     HEAVY     45.8     6   10.04     0     0  15.000  1000    0
    5.2     HEAVY      STABLE     HEAVY     47.4     5   10.00     0     0  15.000  1000    0
    6.9     HEAVY      STABLE     HEAVY     40.6    11   10.00     0     0  15.000  1000    0
    8.6     HEAVY      STABLE     HEAVY     43.9     8    9.95     0     0  15.000  1000    0
   10.2     HEAVY      STABLE     HEAVY     46.5    10   10.06     0     0  15.000  1000    0
   11.9     HEAVY      STABLE     HEAVY     45.8     9   10.00     0     0  15.000  1000    0
   13.6     HEAVY      STABLE     HEAVY     46.5     8   10.01     0     0  15.000  1000    0
   15.2     HEAVY      STABLE     HEAVY     43.4    10   10.00     0     0  15.000  1000    0
   16.9     HEAVY      STABLE     HEAVY     42.5    11   10.01     0     0  13.500   900    1
   18.9     HEAVY      STABLE     HEAVY     51.3     8    9.96     0     0  13.500   900    1
   20.6     HEAVY      STABLE     HEAVY     44.8    10   10.02     0     0  13.500   900    1
   22.3     HEAVY      STABLE     HEAVY     49.8     9    9.95     0     0  13.500   900    1
   24.0     HEAVY      STABLE     HEAVY     49.9    11   10.02     0     0  13.500   900    1
   25.7     HEAVY      STABLE     HEAVY     46.9     5    9.89     0     0  13.500   900    1
   27.4     HEAVY      STABLE     HEAVY     49.5     8   10.08     0     0  13.500   900    1
   29.0     HEAVY      STABLE     HEAVY     53.2    10    9.92     0     0  13.500   900    1
   30.7     HEAVY      STABLE     HEAVY     52.0     8   10.07     0     0  13.500   900    1
   32.4     HEAVY      STABLE     HEAVY     52.8     7    9.81     0     0  13.500   900    1
   34.1     HEAVY      STABLE     HEAVY     51.6     8   10.21     0     0  12.100   810    2
   36.1     HEAVY      STABLE     HEAVY     50.0     6    9.94     0     0  12.100   810    2
   37.8     HEAVY      STABLE     HEAVY     54.1     8   10.04     0     0  12.100   810    2
   39.5     HEAVY      STABLE     HEAVY     46.8     9   10.01     0     0  12.100   810    2
   41.2     HEAVY      STABLE     HEAVY     50.1    12    9.96     0     0  12.100   810    2
   42.8     HEAVY      STABLE     HEAVY     53.8     6    9.97     0     0  12.100   810    2
   44.5     HEAVY      STABLE     HEAVY     51.4    11   10.02     0     0  12.100   810    2
   46.2     HEAVY      STABLE     HEAVY     61.6     7   10.05     0     0  12.100   810    2
   47.9     HEAVY      STABLE     HEAVY     52.9     7   10.00     0     0  12.100   810    2
   49.6     HEAVY      STABLE     HEAVY     52.2    10    9.93     0     0  12.100   810    2
   51.2     HEAVY      STABLE     HEAVY     48.6    13   10.05     0     0  10.900   729    3
   53.2     HEAVY      STABLE     HEAVY     53.4    10   10.00     0     0  10.900   729    3
   54.9     HEAVY      STABLE     HEAVY     62.2     4   10.01     0     0  10.900   729    3
   56.6     HEAVY      STABLE     HEAVY     51.2     4    9.92     0     0  10.900   729    3
   58.3     HEAVY      STABLE     HEAVY     49.1     8    9.60     0     0  10.900   729    3
   59.9     HEAVY      STABLE     HEAVY     53.3     9   10.04     0     0  10.900   729    3
   61.6     HEAVY      STABLE     HEAVY     50.8    12    9.98     0     0  10.900   729    3
   63.2     HEAVY      STABLE     HEAVY     51.3     9   10.02     0     0  10.900   729    3
   64.9     HEAVY      STABLE     HEAVY     51.6     5   10.00     0     0  10.900   729    3
   66.6     HEAVY      STABLE     HEAVY     48.5     8    9.79     0     0  10.900   729    3
   68.3     HEAVY      STABLE     HEAVY     56.7     5    9.97     0     0   9.810   656    4
   70.5     HEAVY      STABLE     HEAVY     53.4     4    9.94     0     0   9.810   656    4
   72.2     HEAVY      STABLE     HEAVY     51.6     8   10.00     0     0   9.810   656    4
   73.9     HEAVY      STABLE     HEAVY     53.8     8   10.00     0     0   9.810   656    4
   75.5     HEAVY      STABLE     HEAVY     56.1     3   10.06     0     0   9.810   656    4
   77.2     HEAVY      STABLE     HEAVY     53.8    10    9.95     0     0   9.810   656    4
   78.9     HEAVY      STABLE     HEAVY     53.9     5   10.03     0     0   9.810   656    4
   80.6     HEAVY      STABLE     HEAVY     54.7     7    9.95     0     0   9.810   656    4
   82.3     HEAVY      STABLE     HEAVY     55.3     5   10.03     0     0   9.810   656    4
   84.0     HEAVY      STABLE     HEAVY     58.6     6   10.00     0     0   9.810   656    4
   85.7     HEAVY      STABLE     HEAVY     51.8    10    9.93     0     0   8.830   590    5
   87.7     HEAVY      STABLE     HEAVY     56.7     6   10.00     0     0   8.830   590    5
   89.4     HEAVY      STABLE     HEAVY     56.3     8   10.01     0     0   8.830   590    5
   91.1     HEAVY      STABLE     HEAVY     58.2     6   10.06     0     0   8.830   590    5
   92.8     HEAVY      STABLE     HEAVY     63.1     6    9.94     0     0   8.830   590    5
   94.5     HEAVY      STABLE     HEAVY     58.1     6   10.02     0     0   8.830   590    5
   96.1     HEAVY      STABLE     HEAVY     62.0     6   10.05     0     0   8.830   590    5
   98.1     HEAVY      STABLE     HEAVY     47.1     4    8.15     0     0   8.830   590    5
   99.8     HEAVY      STABLE     HEAVY     67.9     6   10.59     0     0   8.830   590    5
  101.5     HEAVY      STABLE     HEAVY     58.1    11    9.94     0     0   8.830   590    5
  103.2     HEAVY      STABLE     HEAVY     57.9     6   10.05     0     0   7.950   531    6
  105.2     HEAVY      STABLE     HEAVY     58.1     9    9.94     0     0   7.950   531    6
  106.8     HEAVY      STABLE     HEAVY     63.4     7   10.04     0     0   7.950   531    6
  108.5     HEAVY      STABLE     HEAVY     59.0     4    9.98     0     0   7.950   531    6
  110.2     HEAVY      STABLE     HEAVY     61.3     3   10.01     0     0   7.950   531    6
  111.9     HEAVY      STABLE     HEAVY     63.6     6    9.95     0     0   7.950   531    6
  113.5     HEAVY      STABLE     HEAVY     68.4     6   10.00     0     0   7.950   531    6
  115.2     HEAVY      STABLE     HEAVY     64.0     5    9.99     0     0   7.950   531    6
  116.9     HEAVY      STABLE     HEAVY     63.0     6   10.04     0     0   7.950   531    6
  118.6     HEAVY      STABLE     HEAVY     63.2     5    9.84     0     0   7.950   531    6
  120.2     HEAVY      STABLE     HEAVY     63.3     5    9.99     0     0   7.150   477    7
  122.2     HEAVY      STABLE     HEAVY     61.0     3   10.02     0     0   7.150   477    7
  123.8     HEAVY      STABLE     HEAVY     64.3     7   10.02     0     0   7.150   477    7
  125.5     HEAVY      STABLE     HEAVY     64.3     7    9.92     0     0   7.150   477    7
  127.2     HEAVY      STABLE     HEAVY     67.3     4    9.98     0     0   7.150   477    7
  128.9     HEAVY      STABLE     HEAVY     65.7     6   10.07     0     0   7.150   477    7
  130.6     HEAVY      STABLE     HEAVY     61.9     3    9.99     0     0   7.150   477    7
  132.3     HEAVY      STABLE     HEAVY     70.0     2   10.02     0     0   7.150   477    7
  134.0     HEAVY      STABLE     HEAVY     62.5     7    9.97     0     0   7.150   477    7
  135.7     HEAVY      STABLE     HEAVY     61.6     6   10.00     0     0   7.150   477    7
  137.3     HEAVY      STABLE     HEAVY     61.6     4   10.02     0     0   6.430   429    8
  139.3     HEAVY      STABLE     HEAVY     69.4     6    9.95     0     0   6.430   429    8
  141.0     HEAVY      STABLE     HEAVY     70.0     8    9.96     0     0   6.430   429    8
  142.7     HEAVY      STABLE     HEAVY     70.3     3   10.02     0     0   6.430   429    8
  144.3     HEAVY      STABLE     HEAVY     65.5     8   10.04     0     0   6.430   429    8
  146.0     HEAVY      STABLE     HEAVY     65.2     7    9.95     0     0   6.430   429    8
  147.7     HEAVY      STABLE     HEAVY     69.5     2   10.02     0     0   6.430   429    8
  149.3     HEAVY      STABLE     HEAVY     68.4     2    9.99     0     0   6.430   429    8
  151.0     HEAVY      STABLE     HEAVY     64.0     4    9.95     0     0   6.430   429    8
  152.8     HEAVY      STABLE     HEAVY     69.8     1   10.03     0     0   6.430   429    8
  154.4     HEAVY      STABLE     HEAVY     61.4     4   10.00     0     0   5.790   386    9
  156.5     HEAVY      STABLE     HEAVY     66.2     0    9.95     0     0   5.790   386    9
  158.1     HEAVY      STABLE     HEAVY     67.1     3   10.06     0     0   5.790   386    9
  159.8     HEAVY      STABLE     HEAVY     66.0     6    9.93     0     0   5.790   386    9
  161.5     HEAVY      STABLE     HEAVY     72.3     8   10.06     0     0   5.790   386    9
  163.2     HEAVY      STABLE     HEAVY     69.8     2   10.00     0     0   5.790   386    9
  164.8     HEAVY      STABLE     HEAVY     70.5     5   10.00     0     0   5.790   386    9
  166.5     HEAVY      STABLE     HEAVY     74.9     3   10.01     0     0   5.790   386    9
  168.2     HEAVY      STABLE     HEAVY     64.2     3    9.96     0     0   5.790   386    9
  169.9     HEAVY      STABLE     HEAVY     67.2     4    9.98     0     0   5.790   386    9
  171.6     HEAVY      STABLE     HEAVY     69.5     5   10.01     0     0   5.210   347   10
  173.6     HEAVY      STABLE     HEAVY     70.4     4   10.03     0     0   5.210   347   10
  175.3     HEAVY      STABLE     HEAVY     70.9     2   10.00     0     0   5.210   347   10
  176.9     HEAVY      STABLE     HEAVY     82.9     6    9.96     0     0   5.210   347   10
  178.6     HEAVY      STABLE     HEAVY     70.7     5    9.99     0     0   5.210   347   10

Done — 105 ticks, 10 adjustments (0 predictive), mode=tc-only
