[acape] bounds for target 15.0ms interval 15.0ms: target 0.6-60ms interval 3-45ms (interval/target ratio 1.0)

==============================================================================
  ACAPE v6.0.0   mode=tc-only   qdisc=pie handle=10:
  metrics -> results_cross/pie_rtt8/pie_acape_steady_s1/acape_metrics_ctl.csv
==============================================================================
      t    regime        traj      pred     dr/s    bl    tput flows eleph  tgt_ms   lim  adj
---------------------------------------------------------------------------------------------
    1.9     HEAVY      STABLE     HEAVY    104.1     4   10.00     0     0  15.000  1000    0
    3.5     HEAVY      STABLE     HEAVY    106.0     6   10.01     0     0  15.000  1000    0
    5.3     HEAVY      STABLE     HEAVY     77.6    10    9.95     0     0  15.000  1000    0
    6.9     HEAVY  RECOVERING  MODERATE     61.8    14   10.01     0     0  15.000  1000    0
    8.6     HEAVY      STABLE     HEAVY     61.8    11   10.00     0     0  15.000  1000    0
   10.3     HEAVY      STABLE     HEAVY     60.4    13   10.00     0     0  15.000  1000    0
   12.0     HEAVY      STABLE     HEAVY     61.0    12    9.73     0     0  15.000  1000    0
   13.7     HEAVY      STABLE     HEAVY     61.2    10   10.00     0     0  15.000  1000    0
   15.4     HEAVY      STABLE     HEAVY     57.2     8    9.99     0     0  15.000  1000    0
   17.0     HEAVY      STABLE     HEAVY     65.9     7   10.02     0     0  13.500   900    1
   19.0     HEAVY      STABLE     HEAVY     70.4     7    9.98     0     0  13.500   900    1
   20.7     HEAVY      STABLE     HEAVY     74.0     8    9.92     0     0  13.500   900    1
   22.4     HEAVY      STABLE     HEAVY     70.3    12   10.01     0     0  13.500   900    1
   24.1     HEAVY      STABLE     HEAVY     68.0     9   10.01     0     0  13.500   900    1
   25.9     HEAVY      STABLE     HEAVY     64.3     9    9.95     0     0  13.500   900    1
   27.8     HEAVY      STABLE     HEAVY     39.7    28    8.63     0     0  13.500   900    1
   29.5     HEAVY      STABLE     HEAVY     57.1     5   10.06     0     0  13.500   900    1
   31.2     HEAVY      STABLE     HEAVY     62.3     8    9.93     0     0  13.500   900    1
   32.9     HEAVY      STABLE     HEAVY     68.8    14   10.04     0     0  13.500   900    1
   34.6     HEAVY      STABLE     HEAVY     65.6     8    9.98     0     0  12.100   810    2
   36.6     HEAVY      STABLE     HEAVY     69.7     9   10.01     0     0  12.100   810    2
   38.3     HEAVY      STABLE     HEAVY     72.3     9    9.96     0     0  12.100   810    2
   40.0     HEAVY      STABLE     HEAVY     79.2     7   10.02     0     0  12.100   810    2
   41.7     HEAVY      STABLE     HEAVY     73.1     9   10.03     0     0  12.100   810    2
   43.3     HEAVY      STABLE     HEAVY     66.1     8   10.01     0     0  12.100   810    2
   45.0     HEAVY      STABLE     HEAVY     74.4     9    9.99     0     0  12.100   810    2
   46.7     HEAVY      STABLE     HEAVY     67.7    11    9.86     0     0  12.100   810    2
   48.4     HEAVY      STABLE     HEAVY     69.2     9   10.00     0     0  12.100   810    2
   50.1     HEAVY      STABLE     HEAVY     69.0    10   10.04     0     0  12.100   810    2
   51.8     HEAVY      STABLE     HEAVY     64.3     8   10.00     0     0  10.900   729    3
   53.8     HEAVY      STABLE     HEAVY     70.2     7    9.99     0     0  10.900   729    3
   55.6     HEAVY      STABLE     HEAVY     63.2     7    9.96     0     0  10.900   729    3
   57.3     HEAVY      STABLE     HEAVY     70.4     9   10.00     0     0  10.900   729    3
   58.9     HEAVY      STABLE     HEAVY     77.0     6   10.02     0     0  10.900   729    3
   60.6     HEAVY      STABLE     HEAVY     75.7     6    9.96     0     0  10.900   729    3
   62.3     HEAVY      STABLE     HEAVY     67.8     8    9.88     0     0  10.900   729    3
   64.0     HEAVY      STABLE     HEAVY     60.4     8    9.97     0     0  10.900   729    3
   65.7     HEAVY      STABLE     HEAVY     68.5     8   10.02     0     0  10.900   729    3
   67.4     HEAVY      STABLE     HEAVY     74.4     6    9.95     0     0  10.900   729    3
   69.1     HEAVY      STABLE     HEAVY     75.7     7    9.75     0     0   9.810   656    4
   71.2     HEAVY      STABLE     HEAVY     75.2     9    9.97     0     0   9.810   656    4
   72.8     HEAVY      STABLE     HEAVY     71.5     7   10.04     0     0   9.810   656    4
   74.5     HEAVY      STABLE     HEAVY     81.5     9    9.96     0     0   9.810   656    4
   76.2     HEAVY      STABLE     HEAVY     81.4     6   10.02     0     0   9.810   656    4
   77.9     HEAVY      STABLE     HEAVY     71.0     4    9.92     0     0   9.810   656    4
   79.6     HEAVY      STABLE     HEAVY     83.3     6   10.11     0     0   9.810   656    4
   81.3     HEAVY      STABLE     HEAVY     71.8     6    9.96     0     0   9.810   656    4
   83.0     HEAVY      STABLE     HEAVY     71.3     5   10.01     0     0   9.810   656    4
   84.6     HEAVY      STABLE     HEAVY     76.8     6   10.01     0     0   9.810   656    4
   86.3     HEAVY      STABLE     HEAVY     80.9     5   10.01     0     0   8.830   590    5
   88.4     HEAVY      STABLE     HEAVY     84.7     6    9.97     0     0   8.830   590    5
   90.1     HEAVY      STABLE     HEAVY     80.4     9   10.02     0     0   8.830   590    5
   91.8     HEAVY      STABLE     HEAVY     89.0     2    9.95     0     0   8.830   590    5
   93.4     HEAVY      STABLE     HEAVY     88.2     7   10.02     0     0   8.830   590    5
   95.1     HEAVY      STABLE     HEAVY     85.8     4    9.99     0     0   8.830   590    5
   96.8     HEAVY      STABLE     HEAVY     79.6     4    9.95     0     0   8.830   590    5
   98.5     HEAVY      STABLE     HEAVY     78.0     8   10.05     0     0   8.830   590    5
  100.2     HEAVY      STABLE     HEAVY     83.9     3    9.95     0     0   8.830   590    5
  101.9     HEAVY      STABLE     HEAVY     77.7     6    9.96     0     0   8.830   590    5
  103.7     HEAVY      STABLE     HEAVY     84.9     8    9.95     0     0   7.950   531    6
  105.8     HEAVY      STABLE     HEAVY     83.6     2   10.01     0     0   7.950   531    6
  107.5     HEAVY      STABLE     HEAVY     86.9     7    9.99     0     0   7.950   531    6
  109.2     HEAVY      STABLE     HEAVY     83.9     5   10.01     0     0   7.950   531    6
  110.9     HEAVY      STABLE     HEAVY     93.6     6   10.01     0     0   7.950   531    6
  112.5     HEAVY      STABLE     HEAVY     87.8    11   10.03     0     0   7.950   531    6
  114.2     HEAVY      STABLE     HEAVY    100.6     4   10.00     0     0   7.950   531    6
  115.9     HEAVY      STABLE     HEAVY     86.3     5    9.89     0     0   7.950   531    6
  117.6     HEAVY      STABLE     HEAVY     80.8     5    9.99     0     0   7.950   531    6
  119.2     HEAVY      STABLE     HEAVY     86.6     6    9.95     0     0   7.950   531    6
  120.9     HEAVY      STABLE     HEAVY     75.8    10    9.92     0     0   7.150   477    7
  123.0     HEAVY      STABLE     HEAVY     97.4     5   10.07     0     0   7.150   477    7
  124.7     HEAVY      STABLE     HEAVY     84.0     1   10.04     0     0   7.150   477    7
  126.3     HEAVY      STABLE     HEAVY     96.7     5    9.96     0     0   7.150   477    7
  128.0     HEAVY      STABLE     HEAVY     91.6     3    9.96     0     0   7.150   477    7
  129.7     HEAVY      STABLE     HEAVY     87.6     7   10.05     0     0   7.150   477    7
  131.4     HEAVY      STABLE     HEAVY     95.8     5    9.80     0     0   7.150   477    7
  133.1     HEAVY      STABLE     HEAVY     91.1     7    9.98     0     0   7.150   477    7
  134.8     HEAVY      STABLE     HEAVY     99.0     2    9.80     0     0   7.150   477    7
  136.5     HEAVY      STABLE     HEAVY     87.3     4   10.20     0     0   7.150   477    7
  138.2     HEAVY      STABLE     HEAVY     89.6     8    9.85     0     0   6.430   429    8
  140.3     HEAVY      STABLE     HEAVY     97.8     6   10.06     0     0   6.430   429    8
  142.4     HEAVY      STABLE     HEAVY     84.6     8    8.62     0     0   6.430   429    8
  144.1     HEAVY      STABLE     HEAVY    102.9     3   10.04     0     0   6.430   429    8
  145.7     HEAVY      STABLE     HEAVY     95.3     6    9.95     0     0   6.430   429    8
  147.4     HEAVY      STABLE     HEAVY     97.9     8   10.01     0     0   6.430   429    8
  149.1     HEAVY      STABLE     HEAVY     84.8     5   10.04     0     0   6.430   429    8
  150.8     HEAVY      STABLE     HEAVY     99.2     7    9.96     0     0   6.430   429    8
  152.5     HEAVY      STABLE     HEAVY     99.7     5    9.98     0     0   6.430   429    8
  154.1     HEAVY      STABLE     HEAVY     92.1     8   10.02     0     0   6.430   429    8
  155.9     HEAVY      STABLE     HEAVY     93.2     3    9.90     0     0   5.790   386    9
  157.9     HEAVY      STABLE     HEAVY     96.2     5    9.99     0     0   5.790   386    9
  159.6     HEAVY      STABLE     HEAVY    104.4     4   10.12     0     0   5.790   386    9
  161.3     HEAVY      STABLE     HEAVY    101.5     8    9.81     0     0   5.790   386    9
  163.0     HEAVY      STABLE     HEAVY    100.2     3    9.94     0     0   5.790   386    9
  164.6     HEAVY      STABLE     HEAVY     94.2     7   10.05     0     0   5.790   386    9
  166.4     HEAVY      STABLE     HEAVY     89.4     5   10.01     0     0   5.790   386    9
  168.1     HEAVY      STABLE     HEAVY    103.2     3    9.99     0     0   5.790   386    9
  169.8     HEAVY      STABLE     HEAVY    100.6     7    9.97     0     0   5.790   386    9
  171.5     HEAVY      STABLE     HEAVY    102.0     5    9.98     0     0   5.790   386    9
  173.1     HEAVY      STABLE     HEAVY     92.7     3   10.03     0     0   5.210   347   10
  175.1     HEAVY      STABLE     HEAVY     97.6     6   10.00     0     0   5.210   347   10
  176.8     HEAVY      STABLE     HEAVY    100.5     5    9.96     0     0   5.210   347   10
  178.5     HEAVY      STABLE     HEAVY    101.3     1   10.07     0     0   5.210   347   10

Done — 104 ticks, 10 adjustments (0 predictive), mode=tc-only
